
> build
> next build --webpack

▲ Next.js 16.2.11 (webpack)

  Creating an optimized production build ...
✓ Compiled successfully in 2.4s
  Running TypeScript ...
  Finished TypeScript in 1899ms ...
  Collecting page data using 5 workers ...
  Generating static pages using 5 workers (0/14) ...
  Generating static pages using 5 workers (3/14)
  Generating static pages using 5 workers (6/14)
  Generating static pages using 5 workers (10/14)
✓ Generating static pages using 5 workers (14/14) in 463ms
  Finalizing page optimization ...
  Collecting build traces ...

Route (app)
┌ ○ /
├ ○ /_not-found
└ ● /[locale]
  ├ /en
  ├ /ru
  ├ /de
  └ [+8 more paths]


○  (Static)  prerendered as static content
●  (SSG)     prerendered as static HTML (uses generateStaticParams)
