
Running 72 tests using 1 worker

(node:34949) Warning: The 'NO_COLOR' env is ignored due to the 'FORCE_COLOR' env being set.
(Use `node --trace-warnings ...` to show where the warning was created)
  ✓   1 [iphone-17-pro-webkit] › tests/e2e/technology-loading.spec.ts:7:1 › a partial first group resource prevents the whole ribbon revealing and reports aggregate progress (2.2s)
  ✓   2 [iphone-17-pro-webkit] › tests/e2e/technology-loading.spec.ts:61:1 › invalid first image has white backing and retry; close never traps the user (1.2s)
  ✓   3 [iphone-17-pro-webkit] › tests/e2e/technology-loading.spec.ts:79:1 › retry replaces a corrupt HTTP 200 retained in the real browser cache (1.1s)
  ✓   4 [iphone-17-pro-webkit] › tests/e2e/technology-loading.spec.ts:125:1 › a delayed next group retains the complete old ribbon, freezes scroll, and commits atomically (1.3s)
  ✓   5 [iphone-17-pro-webkit] › tests/e2e/technology-loading.spec.ts:141:1 › failed optional group leaves landing usable and recovers with explicit retry without skipping (1.1s)
  ✓   6 [iphone-17-pro-webkit] › tests/e2e/technology-loading.spec.ts:152:1 › loading and retry remain reachable in every locale at a short phone height (5.7s)
  ✓   7 [iphone-17-pro-webkit] › tests/e2e/technology-viewer.spec.ts:7:1 › technology PNGs preserve every original pixel outside the title mask (330ms)
  ✓   8 [iphone-17-pro-webkit] › tests/e2e/technology-viewer.spec.ts:44:1 › CyberMind PNGs retain native RGB, alpha and resolution outside title glyphs (153ms)
  ✓   9 [iphone-17-pro-webkit] › tests/e2e/technology-viewer.spec.ts:71:1 › all six photos warm after load without blocking the main page (1.0s)
  ✓  10 [iphone-17-pro-webkit] › tests/e2e/technology-viewer.spec.ts:96:1 › incomplete hero protects the main view before technology can be opened (929ms)
  ✓  11 [iphone-17-pro-webkit] › tests/e2e/technology-viewer.spec.ts:112:1 › both story controls open a complete ribbon with one title and two group controls (1.3s)
  ✓  12 [iphone-17-pro-webkit] › tests/e2e/technology-viewer.spec.ts:140:1 › literal rightward group swipes are reversible, bounded, and independent of vertical or RTL scrolling (1.5s)
  ✓  13 [iphone-17-pro-webkit] › tests/e2e/technology-viewer.spec.ts:157:1 › all six post-load low-priority decoded images are reused offline across ribbons and reopening (1.3s)
  ✓  14 [iphone-17-pro-webkit] › tests/e2e/technology-viewer.spec.ts:176:1 › technology viewer hides landing paint beneath browser chrome and restores it on close (1.8s)
  ✓  15 [iphone-17-pro-webkit] › tests/e2e/technology-width.spec.ts:5:1 › all six source planes fill viewport width with native proportions, joined edges and complete bottom access (3.6s)
  ✓  16 [iphone-17-pro-webkit] › tests/e2e/technology-width.spec.ts:28:1 › all source descriptions fit eleven locales in both ribbons without numbers or horizontal overflow (6.5s)
  -  17 [iphone-17-pro-webkit] › tests/e2e/technology-width.spec.ts:44:1 › native desktop wheel scrolls the ribbon without moving landing or switching groups
  -  18 [iphone-17-pro-webkit] › tests/e2e/technology-width.spec.ts:48:1 › native touch pans vertically, swipes horizontally and freezes during download
(node:35346) Warning: The 'NO_COLOR' env is ignored due to the 'FORCE_COLOR' env being set.
(Use `node --trace-warnings ...` to show where the warning was created)
  ✓  19 [iphone-17-pro-max-webkit] › tests/e2e/technology-loading.spec.ts:7:1 › a partial first group resource prevents the whole ribbon revealing and reports aggregate progress (1.7s)
  ✓  20 [iphone-17-pro-max-webkit] › tests/e2e/technology-loading.spec.ts:61:1 › invalid first image has white backing and retry; close never traps the user (1.2s)
  ✓  21 [iphone-17-pro-max-webkit] › tests/e2e/technology-loading.spec.ts:79:1 › retry replaces a corrupt HTTP 200 retained in the real browser cache (1.1s)
  ✓  22 [iphone-17-pro-max-webkit] › tests/e2e/technology-loading.spec.ts:125:1 › a delayed next group retains the complete old ribbon, freezes scroll, and commits atomically (1.3s)
  ✓  23 [iphone-17-pro-max-webkit] › tests/e2e/technology-loading.spec.ts:141:1 › failed optional group leaves landing usable and recovers with explicit retry without skipping (1.1s)
  ✓  24 [iphone-17-pro-max-webkit] › tests/e2e/technology-loading.spec.ts:152:1 › loading and retry remain reachable in every locale at a short phone height (4.9s)
  ✓  25 [iphone-17-pro-max-webkit] › tests/e2e/technology-viewer.spec.ts:7:1 › technology PNGs preserve every original pixel outside the title mask (371ms)
  ✓  26 [iphone-17-pro-max-webkit] › tests/e2e/technology-viewer.spec.ts:44:1 › CyberMind PNGs retain native RGB, alpha and resolution outside title glyphs (142ms)
  ✓  27 [iphone-17-pro-max-webkit] › tests/e2e/technology-viewer.spec.ts:71:1 › all six photos warm after load without blocking the main page (1.0s)
  ✓  28 [iphone-17-pro-max-webkit] › tests/e2e/technology-viewer.spec.ts:96:1 › incomplete hero protects the main view before technology can be opened (899ms)
  ✓  29 [iphone-17-pro-max-webkit] › tests/e2e/technology-viewer.spec.ts:112:1 › both story controls open a complete ribbon with one title and two group controls (1.2s)
  ✓  30 [iphone-17-pro-max-webkit] › tests/e2e/technology-viewer.spec.ts:140:1 › literal rightward group swipes are reversible, bounded, and independent of vertical or RTL scrolling (1.4s)
  ✓  31 [iphone-17-pro-max-webkit] › tests/e2e/technology-viewer.spec.ts:157:1 › all six post-load low-priority decoded images are reused offline across ribbons and reopening (1.4s)
  ✓  32 [iphone-17-pro-max-webkit] › tests/e2e/technology-viewer.spec.ts:176:1 › technology viewer hides landing paint beneath browser chrome and restores it on close (1.8s)
  ✓  33 [iphone-17-pro-max-webkit] › tests/e2e/technology-width.spec.ts:5:1 › all six source planes fill viewport width with native proportions, joined edges and complete bottom access (3.8s)
  ✓  34 [iphone-17-pro-max-webkit] › tests/e2e/technology-width.spec.ts:28:1 › all source descriptions fit eleven locales in both ribbons without numbers or horizontal overflow (6.7s)
  -  35 [iphone-17-pro-max-webkit] › tests/e2e/technology-width.spec.ts:44:1 › native desktop wheel scrolls the ribbon without moving landing or switching groups
  -  36 [iphone-17-pro-max-webkit] › tests/e2e/technology-width.spec.ts:48:1 › native touch pans vertically, swipes horizontally and freezes during download
(node:35807) Warning: The 'NO_COLOR' env is ignored due to the 'FORCE_COLOR' env being set.
(Use `node --trace-warnings ...` to show where the warning was created)
  ✓  37 [desktop-chromium] › tests/e2e/technology-loading.spec.ts:7:1 › a partial first group resource prevents the whole ribbon revealing and reports aggregate progress (1.8s)
  ✓  38 [desktop-chromium] › tests/e2e/technology-loading.spec.ts:61:1 › invalid first image has white backing and retry; close never traps the user (843ms)
  ✓  39 [desktop-chromium] › tests/e2e/technology-loading.spec.ts:79:1 › retry replaces a corrupt HTTP 200 retained in the real browser cache (1.7s)
  ✓  40 [desktop-chromium] › tests/e2e/technology-loading.spec.ts:125:1 › a delayed next group retains the complete old ribbon, freezes scroll, and commits atomically (896ms)
  ✓  41 [desktop-chromium] › tests/e2e/technology-loading.spec.ts:141:1 › failed optional group leaves landing usable and recovers with explicit retry without skipping (862ms)
  ✓  42 [desktop-chromium] › tests/e2e/technology-loading.spec.ts:152:1 › loading and retry remain reachable in every locale at a short phone height (3.9s)
  ✓  43 [desktop-chromium] › tests/e2e/technology-viewer.spec.ts:7:1 › technology PNGs preserve every original pixel outside the title mask (272ms)
  ✓  44 [desktop-chromium] › tests/e2e/technology-viewer.spec.ts:44:1 › CyberMind PNGs retain native RGB, alpha and resolution outside title glyphs (158ms)
  ✓  45 [desktop-chromium] › tests/e2e/technology-viewer.spec.ts:71:1 › all six photos warm after load without blocking the main page (891ms)
  ✓  46 [desktop-chromium] › tests/e2e/technology-viewer.spec.ts:96:1 › incomplete hero protects the main view before technology can be opened (377ms)
  ✓  47 [desktop-chromium] › tests/e2e/technology-viewer.spec.ts:112:1 › both story controls open a complete ribbon with one title and two group controls (1.7s)
  ✓  48 [desktop-chromium] › tests/e2e/technology-viewer.spec.ts:140:1 › literal rightward group swipes are reversible, bounded, and independent of vertical or RTL scrolling (2.1s)
  ✓  49 [desktop-chromium] › tests/e2e/technology-viewer.spec.ts:157:1 › all six post-load low-priority decoded images are reused offline across ribbons and reopening (1.0s)
  ✓  50 [desktop-chromium] › tests/e2e/technology-viewer.spec.ts:176:1 › technology viewer hides landing paint beneath browser chrome and restores it on close (5.0s)
  ✓  51 [desktop-chromium] › tests/e2e/technology-width.spec.ts:5:1 › all six source planes fill viewport width with native proportions, joined edges and complete bottom access (3.0s)
  ✓  52 [desktop-chromium] › tests/e2e/technology-width.spec.ts:28:1 › all source descriptions fit eleven locales in both ribbons without numbers or horizontal overflow (12.4s)
  ✓  53 [desktop-chromium] › tests/e2e/technology-width.spec.ts:44:1 › native desktop wheel scrolls the ribbon without moving landing or switching groups (932ms)
  ✓  54 [desktop-chromium] › tests/e2e/technology-width.spec.ts:48:1 › native touch pans vertically, swipes horizontally and freezes during download (6.4s)
(node:36219) Warning: The 'NO_COLOR' env is ignored due to the 'FORCE_COLOR' env being set.
(Use `node --trace-warnings ...` to show where the warning was created)
  ✓  55 [desktop-firefox] › tests/e2e/technology-loading.spec.ts:7:1 › a partial first group resource prevents the whole ribbon revealing and reports aggregate progress (1.9s)
  ✓  56 [desktop-firefox] › tests/e2e/technology-loading.spec.ts:61:1 › invalid first image has white backing and retry; close never traps the user (884ms)
  ✓  57 [desktop-firefox] › tests/e2e/technology-loading.spec.ts:79:1 › retry replaces a corrupt HTTP 200 retained in the real browser cache (984ms)
  ✓  58 [desktop-firefox] › tests/e2e/technology-loading.spec.ts:125:1 › a delayed next group retains the complete old ribbon, freezes scroll, and commits atomically (901ms)
  ✓  59 [desktop-firefox] › tests/e2e/technology-loading.spec.ts:141:1 › failed optional group leaves landing usable and recovers with explicit retry without skipping (1.1s)
  ✓  60 [desktop-firefox] › tests/e2e/technology-loading.spec.ts:152:1 › loading and retry remain reachable in every locale at a short phone height (5.2s)
  ✓  61 [desktop-firefox] › tests/e2e/technology-viewer.spec.ts:7:1 › technology PNGs preserve every original pixel outside the title mask (296ms)
  ✓  62 [desktop-firefox] › tests/e2e/technology-viewer.spec.ts:44:1 › CyberMind PNGs retain native RGB, alpha and resolution outside title glyphs (139ms)
  ✓  63 [desktop-firefox] › tests/e2e/technology-viewer.spec.ts:71:1 › all six photos warm after load without blocking the main page (675ms)
  ✓  64 [desktop-firefox] › tests/e2e/technology-viewer.spec.ts:96:1 › incomplete hero protects the main view before technology can be opened (586ms)
  ✓  65 [desktop-firefox] › tests/e2e/technology-viewer.spec.ts:112:1 › both story controls open a complete ribbon with one title and two group controls (1.2s)
  ✓  66 [desktop-firefox] › tests/e2e/technology-viewer.spec.ts:140:1 › literal rightward group swipes are reversible, bounded, and independent of vertical or RTL scrolling (1.8s)
  ✓  67 [desktop-firefox] › tests/e2e/technology-viewer.spec.ts:157:1 › all six post-load low-priority decoded images are reused offline across ribbons and reopening (1.1s)
  ✓  68 [desktop-firefox] › tests/e2e/technology-viewer.spec.ts:176:1 › technology viewer hides landing paint beneath browser chrome and restores it on close (1.7s)
  ✘  69 [desktop-firefox] › tests/e2e/technology-width.spec.ts:5:1 › all six source planes fill viewport width with native proportions, joined edges and complete bottom access (1.7s)
(node:36790) Warning: The 'NO_COLOR' env is ignored due to the 'FORCE_COLOR' env being set.
(Use `node --trace-warnings ...` to show where the warning was created)
  ✓  70 [desktop-firefox] › tests/e2e/technology-width.spec.ts:28:1 › all source descriptions fit eleven locales in both ribbons without numbers or horizontal overflow (6.4s)
  ✘  71 [desktop-firefox] › tests/e2e/technology-width.spec.ts:44:1 › native desktop wheel scrolls the ribbon without moving landing or switching groups (5.7s)
(node:36836) Warning: The 'NO_COLOR' env is ignored due to the 'FORCE_COLOR' env being set.
(Use `node --trace-warnings ...` to show where the warning was created)
  -  72 [desktop-firefox] › tests/e2e/technology-width.spec.ts:48:1 › native touch pans vertically, swipes horizontally and freezes during download


  1) [desktop-firefox] › tests/e2e/technology-width.spec.ts:5:1 › all six source planes fill viewport width with native proportions, joined edges and complete bottom access

    Error: expect(received).toBeCloseTo(expected, precision)

    Expected: 812
    Received: 811.5

    Expected precision:    0
    Expected difference: < 0.5
    Received difference:   0.5

      19 |     if(index)expect(Math.abs(g.planes[index-1].bottom-plane.top-width*48/941)).toBeLessThan(.05);
      20 |    }
    > 21 |    await page.keyboard.press('End');const bottom=await viewer.locator('.technology-viewer__content').last().boundingBox();expect(Math.abs(bottom!.y+bottom!.height-height)).toBeLessThan(1);
         |                                                                                                                                                            ^
      22 |    await page.keyboard.press('Home');expect(await viewer.locator('.technology-viewer__scroll').evaluate(e=>e.scrollTop)).toBe(0);
      23 |    if([320,375,768,844,1440].includes(width)&&group===1)await page.screenshot({path:`${evidence}/${info.project.name}-adapt-${width}x${height}.png`});
      24 |   }
        at /Users/asmirnou/Projects/g/ramsider/tests/e2e/technology-width.spec.ts:21:156

    attachment #1: screenshot (image/png) ──────────────────────────────────────────────────────────
    test-results/technology-width-all-six-s-36fba--and-complete-bottom-access-desktop-firefox/test-failed-1.png
    ────────────────────────────────────────────────────────────────────────────────────────────────

    Error Context: test-results/technology-width-all-six-s-36fba--and-complete-bottom-access-desktop-firefox/error-context.md

  2) [desktop-firefox] › tests/e2e/technology-width.spec.ts:44:1 › native desktop wheel scrolls the ribbon without moving landing or switching groups

    Error: expect(received).toBeLessThan(expected)

    Expected: < 1
    Received:   2301

    Call Log:
    - Timeout 5000ms exceeded while waiting on the predicate

      43 |
      44 | test('native desktop wheel scrolls the ribbon without moving landing or switching groups',async({page},info)=>{
    > 45 |  test.skip(!!info.project.use.isMobile,'Native mobile pan is covered by Chromium protocol plus WebKit pointer/keyboard checks.');await page.setViewportSize({width:615,height:849});await page.goto('/en');await openTechnology(page);const viewer=page.locator('#technology-viewer');await expect(viewer).toHaveAttribute('aria-busy','false');const y=await page.evaluate(()=>scrollY);const scroller=viewer.locator('.technology-viewer__scroll');await scroller.hover();await page.mouse.wheel(0,500);await expect.poll(()=>scroller.evaluate(e=>e.scrollTop)).toBeGreaterThan(100);await expect.poll(async()=>{await page.mouse.wheel(0,1200);return scroller.evaluate(e=>Math.abs(e.scrollHeight-e.clientHeight-e.scrollTop));}).toBeLessThan(1);await expect(viewer).toHaveAttribute('data-group','HeatCore');expect(await page.evaluate(()=>scrollY)).toBe(y);await expect.poll(async()=>{await page.mouse.wheel(0,-1200);return scroller.evaluate(e=>e.scrollTop);}).toBe(0);
         |                                                                                                                                                                                                                                                                                                                                                                                                                                                                                                                                                                                                                                                                                                                          ^
      46 | });
      47 |
      48 | test('native touch pans vertically, swipes horizontally and freezes during download', async ({ browser }, info) => {
        at /Users/asmirnou/Projects/g/ramsider/tests/e2e/technology-width.spec.ts:45:698

    attachment #1: screenshot (image/png) ──────────────────────────────────────────────────────────
    test-results/technology-width-native-de-4d9db-landing-or-switching-groups-desktop-firefox/test-failed-1.png
    ────────────────────────────────────────────────────────────────────────────────────────────────

    Error Context: test-results/technology-width-native-de-4d9db-landing-or-switching-groups-desktop-firefox/error-context.md

  2 failed
    [desktop-firefox] › tests/e2e/technology-width.spec.ts:5:1 › all six source planes fill viewport width with native proportions, joined edges and complete bottom access
    [desktop-firefox] › tests/e2e/technology-width.spec.ts:44:1 › native desktop wheel scrolls the ribbon without moving landing or switching groups
  5 skipped
  65 passed (2.4m)
