
Running 40 tests using 6 workers

(node:23520) Warning: The 'NO_COLOR' env is ignored due to the 'FORCE_COLOR' env being set.
(Use `node --trace-warnings ...` to show where the warning was created)
(node:23517) Warning: The 'NO_COLOR' env is ignored due to the 'FORCE_COLOR' env being set.
(Use `node --trace-warnings ...` to show where the warning was created)
(node:23518) Warning: The 'NO_COLOR' env is ignored due to the 'FORCE_COLOR' env being set.
(Use `node --trace-warnings ...` to show where the warning was created)
(node:23521) Warning: The 'NO_COLOR' env is ignored due to the 'FORCE_COLOR' env being set.
(Use `node --trace-warnings ...` to show where the warning was created)
(node:23519) Warning: The 'NO_COLOR' env is ignored due to the 'FORCE_COLOR' env being set.
(Use `node --trace-warnings ...` to show where the warning was created)
(node:23522) Warning: The 'NO_COLOR' env is ignored due to the 'FORCE_COLOR' env being set.
(Use `node --trace-warnings ...` to show where the warning was created)
  ✓   3 [desktop-chromium] › tests/e2e/navigation-menu.spec.ts:3:1 › navigation glass matches locale glass and dismisses on outside input and page scroll (3.7s)
  ✓   5 [iphone-17-pro-webkit] › tests/e2e/locale-switcher.spec.ts:7:1 › language control stays in the header and works after returning to top (3.2s)
  ✓   2 [iphone-17-pro-max-webkit] › tests/e2e/locale-switcher.spec.ts:7:1 › language control stays in the header and works after returning to top (3.8s)
  ✓   6 [desktop-chromium] › tests/e2e/locale-switcher.spec.ts:7:1 › language control stays in the header and works after returning to top (4.3s)
  ✓   4 [iphone-17-pro-max-webkit] › tests/e2e/navigation-menu.spec.ts:3:1 › navigation glass matches locale glass and dismisses on outside input and page scroll (4.6s)
  ✓   8 [iphone-17-pro-webkit] › tests/e2e/locale-switcher.spec.ts:137:1 › Arabic layout and narrow viewport keep the selector operable (1.8s)
  ✓  10 [desktop-chromium] › tests/e2e/locale-switcher.spec.ts:137:1 › Arabic layout and narrow viewport keep the selector operable (1.3s)
  -  12 [iphone-17-pro-webkit] › tests/e2e/locale-switcher.spec.ts:168:1 › header controls retain a common line at intermediate widths
  ✓   9 [iphone-17-pro-max-webkit] › tests/e2e/locale-switcher.spec.ts:137:1 › Arabic layout and narrow viewport keep the selector operable (1.9s)
  -  15 [iphone-17-pro-max-webkit] › tests/e2e/locale-switcher.spec.ts:168:1 › header controls retain a common line at intermediate widths
  ✓   1 [iphone-17-pro-webkit] › tests/e2e/navigation-menu.spec.ts:3:1 › navigation glass matches locale glass and dismisses on outside input and page scroll (6.1s)
  ✓   7 [desktop-chromium] › tests/e2e/navigation-menu.spec.ts:67:1 › navigation links remain inside the panel in every locale (3.1s)
  -  16 [iphone-17-pro-max-webkit] › tests/e2e/locale-switcher.spec.ts:187:1 › every locale has its matching flag and selected language
  -  18 [iphone-17-pro-max-webkit] › tests/e2e/locale-switcher.spec.ts:204:1 › every language row accepts center and near-edge touches without choosing a neighbor
  ✓  13 [desktop-chromium] › tests/e2e/locale-switcher.spec.ts:168:1 › header controls retain a common line at intermediate widths (2.1s)
  -  19 [iphone-17-pro-max-webkit] › tests/e2e/locale-switcher.spec.ts:221:1 › keyboard focus, Escape, and Arabic alignment remain usable
  -  20 [desktop-chromium] › tests/e2e/locale-switcher.spec.ts:187:1 › every locale has its matching flag and selected language
(node:23605) Warning: The 'NO_COLOR' env is ignored due to the 'FORCE_COLOR' env being set.
(Use `node --trace-warnings ...` to show where the warning was created)
  -  22 [desktop-chromium] › tests/e2e/locale-switcher.spec.ts:204:1 › every language row accepts center and near-edge touches without choosing a neighbor
  -  21 [iphone-17-pro-max-webkit] › tests/e2e/locale-switcher.spec.ts:268:1 › opening the list does not prefetch all routes and modified clicks keep the source tab
  -  24 [desktop-chromium] › tests/e2e/locale-switcher.spec.ts:221:1 › keyboard focus, Escape, and Arabic alignment remain usable
  -  25 [iphone-17-pro-max-webkit] › tests/e2e/locale-switcher.spec.ts:295:1 › small phone, tablet, and desktop keep the panel in view
(node:23615) Warning: The 'NO_COLOR' env is ignored due to the 'FORCE_COLOR' env being set.
(Use `node --trace-warnings ...` to show where the warning was created)
  ✓  11 [iphone-17-pro-max-webkit] › tests/e2e/navigation-menu.spec.ts:67:1 › navigation links remain inside the panel in every locale (4.2s)
  ✓  14 [iphone-17-pro-webkit] › tests/e2e/locale-switcher.spec.ts:187:1 › every locale has its matching flag and selected language (3.6s)
  ✓  17 [iphone-17-pro-webkit] › tests/e2e/navigation-menu.spec.ts:67:1 › navigation links remain inside the panel in every locale (3.2s)
  ✓  26 [desktop-chromium] › tests/e2e/locale-switcher.spec.ts:268:1 › opening the list does not prefetch all routes and modified clicks keep the source tab (2.2s)
  ✓  29 [desktop-chromium] › tests/e2e/locale-switcher.spec.ts:295:1 › small phone, tablet, and desktop keep the panel in view (2.2s)
  ✓  23 [desktop-firefox] › tests/e2e/locale-switcher.spec.ts:7:1 › language control stays in the header and works after returning to top (5.4s)
  ✓  27 [desktop-firefox] › tests/e2e/navigation-menu.spec.ts:3:1 › navigation glass matches locale glass and dismisses on outside input and page scroll (5.3s)
  -  31 [desktop-firefox] › tests/e2e/navigation-menu.spec.ts:67:1 › navigation links remain inside the panel in every locale
  ✓  30 [desktop-firefox] › tests/e2e/locale-switcher.spec.ts:137:1 › Arabic layout and narrow viewport keep the selector operable (1.1s)
  ✓  28 [iphone-17-pro-webkit] › tests/e2e/locale-switcher.spec.ts:204:1 › every language row accepts center and near-edge touches without choosing a neighbor (7.0s)
  -  32 [desktop-firefox] › tests/e2e/locale-switcher.spec.ts:168:1 › header controls retain a common line at intermediate widths
  -  34 [desktop-firefox] › tests/e2e/locale-switcher.spec.ts:187:1 › every locale has its matching flag and selected language
  -  35 [desktop-firefox] › tests/e2e/locale-switcher.spec.ts:204:1 › every language row accepts center and near-edge touches without choosing a neighbor
  -  36 [desktop-firefox] › tests/e2e/locale-switcher.spec.ts:221:1 › keyboard focus, Escape, and Arabic alignment remain usable
  -  37 [desktop-firefox] › tests/e2e/locale-switcher.spec.ts:268:1 › opening the list does not prefetch all routes and modified clicks keep the source tab
  -  38 [desktop-firefox] › tests/e2e/locale-switcher.spec.ts:295:1 › small phone, tablet, and desktop keep the panel in view
  ✓  33 [iphone-17-pro-webkit] › tests/e2e/locale-switcher.spec.ts:221:1 › keyboard focus, Escape, and Arabic alignment remain usable (1.0s)
  -  39 [iphone-17-pro-webkit] › tests/e2e/locale-switcher.spec.ts:268:1 › opening the list does not prefetch all routes and modified clicks keep the source tab
  -  40 [iphone-17-pro-webkit] › tests/e2e/locale-switcher.spec.ts:295:1 › small phone, tablet, and desktop keep the panel in view

  19 skipped
  21 passed (19.1s)
