
Running 1 test using 1 worker

(node:53814) Warning: The 'NO_COLOR' env is ignored due to the 'FORCE_COLOR' env being set.
(Use `node --trace-warnings ...` to show where the warning was created)
  ✘  1 [iphone-17-pro-webkit] › tests/e2e/technology-trackpad.spec.ts:7:1 › native horizontal trackpad wheel switches groups once per gesture in English and Arabic (6.8s)


  1) [iphone-17-pro-webkit] › tests/e2e/technology-trackpad.spec.ts:7:1 › native horizontal trackpad wheel switches groups once per gesture in English and Arabic

    Error: expect(locator).toHaveAttribute(expected) failed

    Locator:  locator('#technology-viewer')
    Expected: "CyberMind"
    Received: "HeatCore"
    Timeout:  5000ms

    Call log:
      - Expect "toHaveAttribute" locator('#technology-viewer') with timeout 5000ms
      - waiting for locator('#technology-viewer')
        14 × locator resolved to <dialog open="" tabindex="-1" aria-busy="false" data-group="HeatCore" id="technology-viewer" class="technology-viewer" aria-labelledby="technology-viewer-title" aria-describedby="technology-viewer-instructions">…</dialog>
           - unexpected value "HeatCore"


      11 |   await viewer.locator('.technology-viewer__photo img').first().hover({position:{x:100,y:300}});
      12 |   const y=await page.evaluate(()=>scrollY);
    > 13 |   await page.mouse.wheel(-120,0);await expect(viewer).toHaveAttribute('data-group','CyberMind');await expect(viewer).toHaveAttribute('aria-busy','false');
         |                                                       ^
      14 |   // Reversing within the same wheel burst must not undo the committed change.
      15 |   await page.mouse.wheel(120,0);await expect(viewer).toHaveAttribute('data-group','CyberMind');
      16 |   await settleGesture(page);await page.mouse.wheel(120,0);await expect(viewer).toHaveAttribute('data-group','HeatCore');await expect(viewer).toHaveAttribute('aria-busy','false');
        at /Users/asmirnou/Projects/g/ramsider/tests/e2e/technology-trackpad.spec.ts:13:55

    attachment #1: screenshot (image/png) ──────────────────────────────────────────────────────────
    ../../../../../tmp/ramsider-trackpad-baseline/technology-trackpad-native-be5f0-sture-in-English-and-Arabic-iphone-17-pro-webkit/test-failed-1.png
    ────────────────────────────────────────────────────────────────────────────────────────────────

    Error Context: ../../../../../tmp/ramsider-trackpad-baseline/technology-trackpad-native-be5f0-sture-in-English-and-Arabic-iphone-17-pro-webkit/error-context.md

  1 failed
    [iphone-17-pro-webkit] › tests/e2e/technology-trackpad.spec.ts:7:1 › native horizontal trackpad wheel switches groups once per gesture in English and Arabic
