
Running 1 test using 1 worker

(node:87971) Warning: The 'NO_COLOR' env is ignored due to the 'FORCE_COLOR' env being set.
(Use `node --trace-warnings ...` to show where the warning was created)
  ✘  1 [iphone-17-pro-webkit] › tests/e2e/technology-trackpad.spec.ts:48:1 › a tiny vertical lead-in does not cancel a horizontal two-finger gesture (6.7s)


  1) [iphone-17-pro-webkit] › tests/e2e/technology-trackpad.spec.ts:48:1 › a tiny vertical lead-in does not cancel a horizontal two-finger gesture

    Error: expect(locator).toHaveAttribute(expected) failed

    Locator:  locator('#technology-viewer')
    Expected: "CyberMind"
    Received: "HeatCore"
    Timeout:  5000ms

    Call log:
      - Expect "toHaveAttribute" locator('#technology-viewer') with timeout 5000ms
      - waiting for locator('#technology-viewer')
        14 × locator resolved to <dialog open="" tabindex="-1" aria-busy="false" data-group="HeatCore" id="technology-viewer" class="technology-viewer" aria-labelledby="technology-viewer-title" aria-describedby="technology-viewer-instructions">…</dialog>
           - unexpected value "HeatCore"


      49 |  await page.goto('/en');await openTechnology(page);const viewer=page.locator('#technology-viewer');await expect(viewer).toHaveAttribute('aria-busy','false');await viewer.locator('.technology-viewer__photo img').first().hover({position:{x:100,y:300}});
      50 |  await page.clock.install();await page.clock.pauseAt((await page.evaluate(()=>Date.now()))+1000);
    > 51 |  await page.mouse.wheel(0,2);await page.mouse.wheel(-120,4);await expect(viewer).toHaveAttribute('data-group','CyberMind');await expect(viewer).toHaveAttribute('aria-busy','false');
         |                                                                                  ^
      52 |  await page.clock.runFor(220);await page.mouse.wheel(0,2);await page.mouse.wheel(120,4);await expect(viewer).toHaveAttribute('data-group','HeatCore');await page.clock.resume();
      53 | });
      54 |
        at /Users/asmirnou/Projects/g/ramsider/tests/e2e/technology-trackpad.spec.ts:51:82

    attachment #1: screenshot (image/png) ──────────────────────────────────────────────────────────
    ../../../../../tmp/ramsider-noise-baseline/technology-trackpad-a-tiny-821b8-rizontal-two-finger-gesture-iphone-17-pro-webkit/test-failed-1.png
    ────────────────────────────────────────────────────────────────────────────────────────────────

    Error Context: ../../../../../tmp/ramsider-noise-baseline/technology-trackpad-a-tiny-821b8-rizontal-two-finger-gesture-iphone-17-pro-webkit/error-context.md

  1 failed
    [iphone-17-pro-webkit] › tests/e2e/technology-trackpad.spec.ts:48:1 › a tiny vertical lead-in does not cancel a horizontal two-finger gesture
