
Running 3 tests using 3 workers

(node:75948) Warning: The 'NO_COLOR' env is ignored due to the 'FORCE_COLOR' env being set.
(Use `node --trace-warnings ...` to show where the warning was created)
(node:75946) Warning: The 'NO_COLOR' env is ignored due to the 'FORCE_COLOR' env being set.
(Use `node --trace-warnings ...` to show where the warning was created)
(node:75947) Warning: The 'NO_COLOR' env is ignored due to the 'FORCE_COLOR' env being set.
(Use `node --trace-warnings ...` to show where the warning was created)
  ✘  1 [desktop-chromium] › tests/e2e/technology-viewer.spec.ts:520:1 › CyberMind descriptions fit all locales and omit source folios (6.6s)
  ✘  3 [iphone-17-pro-webkit] › tests/e2e/technology-viewer.spec.ts:520:1 › CyberMind descriptions fit all locales and omit source folios (6.8s)
  ✘  2 [iphone-17-pro-max-webkit] › tests/e2e/technology-viewer.spec.ts:520:1 › CyberMind descriptions fit all locales and omit source folios (6.9s)


  1) [iphone-17-pro-webkit] › tests/e2e/technology-viewer.spec.ts:520:1 › CyberMind descriptions fit all locales and omit source folios

    Error: expect(locator).toHaveAttribute(expected) failed

    Locator:  locator('.technology-viewer__descriptions')
    Expected: "01"
    Received: ""
    Timeout:  5000ms

    Call log:
      - Expect "toHaveAttribute" locator('.technology-viewer__descriptions') with timeout 5000ms
      - waiting for locator('.technology-viewer__descriptions')
        14 × locator resolved to <section data-slide="02" aria-label="Three heaters" class="technology-viewer__descriptions">…</section>
           - unexpected value "null"


      525 |     for (let slide = 0; slide < 2; slide++) {
      526 |       await page.locator('.technology-viewer__dots button').nth(slide).click();
    > 527 |       await expect(page.locator('.technology-viewer__descriptions')).toHaveAttribute('data-cybermind-slide', `0${slide + 1}`);
          |                                                                      ^
      528 |       await page.evaluate(() => document.fonts.ready);
      529 |       const blocks = await page.locator('.technology-viewer__descriptions .technology-description__box').evaluateAll(elements => elements.map(element => ({
      530 |         scrollWidth: element.firstElementChild?.scrollWidth ?? 0,
        at /Users/asmirnou/Projects/g/ramsider/tests/e2e/technology-viewer.spec.ts:527:70

    attachment #1: screenshot (image/png) ──────────────────────────────────────────────────────────
    test-results/technology-viewer-CyberMin-20883-ales-and-omit-source-folios-iphone-17-pro-webkit/test-failed-1.png
    ────────────────────────────────────────────────────────────────────────────────────────────────

    Error Context: test-results/technology-viewer-CyberMin-20883-ales-and-omit-source-folios-iphone-17-pro-webkit/error-context.md

  2) [iphone-17-pro-max-webkit] › tests/e2e/technology-viewer.spec.ts:520:1 › CyberMind descriptions fit all locales and omit source folios

    Error: expect(locator).toHaveAttribute(expected) failed

    Locator:  locator('.technology-viewer__descriptions')
    Expected: "01"
    Received: ""
    Timeout:  5000ms

    Call log:
      - Expect "toHaveAttribute" locator('.technology-viewer__descriptions') with timeout 5000ms
      - waiting for locator('.technology-viewer__descriptions')
        14 × locator resolved to <section data-slide="02" aria-label="Three heaters" class="technology-viewer__descriptions">…</section>
           - unexpected value "null"


      525 |     for (let slide = 0; slide < 2; slide++) {
      526 |       await page.locator('.technology-viewer__dots button').nth(slide).click();
    > 527 |       await expect(page.locator('.technology-viewer__descriptions')).toHaveAttribute('data-cybermind-slide', `0${slide + 1}`);
          |                                                                      ^
      528 |       await page.evaluate(() => document.fonts.ready);
      529 |       const blocks = await page.locator('.technology-viewer__descriptions .technology-description__box').evaluateAll(elements => elements.map(element => ({
      530 |         scrollWidth: element.firstElementChild?.scrollWidth ?? 0,
        at /Users/asmirnou/Projects/g/ramsider/tests/e2e/technology-viewer.spec.ts:527:70

    attachment #1: screenshot (image/png) ──────────────────────────────────────────────────────────
    test-results/technology-viewer-CyberMin-20883-ales-and-omit-source-folios-iphone-17-pro-max-webkit/test-failed-1.png
    ────────────────────────────────────────────────────────────────────────────────────────────────

    Error Context: test-results/technology-viewer-CyberMin-20883-ales-and-omit-source-folios-iphone-17-pro-max-webkit/error-context.md

  3) [desktop-chromium] › tests/e2e/technology-viewer.spec.ts:520:1 › CyberMind descriptions fit all locales and omit source folios

    Error: expect(locator).toHaveAttribute(expected) failed

    Locator:  locator('.technology-viewer__descriptions')
    Expected: "01"
    Received: ""
    Timeout:  5000ms

    Call log:
      - Expect "toHaveAttribute" locator('.technology-viewer__descriptions') with timeout 5000ms
      - waiting for locator('.technology-viewer__descriptions')
        14 × locator resolved to <section data-slide="02" aria-label="Три нагревателя" class="technology-viewer__descriptions">…</section>
           - unexpected value "null"


      525 |     for (let slide = 0; slide < 2; slide++) {
      526 |       await page.locator('.technology-viewer__dots button').nth(slide).click();
    > 527 |       await expect(page.locator('.technology-viewer__descriptions')).toHaveAttribute('data-cybermind-slide', `0${slide + 1}`);
          |                                                                      ^
      528 |       await page.evaluate(() => document.fonts.ready);
      529 |       const blocks = await page.locator('.technology-viewer__descriptions .technology-description__box').evaluateAll(elements => elements.map(element => ({
      530 |         scrollWidth: element.firstElementChild?.scrollWidth ?? 0,
        at /Users/asmirnou/Projects/g/ramsider/tests/e2e/technology-viewer.spec.ts:527:70

    attachment #1: screenshot (image/png) ──────────────────────────────────────────────────────────
    test-results/technology-viewer-CyberMin-20883-ales-and-omit-source-folios-desktop-chromium/test-failed-1.png
    ────────────────────────────────────────────────────────────────────────────────────────────────

    Error Context: test-results/technology-viewer-CyberMin-20883-ales-and-omit-source-folios-desktop-chromium/error-context.md

  3 failed
    [iphone-17-pro-webkit] › tests/e2e/technology-viewer.spec.ts:520:1 › CyberMind descriptions fit all locales and omit source folios
    [iphone-17-pro-max-webkit] › tests/e2e/technology-viewer.spec.ts:520:1 › CyberMind descriptions fit all locales and omit source folios
    [desktop-chromium] › tests/e2e/technology-viewer.spec.ts:520:1 › CyberMind descriptions fit all locales and omit source folios
