
Running 36 tests using 2 workers

(node:85287) Warning: The 'NO_COLOR' env is ignored due to the 'FORCE_COLOR' env being set.
(Use `node --trace-warnings ...` to show where the warning was created)
(node:85286) Warning: The 'NO_COLOR' env is ignored due to the 'FORCE_COLOR' env being set.
(Use `node --trace-warnings ...` to show where the warning was created)
  ✓   1 [iphone-17-pro-max-webkit] › tests/e2e/technology-viewer.spec.ts:6:1 › technology PNGs preserve every original pixel outside the title mask (360ms)
  ✓   2 [iphone-17-pro-webkit] › tests/e2e/technology-viewer.spec.ts:6:1 › technology PNGs preserve every original pixel outside the title mask (358ms)
  ✓   4 [iphone-17-pro-webkit] › tests/e2e/technology-viewer.spec.ts:43:1 › technology descriptions render all source text in the decoded image coordinates (2.2s)
  ✓   3 [iphone-17-pro-max-webkit] › tests/e2e/technology-viewer.spec.ts:43:1 › technology descriptions render all source text in the decoded image coordinates (2.3s)
  ✓   5 [iphone-17-pro-webkit] › tests/e2e/technology-viewer.spec.ts:74:1 › technology viewer opens from both story controls and pages through clean images (2.8s)
  ✓   6 [iphone-17-pro-max-webkit] › tests/e2e/technology-viewer.spec.ts:74:1 › technology viewer opens from both story controls and pages through clean images (3.0s)
  ✓   7 [iphone-17-pro-webkit] › tests/e2e/technology-viewer.spec.ts:166:1 › technology viewer supports touch pointers, Escape and Arabic framing (1.8s)
  ✓   8 [iphone-17-pro-max-webkit] › tests/e2e/technology-viewer.spec.ts:166:1 › technology viewer supports touch pointers, Escape and Arabic framing (1.7s)
  ✓   9 [iphone-17-pro-webkit] › tests/e2e/technology-viewer.spec.ts:212:1 › previous artwork stays visible while the next slide loads (685ms)
  ✓  10 [iphone-17-pro-max-webkit] › tests/e2e/technology-viewer.spec.ts:212:1 › previous artwork stays visible while the next slide loads (680ms)
  ✓  11 [iphone-17-pro-webkit] › tests/e2e/technology-viewer.spec.ts:235:1 › failed warm-up and failed selection retry the same image (1.0s)
  ✓  12 [iphone-17-pro-max-webkit] › tests/e2e/technology-viewer.spec.ts:235:1 › failed warm-up and failed selection retry the same image (1.0s)
  ✓  13 [iphone-17-pro-webkit] › tests/e2e/technology-viewer.spec.ts:261:1 › first photo of each group warms after load; remaining photos start together on open (739ms)
  ✓  14 [iphone-17-pro-max-webkit] › tests/e2e/technology-viewer.spec.ts:261:1 › first photo of each group warms after load; remaining photos start together on open (726ms)
  ✓  15 [iphone-17-pro-webkit] › tests/e2e/technology-viewer.spec.ts:288:1 › early opening starts all six without waiting for main page load (900ms)
  ✓  16 [iphone-17-pro-max-webkit] › tests/e2e/technology-viewer.spec.ts:288:1 › early opening starts all six without waiting for main page load (823ms)
  ✓  17 [iphone-17-pro-webkit] › tests/e2e/technology-viewer.spec.ts:304:1 › first images warm at low priority; all decoded images are reused offline across groups (1.3s)
  ✓  18 [iphone-17-pro-max-webkit] › tests/e2e/technology-viewer.spec.ts:304:1 › first images warm at low priority; all decoded images are reused offline across groups (1.3s)
  ✓  19 [iphone-17-pro-webkit] › tests/e2e/technology-viewer.spec.ts:353:1 › swipe completes when the pointer leaves the artwork (729ms)
  ✓  20 [iphone-17-pro-max-webkit] › tests/e2e/technology-viewer.spec.ts:353:1 › swipe completes when the pointer leaves the artwork (744ms)
  ✓  21 [iphone-17-pro-webkit] › tests/e2e/technology-viewer.spec.ts:369:1 › technology viewer hides landing paint beneath browser chrome and restores it on close (1.3s)
  ✓  22 [iphone-17-pro-max-webkit] › tests/e2e/technology-viewer.spec.ts:369:1 › technology viewer hides landing paint beneath browser chrome and restores it on close (1.3s)
  ✓  23 [iphone-17-pro-webkit] › tests/e2e/technology-viewer.spec.ts:412:1 › metal contour reaches mobile side edges and the image stays inside its cutout (895ms)
  ✓  25 [iphone-17-pro-webkit] › tests/e2e/technology-viewer.spec.ts:442:1 › CyberMind PNGs retain native RGB, alpha and resolution outside title glyphs (155ms)
  ✓  24 [iphone-17-pro-max-webkit] › tests/e2e/technology-viewer.spec.ts:412:1 › metal contour reaches mobile side edges and the image stays inside its cutout (956ms)
  ✓  27 [iphone-17-pro-max-webkit] › tests/e2e/technology-viewer.spec.ts:442:1 › CyberMind PNGs retain native RGB, alpha and resolution outside title glyphs (158ms)
  ✓  26 [iphone-17-pro-webkit] › tests/e2e/technology-viewer.spec.ts:469:1 › CyberMind uses two interactive slides, a live title and two-axis navigation (1.3s)
  ✓  28 [iphone-17-pro-max-webkit] › tests/e2e/technology-viewer.spec.ts:469:1 › CyberMind uses two interactive slides, a live title and two-axis navigation (1.5s)
  ✓  29 [iphone-17-pro-webkit] › tests/e2e/technology-viewer.spec.ts:520:1 › CyberMind descriptions fit all locales and omit source folios (4.6s)
  ✓  30 [iphone-17-pro-max-webkit] › tests/e2e/technology-viewer.spec.ts:520:1 › CyberMind descriptions fit all locales and omit source folios (4.3s)
  ✓  31 [iphone-17-pro-webkit] › tests/e2e/technology-viewer.spec.ts:546:1 › pending group and slide changes preserve displayed state and cannot overwrite later navigation (791ms)
  ✓  32 [iphone-17-pro-max-webkit] › tests/e2e/technology-viewer.spec.ts:546:1 › pending group and slide changes preserve displayed state and cannot overwrite later navigation (756ms)
  ✓  33 [iphone-17-pro-webkit] › tests/e2e/technology-viewer.spec.ts:567:1 › failed first CyberMind warm and group selection retry without skipping the group (1.2s)
  ✓  34 [iphone-17-pro-max-webkit] › tests/e2e/technology-viewer.spec.ts:567:1 › failed first CyberMind warm and group selection retry without skipping the group (1.3s)
  ✓  35 [iphone-17-pro-webkit] › tests/e2e/technology-viewer.spec.ts:581:1 › pending group navigation cannot announce an unavailable group or hijack visible slide controls (797ms)
  ✓  36 [iphone-17-pro-max-webkit] › tests/e2e/technology-viewer.spec.ts:581:1 › pending group navigation cannot announce an unavailable group or hijack visible slide controls (818ms)

  36 passed (25.0s)
