
Running 12 tests using 1 worker

(node:99373) Warning: The 'NO_COLOR' env is ignored due to the 'FORCE_COLOR' env being set.
(Use `node --trace-warnings ...` to show where the warning was created)
  ✓   1 [iphone-17-pro-webkit] › tests/e2e/media-accessibility.spec.ts:3:1 › loading status has readable contrast and respects reduced motion (1.1s)
  ✓   2 [iphone-17-pro-webkit] › tests/e2e/media-loading.spec.ts:199:1 › failed visible image has an accessible retry and successful recovery (691ms)
  ✓   3 [iphone-17-pro-webkit] › tests/e2e/media-loading.spec.ts:342:1 › retained loading strip fits all eleven locales including Arabic (5.1s)
(node:99463) Warning: The 'NO_COLOR' env is ignored due to the 'FORCE_COLOR' env being set.
(Use `node --trace-warnings ...` to show where the warning was created)
  ✓   4 [iphone-17-pro-max-webkit] › tests/e2e/media-accessibility.spec.ts:3:1 › loading status has readable contrast and respects reduced motion (711ms)
  ✓   5 [iphone-17-pro-max-webkit] › tests/e2e/media-loading.spec.ts:199:1 › failed visible image has an accessible retry and successful recovery (752ms)
  ✓   6 [iphone-17-pro-max-webkit] › tests/e2e/media-loading.spec.ts:342:1 › retained loading strip fits all eleven locales including Arabic (5.5s)
(node:99545) Warning: The 'NO_COLOR' env is ignored due to the 'FORCE_COLOR' env being set.
(Use `node --trace-warnings ...` to show where the warning was created)
  ✓   7 [desktop-chromium] › tests/e2e/media-accessibility.spec.ts:3:1 › loading status has readable contrast and respects reduced motion (1.1s)
  ✓   8 [desktop-chromium] › tests/e2e/media-loading.spec.ts:199:1 › failed visible image has an accessible retry and successful recovery (684ms)
  ✓   9 [desktop-chromium] › tests/e2e/media-loading.spec.ts:342:1 › retained loading strip fits all eleven locales including Arabic (5.9s)
(node:99591) Warning: The 'NO_COLOR' env is ignored due to the 'FORCE_COLOR' env being set.
(Use `node --trace-warnings ...` to show where the warning was created)
  ✓  10 [desktop-firefox] › tests/e2e/media-accessibility.spec.ts:3:1 › loading status has readable contrast and respects reduced motion (1.4s)
  ✓  11 [desktop-firefox] › tests/e2e/media-loading.spec.ts:199:1 › failed visible image has an accessible retry and successful recovery (867ms)
  ✓  12 [desktop-firefox] › tests/e2e/media-loading.spec.ts:342:1 › retained loading strip fits all eleven locales including Arabic (5.1s)

  12 passed (32.9s)
