
> start
> next start --port 3036

▲ Next.js 16.2.11
- Local:         http://localhost:3036
- Network:       http://192.168.69.143:3036
✓ Ready in 111ms
Error: Internal: NoFallbackError
    at ignore-listed frames
Error: Internal: NoFallbackError
    at ignore-listed frames
Error: Internal: NoFallbackError
    at ignore-listed frames
Error: Internal: NoFallbackError
    at ignore-listed frames
Error: Internal: NoFallbackError
    at ignore-listed frames
Error: Internal: NoFallbackError
    at ignore-listed frames
Error: Internal: NoFallbackError
    at ignore-listed frames
