
Running 124 tests using 4 workers

(node:88837) Warning: The 'NO_COLOR' env is ignored due to the 'FORCE_COLOR' env being set.
(Use `node --trace-warnings ...` to show where the warning was created)
(node:88836) Warning: The 'NO_COLOR' env is ignored due to the 'FORCE_COLOR' env being set.
(Use `node --trace-warnings ...` to show where the warning was created)
(node:88835) Warning: The 'NO_COLOR' env is ignored due to the 'FORCE_COLOR' env being set.
(Use `node --trace-warnings ...` to show where the warning was created)
(node:88834) Warning: The 'NO_COLOR' env is ignored due to the 'FORCE_COLOR' env being set.
(Use `node --trace-warnings ...` to show where the warning was created)
  ✓    1 [iphone-17-pro-webkit] › tests/e2e/media-accessibility.spec.ts:3:1 › loading status has readable contrast and respects reduced motion (3.5s)
  ✓    2 [iphone-17-pro-webkit] › tests/e2e/technology-loading.spec.ts:7:1 › a partially transferred first photo stays hidden with true progress and locked navigation (4.3s)
(node:88932) Warning: The 'NO_COLOR' env is ignored due to the 'FORCE_COLOR' env being set.
(Use `node --trace-warnings ...` to show where the warning was created)
  ✓    4 [iphone-17-pro-webkit] › tests/e2e/technology-viewer.spec.ts:7:1 › technology artwork keeps its native proportions as Safari chrome changes the visible height (4.6s)
  ✓    7 [iphone-17-pro-webkit] › tests/e2e/technology-viewer.spec.ts:50:1 › technology PNGs preserve every original pixel outside the title mask (504ms)
  ✓    5 [iphone-17-pro-webkit] › tests/e2e/technology-loading.spec.ts:61:1 › invalid first image has white backing and retry; close never traps the user (2.0s)
  ✓    6 [iphone-17-pro-max-webkit] › tests/e2e/media-accessibility.spec.ts:3:1 › loading status has readable contrast and respects reduced motion (1.3s)
  ✓    8 [iphone-17-pro-webkit] › tests/e2e/technology-viewer.spec.ts:87:1 › technology descriptions render all source text in the decoded image coordinates (2.6s)
  ✓    9 [iphone-17-pro-webkit] › tests/e2e/technology-loading.spec.ts:79:1 › retry replaces a corrupt HTTP 200 retained in the real browser cache (1.4s)
  ✓   10 [iphone-17-pro-max-webkit] › tests/e2e/technology-loading.spec.ts:7:1 › a partially transferred first photo stays hidden with true progress and locked navigation (1.6s)
  ✓   12 [iphone-17-pro-webkit] › tests/e2e/technology-loading.spec.ts:124:1 › horizontal swipes stop at both ends and reverse through preceding photos (1.1s)
  ✓   13 [iphone-17-pro-max-webkit] › tests/e2e/technology-loading.spec.ts:61:1 › invalid first image has white backing and retry; close never traps the user (1.6s)
  ✓   14 [iphone-17-pro-webkit] › tests/e2e/technology-loading.spec.ts:144:1 › full-width proportional artwork and controls adapt to short landscape, tablet and desktop (2.6s)
  ✓   15 [iphone-17-pro-max-webkit] › tests/e2e/technology-loading.spec.ts:79:1 › retry replaces a corrupt HTTP 200 retained in the real browser cache (1.6s)
  ✓   11 [iphone-17-pro-webkit] › tests/e2e/technology-viewer.spec.ts:118:1 › technology viewer opens from both story controls and pages through clean images (4.4s)
  ✓   17 [iphone-17-pro-max-webkit] › tests/e2e/technology-loading.spec.ts:124:1 › horizontal swipes stop at both ends and reverse through preceding photos (1.1s)
  ✓    3 [iphone-17-pro-webkit] › tests/e2e/technology-width.spec.ts:7:1 › every technology photo fills the frame width without distortion and its bottom stays reachable (13.0s)
  ✓   18 [iphone-17-pro-webkit] › tests/e2e/technology-viewer.spec.ts:212:1 › technology viewer supports touch pointers, Escape and Arabic framing (3.4s)
  ✓   20 [iphone-17-pro-webkit] › tests/e2e/technology-width.spec.ts:65:1 › inner scroll freezes at pending and failed frames, then resets after decoded commit (2.5s)
  -   22 [iphone-17-pro-webkit] › tests/e2e/technology-width.spec.ts:124:1 › native desktop wheel pans the picture without moving the page or changing technology
  -   23 [iphone-17-pro-webkit] › tests/e2e/technology-width.spec.ts:145:1 › native touch pans vertically, swipes horizontally and freezes during download
  ✓   19 [iphone-17-pro-max-webkit] › tests/e2e/technology-loading.spec.ts:144:1 › full-width proportional artwork and controls adapt to short landscape, tablet and desktop (3.2s)
  ✓   21 [iphone-17-pro-webkit] › tests/e2e/technology-viewer.spec.ts:262:1 › previous artwork stays visible while the next slide loads (1.6s)
  ✓   26 [iphone-17-pro-webkit] › tests/e2e/technology-viewer.spec.ts:285:1 › failed warm-up and failed selection retry the same image (2.5s)
  ✓   16 [iphone-17-pro-webkit] › tests/e2e/technology-loading.spec.ts:180:1 › loading and retry fit every locale including Arabic at a short phone height (9.2s)
(node:89220) Warning: The 'NO_COLOR' env is ignored due to the 'FORCE_COLOR' env being set.
(Use `node --trace-warnings ...` to show where the warning was created)
  ✓   27 [iphone-17-pro-webkit] › tests/e2e/technology-viewer.spec.ts:307:1 › two photos of each group warm after load; remaining photos start together on open (2.8s)
  ✓   29 [iphone-17-pro-webkit] › tests/e2e/technology-viewer.spec.ts:329:1 › incomplete hero protects the main view before technology can be opened (1.3s)
  ✓   25 [iphone-17-pro-max-webkit] › tests/e2e/technology-loading.spec.ts:180:1 › loading and retry fit every locale including Arabic at a short phone height (9.1s)
  ✓   28 [iphone-17-pro-max-webkit] › tests/e2e/technology-viewer.spec.ts:7:1 › technology artwork keeps its native proportions as Safari chrome changes the visible height (3.2s)
  ✓   30 [iphone-17-pro-webkit] › tests/e2e/technology-viewer.spec.ts:345:1 › four photos warm at low priority; retained decoded images are reused offline across groups (3.2s)
  ✓   32 [iphone-17-pro-max-webkit] › tests/e2e/technology-viewer.spec.ts:50:1 › technology PNGs preserve every original pixel outside the title mask (775ms)
  ✓   33 [iphone-17-pro-webkit] › tests/e2e/technology-viewer.spec.ts:392:1 › swipe completes when the pointer leaves the artwork (1.5s)
  ✓   34 [iphone-17-pro-max-webkit] › tests/e2e/technology-viewer.spec.ts:87:1 › technology descriptions render all source text in the decoded image coordinates (2.8s)
  ✓   35 [iphone-17-pro-webkit] › tests/e2e/technology-viewer.spec.ts:408:1 › technology viewer hides landing paint beneath browser chrome and restores it on close (3.1s)
  ✓   37 [iphone-17-pro-webkit] › tests/e2e/technology-viewer.spec.ts:451:1 › metal contour reaches mobile side edges and the image stays inside its cutout (1.4s)
  ✓   38 [iphone-17-pro-webkit] › tests/e2e/technology-viewer.spec.ts:481:1 › CyberMind PNGs retain native RGB, alpha and resolution outside title glyphs (159ms)
  ✓   24 [iphone-17-pro-webkit] › tests/e2e/technology-width.spec.ts:205:1 › all six full-width compositions keep translated text usable in eleven locales (17.3s)
  ✓   31 [iphone-17-pro-max-webkit] › tests/e2e/technology-width.spec.ts:7:1 › every technology photo fills the frame width without distortion and its bottom stays reachable (8.4s)
(node:89384) Warning: The 'NO_COLOR' env is ignored due to the 'FORCE_COLOR' env being set.
(Use `node --trace-warnings ...` to show where the warning was created)
  ✓   36 [iphone-17-pro-max-webkit] › tests/e2e/technology-viewer.spec.ts:118:1 › technology viewer opens from both story controls and pages through clean images (5.0s)
  ✓   40 [iphone-17-pro-max-webkit] › tests/e2e/technology-width.spec.ts:65:1 › inner scroll freezes at pending and failed frames, then resets after decoded commit (1.8s)
  ✓   39 [iphone-17-pro-webkit] › tests/e2e/technology-viewer.spec.ts:508:1 › CyberMind uses two interactive slides, a live title and explicit group navigation (2.3s)
  -   43 [iphone-17-pro-max-webkit] › tests/e2e/technology-width.spec.ts:124:1 › native desktop wheel pans the picture without moving the page or changing technology
  -   45 [iphone-17-pro-max-webkit] › tests/e2e/technology-width.spec.ts:145:1 › native touch pans vertically, swipes horizontally and freezes during download
  ✓   41 [desktop-chromium] › tests/e2e/media-accessibility.spec.ts:3:1 › loading status has readable contrast and respects reduced motion (1.2s)
  ✓   47 [desktop-chromium] › tests/e2e/technology-loading.spec.ts:7:1 › a partially transferred first photo stays hidden with true progress and locked navigation (1.7s)
  ✓   42 [iphone-17-pro-max-webkit] › tests/e2e/technology-viewer.spec.ts:212:1 › technology viewer supports touch pointers, Escape and Arabic framing (2.9s)
  ✓   48 [desktop-chromium] › tests/e2e/technology-loading.spec.ts:61:1 › invalid first image has white backing and retry; close never traps the user (1.3s)
  ✓   49 [iphone-17-pro-max-webkit] › tests/e2e/technology-viewer.spec.ts:262:1 › previous artwork stays visible while the next slide loads (1.7s)
  ✓   50 [desktop-chromium] › tests/e2e/technology-loading.spec.ts:79:1 › retry replaces a corrupt HTTP 200 retained in the real browser cache (1.3s)
  ✓   51 [iphone-17-pro-max-webkit] › tests/e2e/technology-viewer.spec.ts:285:1 › failed warm-up and failed selection retry the same image (2.2s)
  ✓   52 [desktop-chromium] › tests/e2e/technology-loading.spec.ts:124:1 › horizontal swipes stop at both ends and reverse through preceding photos (1.3s)
  ✓   54 [desktop-chromium] › tests/e2e/technology-loading.spec.ts:144:1 › full-width proportional artwork and controls adapt to short landscape, tablet and desktop (1.4s)
  ✓   53 [iphone-17-pro-max-webkit] › tests/e2e/technology-viewer.spec.ts:307:1 › two photos of each group warm after load; remaining photos start together on open (1.5s)
  ✓   56 [iphone-17-pro-max-webkit] › tests/e2e/technology-viewer.spec.ts:329:1 › incomplete hero protects the main view before technology can be opened (1.2s)
  ✓   44 [iphone-17-pro-webkit] › tests/e2e/technology-viewer.spec.ts:562:1 › CyberMind descriptions fit all locales and omit source folios (9.1s)
  ✓   58 [iphone-17-pro-webkit] › tests/e2e/technology-viewer.spec.ts:588:1 › pending slide locks navigation and commits only fully loaded selection (1.8s)
  ✓   57 [iphone-17-pro-max-webkit] › tests/e2e/technology-viewer.spec.ts:345:1 › four photos warm at low priority; retained decoded images are reused offline across groups (2.9s)
  ✓   59 [iphone-17-pro-webkit] › tests/e2e/technology-viewer.spec.ts:609:1 › failed CyberMind warm and selection recover with explicit Retry without skipping the group (1.7s)
  ✓   60 [iphone-17-pro-max-webkit] › tests/e2e/technology-viewer.spec.ts:392:1 › swipe completes when the pointer leaves the artwork (1.2s)
  ✓   55 [desktop-chromium] › tests/e2e/technology-loading.spec.ts:180:1 › loading and retry fit every locale including Arabic at a short phone height (6.7s)
  ✓   61 [iphone-17-pro-webkit] › tests/e2e/technology-viewer.spec.ts:625:1 › pending group blocks gestures and repeated keys while close remains available (1.7s)
(node:89588) Warning: The 'NO_COLOR' env is ignored due to the 'FORCE_COLOR' env being set.
(Use `node --trace-warnings ...` to show where the warning was created)
  ✓   62 [iphone-17-pro-max-webkit] › tests/e2e/technology-viewer.spec.ts:408:1 › technology viewer hides landing paint beneath browser chrome and restores it on close (2.2s)
  ✓   63 [desktop-chromium] › tests/e2e/technology-viewer.spec.ts:7:1 › technology artwork keeps its native proportions as Safari chrome changes the visible height (1.0s)
  ✓   46 [iphone-17-pro-max-webkit] › tests/e2e/technology-width.spec.ts:205:1 › all six full-width compositions keep translated text usable in eleven locales (15.5s)
(node:89601) Warning: The 'NO_COLOR' env is ignored due to the 'FORCE_COLOR' env being set.
(Use `node --trace-warnings ...` to show where the warning was created)
  ✓   66 [desktop-chromium] › tests/e2e/technology-viewer.spec.ts:50:1 › technology PNGs preserve every original pixel outside the title mask (509ms)
  ✓   65 [iphone-17-pro-max-webkit] › tests/e2e/technology-viewer.spec.ts:451:1 › metal contour reaches mobile side edges and the image stays inside its cutout (1.2s)
  ✓   69 [iphone-17-pro-max-webkit] › tests/e2e/technology-viewer.spec.ts:481:1 › CyberMind PNGs retain native RGB, alpha and resolution outside title glyphs (177ms)
  ✓   67 [desktop-chromium] › tests/e2e/technology-viewer.spec.ts:87:1 › technology descriptions render all source text in the decoded image coordinates (1.6s)
  ✓   70 [iphone-17-pro-max-webkit] › tests/e2e/technology-viewer.spec.ts:508:1 › CyberMind uses two interactive slides, a live title and explicit group navigation (1.7s)
  ✓   64 [desktop-chromium] › tests/e2e/technology-width.spec.ts:7:1 › every technology photo fills the frame width without distortion and its bottom stays reachable (4.5s)
  ✓   68 [desktop-firefox] › tests/e2e/media-accessibility.spec.ts:3:1 › loading status has readable contrast and respects reduced motion (2.5s)
  ✓   71 [desktop-chromium] › tests/e2e/technology-viewer.spec.ts:118:1 › technology viewer opens from both story controls and pages through clean images (3.5s)
  ✓   73 [desktop-chromium] › tests/e2e/technology-width.spec.ts:65:1 › inner scroll freezes at pending and failed frames, then resets after decoded commit (1.4s)
  ✓   74 [desktop-firefox] › tests/e2e/technology-loading.spec.ts:7:1 › a partially transferred first photo stays hidden with true progress and locked navigation (1.8s)
  ✓   76 [desktop-chromium] › tests/e2e/technology-width.spec.ts:124:1 › native desktop wheel pans the picture without moving the page or changing technology (1.2s)
  ✓   77 [desktop-firefox] › tests/e2e/technology-loading.spec.ts:61:1 › invalid first image has white backing and retry; close never traps the user (1.1s)
  ✓   75 [desktop-chromium] › tests/e2e/technology-viewer.spec.ts:212:1 › technology viewer supports touch pointers, Escape and Arabic framing (1.9s)
  ✓   80 [desktop-chromium] › tests/e2e/technology-viewer.spec.ts:262:1 › previous artwork stays visible while the next slide loads (871ms)
  ✓   79 [desktop-firefox] › tests/e2e/technology-loading.spec.ts:79:1 › retry replaces a corrupt HTTP 200 retained in the real browser cache (1.3s)
  ✓   81 [desktop-chromium] › tests/e2e/technology-viewer.spec.ts:285:1 › failed warm-up and failed selection retry the same image (1.3s)
  ✓   72 [iphone-17-pro-max-webkit] › tests/e2e/technology-viewer.spec.ts:562:1 › CyberMind descriptions fit all locales and omit source folios (7.1s)
  ✓   82 [desktop-firefox] › tests/e2e/technology-loading.spec.ts:124:1 › horizontal swipes stop at both ends and reverse through preceding photos (1.3s)
  ✓   83 [desktop-chromium] › tests/e2e/technology-viewer.spec.ts:307:1 › two photos of each group warm after load; remaining photos start together on open (809ms)
  ✓   86 [desktop-chromium] › tests/e2e/technology-viewer.spec.ts:329:1 › incomplete hero protects the main view before technology can be opened (796ms)
  ✓   84 [iphone-17-pro-max-webkit] › tests/e2e/technology-viewer.spec.ts:588:1 › pending slide locks navigation and commits only fully loaded selection (1.4s)
  ✓   85 [desktop-firefox] › tests/e2e/technology-loading.spec.ts:144:1 › full-width proportional artwork and controls adapt to short landscape, tablet and desktop (1.7s)
  ✓   88 [iphone-17-pro-max-webkit] › tests/e2e/technology-viewer.spec.ts:609:1 › failed CyberMind warm and selection recover with explicit Retry without skipping the group (1.1s)
  ✓   87 [desktop-chromium] › tests/e2e/technology-viewer.spec.ts:345:1 › four photos warm at low priority; retained decoded images are reused offline across groups (1.2s)
  ✓   78 [desktop-chromium] › tests/e2e/technology-width.spec.ts:145:1 › native touch pans vertically, swipes horizontally and freezes during download (6.5s)
  ✓   91 [desktop-chromium] › tests/e2e/technology-viewer.spec.ts:392:1 › swipe completes when the pointer leaves the artwork (818ms)
  ✓   90 [iphone-17-pro-max-webkit] › tests/e2e/technology-viewer.spec.ts:625:1 › pending group blocks gestures and repeated keys while close remains available (1.3s)
(node:89738) Warning: The 'NO_COLOR' env is ignored due to the 'FORCE_COLOR' env being set.
(Use `node --trace-warnings ...` to show where the warning was created)
  ✓   93 [desktop-chromium] › tests/e2e/technology-viewer.spec.ts:408:1 › technology viewer hides landing paint beneath browser chrome and restores it on close (5.0s)
  ✓   89 [desktop-firefox] › tests/e2e/technology-loading.spec.ts:180:1 › loading and retry fit every locale including Arabic at a short phone height (7.1s)
  ✓   94 [desktop-firefox] › tests/e2e/technology-viewer.spec.ts:7:1 › technology artwork keeps its native proportions as Safari chrome changes the visible height (3.7s)
  ✓   95 [desktop-chromium] › tests/e2e/technology-viewer.spec.ts:451:1 › metal contour reaches mobile side edges and the image stays inside its cutout (902ms)
  ✓   98 [desktop-chromium] › tests/e2e/technology-viewer.spec.ts:481:1 › CyberMind PNGs retain native RGB, alpha and resolution outside title glyphs (372ms)
  ✓   97 [desktop-firefox] › tests/e2e/technology-viewer.spec.ts:50:1 › technology PNGs preserve every original pixel outside the title mask (686ms)
  ✓   99 [desktop-chromium] › tests/e2e/technology-viewer.spec.ts:508:1 › CyberMind uses two interactive slides, a live title and explicit group navigation (1.6s)
  ✓  100 [desktop-firefox] › tests/e2e/technology-viewer.spec.ts:87:1 › technology descriptions render all source text in the decoded image coordinates (1.9s)
  ✓   96 [desktop-firefox] › tests/e2e/technology-width.spec.ts:7:1 › every technology photo fills the frame width without distortion and its bottom stays reachable (7.8s)
  ✓  102 [desktop-firefox] › tests/e2e/technology-viewer.spec.ts:118:1 › technology viewer opens from both story controls and pages through clean images (4.9s)
  ✓   92 [desktop-chromium] › tests/e2e/technology-width.spec.ts:205:1 › all six full-width compositions keep translated text usable in eleven locales (13.4s)
  ✓  101 [desktop-chromium] › tests/e2e/technology-viewer.spec.ts:562:1 › CyberMind descriptions fit all locales and omit source folios (6.7s)
  ✓  103 [desktop-firefox] › tests/e2e/technology-width.spec.ts:65:1 › inner scroll freezes at pending and failed frames, then resets after decoded commit (1.4s)
  ✓  105 [desktop-chromium] › tests/e2e/technology-viewer.spec.ts:588:1 › pending slide locks navigation and commits only fully loaded selection (866ms)
  ✓  104 [desktop-firefox] › tests/e2e/technology-viewer.spec.ts:212:1 › technology viewer supports touch pointers, Escape and Arabic framing (2.2s)
  ✓  108 [desktop-firefox] › tests/e2e/technology-viewer.spec.ts:262:1 › previous artwork stays visible while the next slide loads (673ms)
  ✓  106 [desktop-firefox] › tests/e2e/technology-width.spec.ts:124:1 › native desktop wheel pans the picture without moving the page or changing technology (1.6s)
  -  110 [desktop-firefox] › tests/e2e/technology-width.spec.ts:145:1 › native touch pans vertically, swipes horizontally and freezes during download
  ✓  107 [desktop-chromium] › tests/e2e/technology-viewer.spec.ts:609:1 › failed CyberMind warm and selection recover with explicit Retry without skipping the group (852ms)
  ✓  112 [desktop-chromium] › tests/e2e/technology-viewer.spec.ts:625:1 › pending group blocks gestures and repeated keys while close remains available (937ms)
  ✓  109 [desktop-firefox] › tests/e2e/technology-viewer.spec.ts:285:1 › failed warm-up and failed selection retry the same image (1.4s)
  ✓  113 [desktop-firefox] › tests/e2e/technology-viewer.spec.ts:307:1 › two photos of each group warm after load; remaining photos start together on open (861ms)
  ✓  114 [desktop-firefox] › tests/e2e/technology-viewer.spec.ts:329:1 › incomplete hero protects the main view before technology can be opened (579ms)
  ✓  115 [desktop-firefox] › tests/e2e/technology-viewer.spec.ts:345:1 › four photos warm at low priority; retained decoded images are reused offline across groups (1.1s)
  ✓  116 [desktop-firefox] › tests/e2e/technology-viewer.spec.ts:392:1 › swipe completes when the pointer leaves the artwork (1.2s)
  ✓  117 [desktop-firefox] › tests/e2e/technology-viewer.spec.ts:408:1 › technology viewer hides landing paint beneath browser chrome and restores it on close (1.7s)
  ✓  118 [desktop-firefox] › tests/e2e/technology-viewer.spec.ts:451:1 › metal contour reaches mobile side edges and the image stays inside its cutout (835ms)
  ✓  119 [desktop-firefox] › tests/e2e/technology-viewer.spec.ts:481:1 › CyberMind PNGs retain native RGB, alpha and resolution outside title glyphs (211ms)
  ✓  111 [desktop-firefox] › tests/e2e/technology-width.spec.ts:205:1 › all six full-width compositions keep translated text usable in eleven locales (8.5s)
  ✓  120 [desktop-firefox] › tests/e2e/technology-viewer.spec.ts:508:1 › CyberMind uses two interactive slides, a live title and explicit group navigation (1.4s)
  ✓  121 [desktop-firefox] › tests/e2e/technology-viewer.spec.ts:562:1 › CyberMind descriptions fit all locales and omit source folios (4.5s)
  ✓  122 [desktop-firefox] › tests/e2e/technology-viewer.spec.ts:588:1 › pending slide locks navigation and commits only fully loaded selection (687ms)
  ✓  123 [desktop-firefox] › tests/e2e/technology-viewer.spec.ts:609:1 › failed CyberMind warm and selection recover with explicit Retry without skipping the group (713ms)
  ✓  124 [desktop-firefox] › tests/e2e/technology-viewer.spec.ts:625:1 › pending group blocks gestures and repeated keys while close remains available (783ms)

  5 skipped
  119 passed (1.6m)
