
Running 120 tests using 4 workers

(node:81959) Warning: The 'NO_COLOR' env is ignored due to the 'FORCE_COLOR' env being set.
(Use `node --trace-warnings ...` to show where the warning was created)
(node:81960) Warning: The 'NO_COLOR' env is ignored due to the 'FORCE_COLOR' env being set.
(Use `node --trace-warnings ...` to show where the warning was created)
(node:81962) Warning: The 'NO_COLOR' env is ignored due to the 'FORCE_COLOR' env being set.
(Use `node --trace-warnings ...` to show where the warning was created)
(node:81961) Warning: The 'NO_COLOR' env is ignored due to the 'FORCE_COLOR' env being set.
(Use `node --trace-warnings ...` to show where the warning was created)
  ✓    1 [iphone-17-pro-webkit] › tests/e2e/media-accessibility.spec.ts:3:1 › loading status has readable contrast and respects reduced motion (1.8s)
(node:82258) Warning: The 'NO_COLOR' env is ignored due to the 'FORCE_COLOR' env being set.
(Use `node --trace-warnings ...` to show where the warning was created)
  ✓    4 [iphone-17-pro-webkit] › tests/e2e/technology-viewer.spec.ts:7:1 › technology artwork keeps its native proportions as Safari chrome changes the visible height (3.4s)
  ✓    3 [iphone-17-pro-webkit] › tests/e2e/technology-loading.spec.ts:7:1 › a partially transferred first photo stays hidden with true progress and locked navigation (3.6s)
  ✓    6 [iphone-17-pro-webkit] › tests/e2e/technology-viewer.spec.ts:50:1 › technology PNGs preserve every original pixel outside the title mask (644ms)
  ✓    7 [iphone-17-pro-webkit] › tests/e2e/technology-loading.spec.ts:61:1 › invalid first image has white backing and retry; close never traps the user (2.1s)
  ✓    5 [iphone-17-pro-max-webkit] › tests/e2e/media-accessibility.spec.ts:3:1 › loading status has readable contrast and respects reduced motion (1.4s)
  ✓    8 [iphone-17-pro-webkit] › tests/e2e/technology-viewer.spec.ts:87:1 › technology descriptions render all source text in the decoded image coordinates (2.5s)
  ✓    9 [iphone-17-pro-webkit] › tests/e2e/technology-loading.spec.ts:79:1 › retry replaces a corrupt HTTP 200 retained in the real browser cache (1.4s)
  ✓   10 [iphone-17-pro-max-webkit] › tests/e2e/technology-loading.spec.ts:7:1 › a partially transferred first photo stays hidden with true progress and locked navigation (1.7s)
  ✓   12 [iphone-17-pro-webkit] › tests/e2e/technology-loading.spec.ts:124:1 › horizontal swipes stop at both ends and reverse through preceding photos (1.7s)
  ✓   13 [iphone-17-pro-max-webkit] › tests/e2e/technology-loading.spec.ts:61:1 › invalid first image has white backing and retry; close never traps the user (1.9s)
  ✓   15 [iphone-17-pro-max-webkit] › tests/e2e/technology-loading.spec.ts:79:1 › retry replaces a corrupt HTTP 200 retained in the real browser cache (1.4s)
  ✓   14 [iphone-17-pro-webkit] › tests/e2e/technology-loading.spec.ts:144:1 › full-width proportional artwork and controls adapt to short landscape, tablet and desktop (2.7s)
  ✓   11 [iphone-17-pro-webkit] › tests/e2e/technology-viewer.spec.ts:118:1 › technology viewer opens from both story controls and pages through clean images (4.9s)
  ✓    2 [iphone-17-pro-webkit] › tests/e2e/technology-width.spec.ts:7:1 › every technology photo fills the frame width without distortion and its bottom stays reachable (12.3s)
  ✓   16 [iphone-17-pro-max-webkit] › tests/e2e/technology-loading.spec.ts:124:1 › horizontal swipes stop at both ends and reverse through preceding photos (1.1s)
  ✓   19 [iphone-17-pro-webkit] › tests/e2e/technology-width.spec.ts:65:1 › inner scroll freezes at pending and failed frames, then resets after decoded commit (2.1s)
  ✓   18 [iphone-17-pro-webkit] › tests/e2e/technology-viewer.spec.ts:212:1 › technology viewer supports touch pointers, Escape and Arabic framing (3.0s)
  -   21 [iphone-17-pro-webkit] › tests/e2e/technology-width.spec.ts:124:1 › native desktop wheel pans the picture without moving the page or changing technology
  -   23 [iphone-17-pro-webkit] › tests/e2e/technology-width.spec.ts:145:1 › native touch pans vertically, swipes horizontally and freezes during download
  ✓   20 [iphone-17-pro-max-webkit] › tests/e2e/technology-loading.spec.ts:144:1 › full-width proportional artwork and controls adapt to short landscape, tablet and desktop (3.0s)
(node:82588) Warning: The 'NO_COLOR' env is ignored due to the 'FORCE_COLOR' env being set.
(Use `node --trace-warnings ...` to show where the warning was created)
  ✓   22 [iphone-17-pro-webkit] › tests/e2e/technology-viewer.spec.ts:262:1 › previous artwork stays visible while the next slide loads (1.3s)
  ✓   25 [iphone-17-pro-webkit] › tests/e2e/technology-viewer.spec.ts:285:1 › failed warm-up and failed selection retry the same image (1.6s)
  ✓   17 [iphone-17-pro-webkit] › tests/e2e/technology-loading.spec.ts:180:1 › loading and retry fit every locale including Arabic at a short phone height (7.4s)
  ✓   27 [iphone-17-pro-webkit] › tests/e2e/technology-viewer.spec.ts:307:1 › two photos of each group warm after load; remaining photos start together on open (1.8s)
(node:82674) Warning: The 'NO_COLOR' env is ignored due to the 'FORCE_COLOR' env being set.
(Use `node --trace-warnings ...` to show where the warning was created)
  ✓   26 [iphone-17-pro-max-webkit] › tests/e2e/technology-viewer.spec.ts:7:1 › technology artwork keeps its native proportions as Safari chrome changes the visible height (2.5s)
  ✓   28 [iphone-17-pro-webkit] › tests/e2e/technology-viewer.spec.ts:329:1 › incomplete hero protects the main view before technology can be opened (970ms)
  ✓   30 [iphone-17-pro-max-webkit] › tests/e2e/technology-viewer.spec.ts:50:1 › technology PNGs preserve every original pixel outside the title mask (696ms)
  ✓   31 [iphone-17-pro-webkit] › tests/e2e/technology-viewer.spec.ts:345:1 › four photos warm at low priority; retained decoded images are reused offline across groups (2.2s)
  ✓   24 [iphone-17-pro-max-webkit] › tests/e2e/technology-loading.spec.ts:180:1 › loading and retry fit every locale including Arabic at a short phone height (7.1s)
  ✓   32 [iphone-17-pro-max-webkit] › tests/e2e/technology-viewer.spec.ts:87:1 › technology descriptions render all source text in the decoded image coordinates (2.6s)
(node:82772) Warning: The 'NO_COLOR' env is ignored due to the 'FORCE_COLOR' env being set.
(Use `node --trace-warnings ...` to show where the warning was created)
  ✓   33 [iphone-17-pro-webkit] › tests/e2e/technology-viewer.spec.ts:392:1 › swipe completes when the pointer leaves the artwork (898ms)
  ✓   35 [desktop-chromium] › tests/e2e/media-accessibility.spec.ts:3:1 › loading status has readable contrast and respects reduced motion (1.2s)
  ✓   37 [desktop-chromium] › tests/e2e/technology-loading.spec.ts:7:1 › a partially transferred first photo stays hidden with true progress and locked navigation (1.5s)
  ✓   36 [iphone-17-pro-webkit] › tests/e2e/technology-viewer.spec.ts:408:1 › technology viewer hides landing paint beneath browser chrome and restores it on close (3.0s)
  ✓   34 [iphone-17-pro-max-webkit] › tests/e2e/technology-viewer.spec.ts:118:1 › technology viewer opens from both story controls and pages through clean images (4.3s)
  ✓   38 [desktop-chromium] › tests/e2e/technology-loading.spec.ts:61:1 › invalid first image has white backing and retry; close never traps the user (1.0s)
  ✓   29 [iphone-17-pro-max-webkit] › tests/e2e/technology-width.spec.ts:7:1 › every technology photo fills the frame width without distortion and its bottom stays reachable (7.5s)
  ✓   39 [iphone-17-pro-webkit] › tests/e2e/technology-viewer.spec.ts:451:1 › metal contour reaches mobile side edges and the image stays inside its cutout (1.5s)
  ✓   43 [iphone-17-pro-webkit] › tests/e2e/technology-viewer.spec.ts:481:1 › CyberMind PNGs retain native RGB, alpha and resolution outside title glyphs (278ms)
  ✓   41 [desktop-chromium] › tests/e2e/technology-loading.spec.ts:79:1 › retry replaces a corrupt HTTP 200 retained in the real browser cache (994ms)
  ✓   45 [desktop-chromium] › tests/e2e/technology-loading.spec.ts:124:1 › horizontal swipes stop at both ends and reverse through preceding photos (889ms)
  ✓   42 [iphone-17-pro-max-webkit] › tests/e2e/technology-width.spec.ts:65:1 › inner scroll freezes at pending and failed frames, then resets after decoded commit (2.0s)
  -   47 [iphone-17-pro-max-webkit] › tests/e2e/technology-width.spec.ts:124:1 › native desktop wheel pans the picture without moving the page or changing technology
  -   48 [iphone-17-pro-max-webkit] › tests/e2e/technology-width.spec.ts:145:1 › native touch pans vertically, swipes horizontally and freezes during download
  ✓   40 [iphone-17-pro-max-webkit] › tests/e2e/technology-viewer.spec.ts:212:1 › technology viewer supports touch pointers, Escape and Arabic framing (2.8s)
  ✓   44 [iphone-17-pro-webkit] › tests/e2e/technology-viewer.spec.ts:508:1 › CyberMind uses two interactive slides, a live title and explicit group navigation (2.3s)
(node:83084) Warning: The 'NO_COLOR' env is ignored due to the 'FORCE_COLOR' env being set.
(Use `node --trace-warnings ...` to show where the warning was created)
  ✓   46 [desktop-chromium] › tests/e2e/technology-loading.spec.ts:144:1 › full-width proportional artwork and controls adapt to short landscape, tablet and desktop (1.4s)
  ✓   49 [iphone-17-pro-max-webkit] › tests/e2e/technology-viewer.spec.ts:262:1 › previous artwork stays visible while the next slide loads (1.4s)
  ✓   52 [desktop-chromium] › tests/e2e/technology-viewer.spec.ts:7:1 › technology artwork keeps its native proportions as Safari chrome changes the visible height (1.6s)
  ✓   53 [iphone-17-pro-max-webkit] › tests/e2e/technology-viewer.spec.ts:285:1 › failed warm-up and failed selection retry the same image (2.0s)
  ✓   54 [desktop-chromium] › tests/e2e/technology-viewer.spec.ts:50:1 › technology PNGs preserve every original pixel outside the title mask (837ms)
  ✓   55 [iphone-17-pro-max-webkit] › tests/e2e/technology-viewer.spec.ts:307:1 › two photos of each group warm after load; remaining photos start together on open (2.0s)
  ✓   56 [desktop-chromium] › tests/e2e/technology-viewer.spec.ts:87:1 › technology descriptions render all source text in the decoded image coordinates (2.5s)
  ✓   57 [iphone-17-pro-max-webkit] › tests/e2e/technology-viewer.spec.ts:329:1 › incomplete hero protects the main view before technology can be opened (1.2s)
  ✓   51 [desktop-chromium] › tests/e2e/technology-loading.spec.ts:180:1 › loading and retry fit every locale including Arabic at a short phone height (7.0s)
  ✓   59 [iphone-17-pro-max-webkit] › tests/e2e/technology-viewer.spec.ts:345:1 › four photos warm at low priority; retained decoded images are reused offline across groups (2.4s)
  ✓   50 [iphone-17-pro-webkit] › tests/e2e/technology-viewer.spec.ts:562:1 › CyberMind descriptions fit all locales and omit source folios (8.9s)
  ✓   61 [iphone-17-pro-max-webkit] › tests/e2e/technology-viewer.spec.ts:392:1 › swipe completes when the pointer leaves the artwork (1.1s)
  ✓   58 [desktop-chromium] › tests/e2e/technology-viewer.spec.ts:118:1 › technology viewer opens from both story controls and pages through clean images (4.0s)
  ✓   62 [iphone-17-pro-webkit] › tests/e2e/technology-viewer.spec.ts:588:1 › pending slide locks navigation and commits only fully loaded selection (1.1s)
  ✓   65 [iphone-17-pro-webkit] › tests/e2e/technology-viewer.spec.ts:609:1 › failed CyberMind warm and selection recover with explicit Retry without skipping the group (1.1s)
  ✓   64 [desktop-chromium] › tests/e2e/technology-viewer.spec.ts:212:1 › technology viewer supports touch pointers, Escape and Arabic framing (1.7s)
  ✓   60 [desktop-chromium] › tests/e2e/technology-width.spec.ts:7:1 › every technology photo fills the frame width without distortion and its bottom stays reachable (4.5s)
  ✓   66 [iphone-17-pro-webkit] › tests/e2e/technology-viewer.spec.ts:625:1 › pending group blocks gestures and repeated keys while close remains available (1.2s)
  ✓   67 [desktop-chromium] › tests/e2e/technology-viewer.spec.ts:262:1 › previous artwork stays visible while the next slide loads (891ms)
(node:83450) Warning: The 'NO_COLOR' env is ignored due to the 'FORCE_COLOR' env being set.
(Use `node --trace-warnings ...` to show where the warning was created)
  ✓   68 [desktop-chromium] › tests/e2e/technology-width.spec.ts:65:1 › inner scroll freezes at pending and failed frames, then resets after decoded commit (1.3s)
  ✓   69 [desktop-chromium] › tests/e2e/technology-viewer.spec.ts:285:1 › failed warm-up and failed selection retry the same image (1.2s)
  ✓   63 [iphone-17-pro-max-webkit] › tests/e2e/technology-viewer.spec.ts:408:1 › technology viewer hides landing paint beneath browser chrome and restores it on close (4.1s)
  ✓   71 [desktop-chromium] › tests/e2e/technology-width.spec.ts:124:1 › native desktop wheel pans the picture without moving the page or changing technology (1.0s)
  ✓   72 [desktop-chromium] › tests/e2e/technology-viewer.spec.ts:307:1 › two photos of each group warm after load; remaining photos start together on open (962ms)
  ✓   73 [iphone-17-pro-max-webkit] › tests/e2e/technology-viewer.spec.ts:451:1 › metal contour reaches mobile side edges and the image stays inside its cutout (1.4s)
  ✓   76 [iphone-17-pro-max-webkit] › tests/e2e/technology-viewer.spec.ts:481:1 › CyberMind PNGs retain native RGB, alpha and resolution outside title glyphs (158ms)
  ✓   75 [desktop-chromium] › tests/e2e/technology-viewer.spec.ts:329:1 › incomplete hero protects the main view before technology can be opened (653ms)
  ✓   78 [desktop-chromium] › tests/e2e/technology-viewer.spec.ts:345:1 › four photos warm at low priority; retained decoded images are reused offline across groups (1.3s)
  ✓   77 [iphone-17-pro-max-webkit] › tests/e2e/technology-viewer.spec.ts:508:1 › CyberMind uses two interactive slides, a live title and explicit group navigation (1.9s)
  ✓   79 [desktop-chromium] › tests/e2e/technology-viewer.spec.ts:392:1 › swipe completes when the pointer leaves the artwork (867ms)
  ✓   74 [desktop-chromium] › tests/e2e/technology-width.spec.ts:145:1 › native touch pans vertically, swipes horizontally and freezes during download (4.5s)
  ✓   70 [desktop-firefox] › tests/e2e/media-accessibility.spec.ts:3:1 › loading status has readable contrast and respects reduced motion (2.8s)
(node:83649) Warning: The 'NO_COLOR' env is ignored due to the 'FORCE_COLOR' env being set.
(Use `node --trace-warnings ...` to show where the warning was created)
  ✓   83 [desktop-firefox] › tests/e2e/technology-viewer.spec.ts:7:1 › technology artwork keeps its native proportions as Safari chrome changes the visible height (1.8s)
  ✓   84 [desktop-firefox] › tests/e2e/technology-viewer.spec.ts:50:1 › technology PNGs preserve every original pixel outside the title mask (523ms)
  ✓   81 [desktop-chromium] › tests/e2e/technology-viewer.spec.ts:408:1 › technology viewer hides landing paint beneath browser chrome and restores it on close (5.1s)
  ✓   82 [desktop-firefox] › tests/e2e/technology-loading.spec.ts:7:1 › a partially transferred first photo stays hidden with true progress and locked navigation (2.8s)
  ✓   86 [desktop-chromium] › tests/e2e/technology-viewer.spec.ts:451:1 › metal contour reaches mobile side edges and the image stays inside its cutout (1.1s)
  ✓   88 [desktop-chromium] › tests/e2e/technology-viewer.spec.ts:481:1 › CyberMind PNGs retain native RGB, alpha and resolution outside title glyphs (369ms)
  ✓   85 [desktop-firefox] › tests/e2e/technology-viewer.spec.ts:87:1 › technology descriptions render all source text in the decoded image coordinates (2.6s)
  ✓   87 [desktop-firefox] › tests/e2e/technology-loading.spec.ts:61:1 › invalid first image has white backing and retry; close never traps the user (2.0s)
  ✓   80 [iphone-17-pro-max-webkit] › tests/e2e/technology-viewer.spec.ts:562:1 › CyberMind descriptions fit all locales and omit source folios (8.4s)
  ✓   89 [desktop-chromium] › tests/e2e/technology-viewer.spec.ts:508:1 › CyberMind uses two interactive slides, a live title and explicit group navigation (1.9s)
  ✓   91 [desktop-firefox] › tests/e2e/technology-loading.spec.ts:79:1 › retry replaces a corrupt HTTP 200 retained in the real browser cache (1.4s)
  ✓   92 [iphone-17-pro-max-webkit] › tests/e2e/technology-viewer.spec.ts:588:1 › pending slide locks navigation and commits only fully loaded selection (1.5s)
  ✓   94 [desktop-firefox] › tests/e2e/technology-loading.spec.ts:124:1 › horizontal swipes stop at both ends and reverse through preceding photos (1.1s)
  ✓   95 [iphone-17-pro-max-webkit] › tests/e2e/technology-viewer.spec.ts:609:1 › failed CyberMind warm and selection recover with explicit Retry without skipping the group (1.6s)
  ✓   90 [desktop-firefox] › tests/e2e/technology-viewer.spec.ts:118:1 › technology viewer opens from both story controls and pages through clean images (5.4s)
  ✓   96 [desktop-firefox] › tests/e2e/technology-loading.spec.ts:144:1 › full-width proportional artwork and controls adapt to short landscape, tablet and desktop (1.9s)
  ✓   97 [iphone-17-pro-max-webkit] › tests/e2e/technology-viewer.spec.ts:625:1 › pending group blocks gestures and repeated keys while close remains available (1.3s)
(node:83942) Warning: The 'NO_COLOR' env is ignored due to the 'FORCE_COLOR' env being set.
(Use `node --trace-warnings ...` to show where the warning was created)
  ✓   98 [desktop-firefox] › tests/e2e/technology-viewer.spec.ts:212:1 › technology viewer supports touch pointers, Escape and Arabic framing (3.1s)
  ✓   93 [desktop-chromium] › tests/e2e/technology-viewer.spec.ts:562:1 › CyberMind descriptions fit all locales and omit source folios (6.7s)
  ✓  102 [desktop-chromium] › tests/e2e/technology-viewer.spec.ts:588:1 › pending slide locks navigation and commits only fully loaded selection (1.1s)
  ✓  101 [desktop-firefox] › tests/e2e/technology-viewer.spec.ts:262:1 › previous artwork stays visible while the next slide loads (1.5s)
  ✓  103 [desktop-chromium] › tests/e2e/technology-viewer.spec.ts:609:1 › failed CyberMind warm and selection recover with explicit Retry without skipping the group (1.0s)
  ✓  104 [desktop-firefox] › tests/e2e/technology-viewer.spec.ts:285:1 › failed warm-up and failed selection retry the same image (1.6s)
  ✓  105 [desktop-chromium] › tests/e2e/technology-viewer.spec.ts:625:1 › pending group blocks gestures and repeated keys while close remains available (1.1s)
  ✓  106 [desktop-firefox] › tests/e2e/technology-viewer.spec.ts:307:1 › two photos of each group warm after load; remaining photos start together on open (968ms)
  ✓  107 [desktop-firefox] › tests/e2e/technology-viewer.spec.ts:329:1 › incomplete hero protects the main view before technology can be opened (653ms)
  ✓   99 [desktop-firefox] › tests/e2e/technology-loading.spec.ts:180:1 › loading and retry fit every locale including Arabic at a short phone height (7.8s)
  ✓  108 [desktop-firefox] › tests/e2e/technology-viewer.spec.ts:345:1 › four photos warm at low priority; retained decoded images are reused offline across groups (1.4s)
  ✓  100 [desktop-firefox] › tests/e2e/technology-width.spec.ts:7:1 › every technology photo fills the frame width without distortion and its bottom stays reachable (7.2s)
  ✓  109 [desktop-firefox] › tests/e2e/technology-viewer.spec.ts:392:1 › swipe completes when the pointer leaves the artwork (657ms)
  ✓  110 [desktop-firefox] › tests/e2e/technology-width.spec.ts:65:1 › inner scroll freezes at pending and failed frames, then resets after decoded commit (1.2s)
  ✓  112 [desktop-firefox] › tests/e2e/technology-width.spec.ts:124:1 › native desktop wheel pans the picture without moving the page or changing technology (948ms)
  -  113 [desktop-firefox] › tests/e2e/technology-width.spec.ts:145:1 › native touch pans vertically, swipes horizontally and freezes during download
  ✓  111 [desktop-firefox] › tests/e2e/technology-viewer.spec.ts:408:1 › technology viewer hides landing paint beneath browser chrome and restores it on close (2.0s)
  ✓  114 [desktop-firefox] › tests/e2e/technology-viewer.spec.ts:451:1 › metal contour reaches mobile side edges and the image stays inside its cutout (574ms)
  ✓  115 [desktop-firefox] › tests/e2e/technology-viewer.spec.ts:481:1 › CyberMind PNGs retain native RGB, alpha and resolution outside title glyphs (162ms)
  ✓  116 [desktop-firefox] › tests/e2e/technology-viewer.spec.ts:508:1 › CyberMind uses two interactive slides, a live title and explicit group navigation (1.3s)
  ✓  117 [desktop-firefox] › tests/e2e/technology-viewer.spec.ts:562:1 › CyberMind descriptions fit all locales and omit source folios (3.9s)
  ✓  118 [desktop-firefox] › tests/e2e/technology-viewer.spec.ts:588:1 › pending slide locks navigation and commits only fully loaded selection (647ms)
  ✓  119 [desktop-firefox] › tests/e2e/technology-viewer.spec.ts:609:1 › failed CyberMind warm and selection recover with explicit Retry without skipping the group (701ms)
  ✓  120 [desktop-firefox] › tests/e2e/technology-viewer.spec.ts:625:1 › pending group blocks gestures and repeated keys while close remains available (706ms)

  5 skipped
  115 passed (1.4m)
