
Running 8 tests using 4 workers

(node:84708) Warning: The 'NO_COLOR' env is ignored due to the 'FORCE_COLOR' env being set.
(Use `node --trace-warnings ...` to show where the warning was created)
(node:84709) Warning: The 'NO_COLOR' env is ignored due to the 'FORCE_COLOR' env being set.
(Use `node --trace-warnings ...` to show where the warning was created)
(node:84707) Warning: The 'NO_COLOR' env is ignored due to the 'FORCE_COLOR' env being set.
(Use `node --trace-warnings ...` to show where the warning was created)
(node:84706) Warning: The 'NO_COLOR' env is ignored due to the 'FORCE_COLOR' env being set.
(Use `node --trace-warnings ...` to show where the warning was created)
  ✓  3 [iphone-17-pro-webkit] › tests/e2e/site.spec.ts:7:1 › responsive viewport, artwork, and primary actions (6.2s)
  ✓  1 [iphone-17-pro-max-webkit] › tests/e2e/site.spec.ts:7:1 › responsive viewport, artwork, and primary actions (6.2s)
  ✓  4 [desktop-chromium] › tests/e2e/site.spec.ts:7:1 › responsive viewport, artwork, and primary actions (10.8s)
  ✓  2 [desktop-firefox] › tests/e2e/site.spec.ts:7:1 › responsive viewport, artwork, and primary actions (9.6s)
  ✘  6 [iphone-17-pro-max-webkit] › tests/e2e/site.spec.ts:251:1 › mapped exploration dialogs contain focus and restore their triggers (6.4s)
  ✘  5 [iphone-17-pro-webkit] › tests/e2e/site.spec.ts:251:1 › mapped exploration dialogs contain focus and restore their triggers (6.4s)
  ✘  7 [desktop-chromium] › tests/e2e/site.spec.ts:251:1 › mapped exploration dialogs contain focus and restore their triggers (5.6s)
  ✘  8 [desktop-firefox] › tests/e2e/site.spec.ts:251:1 › mapped exploration dialogs contain focus and restore their triggers (5.7s)


  1) [iphone-17-pro-webkit] › tests/e2e/site.spec.ts:251:1 › mapped exploration dialogs contain focus and restore their triggers

    Error: expect(locator).toHaveAttribute(expected) failed

    Locator: locator('dialog:modal').locator('.technology-viewer__frame')
    Expected pattern: /frame-template\.webp/
    Received string:  ""
    Timeout: 5000ms

    Call log:
      - Expect "toHaveAttribute" locator('dialog:modal').locator('.technology-viewer__frame') with timeout 5000ms
      - waiting for locator('dialog:modal').locator('.technology-viewer__frame')
        14 × locator resolved to <div aria-hidden="true" class="technology-viewer__frame"></div>
           - unexpected value "null"


      263 |     await expect(dialog).toBeVisible();
      264 |     await expect(dialog).toHaveAccessibleName(/.+/);
    > 265 |     if (id.startsWith('technology')) await expect(dialog.locator('.technology-viewer__frame')).toHaveAttribute('src', /frame-template\.webp/);
          |                                                                                                ^
      266 |     if (id === 'expressions-compare') {
      267 |       await expect(dialog.getByRole('columnheader')).toHaveCount(2);
      268 |       await expect(dialog).toContainText('TiN-Coated Heater');
        at /Users/asmirnou/Projects/g/ramsider/tests/e2e/site.spec.ts:265:96

    attachment #1: screenshot (image/png) ──────────────────────────────────────────────────────────
    test-results/site-mapped-exploration-di-93b89--and-restore-their-triggers-iphone-17-pro-webkit/test-failed-1.png
    ────────────────────────────────────────────────────────────────────────────────────────────────

    Error Context: test-results/site-mapped-exploration-di-93b89--and-restore-their-triggers-iphone-17-pro-webkit/error-context.md

  2) [iphone-17-pro-max-webkit] › tests/e2e/site.spec.ts:251:1 › mapped exploration dialogs contain focus and restore their triggers

    Error: expect(locator).toHaveAttribute(expected) failed

    Locator: locator('dialog:modal').locator('.technology-viewer__frame')
    Expected pattern: /frame-template\.webp/
    Received string:  ""
    Timeout: 5000ms

    Call log:
      - Expect "toHaveAttribute" locator('dialog:modal').locator('.technology-viewer__frame') with timeout 5000ms
      - waiting for locator('dialog:modal').locator('.technology-viewer__frame')
        14 × locator resolved to <div aria-hidden="true" class="technology-viewer__frame"></div>
           - unexpected value "null"


      263 |     await expect(dialog).toBeVisible();
      264 |     await expect(dialog).toHaveAccessibleName(/.+/);
    > 265 |     if (id.startsWith('technology')) await expect(dialog.locator('.technology-viewer__frame')).toHaveAttribute('src', /frame-template\.webp/);
          |                                                                                                ^
      266 |     if (id === 'expressions-compare') {
      267 |       await expect(dialog.getByRole('columnheader')).toHaveCount(2);
      268 |       await expect(dialog).toContainText('TiN-Coated Heater');
        at /Users/asmirnou/Projects/g/ramsider/tests/e2e/site.spec.ts:265:96

    attachment #1: screenshot (image/png) ──────────────────────────────────────────────────────────
    test-results/site-mapped-exploration-di-93b89--and-restore-their-triggers-iphone-17-pro-max-webkit/test-failed-1.png
    ────────────────────────────────────────────────────────────────────────────────────────────────

    Error Context: test-results/site-mapped-exploration-di-93b89--and-restore-their-triggers-iphone-17-pro-max-webkit/error-context.md

  3) [desktop-chromium] › tests/e2e/site.spec.ts:251:1 › mapped exploration dialogs contain focus and restore their triggers

    Error: expect(locator).toHaveAttribute(expected) failed

    Locator: locator('dialog:modal').locator('.technology-viewer__frame')
    Expected pattern: /frame-template\.webp/
    Received string:  ""
    Timeout: 5000ms

    Call log:
      - Expect "toHaveAttribute" locator('dialog:modal').locator('.technology-viewer__frame') with timeout 5000ms
      - waiting for locator('dialog:modal').locator('.technology-viewer__frame')
        14 × locator resolved to <div aria-hidden="true" class="technology-viewer__frame"></div>
           - unexpected value "null"


      263 |     await expect(dialog).toBeVisible();
      264 |     await expect(dialog).toHaveAccessibleName(/.+/);
    > 265 |     if (id.startsWith('technology')) await expect(dialog.locator('.technology-viewer__frame')).toHaveAttribute('src', /frame-template\.webp/);
          |                                                                                                ^
      266 |     if (id === 'expressions-compare') {
      267 |       await expect(dialog.getByRole('columnheader')).toHaveCount(2);
      268 |       await expect(dialog).toContainText('TiN-Coated Heater');
        at /Users/asmirnou/Projects/g/ramsider/tests/e2e/site.spec.ts:265:96

    attachment #1: screenshot (image/png) ──────────────────────────────────────────────────────────
    test-results/site-mapped-exploration-di-93b89--and-restore-their-triggers-desktop-chromium/test-failed-1.png
    ────────────────────────────────────────────────────────────────────────────────────────────────

    Error Context: test-results/site-mapped-exploration-di-93b89--and-restore-their-triggers-desktop-chromium/error-context.md

  4) [desktop-firefox] › tests/e2e/site.spec.ts:251:1 › mapped exploration dialogs contain focus and restore their triggers

    Error: expect(locator).toHaveAttribute(expected) failed

    Locator: locator('dialog:modal').locator('.technology-viewer__frame')
    Expected pattern: /frame-template\.webp/
    Received string:  ""
    Timeout: 5000ms

    Call log:
      - Expect "toHaveAttribute" locator('dialog:modal').locator('.technology-viewer__frame') with timeout 5000ms
      - waiting for locator('dialog:modal').locator('.technology-viewer__frame')
        14 × locator resolved to <div aria-hidden="true" class="technology-viewer__frame"></div>
           - unexpected value "null"


      263 |     await expect(dialog).toBeVisible();
      264 |     await expect(dialog).toHaveAccessibleName(/.+/);
    > 265 |     if (id.startsWith('technology')) await expect(dialog.locator('.technology-viewer__frame')).toHaveAttribute('src', /frame-template\.webp/);
          |                                                                                                ^
      266 |     if (id === 'expressions-compare') {
      267 |       await expect(dialog.getByRole('columnheader')).toHaveCount(2);
      268 |       await expect(dialog).toContainText('TiN-Coated Heater');
        at /Users/asmirnou/Projects/g/ramsider/tests/e2e/site.spec.ts:265:96

    attachment #1: screenshot (image/png) ──────────────────────────────────────────────────────────
    test-results/site-mapped-exploration-di-93b89--and-restore-their-triggers-desktop-firefox/test-failed-1.png
    ────────────────────────────────────────────────────────────────────────────────────────────────

    Error Context: test-results/site-mapped-exploration-di-93b89--and-restore-their-triggers-desktop-firefox/error-context.md

  4 failed
    [iphone-17-pro-webkit] › tests/e2e/site.spec.ts:251:1 › mapped exploration dialogs contain focus and restore their triggers
    [iphone-17-pro-max-webkit] › tests/e2e/site.spec.ts:251:1 › mapped exploration dialogs contain focus and restore their triggers
    [desktop-chromium] › tests/e2e/site.spec.ts:251:1 › mapped exploration dialogs contain focus and restore their triggers
    [desktop-firefox] › tests/e2e/site.spec.ts:251:1 › mapped exploration dialogs contain focus and restore their triggers
  4 passed (17.5s)
