
Running 16 tests using 4 workers

(node:85464) Warning: The 'NO_COLOR' env is ignored due to the 'FORCE_COLOR' env being set.
(Use `node --trace-warnings ...` to show where the warning was created)
(node:85465) Warning: The 'NO_COLOR' env is ignored due to the 'FORCE_COLOR' env being set.
(Use `node --trace-warnings ...` to show where the warning was created)
(node:85467) Warning: The 'NO_COLOR' env is ignored due to the 'FORCE_COLOR' env being set.
(Use `node --trace-warnings ...` to show where the warning was created)
(node:85466) Warning: The 'NO_COLOR' env is ignored due to the 'FORCE_COLOR' env being set.
(Use `node --trace-warnings ...` to show where the warning was created)
  -   2 [iphone-17-pro-max-webkit] › tests/e2e/technology-width.spec.ts:145:1 › native touch pans vertically, swipes horizontally and freezes during download
  -   1 [iphone-17-pro-webkit] › tests/e2e/technology-width.spec.ts:145:1 › native touch pans vertically, swipes horizontally and freezes during download
  ✓   3 [iphone-17-pro-max-webkit] › tests/e2e/site.spec.ts:7:1 › responsive viewport, artwork, and primary actions (5.4s)
  ✓   4 [iphone-17-pro-webkit] › tests/e2e/site.spec.ts:7:1 › responsive viewport, artwork, and primary actions (5.4s)
  ✓   5 [iphone-17-pro-max-webkit] › tests/e2e/technology-width.spec.ts:205:1 › all six full-width compositions keep translated text usable in eleven locales (13.3s)
  ✘   7 [iphone-17-pro-max-webkit] › tests/e2e/site.spec.ts:251:1 › mapped exploration dialogs contain focus and restore their triggers (8.1s)
  ✘   8 [iphone-17-pro-webkit] › tests/e2e/site.spec.ts:251:1 › mapped exploration dialogs contain focus and restore their triggers (8.3s)
(node:85680) Warning: The 'NO_COLOR' env is ignored due to the 'FORCE_COLOR' env being set.
(Use `node --trace-warnings ...` to show where the warning was created)
(node:85681) Warning: The 'NO_COLOR' env is ignored due to the 'FORCE_COLOR' env being set.
(Use `node --trace-warnings ...` to show where the warning was created)
  ✓   6 [iphone-17-pro-webkit] › tests/e2e/technology-width.spec.ts:205:1 › all six full-width compositions keep translated text usable in eleven locales (14.1s)
(node:85689) Warning: The 'NO_COLOR' env is ignored due to the 'FORCE_COLOR' env being set.
(Use `node --trace-warnings ...` to show where the warning was created)
(node:85692) Warning: The 'NO_COLOR' env is ignored due to the 'FORCE_COLOR' env being set.
(Use `node --trace-warnings ...` to show where the warning was created)
  -  12 [desktop-firefox] › tests/e2e/technology-width.spec.ts:145:1 › native touch pans vertically, swipes horizontally and freezes during download
  ✓   9 [desktop-chromium] › tests/e2e/technology-width.spec.ts:145:1 › native touch pans vertically, swipes horizontally and freezes during download (7.8s)
  ✓  11 [desktop-firefox] › tests/e2e/site.spec.ts:7:1 › responsive viewport, artwork, and primary actions (9.8s)
  ✓  10 [desktop-chromium] › tests/e2e/site.spec.ts:7:1 › responsive viewport, artwork, and primary actions (12.5s)
  ✓  13 [desktop-firefox] › tests/e2e/technology-width.spec.ts:205:1 › all six full-width compositions keep translated text usable in eleven locales (13.7s)
  ✘  15 [desktop-firefox] › tests/e2e/site.spec.ts:251:1 › mapped exploration dialogs contain focus and restore their triggers (6.5s)
  ✘  16 [desktop-chromium] › tests/e2e/site.spec.ts:251:1 › mapped exploration dialogs contain focus and restore their triggers (5.8s)
  ✓  14 [desktop-chromium] › tests/e2e/technology-width.spec.ts:205:1 › all six full-width compositions keep translated text usable in eleven locales (10.8s)


  1) [iphone-17-pro-webkit] › tests/e2e/site.spec.ts:251:1 › mapped exploration dialogs contain focus and restore their triggers

    Error: expect(locator).toBeFocused() failed

    Locator:  locator('#expressions-compare')
    Expected: focused
    Received: inactive
    Timeout:  5000ms

    Call log:
      - Expect "toBeFocused" locator('#expressions-compare') with timeout 5000ms
      - waiting for locator('#expressions-compare')
        14 × locator resolved to <button type="button" aria-haspopup="dialog" id="expressions-compare" popovertarget="unavailable-compare" class="overlay button key-compare align-center story-button button-pill theme-Ivory has-arrow">…</button>
           - unexpected value "inactive"


      281 |     await page.keyboard.press('Escape');
      282 |     await expect(dialog).toHaveCount(0);
    > 283 |     await expect(trigger).toBeFocused();
          |                           ^
      284 |   }
      285 |   await page.locator('#technology-repeat').click();
      286 |   await page.keyboard.press('ArrowRight');
        at /Users/asmirnou/Projects/g/ramsider/tests/e2e/site.spec.ts:283:27

    attachment #1: screenshot (image/png) ──────────────────────────────────────────────────────────
    test-results/site-mapped-exploration-di-93b89--and-restore-their-triggers-iphone-17-pro-webkit/test-failed-1.png
    ────────────────────────────────────────────────────────────────────────────────────────────────

    Error Context: test-results/site-mapped-exploration-di-93b89--and-restore-their-triggers-iphone-17-pro-webkit/error-context.md

  2) [iphone-17-pro-max-webkit] › tests/e2e/site.spec.ts:251:1 › mapped exploration dialogs contain focus and restore their triggers

    Error: expect(locator).toBeFocused() failed

    Locator:  locator('#expressions-compare')
    Expected: focused
    Received: inactive
    Timeout:  5000ms

    Call log:
      - Expect "toBeFocused" locator('#expressions-compare') with timeout 5000ms
      - waiting for locator('#expressions-compare')
        14 × locator resolved to <button type="button" aria-haspopup="dialog" id="expressions-compare" popovertarget="unavailable-compare" class="overlay button key-compare align-center story-button button-pill theme-Ivory has-arrow">…</button>
           - unexpected value "inactive"


      281 |     await page.keyboard.press('Escape');
      282 |     await expect(dialog).toHaveCount(0);
    > 283 |     await expect(trigger).toBeFocused();
          |                           ^
      284 |   }
      285 |   await page.locator('#technology-repeat').click();
      286 |   await page.keyboard.press('ArrowRight');
        at /Users/asmirnou/Projects/g/ramsider/tests/e2e/site.spec.ts:283:27

    attachment #1: screenshot (image/png) ──────────────────────────────────────────────────────────
    test-results/site-mapped-exploration-di-93b89--and-restore-their-triggers-iphone-17-pro-max-webkit/test-failed-1.png
    ────────────────────────────────────────────────────────────────────────────────────────────────

    Error Context: test-results/site-mapped-exploration-di-93b89--and-restore-their-triggers-iphone-17-pro-max-webkit/error-context.md

  3) [desktop-chromium] › tests/e2e/site.spec.ts:251:1 › mapped exploration dialogs contain focus and restore their triggers

    Error: expect(locator).toBeFocused() failed

    Locator:  locator('#expressions-compare')
    Expected: focused
    Received: inactive
    Timeout:  5000ms

    Call log:
      - Expect "toBeFocused" locator('#expressions-compare') with timeout 5000ms
      - waiting for locator('#expressions-compare')
        14 × locator resolved to <button type="button" aria-haspopup="dialog" id="expressions-compare" popovertarget="unavailable-compare" class="overlay button key-compare align-center story-button button-pill theme-Ivory has-arrow">…</button>
           - unexpected value "inactive"


      281 |     await page.keyboard.press('Escape');
      282 |     await expect(dialog).toHaveCount(0);
    > 283 |     await expect(trigger).toBeFocused();
          |                           ^
      284 |   }
      285 |   await page.locator('#technology-repeat').click();
      286 |   await page.keyboard.press('ArrowRight');
        at /Users/asmirnou/Projects/g/ramsider/tests/e2e/site.spec.ts:283:27

    attachment #1: screenshot (image/png) ──────────────────────────────────────────────────────────
    test-results/site-mapped-exploration-di-93b89--and-restore-their-triggers-desktop-chromium/test-failed-1.png
    ────────────────────────────────────────────────────────────────────────────────────────────────

    Error Context: test-results/site-mapped-exploration-di-93b89--and-restore-their-triggers-desktop-chromium/error-context.md

  4) [desktop-firefox] › tests/e2e/site.spec.ts:251:1 › mapped exploration dialogs contain focus and restore their triggers

    Error: expect(locator).toBeVisible() failed

    Locator: locator('dialog:modal')
    Expected: visible
    Timeout: 5000ms
    Error: element(s) not found

    Call log:
      - Expect "toBeVisible" locator('dialog:modal') with timeout 5000ms
      - waiting for locator('dialog:modal')


      261 |     await page.keyboard.press('Enter');
      262 |     const dialog = page.locator('dialog:modal');
    > 263 |     await expect(dialog).toBeVisible();
          |                          ^
      264 |     await expect(dialog).toHaveAccessibleName(/.+/);
      265 |     if (id.startsWith('technology')) await expect(dialog.locator('.technology-viewer__frame')).toHaveCSS('border-image-source', /frame-template\.webp/);
      266 |     if (id === 'expressions-compare') {
        at /Users/asmirnou/Projects/g/ramsider/tests/e2e/site.spec.ts:263:26

    attachment #1: screenshot (image/png) ──────────────────────────────────────────────────────────
    test-results/site-mapped-exploration-di-93b89--and-restore-their-triggers-desktop-firefox/test-failed-1.png
    ────────────────────────────────────────────────────────────────────────────────────────────────

    Error Context: test-results/site-mapped-exploration-di-93b89--and-restore-their-triggers-desktop-firefox/error-context.md

  4 failed
    [iphone-17-pro-webkit] › tests/e2e/site.spec.ts:251:1 › mapped exploration dialogs contain focus and restore their triggers
    [iphone-17-pro-max-webkit] › tests/e2e/site.spec.ts:251:1 › mapped exploration dialogs contain focus and restore their triggers
    [desktop-chromium] › tests/e2e/site.spec.ts:251:1 › mapped exploration dialogs contain focus and restore their triggers
    [desktop-firefox] › tests/e2e/site.spec.ts:251:1 › mapped exploration dialogs contain focus and restore their triggers
  3 skipped
  9 passed (34.2s)
