
> start
> next start --hostname 127.0.0.1 --port 3022

▲ Next.js 16.2.11
- Local:         http://127.0.0.1:3022
- Network:       http://127.0.0.1:3022
✓ Ready in 136ms
Error: Internal: NoFallbackError
    at ignore-listed frames
Error: Internal: NoFallbackError
    at ignore-listed frames
Error: Internal: NoFallbackError
    at ignore-listed frames
Error: Internal: NoFallbackError
    at ignore-listed frames
Error: Internal: NoFallbackError
    at ignore-listed frames
Error: Internal: NoFallbackError
    at ignore-listed frames
Error: Internal: NoFallbackError
    at ignore-listed frames
Error: Internal: NoFallbackError
    at ignore-listed frames
Error: Internal: NoFallbackError
    at ignore-listed frames
Error: Internal: NoFallbackError
    at ignore-listed frames
Error: Internal: NoFallbackError
    at ignore-listed frames
Error: Internal: NoFallbackError
    at ignore-listed frames
Error: Internal: NoFallbackError
    at ignore-listed frames
Error: Internal: NoFallbackError
    at ignore-listed frames
Error: Internal: NoFallbackError
    at ignore-listed frames
Error: Internal: NoFallbackError
    at ignore-listed frames
Error: Internal: NoFallbackError
    at ignore-listed frames
Error: Internal: NoFallbackError
    at ignore-listed frames
Error: Internal: NoFallbackError
    at ignore-listed frames
