
Running 132 tests using 2 workers

(node:72614) Warning: The 'NO_COLOR' env is ignored due to the 'FORCE_COLOR' env being set.
(Use `node --trace-warnings ...` to show where the warning was created)
(node:72613) Warning: The 'NO_COLOR' env is ignored due to the 'FORCE_COLOR' env being set.
(Use `node --trace-warnings ...` to show where the warning was created)
  ✓    1 [iphone-17-pro-webkit] › tests/e2e/media-loading.spec.ts:3:1 › without JavaScript the native page artwork, text and FAQ remain usable (1.6s)
  ✓    2 [iphone-17-pro-webkit] › tests/e2e/technology-loading.spec.ts:7:1 › a partially transferred first photo stays hidden with true progress and locked navigation (2.2s)
  ✓    3 [iphone-17-pro-webkit] › tests/e2e/media-loading.spec.ts:25:1 › early bootstrap protects held artwork before framework hydration (1.2s)
  ✓    4 [iphone-17-pro-webkit] › tests/e2e/technology-loading.spec.ts:61:1 › invalid first image has white backing and retry; close never traps the user (1.3s)
  ✓    5 [iphone-17-pro-webkit] › tests/e2e/media-loading.spec.ts:51:1 › initial framework script network failure falls back to native readable content (619ms)
  ✓    7 [iphone-17-pro-webkit] › tests/e2e/media-loading.spec.ts:66:1 › visible artwork remains hidden and page scroll locked until complete decode (795ms)
  ✓    6 [iphone-17-pro-webkit] › tests/e2e/technology-loading.spec.ts:79:1 › retry replaces a corrupt HTTP 200 retained in the real browser cache (1.1s)
  ✓    8 [iphone-17-pro-webkit] › tests/e2e/media-loading.spec.ts:91:1 › offscreen pending artwork does not block the hero but blocks when reached (895ms)
  ✓    9 [iphone-17-pro-webkit] › tests/e2e/technology-loading.spec.ts:124:1 › horizontal swipes stop at both ends and reverse through preceding photos (885ms)
  ✓   10 [iphone-17-pro-webkit] › tests/e2e/media-loading.spec.ts:119:1 › failed visible image has an accessible retry and successful recovery (816ms)
  ✓   12 [iphone-17-pro-webkit] › tests/e2e/media-loading.spec.ts:140:1 › truncated visible image is never revealed as a partially decoded resource (779ms)
  ✓   11 [iphone-17-pro-webkit] › tests/e2e/technology-loading.spec.ts:144:1 › contained artwork and controls adapt to short landscape, tablet and desktop (1.8s)
  ✓   13 [iphone-17-pro-webkit] › tests/e2e/media-loading.spec.ts:160:1 › page gate suspends behind a native dialog and resumes missing page media after close (716ms)
  ✓   15 [iphone-17-pro-webkit] › tests/e2e/technology-viewer.spec.ts:7:1 › technology artwork keeps its native proportions as Safari chrome changes the visible height (1.5s)
  ✓   16 [iphone-17-pro-webkit] › tests/e2e/technology-viewer.spec.ts:50:1 › technology PNGs preserve every original pixel outside the title mask (334ms)
  ✓   17 [iphone-17-pro-webkit] › tests/e2e/technology-viewer.spec.ts:87:1 › technology descriptions render all source text in the decoded image coordinates (1.8s)
  ✓   14 [iphone-17-pro-webkit] › tests/e2e/technology-loading.spec.ts:178:1 › loading and retry fit every locale including Arabic at a short phone height (6.0s)
(node:73011) Warning: The 'NO_COLOR' env is ignored due to the 'FORCE_COLOR' env being set.
(Use `node --trace-warnings ...` to show where the warning was created)
  ✓   19 [iphone-17-pro-max-webkit] › tests/e2e/media-loading.spec.ts:3:1 › without JavaScript the native page artwork, text and FAQ remain usable (910ms)
  ✓   18 [iphone-17-pro-webkit] › tests/e2e/technology-viewer.spec.ts:118:1 › technology viewer opens from both story controls and pages through clean images (3.9s)
  ✓   20 [iphone-17-pro-max-webkit] › tests/e2e/media-loading.spec.ts:25:1 › early bootstrap protects held artwork before framework hydration (795ms)
  ✓   22 [iphone-17-pro-max-webkit] › tests/e2e/media-loading.spec.ts:51:1 › initial framework script network failure falls back to native readable content (570ms)
  ✓   23 [iphone-17-pro-max-webkit] › tests/e2e/media-loading.spec.ts:66:1 › visible artwork remains hidden and page scroll locked until complete decode (626ms)
  ✓   21 [iphone-17-pro-webkit] › tests/e2e/technology-viewer.spec.ts:212:1 › technology viewer supports touch pointers, Escape and Arabic framing (2.0s)
  ✓   24 [iphone-17-pro-max-webkit] › tests/e2e/media-loading.spec.ts:91:1 › offscreen pending artwork does not block the hero but blocks when reached (852ms)
  ✓   25 [iphone-17-pro-webkit] › tests/e2e/technology-viewer.spec.ts:258:1 › previous artwork stays visible while the next slide loads (870ms)
  ✓   26 [iphone-17-pro-max-webkit] › tests/e2e/media-loading.spec.ts:119:1 › failed visible image has an accessible retry and successful recovery (706ms)
  ✓   27 [iphone-17-pro-webkit] › tests/e2e/technology-viewer.spec.ts:281:1 › failed warm-up and failed selection retry the same image (1.2s)
  ✓   28 [iphone-17-pro-max-webkit] › tests/e2e/media-loading.spec.ts:140:1 › truncated visible image is never revealed as a partially decoded resource (646ms)
  ✓   30 [iphone-17-pro-max-webkit] › tests/e2e/media-loading.spec.ts:160:1 › page gate suspends behind a native dialog and resumes missing page media after close (740ms)
  ✓   29 [iphone-17-pro-webkit] › tests/e2e/technology-viewer.spec.ts:303:1 › two photos of each group warm after load; remaining photos start together on open (999ms)
  ✓   32 [iphone-17-pro-webkit] › tests/e2e/technology-viewer.spec.ts:325:1 › incomplete hero protects the main view before technology can be opened (865ms)
  ✓   31 [iphone-17-pro-max-webkit] › tests/e2e/technology-loading.spec.ts:7:1 › a partially transferred first photo stays hidden with true progress and locked navigation (1.3s)
  ✓   34 [iphone-17-pro-max-webkit] › tests/e2e/technology-loading.spec.ts:61:1 › invalid first image has white backing and retry; close never traps the user (1.0s)
  ✓   33 [iphone-17-pro-webkit] › tests/e2e/technology-viewer.spec.ts:341:1 › four photos warm at low priority; retained decoded images are reused offline across groups (1.3s)
  ✓   36 [iphone-17-pro-webkit] › tests/e2e/technology-viewer.spec.ts:388:1 › swipe completes when the pointer leaves the artwork (749ms)
  ✓   35 [iphone-17-pro-max-webkit] › tests/e2e/technology-loading.spec.ts:79:1 › retry replaces a corrupt HTTP 200 retained in the real browser cache (991ms)
  ✓   38 [iphone-17-pro-max-webkit] › tests/e2e/technology-loading.spec.ts:124:1 › horizontal swipes stop at both ends and reverse through preceding photos (899ms)
  ✓   39 [iphone-17-pro-max-webkit] › tests/e2e/technology-loading.spec.ts:144:1 › contained artwork and controls adapt to short landscape, tablet and desktop (1.6s)
  ✓   37 [iphone-17-pro-webkit] › tests/e2e/technology-viewer.spec.ts:404:1 › technology viewer hides landing paint beneath browser chrome and restores it on close (3.7s)
  ✓   41 [iphone-17-pro-webkit] › tests/e2e/technology-viewer.spec.ts:447:1 › metal contour reaches mobile side edges and the image stays inside its cutout (1.1s)
  ✓   42 [iphone-17-pro-webkit] › tests/e2e/technology-viewer.spec.ts:477:1 › CyberMind PNGs retain native RGB, alpha and resolution outside title glyphs (155ms)
  ✓   43 [iphone-17-pro-webkit] › tests/e2e/technology-viewer.spec.ts:504:1 › CyberMind uses two interactive slides, a live title and two-axis navigation (1.5s)
  ✓   40 [iphone-17-pro-max-webkit] › tests/e2e/technology-loading.spec.ts:178:1 › loading and retry fit every locale including Arabic at a short phone height (4.6s)
  ✓   45 [iphone-17-pro-max-webkit] › tests/e2e/technology-viewer.spec.ts:7:1 › technology artwork keeps its native proportions as Safari chrome changes the visible height (1.9s)
  ✓   46 [iphone-17-pro-max-webkit] › tests/e2e/technology-viewer.spec.ts:50:1 › technology PNGs preserve every original pixel outside the title mask (332ms)
  ✓   47 [iphone-17-pro-max-webkit] › tests/e2e/technology-viewer.spec.ts:87:1 › technology descriptions render all source text in the decoded image coordinates (1.9s)
  ✓   44 [iphone-17-pro-webkit] › tests/e2e/technology-viewer.spec.ts:556:1 › CyberMind descriptions fit all locales and omit source folios (5.8s)
  ✓   49 [iphone-17-pro-webkit] › tests/e2e/technology-viewer.spec.ts:582:1 › pending slide locks navigation and commits only fully loaded selection (915ms)
  ✓   50 [iphone-17-pro-webkit] › tests/e2e/technology-viewer.spec.ts:603:1 › failed CyberMind warm and selection recover with explicit Retry without skipping the group (990ms)
  ✓   48 [iphone-17-pro-max-webkit] › tests/e2e/technology-viewer.spec.ts:118:1 › technology viewer opens from both story controls and pages through clean images (3.2s)
  ✓   51 [iphone-17-pro-webkit] › tests/e2e/technology-viewer.spec.ts:619:1 › pending group blocks gestures and repeated keys while close remains available (974ms)
(node:73406) Warning: The 'NO_COLOR' env is ignored due to the 'FORCE_COLOR' env being set.
(Use `node --trace-warnings ...` to show where the warning was created)
  ✓   52 [iphone-17-pro-max-webkit] › tests/e2e/technology-viewer.spec.ts:212:1 › technology viewer supports touch pointers, Escape and Arabic framing (1.9s)
  ✓   53 [desktop-chromium] › tests/e2e/media-loading.spec.ts:3:1 › without JavaScript the native page artwork, text and FAQ remain usable (1.1s)
  ✓   54 [iphone-17-pro-max-webkit] › tests/e2e/technology-viewer.spec.ts:258:1 › previous artwork stays visible while the next slide loads (1.0s)
  ✓   55 [desktop-chromium] › tests/e2e/media-loading.spec.ts:25:1 › early bootstrap protects held artwork before framework hydration (806ms)
  ✓   57 [desktop-chromium] › tests/e2e/media-loading.spec.ts:51:1 › initial framework script network failure falls back to native readable content (286ms)
  ✓   58 [desktop-chromium] › tests/e2e/media-loading.spec.ts:66:1 › visible artwork remains hidden and page scroll locked until complete decode (446ms)
  ✓   56 [iphone-17-pro-max-webkit] › tests/e2e/technology-viewer.spec.ts:281:1 › failed warm-up and failed selection retry the same image (1.6s)
  ✓   59 [desktop-chromium] › tests/e2e/media-loading.spec.ts:91:1 › offscreen pending artwork does not block the hero but blocks when reached (698ms)
  ✓   61 [desktop-chromium] › tests/e2e/media-loading.spec.ts:119:1 › failed visible image has an accessible retry and successful recovery (481ms)
  ✓   60 [iphone-17-pro-max-webkit] › tests/e2e/technology-viewer.spec.ts:303:1 › two photos of each group warm after load; remaining photos start together on open (1.3s)
  ✓   62 [desktop-chromium] › tests/e2e/media-loading.spec.ts:140:1 › truncated visible image is never revealed as a partially decoded resource (557ms)
  ✓   64 [desktop-chromium] › tests/e2e/media-loading.spec.ts:160:1 › page gate suspends behind a native dialog and resumes missing page media after close (441ms)
  ✓   63 [iphone-17-pro-max-webkit] › tests/e2e/technology-viewer.spec.ts:325:1 › incomplete hero protects the main view before technology can be opened (989ms)
  ✓   65 [desktop-chromium] › tests/e2e/technology-loading.spec.ts:7:1 › a partially transferred first photo stays hidden with true progress and locked navigation (787ms)
  ✓   67 [desktop-chromium] › tests/e2e/technology-loading.spec.ts:61:1 › invalid first image has white backing and retry; close never traps the user (863ms)
  ✓   66 [iphone-17-pro-max-webkit] › tests/e2e/technology-viewer.spec.ts:341:1 › four photos warm at low priority; retained decoded images are reused offline across groups (1.8s)
  ✓   68 [desktop-chromium] › tests/e2e/technology-loading.spec.ts:79:1 › retry replaces a corrupt HTTP 200 retained in the real browser cache (751ms)
  ✓   70 [desktop-chromium] › tests/e2e/technology-loading.spec.ts:124:1 › horizontal swipes stop at both ends and reverse through preceding photos (633ms)
  ✓   69 [iphone-17-pro-max-webkit] › tests/e2e/technology-viewer.spec.ts:388:1 › swipe completes when the pointer leaves the artwork (889ms)
  ✓   71 [desktop-chromium] › tests/e2e/technology-loading.spec.ts:144:1 › contained artwork and controls adapt to short landscape, tablet and desktop (887ms)
  ✓   72 [iphone-17-pro-max-webkit] › tests/e2e/technology-viewer.spec.ts:404:1 › technology viewer hides landing paint beneath browser chrome and restores it on close (2.7s)
  ✓   74 [iphone-17-pro-max-webkit] › tests/e2e/technology-viewer.spec.ts:447:1 › metal contour reaches mobile side edges and the image stays inside its cutout (1.4s)
  ✓   75 [iphone-17-pro-max-webkit] › tests/e2e/technology-viewer.spec.ts:477:1 › CyberMind PNGs retain native RGB, alpha and resolution outside title glyphs (268ms)
  ✓   73 [desktop-chromium] › tests/e2e/technology-loading.spec.ts:178:1 › loading and retry fit every locale including Arabic at a short phone height (4.7s)
  ✓   76 [iphone-17-pro-max-webkit] › tests/e2e/technology-viewer.spec.ts:504:1 › CyberMind uses two interactive slides, a live title and two-axis navigation (1.8s)
  ✓   77 [desktop-chromium] › tests/e2e/technology-viewer.spec.ts:7:1 › technology artwork keeps its native proportions as Safari chrome changes the visible height (913ms)
  ✓   79 [desktop-chromium] › tests/e2e/technology-viewer.spec.ts:50:1 › technology PNGs preserve every original pixel outside the title mask (356ms)
  ✓   80 [desktop-chromium] › tests/e2e/technology-viewer.spec.ts:87:1 › technology descriptions render all source text in the decoded image coordinates (1.4s)
  ✓   81 [desktop-chromium] › tests/e2e/technology-viewer.spec.ts:118:1 › technology viewer opens from both story controls and pages through clean images (2.8s)
  ✓   78 [iphone-17-pro-max-webkit] › tests/e2e/technology-viewer.spec.ts:556:1 › CyberMind descriptions fit all locales and omit source folios (6.1s)
  ✓   82 [desktop-chromium] › tests/e2e/technology-viewer.spec.ts:212:1 › technology viewer supports touch pointers, Escape and Arabic framing (1.6s)
  ✓   83 [iphone-17-pro-max-webkit] › tests/e2e/technology-viewer.spec.ts:582:1 › pending slide locks navigation and commits only fully loaded selection (1.0s)
  ✓   84 [desktop-chromium] › tests/e2e/technology-viewer.spec.ts:258:1 › previous artwork stays visible while the next slide loads (626ms)
  ✓   85 [iphone-17-pro-max-webkit] › tests/e2e/technology-viewer.spec.ts:603:1 › failed CyberMind warm and selection recover with explicit Retry without skipping the group (1.1s)
  ✓   86 [desktop-chromium] › tests/e2e/technology-viewer.spec.ts:281:1 › failed warm-up and failed selection retry the same image (1.0s)
  ✓   88 [desktop-chromium] › tests/e2e/technology-viewer.spec.ts:303:1 › two photos of each group warm after load; remaining photos start together on open (686ms)
  ✓   87 [iphone-17-pro-max-webkit] › tests/e2e/technology-viewer.spec.ts:619:1 › pending group blocks gestures and repeated keys while close remains available (1.0s)
  ✓   89 [desktop-chromium] › tests/e2e/technology-viewer.spec.ts:325:1 › incomplete hero protects the main view before technology can be opened (492ms)
(node:73669) Warning: The 'NO_COLOR' env is ignored due to the 'FORCE_COLOR' env being set.
(Use `node --trace-warnings ...` to show where the warning was created)
  ✓   90 [desktop-chromium] › tests/e2e/technology-viewer.spec.ts:341:1 › four photos warm at low priority; retained decoded images are reused offline across groups (1.1s)
  ✓   92 [desktop-chromium] › tests/e2e/technology-viewer.spec.ts:388:1 › swipe completes when the pointer leaves the artwork (704ms)
  ✓   91 [desktop-firefox] › tests/e2e/media-loading.spec.ts:3:1 › without JavaScript the native page artwork, text and FAQ remain usable (1.9s)
  ✓   94 [desktop-firefox] › tests/e2e/media-loading.spec.ts:25:1 › early bootstrap protects held artwork before framework hydration (1.0s)
  ✓   95 [desktop-firefox] › tests/e2e/media-loading.spec.ts:51:1 › initial framework script network failure falls back to native readable content (840ms)
  ✓   96 [desktop-firefox] › tests/e2e/media-loading.spec.ts:66:1 › visible artwork remains hidden and page scroll locked until complete decode (922ms)
  ✓   93 [desktop-chromium] › tests/e2e/technology-viewer.spec.ts:404:1 › technology viewer hides landing paint beneath browser chrome and restores it on close (4.7s)
  ✓   98 [desktop-chromium] › tests/e2e/technology-viewer.spec.ts:447:1 › metal contour reaches mobile side edges and the image stays inside its cutout (717ms)
  ✓   99 [desktop-chromium] › tests/e2e/technology-viewer.spec.ts:477:1 › CyberMind PNGs retain native RGB, alpha and resolution outside title glyphs (152ms)
  ✓   97 [desktop-firefox] › tests/e2e/media-loading.spec.ts:91:1 › offscreen pending artwork does not block the hero but blocks when reached (1.2s)
  ✓  101 [desktop-firefox] › tests/e2e/media-loading.spec.ts:119:1 › failed visible image has an accessible retry and successful recovery (1.0s)
  ✓  100 [desktop-chromium] › tests/e2e/technology-viewer.spec.ts:504:1 › CyberMind uses two interactive slides, a live title and two-axis navigation (1.1s)
  ✓  102 [desktop-firefox] › tests/e2e/media-loading.spec.ts:140:1 › truncated visible image is never revealed as a partially decoded resource (1.2s)
  ✓  104 [desktop-firefox] › tests/e2e/media-loading.spec.ts:160:1 › page gate suspends behind a native dialog and resumes missing page media after close (1.3s)
  ✓  105 [desktop-firefox] › tests/e2e/technology-loading.spec.ts:7:1 › a partially transferred first photo stays hidden with true progress and locked navigation (1.0s)
  ✓  106 [desktop-firefox] › tests/e2e/technology-loading.spec.ts:61:1 › invalid first image has white backing and retry; close never traps the user (1.6s)
  ✓  107 [desktop-firefox] › tests/e2e/technology-loading.spec.ts:79:1 › retry replaces a corrupt HTTP 200 retained in the real browser cache (862ms)
  ✓  103 [desktop-chromium] › tests/e2e/technology-viewer.spec.ts:556:1 › CyberMind descriptions fit all locales and omit source folios (6.4s)
  ✓  108 [desktop-firefox] › tests/e2e/technology-loading.spec.ts:124:1 › horizontal swipes stop at both ends and reverse through preceding photos (613ms)
  ✓  109 [desktop-chromium] › tests/e2e/technology-viewer.spec.ts:582:1 › pending slide locks navigation and commits only fully loaded selection (671ms)
  ✓  111 [desktop-chromium] › tests/e2e/technology-viewer.spec.ts:603:1 › failed CyberMind warm and selection recover with explicit Retry without skipping the group (1.0s)
  ✓  110 [desktop-firefox] › tests/e2e/technology-loading.spec.ts:144:1 › contained artwork and controls adapt to short landscape, tablet and desktop (1.4s)
  ✓  112 [desktop-chromium] › tests/e2e/technology-viewer.spec.ts:619:1 › pending group blocks gestures and repeated keys while close remains available (1.1s)
(node:73834) Warning: The 'NO_COLOR' env is ignored due to the 'FORCE_COLOR' env being set.
(Use `node --trace-warnings ...` to show where the warning was created)
  ✓  114 [desktop-firefox] › tests/e2e/technology-viewer.spec.ts:7:1 › technology artwork keeps its native proportions as Safari chrome changes the visible height (2.5s)
  ✓  115 [desktop-firefox] › tests/e2e/technology-viewer.spec.ts:50:1 › technology PNGs preserve every original pixel outside the title mask (527ms)
  ✓  113 [desktop-firefox] › tests/e2e/technology-loading.spec.ts:178:1 › loading and retry fit every locale including Arabic at a short phone height (7.4s)
  ✓  116 [desktop-firefox] › tests/e2e/technology-viewer.spec.ts:87:1 › technology descriptions render all source text in the decoded image coordinates (1.6s)
  ✓  117 [desktop-firefox] › tests/e2e/technology-viewer.spec.ts:118:1 › technology viewer opens from both story controls and pages through clean images (2.1s)
  ✓  118 [desktop-firefox] › tests/e2e/technology-viewer.spec.ts:212:1 › technology viewer supports touch pointers, Escape and Arabic framing (1.7s)
  ✓  119 [desktop-firefox] › tests/e2e/technology-viewer.spec.ts:258:1 › previous artwork stays visible while the next slide loads (854ms)
  ✓  120 [desktop-firefox] › tests/e2e/technology-viewer.spec.ts:281:1 › failed warm-up and failed selection retry the same image (1.1s)
  ✓  121 [desktop-firefox] › tests/e2e/technology-viewer.spec.ts:303:1 › two photos of each group warm after load; remaining photos start together on open (654ms)
  ✓  122 [desktop-firefox] › tests/e2e/technology-viewer.spec.ts:325:1 › incomplete hero protects the main view before technology can be opened (504ms)
  ✓  123 [desktop-firefox] › tests/e2e/technology-viewer.spec.ts:341:1 › four photos warm at low priority; retained decoded images are reused offline across groups (1.2s)
  ✓  124 [desktop-firefox] › tests/e2e/technology-viewer.spec.ts:388:1 › swipe completes when the pointer leaves the artwork (1.2s)
  ✓  125 [desktop-firefox] › tests/e2e/technology-viewer.spec.ts:404:1 › technology viewer hides landing paint beneath browser chrome and restores it on close (2.2s)
  ✓  126 [desktop-firefox] › tests/e2e/technology-viewer.spec.ts:447:1 › metal contour reaches mobile side edges and the image stays inside its cutout (583ms)
  ✓  127 [desktop-firefox] › tests/e2e/technology-viewer.spec.ts:477:1 › CyberMind PNGs retain native RGB, alpha and resolution outside title glyphs (173ms)
  ✓  128 [desktop-firefox] › tests/e2e/technology-viewer.spec.ts:504:1 › CyberMind uses two interactive slides, a live title and two-axis navigation (1.4s)
  ✓  129 [desktop-firefox] › tests/e2e/technology-viewer.spec.ts:556:1 › CyberMind descriptions fit all locales and omit source folios (6.3s)
  ✓  130 [desktop-firefox] › tests/e2e/technology-viewer.spec.ts:582:1 › pending slide locks navigation and commits only fully loaded selection (731ms)
  ✓  131 [desktop-firefox] › tests/e2e/technology-viewer.spec.ts:603:1 › failed CyberMind warm and selection recover with explicit Retry without skipping the group (773ms)
  ✓  132 [desktop-firefox] › tests/e2e/technology-viewer.spec.ts:619:1 › pending group blocks gestures and repeated keys while close remains available (823ms)

  132 passed (1.9m)
