
Running 12 tests using 2 workers

(node:76956) Warning: The 'NO_COLOR' env is ignored due to the 'FORCE_COLOR' env being set.
(Use `node --trace-warnings ...` to show where the warning was created)
(node:76955) Warning: The 'NO_COLOR' env is ignored due to the 'FORCE_COLOR' env being set.
(Use `node --trace-warnings ...` to show where the warning was created)
  ✘   1 [iphone-17-pro-webkit] › tests/e2e/media-accessibility.spec.ts:3:1 › loading status has readable contrast and respects reduced motion (0ms)
  ✘   2 [iphone-17-pro-webkit] › tests/e2e/media-loading.spec.ts:66:1 › visible artwork remains hidden and page scroll locked until complete decode (0ms)
(node:76971) Warning: The 'NO_COLOR' env is ignored due to the 'FORCE_COLOR' env being set.
(Use `node --trace-warnings ...` to show where the warning was created)
(node:76972) Warning: The 'NO_COLOR' env is ignored due to the 'FORCE_COLOR' env being set.
(Use `node --trace-warnings ...` to show where the warning was created)
  ✘   3 [iphone-17-pro-webkit] › tests/e2e/technology-loading.spec.ts:7:1 › a partially transferred first photo stays hidden with true progress and locked navigation (1ms)
  ✘   4 [iphone-17-pro-max-webkit] › tests/e2e/media-accessibility.spec.ts:3:1 › loading status has readable contrast and respects reduced motion (0ms)
(node:76994) Warning: The 'NO_COLOR' env is ignored due to the 'FORCE_COLOR' env being set.
(Use `node --trace-warnings ...` to show where the warning was created)
(node:76995) Warning: The 'NO_COLOR' env is ignored due to the 'FORCE_COLOR' env being set.
(Use `node --trace-warnings ...` to show where the warning was created)
  ✘   5 [iphone-17-pro-max-webkit] › tests/e2e/media-loading.spec.ts:66:1 › visible artwork remains hidden and page scroll locked until complete decode (1ms)
  ✘   6 [iphone-17-pro-max-webkit] › tests/e2e/technology-loading.spec.ts:7:1 › a partially transferred first photo stays hidden with true progress and locked navigation (1ms)
(node:77014) Warning: The 'NO_COLOR' env is ignored due to the 'FORCE_COLOR' env being set.
(Use `node --trace-warnings ...` to show where the warning was created)
(node:77015) Warning: The 'NO_COLOR' env is ignored due to the 'FORCE_COLOR' env being set.
(Use `node --trace-warnings ...` to show where the warning was created)
  ✘   7 [desktop-chromium] › tests/e2e/media-accessibility.spec.ts:3:1 › loading status has readable contrast and respects reduced motion (1ms)
(node:77024) Warning: The 'NO_COLOR' env is ignored due to the 'FORCE_COLOR' env being set.
(Use `node --trace-warnings ...` to show where the warning was created)
  ✘   8 [desktop-chromium] › tests/e2e/media-loading.spec.ts:66:1 › visible artwork remains hidden and page scroll locked until complete decode (1ms)
(node:77028) Warning: The 'NO_COLOR' env is ignored due to the 'FORCE_COLOR' env being set.
(Use `node --trace-warnings ...` to show where the warning was created)
  ✘   9 [desktop-chromium] › tests/e2e/technology-loading.spec.ts:7:1 › a partially transferred first photo stays hidden with true progress and locked navigation (1ms)
(node:77038) Warning: The 'NO_COLOR' env is ignored due to the 'FORCE_COLOR' env being set.
(Use `node --trace-warnings ...` to show where the warning was created)
  ✘  10 [desktop-firefox] › tests/e2e/media-accessibility.spec.ts:3:1 › loading status has readable contrast and respects reduced motion (1ms)
(node:77046) Warning: The 'NO_COLOR' env is ignored due to the 'FORCE_COLOR' env being set.
(Use `node --trace-warnings ...` to show where the warning was created)
  ✘  11 [desktop-firefox] › tests/e2e/media-loading.spec.ts:66:1 › visible artwork remains hidden and page scroll locked until complete decode (1ms)
  ✘  12 [desktop-firefox] › tests/e2e/technology-loading.spec.ts:7:1 › a partially transferred first photo stays hidden with true progress and locked navigation (0ms)


  1) [iphone-17-pro-webkit] › tests/e2e/media-accessibility.spec.ts:3:1 › loading status has readable contrast and respects reduced motion

    Error: browserType.launch: Target page, context or browser has been closed
    Browser logs:

    <launching> /Users/asmirnou/Library/Caches/ms-playwright/webkit-2359/pw_run.sh --inspector-pipe --headless --no-startup-window
    <launched> pid=76957
    [pid=76957][err] /Users/asmirnou/Library/Caches/ms-playwright/webkit-2359/pw_run.sh: line 7: 76968 Abort trap: 6           DYLD_FRAMEWORK_PATH="$DYLIB_PATH" DYLD_LIBRARY_PATH="$DYLIB_PATH" "$PLAYWRIGHT" "$@"
    Call log:
      - <launching> /Users/asmirnou/Library/Caches/ms-playwright/webkit-2359/pw_run.sh --inspector-pipe --headless --no-startup-window
      - <launched> pid=76957
      - [pid=76957][err] /Users/asmirnou/Library/Caches/ms-playwright/webkit-2359/pw_run.sh: line 7: 76968 Abort trap: 6           DYLD_FRAMEWORK_PATH="$DYLIB_PATH" DYLD_LIBRARY_PATH="$DYLIB_PATH" "$PLAYWRIGHT" "$@"
      - [pid=76957] <gracefully close start>
      - [pid=76957] <kill>
      - [pid=76957] <will force kill>
      - [pid=76957] exception while trying to kill process: Error: kill ESRCH
      - [pid=76957] <process did exit: exitCode=134, signal=null>
      - [pid=76957] starting temporary directories cleanup
      - [pid=76957] finished temporary directories cleanup
      - [pid=76957] <gracefully close end>


    Error Context: test-results/media-accessibility-loadin-ca7f7-and-respects-reduced-motion-iphone-17-pro-webkit/error-context.md

  2) [iphone-17-pro-webkit] › tests/e2e/media-loading.spec.ts:66:1 › visible artwork remains hidden and page scroll locked until complete decode

    Error: browserType.launch: Target page, context or browser has been closed
    Browser logs:

    <launching> /Users/asmirnou/Library/Caches/ms-playwright/webkit-2359/pw_run.sh --inspector-pipe --headless --no-startup-window
    <launched> pid=76958
    [pid=76958][err] /Users/asmirnou/Library/Caches/ms-playwright/webkit-2359/pw_run.sh: line 7: 76970 Abort trap: 6           DYLD_FRAMEWORK_PATH="$DYLIB_PATH" DYLD_LIBRARY_PATH="$DYLIB_PATH" "$PLAYWRIGHT" "$@"
    Call log:
      - <launching> /Users/asmirnou/Library/Caches/ms-playwright/webkit-2359/pw_run.sh --inspector-pipe --headless --no-startup-window
      - <launched> pid=76958
      - [pid=76958][err] /Users/asmirnou/Library/Caches/ms-playwright/webkit-2359/pw_run.sh: line 7: 76970 Abort trap: 6           DYLD_FRAMEWORK_PATH="$DYLIB_PATH" DYLD_LIBRARY_PATH="$DYLIB_PATH" "$PLAYWRIGHT" "$@"
      - [pid=76958] <gracefully close start>
      - [pid=76958] <kill>
      - [pid=76958] <will force kill>
      - [pid=76958] exception while trying to kill process: Error: kill ESRCH
      - [pid=76958] <process did exit: exitCode=134, signal=null>
      - [pid=76958] starting temporary directories cleanup
      - [pid=76958] finished temporary directories cleanup
      - [pid=76958] <gracefully close end>


    Error Context: test-results/media-loading-visible-artw-838ba-ocked-until-complete-decode-iphone-17-pro-webkit/error-context.md

  3) [iphone-17-pro-webkit] › tests/e2e/technology-loading.spec.ts:7:1 › a partially transferred first photo stays hidden with true progress and locked navigation

    Error: browserType.launch: Target page, context or browser has been closed
    Browser logs:

    <launching> /Users/asmirnou/Library/Caches/ms-playwright/webkit-2359/pw_run.sh --inspector-pipe --headless --no-startup-window
    <launched> pid=76979
    [pid=76979][err] /Users/asmirnou/Library/Caches/ms-playwright/webkit-2359/pw_run.sh: line 7: 76986 Abort trap: 6           DYLD_FRAMEWORK_PATH="$DYLIB_PATH" DYLD_LIBRARY_PATH="$DYLIB_PATH" "$PLAYWRIGHT" "$@"
    Call log:
      - <launching> /Users/asmirnou/Library/Caches/ms-playwright/webkit-2359/pw_run.sh --inspector-pipe --headless --no-startup-window
      - <launched> pid=76979
      - [pid=76979][err] /Users/asmirnou/Library/Caches/ms-playwright/webkit-2359/pw_run.sh: line 7: 76986 Abort trap: 6           DYLD_FRAMEWORK_PATH="$DYLIB_PATH" DYLD_LIBRARY_PATH="$DYLIB_PATH" "$PLAYWRIGHT" "$@"
      - [pid=76979] <gracefully close start>
      - [pid=76979] <kill>
      - [pid=76979] <will force kill>
      - [pid=76979] exception while trying to kill process: Error: kill ESRCH
      - [pid=76979] <process did exit: exitCode=134, signal=null>
      - [pid=76979] starting temporary directories cleanup
      - [pid=76979] finished temporary directories cleanup
      - [pid=76979] <gracefully close end>


    Error Context: test-results/technology-loading-a-parti-5fe86-gress-and-locked-navigation-iphone-17-pro-webkit/error-context.md

  4) [iphone-17-pro-max-webkit] › tests/e2e/media-accessibility.spec.ts:3:1 › loading status has readable contrast and respects reduced motion

    Error: browserType.launch: Target page, context or browser has been closed
    Browser logs:

    <launching> /Users/asmirnou/Library/Caches/ms-playwright/webkit-2359/pw_run.sh --inspector-pipe --headless --no-startup-window
    <launched> pid=76987
    [pid=76987][err] /Users/asmirnou/Library/Caches/ms-playwright/webkit-2359/pw_run.sh: line 7: 76993 Abort trap: 6           DYLD_FRAMEWORK_PATH="$DYLIB_PATH" DYLD_LIBRARY_PATH="$DYLIB_PATH" "$PLAYWRIGHT" "$@"
    Call log:
      - <launching> /Users/asmirnou/Library/Caches/ms-playwright/webkit-2359/pw_run.sh --inspector-pipe --headless --no-startup-window
      - <launched> pid=76987
      - [pid=76987][err] /Users/asmirnou/Library/Caches/ms-playwright/webkit-2359/pw_run.sh: line 7: 76993 Abort trap: 6           DYLD_FRAMEWORK_PATH="$DYLIB_PATH" DYLD_LIBRARY_PATH="$DYLIB_PATH" "$PLAYWRIGHT" "$@"
      - [pid=76987] <gracefully close start>
      - [pid=76987] <kill>
      - [pid=76987] <will force kill>
      - [pid=76987] exception while trying to kill process: Error: kill ESRCH
      - [pid=76987] <process did exit: exitCode=134, signal=null>
      - [pid=76987] starting temporary directories cleanup
      - [pid=76987] finished temporary directories cleanup
      - [pid=76987] <gracefully close end>


    Error Context: test-results/media-accessibility-loadin-ca7f7-and-respects-reduced-motion-iphone-17-pro-max-webkit/error-context.md

  5) [iphone-17-pro-max-webkit] › tests/e2e/media-loading.spec.ts:66:1 › visible artwork remains hidden and page scroll locked until complete decode

    Error: browserType.launch: Target page, context or browser has been closed
    Browser logs:

    <launching> /Users/asmirnou/Library/Caches/ms-playwright/webkit-2359/pw_run.sh --inspector-pipe --headless --no-startup-window
    <launched> pid=76997
    [pid=76997][err] /Users/asmirnou/Library/Caches/ms-playwright/webkit-2359/pw_run.sh: line 7: 77004 Abort trap: 6           DYLD_FRAMEWORK_PATH="$DYLIB_PATH" DYLD_LIBRARY_PATH="$DYLIB_PATH" "$PLAYWRIGHT" "$@"
    Call log:
      - <launching> /Users/asmirnou/Library/Caches/ms-playwright/webkit-2359/pw_run.sh --inspector-pipe --headless --no-startup-window
      - <launched> pid=76997
      - [pid=76997][err] /Users/asmirnou/Library/Caches/ms-playwright/webkit-2359/pw_run.sh: line 7: 77004 Abort trap: 6           DYLD_FRAMEWORK_PATH="$DYLIB_PATH" DYLD_LIBRARY_PATH="$DYLIB_PATH" "$PLAYWRIGHT" "$@"
      - [pid=76997] <gracefully close start>
      - [pid=76997] <kill>
      - [pid=76997] <will force kill>
      - [pid=76997] exception while trying to kill process: Error: kill ESRCH
      - [pid=76997] <process did exit: exitCode=134, signal=null>
      - [pid=76997] starting temporary directories cleanup
      - [pid=76997] finished temporary directories cleanup
      - [pid=76997] <gracefully close end>


    Error Context: test-results/media-loading-visible-artw-838ba-ocked-until-complete-decode-iphone-17-pro-max-webkit/error-context.md

  6) [iphone-17-pro-max-webkit] › tests/e2e/technology-loading.spec.ts:7:1 › a partially transferred first photo stays hidden with true progress and locked navigation

    Error: browserType.launch: Target page, context or browser has been closed
    Browser logs:

    <launching> /Users/asmirnou/Library/Caches/ms-playwright/webkit-2359/pw_run.sh --inspector-pipe --headless --no-startup-window
    <launched> pid=77006
    [pid=77006][err] /Users/asmirnou/Library/Caches/ms-playwright/webkit-2359/pw_run.sh: line 7: 77012 Abort trap: 6           DYLD_FRAMEWORK_PATH="$DYLIB_PATH" DYLD_LIBRARY_PATH="$DYLIB_PATH" "$PLAYWRIGHT" "$@"
    Call log:
      - <launching> /Users/asmirnou/Library/Caches/ms-playwright/webkit-2359/pw_run.sh --inspector-pipe --headless --no-startup-window
      - <launched> pid=77006
      - [pid=77006][err] /Users/asmirnou/Library/Caches/ms-playwright/webkit-2359/pw_run.sh: line 7: 77012 Abort trap: 6           DYLD_FRAMEWORK_PATH="$DYLIB_PATH" DYLD_LIBRARY_PATH="$DYLIB_PATH" "$PLAYWRIGHT" "$@"
      - [pid=77006] <gracefully close start>
      - [pid=77006] <kill>
      - [pid=77006] <will force kill>
      - [pid=77006] exception while trying to kill process: Error: kill ESRCH
      - [pid=77006] <process did exit: exitCode=134, signal=null>
      - [pid=77006] starting temporary directories cleanup
      - [pid=77006] finished temporary directories cleanup
      - [pid=77006] <gracefully close end>


    Error Context: test-results/technology-loading-a-parti-5fe86-gress-and-locked-navigation-iphone-17-pro-max-webkit/error-context.md

  7) [desktop-chromium] › tests/e2e/media-accessibility.spec.ts:3:1 › loading status has readable contrast and respects reduced motion

    Error: browserType.launch: Target page, context or browser has been closed
    Browser logs:

    <launching> /Users/asmirnou/Library/Caches/ms-playwright/chromium_headless_shell-1243/chrome-headless-shell-mac-arm64/chrome-headless-shell --disable-field-trial-config --disable-background-networking --disable-background-timer-throttling --disable-backgrounding-occluded-windows --disable-back-forward-cache --disable-breakpad --disable-client-side-phishing-detection --disable-component-extensions-with-background-pages --disable-component-update --no-default-browser-check --disable-default-apps --disable-dev-shm-usage --disable-edgeupdater --disable-extensions --disable-features=AvoidUnnecessaryBeforeUnloadCheckSync,DestroyProfileOnBrowserClose,DialMediaRouteProvider,GlobalMediaControls,HttpsUpgrades,LensOverlay,MediaRouter,PaintHolding,ThirdPartyStoragePartitioning,BlockOriginHeaderModificationOnRedirect,Translate,AutoDeElevate,OptimizationHints,msForceBrowserSignIn,msEdgeUpdateLaunchServicesPreferredVersion --enable-features=CDPScreenshotNewSurface --allow-pre-commit-input --disable-hang-monitor --disable-ipc-flooding-protection --disable-popup-blocking --disable-prompt-on-repost --disable-renderer-backgrounding --disable-updater-scheduler --force-color-profile=srgb --metrics-recording-only --no-first-run --password-store=basic --use-mock-keychain --no-service-autorun --export-tagged-pdf --disable-search-engine-choice-screen --unsafely-disable-devtools-self-xss-warnings --edge-skip-compat-layer-relaunch --disable-infobars --disable-search-engine-choice-screen --disable-sync --enable-unsafe-swiftshader --headless --hide-scrollbars --mute-audio --blink-settings=primaryHoverType=2,availableHoverTypes=2,primaryPointerType=4,availablePointerTypes=4 --no-sandbox --user-data-dir=/var/folders/zz/rg7fqt550kq6vr4fn6b2h7vw0000gn/T/playwright_chromiumdev_profile-7einMW --remote-debugging-pipe --no-startup-window
    <launched> pid=77016
    [pid=77016][err] [1008/031039.267502:ERROR:base/power_monitor/thermal_state_observer_mac.mm:140] ThermalStateObserverMac unable to register to power notifications. Result: 9
    [pid=77016][err] [1008/031039.272290:ERROR:net/dns/dns_config_service_posix.cc:138] DNS config watch failed to start.
    [pid=77016][err] [1008/031039.274263:FATAL:base/apple/mach_port_rendezvous_mac.cc:159] Check failed: kr == KERN_SUCCESS. bootstrap_check_in org.chromium.Chromium.MachPortRendezvousServer.77016: Permission denied (1100)
    Call log:
      - <launching> /Users/asmirnou/Library/Caches/ms-playwright/chromium_headless_shell-1243/chrome-headless-shell-mac-arm64/chrome-headless-shell --disable-field-trial-config --disable-background-networking --disable-background-timer-throttling --disable-backgrounding-occluded-windows --disable-back-forward-cache --disable-breakpad --disable-client-side-phishing-detection --disable-component-extensions-with-background-pages --disable-component-update --no-default-browser-check --disable-default-apps --disable-dev-shm-usage --disable-edgeupdater --disable-extensions --disable-features=AvoidUnnecessaryBeforeUnloadCheckSync,DestroyProfileOnBrowserClose,DialMediaRouteProvider,GlobalMediaControls,HttpsUpgrades,LensOverlay,MediaRouter,PaintHolding,ThirdPartyStoragePartitioning,BlockOriginHeaderModificationOnRedirect,Translate,AutoDeElevate,OptimizationHints,msForceBrowserSignIn,msEdgeUpdateLaunchServicesPreferredVersion --enable-features=CDPScreenshotNewSurface --allow-pre-commit-input --disable-hang-monitor --disable-ipc-flooding-protection --disable-popup-blocking --disable-prompt-on-repost --disable-renderer-backgrounding --disable-updater-scheduler --force-color-profile=srgb --metrics-recording-only --no-first-run --password-store=basic --use-mock-keychain --no-service-autorun --export-tagged-pdf --disable-search-engine-choice-screen --unsafely-disable-devtools-self-xss-warnings --edge-skip-compat-layer-relaunch --disable-infobars --disable-search-engine-choice-screen --disable-sync --enable-unsafe-swiftshader --headless --hide-scrollbars --mute-audio --blink-settings=primaryHoverType=2,availableHoverTypes=2,primaryPointerType=4,availablePointerTypes=4 --no-sandbox --user-data-dir=/var/folders/zz/rg7fqt550kq6vr4fn6b2h7vw0000gn/T/playwright_chromiumdev_profile-7einMW --remote-debugging-pipe --no-startup-window
      - <launched> pid=77016
      - [pid=77016][err] [1008/031039.267502:ERROR:base/power_monitor/thermal_state_observer_mac.mm:140] ThermalStateObserverMac unable to register to power notifications. Result: 9
      - [pid=77016][err] [1008/031039.272290:ERROR:net/dns/dns_config_service_posix.cc:138] DNS config watch failed to start.
      - [pid=77016][err] [1008/031039.274263:FATAL:base/apple/mach_port_rendezvous_mac.cc:159] Check failed: kr == KERN_SUCCESS. bootstrap_check_in org.chromium.Chromium.MachPortRendezvousServer.77016: Permission denied (1100)
      - [pid=77016] <gracefully close start>
      - [pid=77016] <kill>
      - [pid=77016] <will force kill>
      - [pid=77016] exception while trying to kill process: Error: kill EPERM
      - [pid=77016] <process did exit: exitCode=null, signal=SIGTRAP>
      - [pid=77016] starting temporary directories cleanup
      - [pid=77016] finished temporary directories cleanup
      - [pid=77016] <gracefully close end>


    Error Context: test-results/media-accessibility-loadin-ca7f7-and-respects-reduced-motion-desktop-chromium/error-context.md

  8) [desktop-chromium] › tests/e2e/media-loading.spec.ts:66:1 › visible artwork remains hidden and page scroll locked until complete decode

    Error: browserType.launch: Target page, context or browser has been closed
    Browser logs:

    <launching> /Users/asmirnou/Library/Caches/ms-playwright/chromium_headless_shell-1243/chrome-headless-shell-mac-arm64/chrome-headless-shell --disable-field-trial-config --disable-background-networking --disable-background-timer-throttling --disable-backgrounding-occluded-windows --disable-back-forward-cache --disable-breakpad --disable-client-side-phishing-detection --disable-component-extensions-with-background-pages --disable-component-update --no-default-browser-check --disable-default-apps --disable-dev-shm-usage --disable-edgeupdater --disable-extensions --disable-features=AvoidUnnecessaryBeforeUnloadCheckSync,DestroyProfileOnBrowserClose,DialMediaRouteProvider,GlobalMediaControls,HttpsUpgrades,LensOverlay,MediaRouter,PaintHolding,ThirdPartyStoragePartitioning,BlockOriginHeaderModificationOnRedirect,Translate,AutoDeElevate,OptimizationHints,msForceBrowserSignIn,msEdgeUpdateLaunchServicesPreferredVersion --enable-features=CDPScreenshotNewSurface --allow-pre-commit-input --disable-hang-monitor --disable-ipc-flooding-protection --disable-popup-blocking --disable-prompt-on-repost --disable-renderer-backgrounding --disable-updater-scheduler --force-color-profile=srgb --metrics-recording-only --no-first-run --password-store=basic --use-mock-keychain --no-service-autorun --export-tagged-pdf --disable-search-engine-choice-screen --unsafely-disable-devtools-self-xss-warnings --edge-skip-compat-layer-relaunch --disable-infobars --disable-search-engine-choice-screen --disable-sync --enable-unsafe-swiftshader --headless --hide-scrollbars --mute-audio --blink-settings=primaryHoverType=2,availableHoverTypes=2,primaryPointerType=4,availablePointerTypes=4 --no-sandbox --user-data-dir=/var/folders/zz/rg7fqt550kq6vr4fn6b2h7vw0000gn/T/playwright_chromiumdev_profile-Mb2Igs --remote-debugging-pipe --no-startup-window
    <launched> pid=77019
    [pid=77019][err] [1008/031039.492720:ERROR:base/power_monitor/thermal_state_observer_mac.mm:140] ThermalStateObserverMac unable to register to power notifications. Result: 9
    [pid=77019][err] [1008/031039.494775:ERROR:net/dns/dns_config_service_posix.cc:138] DNS config watch failed to start.
    [pid=77019][err] [1008/031039.495388:WARNING:net/dns/dns_config_service_posix.cc:197] Failed to read DnsConfig.
    [pid=77019][err] [1008/031039.495679:FATAL:base/apple/mach_port_rendezvous_mac.cc:159] Check failed: kr == KERN_SUCCESS. bootstrap_check_in org.chromium.Chromium.MachPortRendezvousServer.77019: Permission denied (1100)
    Call log:
      - <launching> /Users/asmirnou/Library/Caches/ms-playwright/chromium_headless_shell-1243/chrome-headless-shell-mac-arm64/chrome-headless-shell --disable-field-trial-config --disable-background-networking --disable-background-timer-throttling --disable-backgrounding-occluded-windows --disable-back-forward-cache --disable-breakpad --disable-client-side-phishing-detection --disable-component-extensions-with-background-pages --disable-component-update --no-default-browser-check --disable-default-apps --disable-dev-shm-usage --disable-edgeupdater --disable-extensions --disable-features=AvoidUnnecessaryBeforeUnloadCheckSync,DestroyProfileOnBrowserClose,DialMediaRouteProvider,GlobalMediaControls,HttpsUpgrades,LensOverlay,MediaRouter,PaintHolding,ThirdPartyStoragePartitioning,BlockOriginHeaderModificationOnRedirect,Translate,AutoDeElevate,OptimizationHints,msForceBrowserSignIn,msEdgeUpdateLaunchServicesPreferredVersion --enable-features=CDPScreenshotNewSurface --allow-pre-commit-input --disable-hang-monitor --disable-ipc-flooding-protection --disable-popup-blocking --disable-prompt-on-repost --disable-renderer-backgrounding --disable-updater-scheduler --force-color-profile=srgb --metrics-recording-only --no-first-run --password-store=basic --use-mock-keychain --no-service-autorun --export-tagged-pdf --disable-search-engine-choice-screen --unsafely-disable-devtools-self-xss-warnings --edge-skip-compat-layer-relaunch --disable-infobars --disable-search-engine-choice-screen --disable-sync --enable-unsafe-swiftshader --headless --hide-scrollbars --mute-audio --blink-settings=primaryHoverType=2,availableHoverTypes=2,primaryPointerType=4,availablePointerTypes=4 --no-sandbox --user-data-dir=/var/folders/zz/rg7fqt550kq6vr4fn6b2h7vw0000gn/T/playwright_chromiumdev_profile-Mb2Igs --remote-debugging-pipe --no-startup-window
      - <launched> pid=77019
      - [pid=77019][err] [1008/031039.492720:ERROR:base/power_monitor/thermal_state_observer_mac.mm:140] ThermalStateObserverMac unable to register to power notifications. Result: 9
      - [pid=77019][err] [1008/031039.494775:ERROR:net/dns/dns_config_service_posix.cc:138] DNS config watch failed to start.
      - [pid=77019][err] [1008/031039.495388:WARNING:net/dns/dns_config_service_posix.cc:197] Failed to read DnsConfig.
      - [pid=77019][err] [1008/031039.495679:FATAL:base/apple/mach_port_rendezvous_mac.cc:159] Check failed: kr == KERN_SUCCESS. bootstrap_check_in org.chromium.Chromium.MachPortRendezvousServer.77019: Permission denied (1100)
      - [pid=77019] <gracefully close start>
      - [pid=77019] <kill>
      - [pid=77019] <will force kill>
      - [pid=77019] exception while trying to kill process: Error: kill EPERM
      - [pid=77019] <process did exit: exitCode=null, signal=SIGTRAP>
      - [pid=77019] starting temporary directories cleanup
      - [pid=77019] finished temporary directories cleanup
      - [pid=77019] <gracefully close end>


    Error Context: test-results/media-loading-visible-artw-838ba-ocked-until-complete-decode-desktop-chromium/error-context.md

  9) [desktop-chromium] › tests/e2e/technology-loading.spec.ts:7:1 › a partially transferred first photo stays hidden with true progress and locked navigation

    Error: browserType.launch: Target page, context or browser has been closed
    Browser logs:

    <launching> /Users/asmirnou/Library/Caches/ms-playwright/chromium_headless_shell-1243/chrome-headless-shell-mac-arm64/chrome-headless-shell --disable-field-trial-config --disable-background-networking --disable-background-timer-throttling --disable-backgrounding-occluded-windows --disable-back-forward-cache --disable-breakpad --disable-client-side-phishing-detection --disable-component-extensions-with-background-pages --disable-component-update --no-default-browser-check --disable-default-apps --disable-dev-shm-usage --disable-edgeupdater --disable-extensions --disable-features=AvoidUnnecessaryBeforeUnloadCheckSync,DestroyProfileOnBrowserClose,DialMediaRouteProvider,GlobalMediaControls,HttpsUpgrades,LensOverlay,MediaRouter,PaintHolding,ThirdPartyStoragePartitioning,BlockOriginHeaderModificationOnRedirect,Translate,AutoDeElevate,OptimizationHints,msForceBrowserSignIn,msEdgeUpdateLaunchServicesPreferredVersion --enable-features=CDPScreenshotNewSurface --allow-pre-commit-input --disable-hang-monitor --disable-ipc-flooding-protection --disable-popup-blocking --disable-prompt-on-repost --disable-renderer-backgrounding --disable-updater-scheduler --force-color-profile=srgb --metrics-recording-only --no-first-run --password-store=basic --use-mock-keychain --no-service-autorun --export-tagged-pdf --disable-search-engine-choice-screen --unsafely-disable-devtools-self-xss-warnings --edge-skip-compat-layer-relaunch --disable-infobars --disable-search-engine-choice-screen --disable-sync --enable-unsafe-swiftshader --headless --hide-scrollbars --mute-audio --blink-settings=primaryHoverType=2,availableHoverTypes=2,primaryPointerType=4,availablePointerTypes=4 --no-sandbox --user-data-dir=/var/folders/zz/rg7fqt550kq6vr4fn6b2h7vw0000gn/T/playwright_chromiumdev_profile-TTl7T8 --remote-debugging-pipe --no-startup-window
    <launched> pid=77029
    [pid=77029][err] [1008/031040.309022:ERROR:base/power_monitor/thermal_state_observer_mac.mm:140] ThermalStateObserverMac unable to register to power notifications. Result: 9
    [pid=77029][err] [1008/031040.310389:ERROR:net/dns/dns_config_service_posix.cc:138] DNS config watch failed to start.
    [pid=77029][err] [1008/031040.310872:FATAL:base/apple/mach_port_rendezvous_mac.cc:159] Check failed: kr == KERN_SUCCESS. bootstrap_check_in org.chromium.Chromium.MachPortRendezvousServer.77029: Permission denied (1100)
    Call log:
      - <launching> /Users/asmirnou/Library/Caches/ms-playwright/chromium_headless_shell-1243/chrome-headless-shell-mac-arm64/chrome-headless-shell --disable-field-trial-config --disable-background-networking --disable-background-timer-throttling --disable-backgrounding-occluded-windows --disable-back-forward-cache --disable-breakpad --disable-client-side-phishing-detection --disable-component-extensions-with-background-pages --disable-component-update --no-default-browser-check --disable-default-apps --disable-dev-shm-usage --disable-edgeupdater --disable-extensions --disable-features=AvoidUnnecessaryBeforeUnloadCheckSync,DestroyProfileOnBrowserClose,DialMediaRouteProvider,GlobalMediaControls,HttpsUpgrades,LensOverlay,MediaRouter,PaintHolding,ThirdPartyStoragePartitioning,BlockOriginHeaderModificationOnRedirect,Translate,AutoDeElevate,OptimizationHints,msForceBrowserSignIn,msEdgeUpdateLaunchServicesPreferredVersion --enable-features=CDPScreenshotNewSurface --allow-pre-commit-input --disable-hang-monitor --disable-ipc-flooding-protection --disable-popup-blocking --disable-prompt-on-repost --disable-renderer-backgrounding --disable-updater-scheduler --force-color-profile=srgb --metrics-recording-only --no-first-run --password-store=basic --use-mock-keychain --no-service-autorun --export-tagged-pdf --disable-search-engine-choice-screen --unsafely-disable-devtools-self-xss-warnings --edge-skip-compat-layer-relaunch --disable-infobars --disable-search-engine-choice-screen --disable-sync --enable-unsafe-swiftshader --headless --hide-scrollbars --mute-audio --blink-settings=primaryHoverType=2,availableHoverTypes=2,primaryPointerType=4,availablePointerTypes=4 --no-sandbox --user-data-dir=/var/folders/zz/rg7fqt550kq6vr4fn6b2h7vw0000gn/T/playwright_chromiumdev_profile-TTl7T8 --remote-debugging-pipe --no-startup-window
      - <launched> pid=77029
      - [pid=77029][err] [1008/031040.309022:ERROR:base/power_monitor/thermal_state_observer_mac.mm:140] ThermalStateObserverMac unable to register to power notifications. Result: 9
      - [pid=77029][err] [1008/031040.310389:ERROR:net/dns/dns_config_service_posix.cc:138] DNS config watch failed to start.
      - [pid=77029][err] [1008/031040.310872:FATAL:base/apple/mach_port_rendezvous_mac.cc:159] Check failed: kr == KERN_SUCCESS. bootstrap_check_in org.chromium.Chromium.MachPortRendezvousServer.77029: Permission denied (1100)
      - [pid=77029] <gracefully close start>
      - [pid=77029] <kill>
      - [pid=77029] <will force kill>
      - [pid=77029] exception while trying to kill process: Error: kill EPERM
      - [pid=77029] <process did exit: exitCode=null, signal=SIGTRAP>
      - [pid=77029] starting temporary directories cleanup
      - [pid=77029] finished temporary directories cleanup
      - [pid=77029] <gracefully close end>


    Error Context: test-results/technology-loading-a-parti-5fe86-gress-and-locked-navigation-desktop-chromium/error-context.md

  10) [desktop-firefox] › tests/e2e/media-accessibility.spec.ts:3:1 › loading status has readable contrast and respects reduced motion

    Error: browserType.launch: Failed to launch the browser process.
    Browser logs:

    <launching> /Users/asmirnou/Library/Caches/ms-playwright/firefox-1543/firefox/Nightly.app/Contents/MacOS/firefox -no-remote -headless -profile /var/folders/zz/rg7fqt550kq6vr4fn6b2h7vw0000gn/T/playwright_firefoxdev_profile-6MJUsv -juggler-pipe -silent
    <launched> pid=77032
    [pid=77032][err] *** You are running in headless mode.
    [pid=77032] <process did exit: exitCode=null, signal=SIGABRT>
    [pid=77032] starting temporary directories cleanup
    Call log:
      - <launching> /Users/asmirnou/Library/Caches/ms-playwright/firefox-1543/firefox/Nightly.app/Contents/MacOS/firefox -no-remote -headless -profile /var/folders/zz/rg7fqt550kq6vr4fn6b2h7vw0000gn/T/playwright_firefoxdev_profile-6MJUsv -juggler-pipe -silent
      - <launched> pid=77032
      - [pid=77032][err] *** You are running in headless mode.
      - [pid=77032] <process did exit: exitCode=null, signal=SIGABRT>
      - [pid=77032] starting temporary directories cleanup
      - [pid=77032] <gracefully close start>
      - [pid=77032] <kill>
      - [pid=77032] <skipped force kill spawnedProcess.killed=false processClosed=true>
      - [pid=77032] finished temporary directories cleanup
      - [pid=77032] <gracefully close end>


    Error Context: test-results/media-accessibility-loadin-ca7f7-and-respects-reduced-motion-desktop-firefox/error-context.md

  11) [desktop-firefox] › tests/e2e/media-loading.spec.ts:66:1 › visible artwork remains hidden and page scroll locked until complete decode

    Error: browserType.launch: Failed to launch the browser process.
    Browser logs:

    <launching> /Users/asmirnou/Library/Caches/ms-playwright/firefox-1543/firefox/Nightly.app/Contents/MacOS/firefox -no-remote -headless -profile /var/folders/zz/rg7fqt550kq6vr4fn6b2h7vw0000gn/T/playwright_firefoxdev_profile-4vepXV -juggler-pipe -silent
    <launched> pid=77045
    [pid=77045][err] *** You are running in headless mode.
    [pid=77045] <process did exit: exitCode=null, signal=SIGABRT>
    [pid=77045] starting temporary directories cleanup
    Call log:
      - <launching> /Users/asmirnou/Library/Caches/ms-playwright/firefox-1543/firefox/Nightly.app/Contents/MacOS/firefox -no-remote -headless -profile /var/folders/zz/rg7fqt550kq6vr4fn6b2h7vw0000gn/T/playwright_firefoxdev_profile-4vepXV -juggler-pipe -silent
      - <launched> pid=77045
      - [pid=77045][err] *** You are running in headless mode.
      - [pid=77045] <process did exit: exitCode=null, signal=SIGABRT>
      - [pid=77045] starting temporary directories cleanup
      - [pid=77045] <gracefully close start>
      - [pid=77045] <kill>
      - [pid=77045] <skipped force kill spawnedProcess.killed=false processClosed=true>
      - [pid=77045] finished temporary directories cleanup
      - [pid=77045] <gracefully close end>


    Error Context: test-results/media-loading-visible-artw-838ba-ocked-until-complete-decode-desktop-firefox/error-context.md

  12) [desktop-firefox] › tests/e2e/technology-loading.spec.ts:7:1 › a partially transferred first photo stays hidden with true progress and locked navigation

    Error: browserType.launch: Failed to launch the browser process.
    Browser logs:

    <launching> /Users/asmirnou/Library/Caches/ms-playwright/firefox-1543/firefox/Nightly.app/Contents/MacOS/firefox -no-remote -headless -profile /var/folders/zz/rg7fqt550kq6vr4fn6b2h7vw0000gn/T/playwright_firefoxdev_profile-cn6WHs -juggler-pipe -silent
    <launched> pid=77050
    [pid=77050][err] *** You are running in headless mode.
    [pid=77050] <process did exit: exitCode=null, signal=SIGABRT>
    [pid=77050] starting temporary directories cleanup
    Call log:
      - <launching> /Users/asmirnou/Library/Caches/ms-playwright/firefox-1543/firefox/Nightly.app/Contents/MacOS/firefox -no-remote -headless -profile /var/folders/zz/rg7fqt550kq6vr4fn6b2h7vw0000gn/T/playwright_firefoxdev_profile-cn6WHs -juggler-pipe -silent
      - <launched> pid=77050
      - [pid=77050][err] *** You are running in headless mode.
      - [pid=77050] <process did exit: exitCode=null, signal=SIGABRT>
      - [pid=77050] starting temporary directories cleanup
      - [pid=77050] <gracefully close start>
      - [pid=77050] <kill>
      - [pid=77050] <skipped force kill spawnedProcess.killed=false processClosed=true>
      - [pid=77050] finished temporary directories cleanup
      - [pid=77050] <gracefully close end>


    Error Context: test-results/technology-loading-a-parti-5fe86-gress-and-locked-navigation-desktop-firefox/error-context.md

  12 failed
    [iphone-17-pro-webkit] › tests/e2e/media-accessibility.spec.ts:3:1 › loading status has readable contrast and respects reduced motion
    [iphone-17-pro-webkit] › tests/e2e/media-loading.spec.ts:66:1 › visible artwork remains hidden and page scroll locked until complete decode
    [iphone-17-pro-webkit] › tests/e2e/technology-loading.spec.ts:7:1 › a partially transferred first photo stays hidden with true progress and locked navigation
    [iphone-17-pro-max-webkit] › tests/e2e/media-accessibility.spec.ts:3:1 › loading status has readable contrast and respects reduced motion
    [iphone-17-pro-max-webkit] › tests/e2e/media-loading.spec.ts:66:1 › visible artwork remains hidden and page scroll locked until complete decode
    [iphone-17-pro-max-webkit] › tests/e2e/technology-loading.spec.ts:7:1 › a partially transferred first photo stays hidden with true progress and locked navigation
    [desktop-chromium] › tests/e2e/media-accessibility.spec.ts:3:1 › loading status has readable contrast and respects reduced motion
    [desktop-chromium] › tests/e2e/media-loading.spec.ts:66:1 › visible artwork remains hidden and page scroll locked until complete decode
    [desktop-chromium] › tests/e2e/technology-loading.spec.ts:7:1 › a partially transferred first photo stays hidden with true progress and locked navigation
    [desktop-firefox] › tests/e2e/media-accessibility.spec.ts:3:1 › loading status has readable contrast and respects reduced motion
    [desktop-firefox] › tests/e2e/media-loading.spec.ts:66:1 › visible artwork remains hidden and page scroll locked until complete decode
    [desktop-firefox] › tests/e2e/technology-loading.spec.ts:7:1 › a partially transferred first photo stays hidden with true progress and locked navigation
