
Running 12 tests using 2 workers

(node:77396) Warning: The 'NO_COLOR' env is ignored due to the 'FORCE_COLOR' env being set.
(Use `node --trace-warnings ...` to show where the warning was created)
(node:77397) Warning: The 'NO_COLOR' env is ignored due to the 'FORCE_COLOR' env being set.
(Use `node --trace-warnings ...` to show where the warning was created)
  ✓   2 [iphone-17-pro-webkit] › tests/e2e/media-accessibility.spec.ts:3:1 › loading status has readable contrast and respects reduced motion (1.5s)
  ✓   1 [iphone-17-pro-webkit] › tests/e2e/media-loading.spec.ts:66:1 › visible artwork remains hidden and page scroll locked until complete decode (1.6s)
(node:77470) Warning: The 'NO_COLOR' env is ignored due to the 'FORCE_COLOR' env being set.
(Use `node --trace-warnings ...` to show where the warning was created)
  ✓   3 [iphone-17-pro-webkit] › tests/e2e/technology-loading.spec.ts:7:1 › a partially transferred first photo stays hidden with true progress and locked navigation (1.3s)
  ✓   4 [iphone-17-pro-max-webkit] › tests/e2e/media-accessibility.spec.ts:3:1 › loading status has readable contrast and respects reduced motion (873ms)
(node:77509) Warning: The 'NO_COLOR' env is ignored due to the 'FORCE_COLOR' env being set.
(Use `node --trace-warnings ...` to show where the warning was created)
  ✓   6 [iphone-17-pro-max-webkit] › tests/e2e/media-loading.spec.ts:66:1 › visible artwork remains hidden and page scroll locked until complete decode (1.1s)
  ✓   5 [iphone-17-pro-max-webkit] › tests/e2e/technology-loading.spec.ts:7:1 › a partially transferred first photo stays hidden with true progress and locked navigation (1.6s)
(node:77589) Warning: The 'NO_COLOR' env is ignored due to the 'FORCE_COLOR' env being set.
(Use `node --trace-warnings ...` to show where the warning was created)
(node:77599) Warning: The 'NO_COLOR' env is ignored due to the 'FORCE_COLOR' env being set.
(Use `node --trace-warnings ...` to show where the warning was created)
  ✓   7 [desktop-chromium] › tests/e2e/media-accessibility.spec.ts:3:1 › loading status has readable contrast and respects reduced motion (1.1s)
  ✓   8 [desktop-chromium] › tests/e2e/media-loading.spec.ts:66:1 › visible artwork remains hidden and page scroll locked until complete decode (1.6s)
(node:77617) Warning: The 'NO_COLOR' env is ignored due to the 'FORCE_COLOR' env being set.
(Use `node --trace-warnings ...` to show where the warning was created)
  ✓   9 [desktop-chromium] › tests/e2e/technology-loading.spec.ts:7:1 › a partially transferred first photo stays hidden with true progress and locked navigation (1.4s)
(node:77626) Warning: The 'NO_COLOR' env is ignored due to the 'FORCE_COLOR' env being set.
(Use `node --trace-warnings ...` to show where the warning was created)
  ✓  10 [desktop-firefox] › tests/e2e/media-accessibility.spec.ts:3:1 › loading status has readable contrast and respects reduced motion (2.2s)
  ✓  11 [desktop-firefox] › tests/e2e/media-loading.spec.ts:66:1 › visible artwork remains hidden and page scroll locked until complete decode (1.9s)
  ✓  12 [desktop-firefox] › tests/e2e/technology-loading.spec.ts:7:1 › a partially transferred first photo stays hidden with true progress and locked navigation (832ms)

  12 passed (13.2s)
