
Running 160 tests using 2 workers

(node:83312) Warning: The 'NO_COLOR' env is ignored due to the 'FORCE_COLOR' env being set.
(Use `node --trace-warnings ...` to show where the warning was created)
(node:83313) Warning: The 'NO_COLOR' env is ignored due to the 'FORCE_COLOR' env being set.
(Use `node --trace-warnings ...` to show where the warning was created)
  ✓    2 [iphone-17-pro-webkit] › tests/e2e/media-accessibility.spec.ts:3:1 › loading status has readable contrast and respects reduced motion (1.5s)
  ✓    1 [iphone-17-pro-webkit] › tests/e2e/media-loading.spec.ts:3:1 › without JavaScript the native page artwork, text and FAQ remain usable (1.7s)
  ✓    4 [iphone-17-pro-webkit] › tests/e2e/media-loading.spec.ts:25:1 › early bootstrap protects held artwork before framework hydration (743ms)
  ✓    5 [iphone-17-pro-webkit] › tests/e2e/media-loading.spec.ts:51:1 › initial framework script network failure falls back to native readable content (638ms)
  ✓    6 [iphone-17-pro-webkit] › tests/e2e/media-loading.spec.ts:67:3 › initial framework synchronous failure restores native readable content (1.2s)
  ✓    7 [iphone-17-pro-webkit] › tests/e2e/media-loading.spec.ts:67:3 › initial framework rejection failure restores native readable content (623ms)
  ✓    3 [iphone-17-pro-webkit] › tests/e2e/site.spec.ts:5:1 › responsive viewport, artwork, and primary actions (3.5s)
  ✓    8 [iphone-17-pro-webkit] › tests/e2e/media-loading.spec.ts:92:1 › visible artwork remains hidden and page scroll locked until complete decode (634ms)
  ✓   10 [iphone-17-pro-webkit] › tests/e2e/media-loading.spec.ts:117:1 › offscreen pending artwork does not block the hero but blocks when reached (827ms)
  ✓   11 [iphone-17-pro-webkit] › tests/e2e/media-loading.spec.ts:145:1 › failed visible image has an accessible retry and successful recovery (666ms)
  ✓    9 [iphone-17-pro-webkit] › tests/e2e/site.spec.ts:173:36 › ru technology text groups are centered inside both fixed oval surfaces (2.2s)
  ✓   12 [iphone-17-pro-webkit] › tests/e2e/media-loading.spec.ts:166:1 › truncated visible image is never revealed as a partially decoded resource (787ms)
  ✓   14 [iphone-17-pro-webkit] › tests/e2e/media-loading.spec.ts:186:1 › page gate suspends behind a native dialog and resumes missing page media after close (829ms)
  ✓   13 [iphone-17-pro-webkit] › tests/e2e/site.spec.ts:173:36 › en technology text groups are centered inside both fixed oval surfaces (2.6s)
  ✓   15 [iphone-17-pro-webkit] › tests/e2e/technology-loading.spec.ts:7:1 › a partially transferred first photo stays hidden with true progress and locked navigation (1.2s)
  ✓   17 [iphone-17-pro-webkit] › tests/e2e/technology-loading.spec.ts:61:1 › invalid first image has white backing and retry; close never traps the user (1.0s)
  ✓   18 [iphone-17-pro-webkit] › tests/e2e/technology-loading.spec.ts:79:1 › retry replaces a corrupt HTTP 200 retained in the real browser cache (1.0s)
  ✓   19 [iphone-17-pro-webkit] › tests/e2e/technology-loading.spec.ts:124:1 › horizontal swipes stop at both ends and reverse through preceding photos (798ms)
  ✓   20 [iphone-17-pro-webkit] › tests/e2e/technology-loading.spec.ts:144:1 › contained artwork and controls adapt to short landscape, tablet and desktop (1.6s)
  ✘   16 [iphone-17-pro-webkit] › tests/e2e/site.spec.ts:360:3 › FAQ pointer-wheel input › FAQ always scrolls the document in closed and multi-open states (5.7s)
(node:83686) Warning: The 'NO_COLOR' env is ignored due to the 'FORCE_COLOR' env being set.
(Use `node --trace-warnings ...` to show where the warning was created)
  ✓   22 [iphone-17-pro-webkit] › tests/e2e/technology-viewer.spec.ts:7:1 › technology artwork keeps its native proportions as Safari chrome changes the visible height (1.7s)
  ✓   23 [iphone-17-pro-webkit] › tests/e2e/technology-viewer.spec.ts:50:1 › technology PNGs preserve every original pixel outside the title mask (452ms)
  ✓   21 [iphone-17-pro-webkit] › tests/e2e/technology-loading.spec.ts:178:1 › loading and retry fit every locale including Arabic at a short phone height (6.4s)
  ✓   24 [iphone-17-pro-webkit] › tests/e2e/technology-viewer.spec.ts:87:1 › technology descriptions render all source text in the decoded image coordinates (2.3s)
(node:83824) Warning: The 'NO_COLOR' env is ignored due to the 'FORCE_COLOR' env being set.
(Use `node --trace-warnings ...` to show where the warning was created)
  ✓   26 [iphone-17-pro-max-webkit] › tests/e2e/media-accessibility.spec.ts:3:1 › loading status has readable contrast and respects reduced motion (669ms)
  ✓   27 [iphone-17-pro-max-webkit] › tests/e2e/media-loading.spec.ts:3:1 › without JavaScript the native page artwork, text and FAQ remain usable (848ms)
  ✓   28 [iphone-17-pro-max-webkit] › tests/e2e/media-loading.spec.ts:25:1 › early bootstrap protects held artwork before framework hydration (753ms)
  ✓   25 [iphone-17-pro-webkit] › tests/e2e/technology-viewer.spec.ts:118:1 › technology viewer opens from both story controls and pages through clean images (3.0s)
  ✓   29 [iphone-17-pro-max-webkit] › tests/e2e/media-loading.spec.ts:51:1 › initial framework script network failure falls back to native readable content (657ms)
  ✓   31 [iphone-17-pro-max-webkit] › tests/e2e/media-loading.spec.ts:67:3 › initial framework synchronous failure restores native readable content (718ms)
  ✓   30 [iphone-17-pro-webkit] › tests/e2e/technology-viewer.spec.ts:212:1 › technology viewer supports touch pointers, Escape and Arabic framing (1.8s)
  ✓   32 [iphone-17-pro-max-webkit] › tests/e2e/media-loading.spec.ts:67:3 › initial framework rejection failure restores native readable content (759ms)
  ✓   34 [iphone-17-pro-max-webkit] › tests/e2e/media-loading.spec.ts:92:1 › visible artwork remains hidden and page scroll locked until complete decode (657ms)
  ✓   33 [iphone-17-pro-webkit] › tests/e2e/technology-viewer.spec.ts:258:1 › previous artwork stays visible while the next slide loads (825ms)
  ✓   35 [iphone-17-pro-max-webkit] › tests/e2e/media-loading.spec.ts:117:1 › offscreen pending artwork does not block the hero but blocks when reached (846ms)
  ✓   36 [iphone-17-pro-webkit] › tests/e2e/technology-viewer.spec.ts:281:1 › failed warm-up and failed selection retry the same image (1.3s)
  ✓   37 [iphone-17-pro-max-webkit] › tests/e2e/media-loading.spec.ts:145:1 › failed visible image has an accessible retry and successful recovery (686ms)
  ✓   38 [iphone-17-pro-webkit] › tests/e2e/technology-viewer.spec.ts:303:1 › two photos of each group warm after load; remaining photos start together on open (937ms)
  ✓   40 [iphone-17-pro-webkit] › tests/e2e/technology-viewer.spec.ts:325:1 › incomplete hero protects the main view before technology can be opened (728ms)
  ✓   41 [iphone-17-pro-webkit] › tests/e2e/technology-viewer.spec.ts:341:1 › four photos warm at low priority; retained decoded images are reused offline across groups (1.3s)
  ✓   42 [iphone-17-pro-webkit] › tests/e2e/technology-viewer.spec.ts:388:1 › swipe completes when the pointer leaves the artwork (760ms)
  ✘   39 [iphone-17-pro-max-webkit] › tests/e2e/media-loading.spec.ts:166:1 › truncated visible image is never revealed as a partially decoded resource (5.4s)
(node:84009) Warning: The 'NO_COLOR' env is ignored due to the 'FORCE_COLOR' env being set.
(Use `node --trace-warnings ...` to show where the warning was created)
  ✓   43 [iphone-17-pro-webkit] › tests/e2e/technology-viewer.spec.ts:404:1 › technology viewer hides landing paint beneath browser chrome and restores it on close (2.4s)
  ✓   44 [iphone-17-pro-max-webkit] › tests/e2e/media-loading.spec.ts:186:1 › page gate suspends behind a native dialog and resumes missing page media after close (935ms)
  ✓   45 [iphone-17-pro-webkit] › tests/e2e/technology-viewer.spec.ts:447:1 › metal contour reaches mobile side edges and the image stays inside its cutout (1.2s)
  ✓   46 [iphone-17-pro-webkit] › tests/e2e/technology-viewer.spec.ts:477:1 › CyberMind PNGs retain native RGB, alpha and resolution outside title glyphs (162ms)
  ✓   48 [iphone-17-pro-webkit] › tests/e2e/technology-viewer.spec.ts:504:1 › CyberMind uses two interactive slides, a live title and two-axis navigation (1.5s)
  ✓   47 [iphone-17-pro-max-webkit] › tests/e2e/site.spec.ts:5:1 › responsive viewport, artwork, and primary actions (3.8s)
  ✓   50 [iphone-17-pro-max-webkit] › tests/e2e/site.spec.ts:173:36 › ru technology text groups are centered inside both fixed oval surfaces (3.0s)
  ✓   49 [iphone-17-pro-webkit] › tests/e2e/technology-viewer.spec.ts:556:1 › CyberMind descriptions fit all locales and omit source folios (6.4s)
  ✓   52 [iphone-17-pro-webkit] › tests/e2e/technology-viewer.spec.ts:582:1 › pending slide locks navigation and commits only fully loaded selection (930ms)
  ✓   51 [iphone-17-pro-max-webkit] › tests/e2e/site.spec.ts:173:36 › en technology text groups are centered inside both fixed oval surfaces (2.5s)
  ✓   53 [iphone-17-pro-webkit] › tests/e2e/technology-viewer.spec.ts:603:1 › failed CyberMind warm and selection recover with explicit Retry without skipping the group (1.0s)
  ✓   55 [iphone-17-pro-webkit] › tests/e2e/technology-viewer.spec.ts:619:1 › pending group blocks gestures and repeated keys while close remains available (966ms)
(node:84069) Warning: The 'NO_COLOR' env is ignored due to the 'FORCE_COLOR' env being set.
(Use `node --trace-warnings ...` to show where the warning was created)
  ✓   56 [iphone-17-pro-max-webkit] › tests/e2e/technology-loading.spec.ts:7:1 › a partially transferred first photo stays hidden with true progress and locked navigation (1.2s)
  ✓   57 [iphone-17-pro-max-webkit] › tests/e2e/technology-loading.spec.ts:61:1 › invalid first image has white backing and retry; close never traps the user (1.0s)
  ✓   58 [iphone-17-pro-max-webkit] › tests/e2e/technology-loading.spec.ts:79:1 › retry replaces a corrupt HTTP 200 retained in the real browser cache (963ms)
  ✘   54 [iphone-17-pro-max-webkit] › tests/e2e/site.spec.ts:360:3 › FAQ pointer-wheel input › FAQ always scrolls the document in closed and multi-open states (5.6s)
(node:84094) Warning: The 'NO_COLOR' env is ignored due to the 'FORCE_COLOR' env being set.
(Use `node --trace-warnings ...` to show where the warning was created)
  ✓   59 [iphone-17-pro-max-webkit] › tests/e2e/technology-loading.spec.ts:124:1 › horizontal swipes stop at both ends and reverse through preceding photos (839ms)
  ✓   60 [iphone-17-pro-max-webkit] › tests/e2e/technology-viewer.spec.ts:7:1 › technology artwork keeps its native proportions as Safari chrome changes the visible height (1.6s)
  ✓   61 [iphone-17-pro-max-webkit] › tests/e2e/technology-loading.spec.ts:144:1 › contained artwork and controls adapt to short landscape, tablet and desktop (1.9s)
  ✓   62 [iphone-17-pro-max-webkit] › tests/e2e/technology-viewer.spec.ts:50:1 › technology PNGs preserve every original pixel outside the title mask (309ms)
  ✓   64 [iphone-17-pro-max-webkit] › tests/e2e/technology-viewer.spec.ts:87:1 › technology descriptions render all source text in the decoded image coordinates (2.2s)
  ✓   63 [iphone-17-pro-max-webkit] › tests/e2e/technology-loading.spec.ts:178:1 › loading and retry fit every locale including Arabic at a short phone height (5.1s)
(node:84143) Warning: The 'NO_COLOR' env is ignored due to the 'FORCE_COLOR' env being set.
(Use `node --trace-warnings ...` to show where the warning was created)
  ✓   65 [iphone-17-pro-max-webkit] › tests/e2e/technology-viewer.spec.ts:118:1 › technology viewer opens from both story controls and pages through clean images (3.3s)
  ✓   66 [desktop-chromium] › tests/e2e/media-accessibility.spec.ts:3:1 › loading status has readable contrast and respects reduced motion (1.2s)
  ✓   68 [desktop-chromium] › tests/e2e/media-loading.spec.ts:3:1 › without JavaScript the native page artwork, text and FAQ remain usable (614ms)
  ✓   67 [iphone-17-pro-max-webkit] › tests/e2e/technology-viewer.spec.ts:212:1 › technology viewer supports touch pointers, Escape and Arabic framing (2.1s)
  ✓   69 [desktop-chromium] › tests/e2e/media-loading.spec.ts:25:1 › early bootstrap protects held artwork before framework hydration (525ms)
  ✓   71 [desktop-chromium] › tests/e2e/media-loading.spec.ts:51:1 › initial framework script network failure falls back to native readable content (238ms)
  ✓   70 [iphone-17-pro-max-webkit] › tests/e2e/technology-viewer.spec.ts:258:1 › previous artwork stays visible while the next slide loads (903ms)
  ✓   72 [desktop-chromium] › tests/e2e/media-loading.spec.ts:67:3 › initial framework synchronous failure restores native readable content (293ms)
  ✓   74 [desktop-chromium] › tests/e2e/media-loading.spec.ts:67:3 › initial framework rejection failure restores native readable content (305ms)
  ✓   75 [desktop-chromium] › tests/e2e/media-loading.spec.ts:92:1 › visible artwork remains hidden and page scroll locked until complete decode (321ms)
  ✓   73 [iphone-17-pro-max-webkit] › tests/e2e/technology-viewer.spec.ts:281:1 › failed warm-up and failed selection retry the same image (1.3s)
  ✓   76 [desktop-chromium] › tests/e2e/media-loading.spec.ts:117:1 › offscreen pending artwork does not block the hero but blocks when reached (689ms)
  ✓   78 [desktop-chromium] › tests/e2e/media-loading.spec.ts:145:1 › failed visible image has an accessible retry and successful recovery (398ms)
  ✓   79 [desktop-chromium] › tests/e2e/media-loading.spec.ts:166:1 › truncated visible image is never revealed as a partially decoded resource (463ms)
  ✓   77 [iphone-17-pro-max-webkit] › tests/e2e/technology-viewer.spec.ts:303:1 › two photos of each group warm after load; remaining photos start together on open (1.1s)
  ✓   80 [desktop-chromium] › tests/e2e/media-loading.spec.ts:186:1 › page gate suspends behind a native dialog and resumes missing page media after close (466ms)
  ✓   81 [iphone-17-pro-max-webkit] › tests/e2e/technology-viewer.spec.ts:325:1 › incomplete hero protects the main view before technology can be opened (882ms)
  ✓   83 [iphone-17-pro-max-webkit] › tests/e2e/technology-viewer.spec.ts:341:1 › four photos warm at low priority; retained decoded images are reused offline across groups (1.4s)
  ✓   84 [iphone-17-pro-max-webkit] › tests/e2e/technology-viewer.spec.ts:388:1 › swipe completes when the pointer leaves the artwork (1.1s)
  ✓   85 [iphone-17-pro-max-webkit] › tests/e2e/technology-viewer.spec.ts:404:1 › technology viewer hides landing paint beneath browser chrome and restores it on close (2.4s)
  ✓   86 [iphone-17-pro-max-webkit] › tests/e2e/technology-viewer.spec.ts:447:1 › metal contour reaches mobile side edges and the image stays inside its cutout (1.1s)
  ✓   87 [iphone-17-pro-max-webkit] › tests/e2e/technology-viewer.spec.ts:477:1 › CyberMind PNGs retain native RGB, alpha and resolution outside title glyphs (180ms)
  ✓   88 [iphone-17-pro-max-webkit] › tests/e2e/technology-viewer.spec.ts:504:1 › CyberMind uses two interactive slides, a live title and two-axis navigation (1.7s)
  ✓   82 [desktop-chromium] › tests/e2e/site.spec.ts:5:1 › responsive viewport, artwork, and primary actions (9.6s)
  ✓   89 [iphone-17-pro-max-webkit] › tests/e2e/technology-viewer.spec.ts:556:1 › CyberMind descriptions fit all locales and omit source folios (5.3s)
  ✓   91 [iphone-17-pro-max-webkit] › tests/e2e/technology-viewer.spec.ts:582:1 › pending slide locks navigation and commits only fully loaded selection (906ms)
  ✓   92 [iphone-17-pro-max-webkit] › tests/e2e/technology-viewer.spec.ts:603:1 › failed CyberMind warm and selection recover with explicit Retry without skipping the group (1.1s)
  ✘   90 [desktop-chromium] › tests/e2e/site.spec.ts:173:36 › ru technology text groups are centered inside both fixed oval surfaces (6.7s)
(node:84412) Warning: The 'NO_COLOR' env is ignored due to the 'FORCE_COLOR' env being set.
(Use `node --trace-warnings ...` to show where the warning was created)
  ✓   93 [iphone-17-pro-max-webkit] › tests/e2e/technology-viewer.spec.ts:619:1 › pending group blocks gestures and repeated keys while close remains available (1.1s)
(node:84414) Warning: The 'NO_COLOR' env is ignored due to the 'FORCE_COLOR' env being set.
(Use `node --trace-warnings ...` to show where the warning was created)
  ✓   95 [desktop-chromium] › tests/e2e/technology-loading.spec.ts:7:1 › a partially transferred first photo stays hidden with true progress and locked navigation (971ms)
  ✓   96 [desktop-chromium] › tests/e2e/technology-loading.spec.ts:61:1 › invalid first image has white backing and retry; close never traps the user (788ms)
  ✓   97 [desktop-chromium] › tests/e2e/technology-loading.spec.ts:79:1 › retry replaces a corrupt HTTP 200 retained in the real browser cache (818ms)
  ✓   98 [desktop-chromium] › tests/e2e/technology-loading.spec.ts:124:1 › horizontal swipes stop at both ends and reverse through preceding photos (614ms)
  ✓   99 [desktop-chromium] › tests/e2e/technology-loading.spec.ts:144:1 › contained artwork and controls adapt to short landscape, tablet and desktop (785ms)
  ✘   94 [desktop-chromium] › tests/e2e/site.spec.ts:173:36 › en technology text groups are centered inside both fixed oval surfaces (5.7s)
(node:84582) Warning: The 'NO_COLOR' env is ignored due to the 'FORCE_COLOR' env being set.
(Use `node --trace-warnings ...` to show where the warning was created)
  ✓  100 [desktop-chromium] › tests/e2e/technology-loading.spec.ts:178:1 › loading and retry fit every locale including Arabic at a short phone height (4.6s)
  ✓  102 [desktop-chromium] › tests/e2e/technology-viewer.spec.ts:7:1 › technology artwork keeps its native proportions as Safari chrome changes the visible height (778ms)
  ✓  103 [desktop-chromium] › tests/e2e/technology-viewer.spec.ts:50:1 › technology PNGs preserve every original pixel outside the title mask (274ms)
  ✓  104 [desktop-chromium] › tests/e2e/technology-viewer.spec.ts:87:1 › technology descriptions render all source text in the decoded image coordinates (944ms)
  ✘  101 [desktop-chromium] › tests/e2e/site.spec.ts:360:3 › FAQ pointer-wheel input › FAQ always scrolls the document in closed and multi-open states (5.4s)
(node:84657) Warning: The 'NO_COLOR' env is ignored due to the 'FORCE_COLOR' env being set.
(Use `node --trace-warnings ...` to show where the warning was created)
  ✓  105 [desktop-chromium] › tests/e2e/technology-viewer.spec.ts:118:1 › technology viewer opens from both story controls and pages through clean images (2.4s)
  ✓  107 [desktop-chromium] › tests/e2e/technology-viewer.spec.ts:212:1 › technology viewer supports touch pointers, Escape and Arabic framing (1.5s)
  ✓  106 [desktop-firefox] › tests/e2e/media-accessibility.spec.ts:3:1 › loading status has readable contrast and respects reduced motion (1.9s)
  ✓  108 [desktop-chromium] › tests/e2e/technology-viewer.spec.ts:258:1 › previous artwork stays visible while the next slide loads (630ms)
  ✓  110 [desktop-chromium] › tests/e2e/technology-viewer.spec.ts:281:1 › failed warm-up and failed selection retry the same image (1.1s)
  ✓  109 [desktop-firefox] › tests/e2e/media-loading.spec.ts:3:1 › without JavaScript the native page artwork, text and FAQ remain usable (1.5s)
  ✓  111 [desktop-chromium] › tests/e2e/technology-viewer.spec.ts:303:1 › two photos of each group warm after load; remaining photos start together on open (915ms)
  ✓  112 [desktop-firefox] › tests/e2e/media-loading.spec.ts:25:1 › early bootstrap protects held artwork before framework hydration (1.1s)
  ✓  113 [desktop-chromium] › tests/e2e/technology-viewer.spec.ts:325:1 › incomplete hero protects the main view before technology can be opened (591ms)
  ✓  114 [desktop-firefox] › tests/e2e/media-loading.spec.ts:51:1 › initial framework script network failure falls back to native readable content (1.2s)
  ✓  115 [desktop-chromium] › tests/e2e/technology-viewer.spec.ts:341:1 › four photos warm at low priority; retained decoded images are reused offline across groups (1.4s)
  ✓  117 [desktop-chromium] › tests/e2e/technology-viewer.spec.ts:388:1 › swipe completes when the pointer leaves the artwork (638ms)
  ✓  116 [desktop-firefox] › tests/e2e/media-loading.spec.ts:67:3 › initial framework synchronous failure restores native readable content (1.4s)
  ✓  119 [desktop-firefox] › tests/e2e/media-loading.spec.ts:67:3 › initial framework rejection failure restores native readable content (1.3s)
  ✓  120 [desktop-firefox] › tests/e2e/media-loading.spec.ts:92:1 › visible artwork remains hidden and page scroll locked until complete decode (783ms)
  ✓  121 [desktop-firefox] › tests/e2e/media-loading.spec.ts:117:1 › offscreen pending artwork does not block the hero but blocks when reached (1.1s)
  ✓  122 [desktop-firefox] › tests/e2e/media-loading.spec.ts:145:1 › failed visible image has an accessible retry and successful recovery (923ms)
  ✓  118 [desktop-chromium] › tests/e2e/technology-viewer.spec.ts:404:1 › technology viewer hides landing paint beneath browser chrome and restores it on close (4.7s)
  ✓  124 [desktop-chromium] › tests/e2e/technology-viewer.spec.ts:447:1 › metal contour reaches mobile side edges and the image stays inside its cutout (712ms)
  ✓  125 [desktop-chromium] › tests/e2e/technology-viewer.spec.ts:477:1 › CyberMind PNGs retain native RGB, alpha and resolution outside title glyphs (154ms)
  ✓  123 [desktop-firefox] › tests/e2e/media-loading.spec.ts:166:1 › truncated visible image is never revealed as a partially decoded resource (1.2s)
  ✓  126 [desktop-chromium] › tests/e2e/technology-viewer.spec.ts:504:1 › CyberMind uses two interactive slides, a live title and two-axis navigation (969ms)
  ✓  127 [desktop-firefox] › tests/e2e/media-loading.spec.ts:186:1 › page gate suspends behind a native dialog and resumes missing page media after close (879ms)
  ✓  128 [desktop-chromium] › tests/e2e/technology-viewer.spec.ts:556:1 › CyberMind descriptions fit all locales and omit source folios (5.3s)
  ✓  129 [desktop-firefox] › tests/e2e/site.spec.ts:5:1 › responsive viewport, artwork, and primary actions (5.4s)
  ✓  130 [desktop-chromium] › tests/e2e/technology-viewer.spec.ts:582:1 › pending slide locks navigation and commits only fully loaded selection (840ms)
  ✓  132 [desktop-chromium] › tests/e2e/technology-viewer.spec.ts:603:1 › failed CyberMind warm and selection recover with explicit Retry without skipping the group (772ms)
  ✓  131 [desktop-firefox] › tests/e2e/site.spec.ts:173:36 › ru technology text groups are centered inside both fixed oval surfaces (1.5s)
  ✓  133 [desktop-chromium] › tests/e2e/technology-viewer.spec.ts:619:1 › pending group blocks gestures and repeated keys while close remains available (763ms)
(node:85317) Warning: The 'NO_COLOR' env is ignored due to the 'FORCE_COLOR' env being set.
(Use `node --trace-warnings ...` to show where the warning was created)
  ✓  134 [desktop-firefox] › tests/e2e/site.spec.ts:173:36 › en technology text groups are centered inside both fixed oval surfaces (1.3s)
  ✓  135 [desktop-firefox] › tests/e2e/technology-loading.spec.ts:7:1 › a partially transferred first photo stays hidden with true progress and locked navigation (1.5s)
  ✓  137 [desktop-firefox] › tests/e2e/technology-loading.spec.ts:61:1 › invalid first image has white backing and retry; close never traps the user (730ms)
  ✓  138 [desktop-firefox] › tests/e2e/technology-loading.spec.ts:79:1 › retry replaces a corrupt HTTP 200 retained in the real browser cache (750ms)
  ✓  139 [desktop-firefox] › tests/e2e/technology-loading.spec.ts:124:1 › horizontal swipes stop at both ends and reverse through preceding photos (691ms)
  ✓  140 [desktop-firefox] › tests/e2e/technology-loading.spec.ts:144:1 › contained artwork and controls adapt to short landscape, tablet and desktop (788ms)
  ✘  136 [desktop-firefox] › tests/e2e/site.spec.ts:360:3 › FAQ pointer-wheel input › FAQ always scrolls the document in closed and multi-open states (5.8s)
(node:85446) Warning: The 'NO_COLOR' env is ignored due to the 'FORCE_COLOR' env being set.
(Use `node --trace-warnings ...` to show where the warning was created)
  ✓  142 [desktop-firefox] › tests/e2e/technology-viewer.spec.ts:7:1 › technology artwork keeps its native proportions as Safari chrome changes the visible height (2.3s)
  ✓  143 [desktop-firefox] › tests/e2e/technology-viewer.spec.ts:50:1 › technology PNGs preserve every original pixel outside the title mask (375ms)
  ✓  141 [desktop-firefox] › tests/e2e/technology-loading.spec.ts:178:1 › loading and retry fit every locale including Arabic at a short phone height (5.7s)
  ✓  144 [desktop-firefox] › tests/e2e/technology-viewer.spec.ts:87:1 › technology descriptions render all source text in the decoded image coordinates (1.1s)
  ✓  145 [desktop-firefox] › tests/e2e/technology-viewer.spec.ts:118:1 › technology viewer opens from both story controls and pages through clean images (2.0s)
  ✓  146 [desktop-firefox] › tests/e2e/technology-viewer.spec.ts:212:1 › technology viewer supports touch pointers, Escape and Arabic framing (1.7s)
  ✓  147 [desktop-firefox] › tests/e2e/technology-viewer.spec.ts:258:1 › previous artwork stays visible while the next slide loads (560ms)
  ✓  148 [desktop-firefox] › tests/e2e/technology-viewer.spec.ts:281:1 › failed warm-up and failed selection retry the same image (1.2s)
  ✓  149 [desktop-firefox] › tests/e2e/technology-viewer.spec.ts:303:1 › two photos of each group warm after load; remaining photos start together on open (894ms)
  ✓  150 [desktop-firefox] › tests/e2e/technology-viewer.spec.ts:325:1 › incomplete hero protects the main view before technology can be opened (568ms)
  ✓  151 [desktop-firefox] › tests/e2e/technology-viewer.spec.ts:341:1 › four photos warm at low priority; retained decoded images are reused offline across groups (1.2s)
  ✓  152 [desktop-firefox] › tests/e2e/technology-viewer.spec.ts:388:1 › swipe completes when the pointer leaves the artwork (959ms)
  ✓  153 [desktop-firefox] › tests/e2e/technology-viewer.spec.ts:404:1 › technology viewer hides landing paint beneath browser chrome and restores it on close (2.3s)
  ✓  154 [desktop-firefox] › tests/e2e/technology-viewer.spec.ts:447:1 › metal contour reaches mobile side edges and the image stays inside its cutout (568ms)
  ✓  155 [desktop-firefox] › tests/e2e/technology-viewer.spec.ts:477:1 › CyberMind PNGs retain native RGB, alpha and resolution outside title glyphs (153ms)
  ✓  156 [desktop-firefox] › tests/e2e/technology-viewer.spec.ts:504:1 › CyberMind uses two interactive slides, a live title and two-axis navigation (1.3s)
  ✓  157 [desktop-firefox] › tests/e2e/technology-viewer.spec.ts:556:1 › CyberMind descriptions fit all locales and omit source folios (4.5s)
  ✓  158 [desktop-firefox] › tests/e2e/technology-viewer.spec.ts:582:1 › pending slide locks navigation and commits only fully loaded selection (635ms)
  ✓  159 [desktop-firefox] › tests/e2e/technology-viewer.spec.ts:603:1 › failed CyberMind warm and selection recover with explicit Retry without skipping the group (952ms)
  ✓  160 [desktop-firefox] › tests/e2e/technology-viewer.spec.ts:619:1 › pending group blocks gestures and repeated keys while close remains available (737ms)


  1) [iphone-17-pro-webkit] › tests/e2e/site.spec.ts:360:3 › FAQ pointer-wheel input › FAQ always scrolls the document in closed and multi-open states

    Error: expect(received).toBeGreaterThan(expected)

    Expected: > 20
    Received:   -0

    Call Log:
    - Timeout 5000ms exceeded while waiting on the predicate

      374 |           const before = await page.evaluate(() => scrollY);
      375 |           await page.mouse.wheel(0, delta);
    > 376 |           await expect.poll(async () => ((await page.evaluate(() => scrollY)) - before) * Math.sign(delta)).toBeGreaterThan(20);
          |                                                                                                             ^
      377 |           expect(await stack.evaluate(element => element.scrollTop)).toBe(0);
      378 |         }
      379 |       }
        at /Users/asmirnou/Projects/g/ramsider/tests/e2e/site.spec.ts:376:109

    attachment #1: screenshot (image/png) ──────────────────────────────────────────────────────────
    test-results/site-FAQ-pointer-wheel-inp-0d728-losed-and-multi-open-states-iphone-17-pro-webkit/test-failed-1.png
    ────────────────────────────────────────────────────────────────────────────────────────────────

    Error Context: test-results/site-FAQ-pointer-wheel-inp-0d728-losed-and-multi-open-states-iphone-17-pro-webkit/error-context.md

  2) [iphone-17-pro-max-webkit] › tests/e2e/media-loading.spec.ts:166:1 › truncated visible image is never revealed as a partially decoded resource

    Error: expect(locator).toBeVisible() failed

    Locator: getByRole('button', { name: 'Retry', exact: true })
    Expected: visible
    Timeout: 5000ms
    Error: element(s) not found

    Call log:
      - Expect "toBeVisible" getByRole('button', { name: 'Retry', exact: true }) with timeout 5000ms
      - waiting for getByRole('button', { name: 'Retry', exact: true })


      174 |   });
      175 |   await page.goto('/en', { waitUntil: 'domcontentloaded' });
    > 176 |   await expect(page.getByRole('button', { name: 'Retry', exact: true })).toBeVisible();
          |                                                                          ^
      177 |   await expect(page.locator('img[data-media][src="/art/00.webp"]')).not.toHaveAttribute('data-media-ready');
      178 |   await page.getByRole('button', { name: 'Retry', exact: true }).click();
      179 |   await expect(page.locator('.page-media-overlay')).toHaveCount(0);
        at /Users/asmirnou/Projects/g/ramsider/tests/e2e/media-loading.spec.ts:176:74

    attachment #1: screenshot (image/png) ──────────────────────────────────────────────────────────
    test-results/media-loading-truncated-vi-c2f2d--partially-decoded-resource-iphone-17-pro-max-webkit/test-failed-1.png
    ────────────────────────────────────────────────────────────────────────────────────────────────

    Error Context: test-results/media-loading-truncated-vi-c2f2d--partially-decoded-resource-iphone-17-pro-max-webkit/error-context.md

  3) [iphone-17-pro-max-webkit] › tests/e2e/site.spec.ts:360:3 › FAQ pointer-wheel input › FAQ always scrolls the document in closed and multi-open states

    Error: expect(received).toBeGreaterThan(expected)

    Expected: > 20
    Received:   -0

    Call Log:
    - Timeout 5000ms exceeded while waiting on the predicate

      374 |           const before = await page.evaluate(() => scrollY);
      375 |           await page.mouse.wheel(0, delta);
    > 376 |           await expect.poll(async () => ((await page.evaluate(() => scrollY)) - before) * Math.sign(delta)).toBeGreaterThan(20);
          |                                                                                                             ^
      377 |           expect(await stack.evaluate(element => element.scrollTop)).toBe(0);
      378 |         }
      379 |       }
        at /Users/asmirnou/Projects/g/ramsider/tests/e2e/site.spec.ts:376:109

    attachment #1: screenshot (image/png) ──────────────────────────────────────────────────────────
    test-results/site-FAQ-pointer-wheel-inp-0d728-losed-and-multi-open-states-iphone-17-pro-max-webkit/test-failed-1.png
    ────────────────────────────────────────────────────────────────────────────────────────────────

    Error Context: test-results/site-FAQ-pointer-wheel-inp-0d728-losed-and-multi-open-states-iphone-17-pro-max-webkit/error-context.md

  4) [desktop-chromium] › tests/e2e/site.spec.ts:173:36 › ru technology text groups are centered inside both fixed oval surfaces

    Error: expect(locator).toBeVisible() failed

    Locator: locator('#technology-viewer:modal')
    Expected: visible
    Timeout: 5000ms
    Error: element(s) not found

    Call log:
      - Expect "toBeVisible" locator('#technology-viewer:modal') with timeout 5000ms
      - waiting for locator('#technology-viewer:modal')


      240 |     await button.focus();
      241 |     await button.press('Enter');
    > 242 |     await expect(page.locator('#technology-viewer:modal')).toBeVisible();
          |                                                            ^
      243 |     await page.keyboard.press('Escape');
      244 |     await expect(button).toBeFocused();
      245 |   }
        at /Users/asmirnou/Projects/g/ramsider/tests/e2e/site.spec.ts:242:60

    attachment #1: screenshot (image/png) ──────────────────────────────────────────────────────────
    test-results/site-ru-technology-text-gr-788c6-de-both-fixed-oval-surfaces-desktop-chromium/test-failed-1.png
    ────────────────────────────────────────────────────────────────────────────────────────────────

    Error Context: test-results/site-ru-technology-text-gr-788c6-de-both-fixed-oval-surfaces-desktop-chromium/error-context.md

  5) [desktop-chromium] › tests/e2e/site.spec.ts:173:36 › en technology text groups are centered inside both fixed oval surfaces

    Error: expect(locator).toBeVisible() failed

    Locator: locator('#technology-viewer:modal')
    Expected: visible
    Timeout: 5000ms
    Error: element(s) not found

    Call log:
      - Expect "toBeVisible" locator('#technology-viewer:modal') with timeout 5000ms
      - waiting for locator('#technology-viewer:modal')


      240 |     await button.focus();
      241 |     await button.press('Enter');
    > 242 |     await expect(page.locator('#technology-viewer:modal')).toBeVisible();
          |                                                            ^
      243 |     await page.keyboard.press('Escape');
      244 |     await expect(button).toBeFocused();
      245 |   }
        at /Users/asmirnou/Projects/g/ramsider/tests/e2e/site.spec.ts:242:60

    attachment #1: screenshot (image/png) ──────────────────────────────────────────────────────────
    test-results/site-en-technology-text-gr-aaf39-de-both-fixed-oval-surfaces-desktop-chromium/test-failed-1.png
    ────────────────────────────────────────────────────────────────────────────────────────────────

    Error Context: test-results/site-en-technology-text-gr-aaf39-de-both-fixed-oval-surfaces-desktop-chromium/error-context.md

  6) [desktop-chromium] › tests/e2e/site.spec.ts:360:3 › FAQ pointer-wheel input › FAQ always scrolls the document in closed and multi-open states

    Error: expect(received).toBeGreaterThan(expected)

    Expected: > 20
    Received:   -0

    Call Log:
    - Timeout 5000ms exceeded while waiting on the predicate

      374 |           const before = await page.evaluate(() => scrollY);
      375 |           await page.mouse.wheel(0, delta);
    > 376 |           await expect.poll(async () => ((await page.evaluate(() => scrollY)) - before) * Math.sign(delta)).toBeGreaterThan(20);
          |                                                                                                             ^
      377 |           expect(await stack.evaluate(element => element.scrollTop)).toBe(0);
      378 |         }
      379 |       }
        at /Users/asmirnou/Projects/g/ramsider/tests/e2e/site.spec.ts:376:109

    attachment #1: screenshot (image/png) ──────────────────────────────────────────────────────────
    test-results/site-FAQ-pointer-wheel-inp-0d728-losed-and-multi-open-states-desktop-chromium/test-failed-1.png
    ────────────────────────────────────────────────────────────────────────────────────────────────

    Error Context: test-results/site-FAQ-pointer-wheel-inp-0d728-losed-and-multi-open-states-desktop-chromium/error-context.md

  7) [desktop-firefox] › tests/e2e/site.spec.ts:360:3 › FAQ pointer-wheel input › FAQ always scrolls the document in closed and multi-open states

    Error: expect(received).toBeGreaterThan(expected)

    Expected: > 20
    Received:   -0

    Call Log:
    - Timeout 5000ms exceeded while waiting on the predicate

      374 |           const before = await page.evaluate(() => scrollY);
      375 |           await page.mouse.wheel(0, delta);
    > 376 |           await expect.poll(async () => ((await page.evaluate(() => scrollY)) - before) * Math.sign(delta)).toBeGreaterThan(20);
          |                                                                                                             ^
      377 |           expect(await stack.evaluate(element => element.scrollTop)).toBe(0);
      378 |         }
      379 |       }
        at /Users/asmirnou/Projects/g/ramsider/tests/e2e/site.spec.ts:376:109

    attachment #1: screenshot (image/png) ──────────────────────────────────────────────────────────
    test-results/site-FAQ-pointer-wheel-inp-0d728-losed-and-multi-open-states-desktop-firefox/test-failed-1.png
    ────────────────────────────────────────────────────────────────────────────────────────────────

    Error Context: test-results/site-FAQ-pointer-wheel-inp-0d728-losed-and-multi-open-states-desktop-firefox/error-context.md

  7 failed
    [iphone-17-pro-webkit] › tests/e2e/site.spec.ts:360:3 › FAQ pointer-wheel input › FAQ always scrolls the document in closed and multi-open states
    [iphone-17-pro-max-webkit] › tests/e2e/media-loading.spec.ts:166:1 › truncated visible image is never revealed as a partially decoded resource
    [iphone-17-pro-max-webkit] › tests/e2e/site.spec.ts:360:3 › FAQ pointer-wheel input › FAQ always scrolls the document in closed and multi-open states
    [desktop-chromium] › tests/e2e/site.spec.ts:173:36 › ru technology text groups are centered inside both fixed oval surfaces
    [desktop-chromium] › tests/e2e/site.spec.ts:173:36 › en technology text groups are centered inside both fixed oval surfaces
    [desktop-chromium] › tests/e2e/site.spec.ts:360:3 › FAQ pointer-wheel input › FAQ always scrolls the document in closed and multi-open states
    [desktop-firefox] › tests/e2e/site.spec.ts:360:3 › FAQ pointer-wheel input › FAQ always scrolls the document in closed and multi-open states
  153 passed (2.5m)
