
Running 132 tests using 2 workers

(node:67571) Warning: The 'NO_COLOR' env is ignored due to the 'FORCE_COLOR' env being set.
(Use `node --trace-warnings ...` to show where the warning was created)
(node:67572) Warning: The 'NO_COLOR' env is ignored due to the 'FORCE_COLOR' env being set.
(Use `node --trace-warnings ...` to show where the warning was created)
  ✓    1 [iphone-17-pro-webkit] › tests/e2e/media-loading.spec.ts:3:1 › without JavaScript the native page artwork, text and FAQ remain usable (1.7s)
  ✓    2 [iphone-17-pro-webkit] › tests/e2e/technology-loading.spec.ts:7:1 › a partially transferred first photo stays hidden with true progress and locked navigation (2.1s)
  ✓    3 [iphone-17-pro-webkit] › tests/e2e/media-loading.spec.ts:23:1 › early bootstrap protects held artwork before framework hydration (1.0s)
  ✓    5 [iphone-17-pro-webkit] › tests/e2e/media-loading.spec.ts:49:1 › initial framework script network failure falls back to native readable content (853ms)
  ✓    4 [iphone-17-pro-webkit] › tests/e2e/technology-loading.spec.ts:61:1 › invalid first image has white backing and retry; close never traps the user (1.5s)
  ✓    6 [iphone-17-pro-webkit] › tests/e2e/media-loading.spec.ts:64:1 › visible artwork remains hidden and page scroll locked until complete decode (832ms)
  ✓    7 [iphone-17-pro-webkit] › tests/e2e/technology-loading.spec.ts:79:1 › retry replaces a corrupt HTTP 200 retained in the real browser cache (1.2s)
  ✓    8 [iphone-17-pro-webkit] › tests/e2e/media-loading.spec.ts:89:1 › offscreen pending artwork does not block the hero but blocks when reached (1.3s)
  ✓    9 [iphone-17-pro-webkit] › tests/e2e/technology-loading.spec.ts:124:1 › horizontal swipes stop at both ends and reverse through preceding photos (1.1s)
  ✓   11 [iphone-17-pro-webkit] › tests/e2e/technology-loading.spec.ts:144:1 › contained artwork and controls adapt to short landscape, tablet and desktop (1.9s)
  ✘   10 [iphone-17-pro-webkit] › tests/e2e/media-loading.spec.ts:117:1 › failed visible image has an accessible retry and successful recovery (5.5s)
(node:67937) Warning: The 'NO_COLOR' env is ignored due to the 'FORCE_COLOR' env being set.
(Use `node --trace-warnings ...` to show where the warning was created)
  ✓   12 [iphone-17-pro-webkit] › tests/e2e/technology-loading.spec.ts:177:1 › loading and retry fit every locale including Arabic at a short phone height (5.3s)
  ✓   13 [iphone-17-pro-webkit] › tests/e2e/media-loading.spec.ts:132:1 › truncated visible image is never revealed as a partially decoded resource (928ms)
  ✓   15 [iphone-17-pro-webkit] › tests/e2e/media-loading.spec.ts:152:1 › page gate suspends behind a native dialog and resumes missing page media after close (692ms)
  ✓   14 [iphone-17-pro-webkit] › tests/e2e/technology-viewer.spec.ts:7:1 › technology artwork keeps its native proportions as Safari chrome changes the visible height (1.3s)
(node:67978) Warning: The 'NO_COLOR' env is ignored due to the 'FORCE_COLOR' env being set.
(Use `node --trace-warnings ...` to show where the warning was created)
  ✓   16 [iphone-17-pro-webkit] › tests/e2e/technology-viewer.spec.ts:50:1 › technology PNGs preserve every original pixel outside the title mask (318ms)
  ✓   17 [iphone-17-pro-max-webkit] › tests/e2e/media-loading.spec.ts:3:1 › without JavaScript the native page artwork, text and FAQ remain usable (1.0s)
  ✓   18 [iphone-17-pro-webkit] › tests/e2e/technology-viewer.spec.ts:87:1 › technology descriptions render all source text in the decoded image coordinates (2.0s)
  ✓   19 [iphone-17-pro-max-webkit] › tests/e2e/media-loading.spec.ts:23:1 › early bootstrap protects held artwork before framework hydration (825ms)
  ✓   21 [iphone-17-pro-max-webkit] › tests/e2e/media-loading.spec.ts:49:1 › initial framework script network failure falls back to native readable content (897ms)
  ✓   22 [iphone-17-pro-max-webkit] › tests/e2e/media-loading.spec.ts:64:1 › visible artwork remains hidden and page scroll locked until complete decode (852ms)
  ✓   23 [iphone-17-pro-max-webkit] › tests/e2e/media-loading.spec.ts:89:1 › offscreen pending artwork does not block the hero but blocks when reached (922ms)
  ✓   20 [iphone-17-pro-webkit] › tests/e2e/technology-viewer.spec.ts:118:1 › technology viewer opens from both story controls and pages through clean images (3.6s)
  ✓   25 [iphone-17-pro-webkit] › tests/e2e/technology-viewer.spec.ts:212:1 › technology viewer supports touch pointers, Escape and Arabic framing (1.8s)
  ✓   26 [iphone-17-pro-webkit] › tests/e2e/technology-viewer.spec.ts:258:1 › previous artwork stays visible while the next slide loads (866ms)
  ✓   27 [iphone-17-pro-webkit] › tests/e2e/technology-viewer.spec.ts:281:1 › failed warm-up and failed selection retry the same image (1.4s)
  ✘   24 [iphone-17-pro-max-webkit] › tests/e2e/media-loading.spec.ts:117:1 › failed visible image has an accessible retry and successful recovery (5.4s)
(node:68203) Warning: The 'NO_COLOR' env is ignored due to the 'FORCE_COLOR' env being set.
(Use `node --trace-warnings ...` to show where the warning was created)
  ✓   28 [iphone-17-pro-webkit] › tests/e2e/technology-viewer.spec.ts:303:1 › two photos of each group warm after load; remaining photos start together on open (1.1s)
  ✓   30 [iphone-17-pro-webkit] › tests/e2e/technology-viewer.spec.ts:325:1 › incomplete hero protects the main view before technology can be opened (981ms)
  ✓   29 [iphone-17-pro-max-webkit] › tests/e2e/media-loading.spec.ts:132:1 › truncated visible image is never revealed as a partially decoded resource (1.2s)
  ✓   32 [iphone-17-pro-max-webkit] › tests/e2e/media-loading.spec.ts:152:1 › page gate suspends behind a native dialog and resumes missing page media after close (1.0s)
  ✓   31 [iphone-17-pro-webkit] › tests/e2e/technology-viewer.spec.ts:341:1 › four photos warm at low priority; retained decoded images are reused offline across groups (1.9s)
  ✓   33 [iphone-17-pro-max-webkit] › tests/e2e/technology-loading.spec.ts:7:1 › a partially transferred first photo stays hidden with true progress and locked navigation (1.2s)
  ✓   34 [iphone-17-pro-webkit] › tests/e2e/technology-viewer.spec.ts:388:1 › swipe completes when the pointer leaves the artwork (1.6s)
  ✓   35 [iphone-17-pro-max-webkit] › tests/e2e/technology-loading.spec.ts:61:1 › invalid first image has white backing and retry; close never traps the user (1.1s)
  ✓   37 [iphone-17-pro-max-webkit] › tests/e2e/technology-loading.spec.ts:79:1 › retry replaces a corrupt HTTP 200 retained in the real browser cache (1.1s)
  ✓   38 [iphone-17-pro-max-webkit] › tests/e2e/technology-loading.spec.ts:124:1 › horizontal swipes stop at both ends and reverse through preceding photos (1.0s)
  ✓   36 [iphone-17-pro-webkit] › tests/e2e/technology-viewer.spec.ts:404:1 › technology viewer hides landing paint beneath browser chrome and restores it on close (3.8s)
  ✓   39 [iphone-17-pro-max-webkit] › tests/e2e/technology-loading.spec.ts:144:1 › contained artwork and controls adapt to short landscape, tablet and desktop (2.0s)
  ✓   40 [iphone-17-pro-webkit] › tests/e2e/technology-viewer.spec.ts:447:1 › metal contour reaches mobile side edges and the image stays inside its cutout (1.2s)
  ✓   42 [iphone-17-pro-webkit] › tests/e2e/technology-viewer.spec.ts:477:1 › CyberMind PNGs retain native RGB, alpha and resolution outside title glyphs (211ms)
  ✓   43 [iphone-17-pro-webkit] › tests/e2e/technology-viewer.spec.ts:504:1 › CyberMind uses two interactive slides, a live title and two-axis navigation (2.7s)
  ✓   41 [iphone-17-pro-max-webkit] › tests/e2e/technology-loading.spec.ts:177:1 › loading and retry fit every locale including Arabic at a short phone height (5.9s)
  ✓   45 [iphone-17-pro-max-webkit] › tests/e2e/technology-viewer.spec.ts:7:1 › technology artwork keeps its native proportions as Safari chrome changes the visible height (1.4s)
  ✓   46 [iphone-17-pro-max-webkit] › tests/e2e/technology-viewer.spec.ts:50:1 › technology PNGs preserve every original pixel outside the title mask (291ms)
  ✓   44 [iphone-17-pro-webkit] › tests/e2e/technology-viewer.spec.ts:556:1 › CyberMind descriptions fit all locales and omit source folios (6.4s)
  ✓   47 [iphone-17-pro-max-webkit] › tests/e2e/technology-viewer.spec.ts:87:1 › technology descriptions render all source text in the decoded image coordinates (2.2s)
  ✓   48 [iphone-17-pro-webkit] › tests/e2e/technology-viewer.spec.ts:582:1 › pending slide locks navigation and commits only fully loaded selection (1.0s)
  ✓   50 [iphone-17-pro-webkit] › tests/e2e/technology-viewer.spec.ts:603:1 › failed CyberMind warm and selection recover with explicit Retry without skipping the group (956ms)
  ✓   51 [iphone-17-pro-webkit] › tests/e2e/technology-viewer.spec.ts:619:1 › pending group blocks gestures and repeated keys while close remains available (1.0s)
  ✓   49 [iphone-17-pro-max-webkit] › tests/e2e/technology-viewer.spec.ts:118:1 › technology viewer opens from both story controls and pages through clean images (3.1s)
(node:68437) Warning: The 'NO_COLOR' env is ignored due to the 'FORCE_COLOR' env being set.
(Use `node --trace-warnings ...` to show where the warning was created)
  ✓   53 [desktop-chromium] › tests/e2e/media-loading.spec.ts:3:1 › without JavaScript the native page artwork, text and FAQ remain usable (1.0s)
  ✓   52 [iphone-17-pro-max-webkit] › tests/e2e/technology-viewer.spec.ts:212:1 › technology viewer supports touch pointers, Escape and Arabic framing (1.9s)
  ✓   54 [desktop-chromium] › tests/e2e/media-loading.spec.ts:23:1 › early bootstrap protects held artwork before framework hydration (634ms)
  ✓   55 [iphone-17-pro-max-webkit] › tests/e2e/technology-viewer.spec.ts:258:1 › previous artwork stays visible while the next slide loads (916ms)
  ✓   56 [desktop-chromium] › tests/e2e/media-loading.spec.ts:49:1 › initial framework script network failure falls back to native readable content (391ms)
  ✓   58 [desktop-chromium] › tests/e2e/media-loading.spec.ts:64:1 › visible artwork remains hidden and page scroll locked until complete decode (335ms)
  ✓   59 [desktop-chromium] › tests/e2e/media-loading.spec.ts:89:1 › offscreen pending artwork does not block the hero but blocks when reached (705ms)
  ✓   57 [iphone-17-pro-max-webkit] › tests/e2e/technology-viewer.spec.ts:281:1 › failed warm-up and failed selection retry the same image (1.4s)
  ✓   60 [desktop-chromium] › tests/e2e/media-loading.spec.ts:117:1 › failed visible image has an accessible retry and successful recovery (444ms)
  ✓   62 [desktop-chromium] › tests/e2e/media-loading.spec.ts:132:1 › truncated visible image is never revealed as a partially decoded resource (374ms)
  ✓   63 [desktop-chromium] › tests/e2e/media-loading.spec.ts:152:1 › page gate suspends behind a native dialog and resumes missing page media after close (406ms)
  ✓   61 [iphone-17-pro-max-webkit] › tests/e2e/technology-viewer.spec.ts:303:1 › two photos of each group warm after load; remaining photos start together on open (1.0s)
  ✓   64 [desktop-chromium] › tests/e2e/technology-loading.spec.ts:7:1 › a partially transferred first photo stays hidden with true progress and locked navigation (702ms)
  ✓   65 [iphone-17-pro-max-webkit] › tests/e2e/technology-viewer.spec.ts:325:1 › incomplete hero protects the main view before technology can be opened (856ms)
  ✓   66 [desktop-chromium] › tests/e2e/technology-loading.spec.ts:61:1 › invalid first image has white backing and retry; close never traps the user (797ms)
  ✓   68 [desktop-chromium] › tests/e2e/technology-loading.spec.ts:79:1 › retry replaces a corrupt HTTP 200 retained in the real browser cache (713ms)
  ✓   67 [iphone-17-pro-max-webkit] › tests/e2e/technology-viewer.spec.ts:341:1 › four photos warm at low priority; retained decoded images are reused offline across groups (1.4s)
  ✓   69 [desktop-chromium] › tests/e2e/technology-loading.spec.ts:124:1 › horizontal swipes stop at both ends and reverse through preceding photos (845ms)
  ✓   70 [iphone-17-pro-max-webkit] › tests/e2e/technology-viewer.spec.ts:388:1 › swipe completes when the pointer leaves the artwork (2.3s)
  ✘   71 [desktop-chromium] › tests/e2e/technology-loading.spec.ts:144:1 › contained artwork and controls adapt to short landscape, tablet and desktop (2.2s)
(node:68587) Warning: The 'NO_COLOR' env is ignored due to the 'FORCE_COLOR' env being set.
(Use `node --trace-warnings ...` to show where the warning was created)
  ✓   72 [iphone-17-pro-max-webkit] › tests/e2e/technology-viewer.spec.ts:404:1 › technology viewer hides landing paint beneath browser chrome and restores it on close (3.8s)
  ✓   74 [iphone-17-pro-max-webkit] › tests/e2e/technology-viewer.spec.ts:447:1 › metal contour reaches mobile side edges and the image stays inside its cutout (2.0s)
  ✓   75 [iphone-17-pro-max-webkit] › tests/e2e/technology-viewer.spec.ts:477:1 › CyberMind PNGs retain native RGB, alpha and resolution outside title glyphs (464ms)
  ✓   76 [iphone-17-pro-max-webkit] › tests/e2e/technology-viewer.spec.ts:504:1 › CyberMind uses two interactive slides, a live title and two-axis navigation (2.6s)
  ✓   73 [desktop-chromium] › tests/e2e/technology-loading.spec.ts:177:1 › loading and retry fit every locale including Arabic at a short phone height (7.6s)
  ✓   78 [desktop-chromium] › tests/e2e/technology-viewer.spec.ts:7:1 › technology artwork keeps its native proportions as Safari chrome changes the visible height (1.1s)
  ✓   79 [desktop-chromium] › tests/e2e/technology-viewer.spec.ts:50:1 › technology PNGs preserve every original pixel outside the title mask (633ms)
  ✓   80 [desktop-chromium] › tests/e2e/technology-viewer.spec.ts:87:1 › technology descriptions render all source text in the decoded image coordinates (1.1s)
  ✓   81 [desktop-chromium] › tests/e2e/technology-viewer.spec.ts:118:1 › technology viewer opens from both story controls and pages through clean images (3.3s)
  ✓   82 [desktop-chromium] › tests/e2e/technology-viewer.spec.ts:212:1 › technology viewer supports touch pointers, Escape and Arabic framing (1.6s)
  ✓   83 [desktop-chromium] › tests/e2e/technology-viewer.spec.ts:258:1 › previous artwork stays visible while the next slide loads (644ms)
  ✓   84 [desktop-chromium] › tests/e2e/technology-viewer.spec.ts:281:1 › failed warm-up and failed selection retry the same image (1.3s)
  ✓   85 [desktop-chromium] › tests/e2e/technology-viewer.spec.ts:303:1 › two photos of each group warm after load; remaining photos start together on open (851ms)
  ✓   86 [desktop-chromium] › tests/e2e/technology-viewer.spec.ts:325:1 › incomplete hero protects the main view before technology can be opened (598ms)
  ✓   87 [desktop-chromium] › tests/e2e/technology-viewer.spec.ts:341:1 › four photos warm at low priority; retained decoded images are reused offline across groups (1.1s)
  ✓   88 [desktop-chromium] › tests/e2e/technology-viewer.spec.ts:388:1 › swipe completes when the pointer leaves the artwork (2.4s)
  ✓   89 [desktop-chromium] › tests/e2e/technology-viewer.spec.ts:404:1 › technology viewer hides landing paint beneath browser chrome and restores it on close (4.9s)
  ✓   90 [desktop-chromium] › tests/e2e/technology-viewer.spec.ts:447:1 › metal contour reaches mobile side edges and the image stays inside its cutout (2.1s)
  ✓   91 [desktop-chromium] › tests/e2e/technology-viewer.spec.ts:477:1 › CyberMind PNGs retain native RGB, alpha and resolution outside title glyphs (297ms)
  ✓   92 [desktop-chromium] › tests/e2e/technology-viewer.spec.ts:504:1 › CyberMind uses two interactive slides, a live title and two-axis navigation (1.1s)
  ✘   77 [iphone-17-pro-max-webkit] › tests/e2e/technology-viewer.spec.ts:556:1 › CyberMind descriptions fit all locales and omit source folios (30.5s)
(node:68946) Warning: The 'NO_COLOR' env is ignored due to the 'FORCE_COLOR' env being set.
(Use `node --trace-warnings ...` to show where the warning was created)
  ✓   94 [iphone-17-pro-max-webkit] › tests/e2e/technology-viewer.spec.ts:582:1 › pending slide locks navigation and commits only fully loaded selection (1.1s)
  ✓   95 [iphone-17-pro-max-webkit] › tests/e2e/technology-viewer.spec.ts:603:1 › failed CyberMind warm and selection recover with explicit Retry without skipping the group (1.1s)
  ✓   96 [iphone-17-pro-max-webkit] › tests/e2e/technology-viewer.spec.ts:619:1 › pending group blocks gestures and repeated keys while close remains available (1.0s)
(node:69050) Warning: The 'NO_COLOR' env is ignored due to the 'FORCE_COLOR' env being set.
(Use `node --trace-warnings ...` to show where the warning was created)
  ✓   93 [desktop-chromium] › tests/e2e/technology-viewer.spec.ts:556:1 › CyberMind descriptions fit all locales and omit source folios (25.0s)
  ✓   98 [desktop-chromium] › tests/e2e/technology-viewer.spec.ts:582:1 › pending slide locks navigation and commits only fully loaded selection (911ms)
  ✓   99 [desktop-chromium] › tests/e2e/technology-viewer.spec.ts:603:1 › failed CyberMind warm and selection recover with explicit Retry without skipping the group (948ms)
  ✓  100 [desktop-chromium] › tests/e2e/technology-viewer.spec.ts:619:1 › pending group blocks gestures and repeated keys while close remains available (894ms)
(node:69192) Warning: The 'NO_COLOR' env is ignored due to the 'FORCE_COLOR' env being set.
(Use `node --trace-warnings ...` to show where the warning was created)
  ✓  101 [desktop-firefox] › tests/e2e/technology-loading.spec.ts:7:1 › a partially transferred first photo stays hidden with true progress and locked navigation (1.4s)
  ✓  102 [desktop-firefox] › tests/e2e/technology-loading.spec.ts:61:1 › invalid first image has white backing and retry; close never traps the user (789ms)
  ✓  103 [desktop-firefox] › tests/e2e/technology-loading.spec.ts:79:1 › retry replaces a corrupt HTTP 200 retained in the real browser cache (744ms)
  ✓  104 [desktop-firefox] › tests/e2e/technology-loading.spec.ts:124:1 › horizontal swipes stop at both ends and reverse through preceding photos (564ms)
  ✘  105 [desktop-firefox] › tests/e2e/technology-loading.spec.ts:144:1 › contained artwork and controls adapt to short landscape, tablet and desktop (572ms)
(node:69313) Warning: The 'NO_COLOR' env is ignored due to the 'FORCE_COLOR' env being set.
(Use `node --trace-warnings ...` to show where the warning was created)
  ✓  106 [desktop-firefox] › tests/e2e/technology-loading.spec.ts:177:1 › loading and retry fit every locale including Arabic at a short phone height (5.4s)
  ✓  107 [desktop-firefox] › tests/e2e/technology-viewer.spec.ts:7:1 › technology artwork keeps its native proportions as Safari chrome changes the visible height (833ms)
  ✓  108 [desktop-firefox] › tests/e2e/technology-viewer.spec.ts:50:1 › technology PNGs preserve every original pixel outside the title mask (328ms)
  ✓  109 [desktop-firefox] › tests/e2e/technology-viewer.spec.ts:87:1 › technology descriptions render all source text in the decoded image coordinates (962ms)
  ✘   97 [desktop-firefox] › tests/e2e/media-loading.spec.ts:3:1 › without JavaScript the native page artwork, text and FAQ remain usable (30.4s)
(node:69405) Warning: The 'NO_COLOR' env is ignored due to the 'FORCE_COLOR' env being set.
(Use `node --trace-warnings ...` to show where the warning was created)
  ✓  110 [desktop-firefox] › tests/e2e/technology-viewer.spec.ts:118:1 › technology viewer opens from both story controls and pages through clean images (2.5s)
  ✓  111 [desktop-firefox] › tests/e2e/media-loading.spec.ts:23:1 › early bootstrap protects held artwork before framework hydration (2.0s)
  ✓  112 [desktop-firefox] › tests/e2e/technology-viewer.spec.ts:212:1 › technology viewer supports touch pointers, Escape and Arabic framing (2.2s)
  ✓  113 [desktop-firefox] › tests/e2e/media-loading.spec.ts:49:1 › initial framework script network failure falls back to native readable content (1.1s)
  ✓  114 [desktop-firefox] › tests/e2e/technology-viewer.spec.ts:258:1 › previous artwork stays visible while the next slide loads (886ms)
  ✓  115 [desktop-firefox] › tests/e2e/media-loading.spec.ts:64:1 › visible artwork remains hidden and page scroll locked until complete decode (1.2s)
  ✓  116 [desktop-firefox] › tests/e2e/technology-viewer.spec.ts:281:1 › failed warm-up and failed selection retry the same image (1.3s)
  ✓  117 [desktop-firefox] › tests/e2e/media-loading.spec.ts:89:1 › offscreen pending artwork does not block the hero but blocks when reached (991ms)
  ✓  118 [desktop-firefox] › tests/e2e/technology-viewer.spec.ts:303:1 › two photos of each group warm after load; remaining photos start together on open (735ms)
  ✓  120 [desktop-firefox] › tests/e2e/technology-viewer.spec.ts:325:1 › incomplete hero protects the main view before technology can be opened (736ms)
  ✓  119 [desktop-firefox] › tests/e2e/media-loading.spec.ts:117:1 › failed visible image has an accessible retry and successful recovery (1.1s)
  ✓  122 [desktop-firefox] › tests/e2e/media-loading.spec.ts:132:1 › truncated visible image is never revealed as a partially decoded resource (945ms)
  ✓  121 [desktop-firefox] › tests/e2e/technology-viewer.spec.ts:341:1 › four photos warm at low priority; retained decoded images are reused offline across groups (1.7s)
  ✓  123 [desktop-firefox] › tests/e2e/media-loading.spec.ts:152:1 › page gate suspends behind a native dialog and resumes missing page media after close (957ms)
  ✓  124 [desktop-firefox] › tests/e2e/technology-viewer.spec.ts:388:1 › swipe completes when the pointer leaves the artwork (1.9s)
  ✓  125 [desktop-firefox] › tests/e2e/technology-viewer.spec.ts:404:1 › technology viewer hides landing paint beneath browser chrome and restores it on close (2.8s)
  ✓  126 [desktop-firefox] › tests/e2e/technology-viewer.spec.ts:447:1 › metal contour reaches mobile side edges and the image stays inside its cutout (522ms)
  ✓  127 [desktop-firefox] › tests/e2e/technology-viewer.spec.ts:477:1 › CyberMind PNGs retain native RGB, alpha and resolution outside title glyphs (169ms)
  ✓  128 [desktop-firefox] › tests/e2e/technology-viewer.spec.ts:504:1 › CyberMind uses two interactive slides, a live title and two-axis navigation (2.5s)
  ✓  129 [desktop-firefox] › tests/e2e/technology-viewer.spec.ts:556:1 › CyberMind descriptions fit all locales and omit source folios (5.1s)
  ✓  130 [desktop-firefox] › tests/e2e/technology-viewer.spec.ts:582:1 › pending slide locks navigation and commits only fully loaded selection (690ms)
  ✓  131 [desktop-firefox] › tests/e2e/technology-viewer.spec.ts:603:1 › failed CyberMind warm and selection recover with explicit Retry without skipping the group (656ms)
  ✓  132 [desktop-firefox] › tests/e2e/technology-viewer.spec.ts:619:1 › pending group blocks gestures and repeated keys while close remains available (699ms)


  1) [iphone-17-pro-webkit] › tests/e2e/media-loading.spec.ts:117:1 › failed visible image has an accessible retry and successful recovery

    Error: expect(locator).toBeVisible() failed

    Locator: getByRole('button', { name: 'Retry', exact: true })
    Expected: visible
    Timeout: 5000ms
    Error: element(s) not found

    Call log:
      - Expect "toBeVisible" getByRole('button', { name: 'Retry', exact: true }) with timeout 5000ms
      - waiting for getByRole('button', { name: 'Retry', exact: true })


      122 |   });
      123 |   await page.goto('/en', { waitUntil: 'domcontentloaded' });
    > 124 |   await expect(page.getByRole('button', { name: 'Retry', exact: true })).toBeVisible();
          |                                                                          ^
      125 |   await expect(page.locator('img[data-media][src="/art/00.webp"]')).toBeHidden();
      126 |   await page.getByRole('button', { name: 'Retry', exact: true }).click();
      127 |   await expect(page.locator('.page-media-overlay')).toHaveCount(0);
        at /Users/asmirnou/Projects/g/ramsider/tests/e2e/media-loading.spec.ts:124:74

    attachment #1: screenshot (image/png) ──────────────────────────────────────────────────────────
    test-results/media-loading-failed-visib-a17f2-try-and-successful-recovery-iphone-17-pro-webkit/test-failed-1.png
    ────────────────────────────────────────────────────────────────────────────────────────────────

    Error Context: test-results/media-loading-failed-visib-a17f2-try-and-successful-recovery-iphone-17-pro-webkit/error-context.md

  2) [iphone-17-pro-max-webkit] › tests/e2e/media-loading.spec.ts:117:1 › failed visible image has an accessible retry and successful recovery

    Error: expect(locator).toBeVisible() failed

    Locator: getByRole('button', { name: 'Retry', exact: true })
    Expected: visible
    Timeout: 5000ms
    Error: element(s) not found

    Call log:
      - Expect "toBeVisible" getByRole('button', { name: 'Retry', exact: true }) with timeout 5000ms
      - waiting for getByRole('button', { name: 'Retry', exact: true })


      122 |   });
      123 |   await page.goto('/en', { waitUntil: 'domcontentloaded' });
    > 124 |   await expect(page.getByRole('button', { name: 'Retry', exact: true })).toBeVisible();
          |                                                                          ^
      125 |   await expect(page.locator('img[data-media][src="/art/00.webp"]')).toBeHidden();
      126 |   await page.getByRole('button', { name: 'Retry', exact: true }).click();
      127 |   await expect(page.locator('.page-media-overlay')).toHaveCount(0);
        at /Users/asmirnou/Projects/g/ramsider/tests/e2e/media-loading.spec.ts:124:74

    attachment #1: screenshot (image/png) ──────────────────────────────────────────────────────────
    test-results/media-loading-failed-visib-a17f2-try-and-successful-recovery-iphone-17-pro-max-webkit/test-failed-1.png
    ────────────────────────────────────────────────────────────────────────────────────────────────

    Error Context: test-results/media-loading-failed-visib-a17f2-try-and-successful-recovery-iphone-17-pro-max-webkit/error-context.md

  3) [iphone-17-pro-max-webkit] › tests/e2e/technology-viewer.spec.ts:556:1 › CyberMind descriptions fit all locales and omit source folios

    Test timeout of 30000ms exceeded.

    Error: locator.click: Test timeout of 30000ms exceeded.
    Call log:
      - waiting for locator('.technology-viewer__next-group')


      558 |     await page.goto(`/${locale}`);
      559 |     await page.locator('[data-technology-open]').first().click();
    > 560 |     await page.locator('.technology-viewer__next-group').click();
          |                                                          ^
      561 |     await expect(page.locator('#technology-viewer')).toHaveAttribute('data-group', 'CyberMind');
      562 |     for (let slide = 0; slide < 2; slide++) {
      563 |       await page.locator('.technology-viewer__dots button').nth(slide).click();
        at /Users/asmirnou/Projects/g/ramsider/tests/e2e/technology-viewer.spec.ts:560:58

    attachment #1: screenshot (image/png) ──────────────────────────────────────────────────────────
    test-results/technology-viewer-CyberMin-20883-ales-and-omit-source-folios-iphone-17-pro-max-webkit/test-failed-1.png
    ────────────────────────────────────────────────────────────────────────────────────────────────

    Error Context: test-results/technology-viewer-CyberMin-20883-ales-and-omit-source-folios-iphone-17-pro-max-webkit/error-context.md

  4) [desktop-chromium] › tests/e2e/technology-loading.spec.ts:144:1 › contained artwork and controls adapt to short landscape, tablet and desktop

    Error: expect(received).toBeCloseTo(expected, precision)

    Expected: 0.9354838709677419
    Received: 1

    Expected precision:    1
    Expected difference: < 0.05
    Received difference:   0.06451612903225812

      158 |     });
      159 |     expect(bounds.ratio).toBeCloseTo(941 / 1672, 3);
    > 160 |     expect(bounds.cornerRatio).toBeCloseTo(29 / 31, 1);
          |                                ^
      161 |     expect(bounds.rightArrowRatio).toBeCloseTo(28 / 45, 2);
      162 |     expect(bounds.downArrowRatio).toBeCloseTo(45 / 29, 2);
      163 |     expect(bounds.photo.left).toBeGreaterThanOrEqual(bounds.stage.left - 1);
        at /Users/asmirnou/Projects/g/ramsider/tests/e2e/technology-loading.spec.ts:160:32

    attachment #1: screenshot (image/png) ──────────────────────────────────────────────────────────
    test-results/technology-loading-contain-1c397-andscape-tablet-and-desktop-desktop-chromium/test-failed-1.png
    ────────────────────────────────────────────────────────────────────────────────────────────────

    Error Context: test-results/technology-loading-contain-1c397-andscape-tablet-and-desktop-desktop-chromium/error-context.md

  5) [desktop-firefox] › tests/e2e/media-loading.spec.ts:3:1 › without JavaScript the native page artwork, text and FAQ remain usable

    Test timeout of 30000ms exceeded.

    Error: expect(locator).toHaveJSProperty(expected) failed

    Locator:  locator('.art > img[data-media]').first()
    Expected: true
    Received: undefined

    Call log:
      - Expect "toHaveJSProperty" locator('.art > img[data-media]').first() with timeout 5000ms
      - waiting for locator('.art > img[data-media]').first()


      11 |   await expect(page.locator('.page-media-overlay')).toBeHidden();
      12 |   await expect(hero).toBeVisible();
    > 13 |   await expect(hero).toHaveJSProperty('complete', true);
         |                      ^
      14 |   await expect(hero).toHaveJSProperty('naturalWidth', 941);
      15 |   await expect(page.getByRole('heading', { level: 1 })).toBeVisible();
      16 |   const faq = page.locator('.faq-stack details').first();
        at /Users/asmirnou/Projects/g/ramsider/tests/e2e/media-loading.spec.ts:13:22

    attachment #1: screenshot (image/png) ──────────────────────────────────────────────────────────
    test-results/media-loading-without-Java-b64dc--text-and-FAQ-remain-usable-desktop-firefox/test-failed-1.png
    ────────────────────────────────────────────────────────────────────────────────────────────────

    Error Context: test-results/media-loading-without-Java-b64dc--text-and-FAQ-remain-usable-desktop-firefox/error-context.md

  6) [desktop-firefox] › tests/e2e/technology-loading.spec.ts:144:1 › contained artwork and controls adapt to short landscape, tablet and desktop

    Error: expect(received).toBeCloseTo(expected, precision)

    Expected: 0.9354838709677419
    Received: 1

    Expected precision:    1
    Expected difference: < 0.05
    Received difference:   0.06451612903225812

      158 |     });
      159 |     expect(bounds.ratio).toBeCloseTo(941 / 1672, 3);
    > 160 |     expect(bounds.cornerRatio).toBeCloseTo(29 / 31, 1);
          |                                ^
      161 |     expect(bounds.rightArrowRatio).toBeCloseTo(28 / 45, 2);
      162 |     expect(bounds.downArrowRatio).toBeCloseTo(45 / 29, 2);
      163 |     expect(bounds.photo.left).toBeGreaterThanOrEqual(bounds.stage.left - 1);
        at /Users/asmirnou/Projects/g/ramsider/tests/e2e/technology-loading.spec.ts:160:32

    attachment #1: screenshot (image/png) ──────────────────────────────────────────────────────────
    test-results/technology-loading-contain-1c397-andscape-tablet-and-desktop-desktop-firefox/test-failed-1.png
    ────────────────────────────────────────────────────────────────────────────────────────────────

    Error Context: test-results/technology-loading-contain-1c397-andscape-tablet-and-desktop-desktop-firefox/error-context.md

  6 failed
    [iphone-17-pro-webkit] › tests/e2e/media-loading.spec.ts:117:1 › failed visible image has an accessible retry and successful recovery
    [iphone-17-pro-max-webkit] › tests/e2e/media-loading.spec.ts:117:1 › failed visible image has an accessible retry and successful recovery
    [iphone-17-pro-max-webkit] › tests/e2e/technology-viewer.spec.ts:556:1 › CyberMind descriptions fit all locales and omit source folios
    [desktop-chromium] › tests/e2e/technology-loading.spec.ts:144:1 › contained artwork and controls adapt to short landscape, tablet and desktop
    [desktop-firefox] › tests/e2e/media-loading.spec.ts:3:1 › without JavaScript the native page artwork, text and FAQ remain usable
    [desktop-firefox] › tests/e2e/technology-loading.spec.ts:144:1 › contained artwork and controls adapt to short landscape, tablet and desktop
  126 passed (2.6m)
