
Running 12 tests using 2 workers

(node:75484) Warning: The 'NO_COLOR' env is ignored due to the 'FORCE_COLOR' env being set.
(Use `node --trace-warnings ...` to show where the warning was created)
(node:75483) Warning: The 'NO_COLOR' env is ignored due to the 'FORCE_COLOR' env being set.
(Use `node --trace-warnings ...` to show where the warning was created)
  ✓   2 [iphone-17-pro-webkit] › tests/e2e/media-loading.spec.ts:66:1 › visible artwork remains hidden and page scroll locked until complete decode (1.6s)
  ✓   3 [iphone-17-pro-webkit] › tests/e2e/technology-loading.spec.ts:7:1 › a partially transferred first photo stays hidden with true progress and locked navigation (1.3s)
(node:75732) Warning: The 'NO_COLOR' env is ignored due to the 'FORCE_COLOR' env being set.
(Use `node --trace-warnings ...` to show where the warning was created)
  ✘   1 [iphone-17-pro-webkit] › tests/e2e/media-accessibility.spec.ts:3:1 › loading status has readable contrast and respects reduced motion (1.0m)
(node:76282) Warning: The 'NO_COLOR' env is ignored due to the 'FORCE_COLOR' env being set.
(Use `node --trace-warnings ...` to show where the warning was created)
  ✓   5 [iphone-17-pro-max-webkit] › tests/e2e/media-loading.spec.ts:66:1 › visible artwork remains hidden and page scroll locked until complete decode (1.0s)
  ✘   4 [iphone-17-pro-max-webkit] › tests/e2e/media-accessibility.spec.ts:3:1 › loading status has readable contrast and respects reduced motion (1.0m)
(node:76298) Warning: The 'NO_COLOR' env is ignored due to the 'FORCE_COLOR' env being set.
(Use `node --trace-warnings ...` to show where the warning was created)
  ✓   6 [iphone-17-pro-max-webkit] › tests/e2e/technology-loading.spec.ts:7:1 › a partially transferred first photo stays hidden with true progress and locked navigation (1.1s)
(node:76305) Warning: The 'NO_COLOR' env is ignored due to the 'FORCE_COLOR' env being set.
(Use `node --trace-warnings ...` to show where the warning was created)
  ✓   7 [desktop-chromium] › tests/e2e/media-accessibility.spec.ts:3:1 › loading status has readable contrast and respects reduced motion (1.1s)
  ✓   8 [desktop-chromium] › tests/e2e/media-loading.spec.ts:66:1 › visible artwork remains hidden and page scroll locked until complete decode (1.4s)
(node:76321) Warning: The 'NO_COLOR' env is ignored due to the 'FORCE_COLOR' env being set.
(Use `node --trace-warnings ...` to show where the warning was created)
  ✓   9 [desktop-chromium] › tests/e2e/technology-loading.spec.ts:7:1 › a partially transferred first photo stays hidden with true progress and locked navigation (1.9s)
(node:76336) Warning: The 'NO_COLOR' env is ignored due to the 'FORCE_COLOR' env being set.
(Use `node --trace-warnings ...` to show where the warning was created)
  ✓  10 [desktop-firefox] › tests/e2e/media-accessibility.spec.ts:3:1 › loading status has readable contrast and respects reduced motion (2.5s)
  ✓  11 [desktop-firefox] › tests/e2e/media-loading.spec.ts:66:1 › visible artwork remains hidden and page scroll locked until complete decode (2.1s)
  ✓  12 [desktop-firefox] › tests/e2e/technology-loading.spec.ts:7:1 › a partially transferred first photo stays hidden with true progress and locked navigation (1.1s)


  1) [iphone-17-pro-webkit] › tests/e2e/media-accessibility.spec.ts:3:1 › loading status has readable contrast and respects reduced motion

    Test timeout of 30000ms exceeded.

    Test timeout of 30000ms exceeded.

    Error: page.screenshot: Test ended.
    Call log:
      - taking page screenshot
      - waiting for fonts to load...
      - fonts loaded


      23 |     expect(contrast(colors.bar, colors.track)).toBeGreaterThanOrEqual(3);
      24 |     expect(colors.animation).toBe('none');
    > 25 |     await page.screenshot({ path: `docs/evidence/media-loading/${info.project.name}-reduced-motion.png` });
         |                ^
      26 |   } finally {
      27 |     release();
      28 |   }
        at /Users/asmirnou/Projects/g/ramsider/tests/e2e/media-accessibility.spec.ts:25:16

    Error Context: test-results/media-accessibility-loadin-ca7f7-and-respects-reduced-motion-iphone-17-pro-webkit/error-context.md

  2) [iphone-17-pro-max-webkit] › tests/e2e/media-accessibility.spec.ts:3:1 › loading status has readable contrast and respects reduced motion

    Test timeout of 30000ms exceeded.

    Test timeout of 30000ms exceeded.

    Error: page.screenshot: Test ended.
    Call log:
      - taking page screenshot
      - waiting for fonts to load...
      - fonts loaded


      23 |     expect(contrast(colors.bar, colors.track)).toBeGreaterThanOrEqual(3);
      24 |     expect(colors.animation).toBe('none');
    > 25 |     await page.screenshot({ path: `docs/evidence/media-loading/${info.project.name}-reduced-motion.png` });
         |                ^
      26 |   } finally {
      27 |     release();
      28 |   }
        at /Users/asmirnou/Projects/g/ramsider/tests/e2e/media-accessibility.spec.ts:25:16

    Error Context: test-results/media-accessibility-loadin-ca7f7-and-respects-reduced-motion-iphone-17-pro-max-webkit/error-context.md

  2 failed
    [iphone-17-pro-webkit] › tests/e2e/media-accessibility.spec.ts:3:1 › loading status has readable contrast and respects reduced motion
    [iphone-17-pro-max-webkit] › tests/e2e/media-accessibility.spec.ts:3:1 › loading status has readable contrast and respects reduced motion
  10 passed (1.2m)
