
Running 160 tests using 2 workers

(node:94590) Warning: The 'NO_COLOR' env is ignored due to the 'FORCE_COLOR' env being set.
(Use `node --trace-warnings ...` to show where the warning was created)
(node:94589) Warning: The 'NO_COLOR' env is ignored due to the 'FORCE_COLOR' env being set.
(Use `node --trace-warnings ...` to show where the warning was created)
  ✓    1 [iphone-17-pro-webkit] › tests/e2e/media-accessibility.spec.ts:3:1 › loading status has readable contrast and respects reduced motion (1.4s)
  ✓    2 [iphone-17-pro-webkit] › tests/e2e/media-loading.spec.ts:3:1 › without JavaScript the native page artwork, text and FAQ remain usable (1.5s)
  ✓    3 [iphone-17-pro-webkit] › tests/e2e/media-loading.spec.ts:25:1 › early bootstrap protects held artwork before framework hydration (745ms)
  ✓    5 [iphone-17-pro-webkit] › tests/e2e/media-loading.spec.ts:51:1 › initial framework script network failure falls back to native readable content (725ms)
  ✓    6 [iphone-17-pro-webkit] › tests/e2e/media-loading.spec.ts:67:3 › initial framework synchronous failure restores native readable content (884ms)
  ✓    7 [iphone-17-pro-webkit] › tests/e2e/media-loading.spec.ts:67:3 › initial framework rejection failure restores native readable content (672ms)
  ✓    4 [iphone-17-pro-webkit] › tests/e2e/site.spec.ts:7:1 › responsive viewport, artwork, and primary actions (3.4s)
  ✓    8 [iphone-17-pro-webkit] › tests/e2e/media-loading.spec.ts:92:1 › visible artwork remains hidden and page scroll locked until complete decode (607ms)
  ✓   10 [iphone-17-pro-webkit] › tests/e2e/media-loading.spec.ts:117:1 › offscreen pending artwork does not block the hero but blocks when reached (939ms)
  ✓   11 [iphone-17-pro-webkit] › tests/e2e/media-loading.spec.ts:145:1 › failed visible image has an accessible retry and successful recovery (737ms)
  ✓   12 [iphone-17-pro-webkit] › tests/e2e/media-loading.spec.ts:166:1 › truncated visible image is never revealed as a partially decoded resource (668ms)
  ✓    9 [iphone-17-pro-webkit] › tests/e2e/site.spec.ts:173:36 › ru technology text groups are centered inside both fixed oval surfaces (2.6s)
  ✓   13 [iphone-17-pro-webkit] › tests/e2e/media-loading.spec.ts:190:1 › page gate suspends behind a native dialog and resumes missing page media after close (1.0s)
  ✓   15 [iphone-17-pro-webkit] › tests/e2e/technology-loading.spec.ts:7:1 › a partially transferred first photo stays hidden with true progress and locked navigation (1.2s)
  ✓   14 [iphone-17-pro-webkit] › tests/e2e/site.spec.ts:173:36 › en technology text groups are centered inside both fixed oval surfaces (2.9s)
  ✓   16 [iphone-17-pro-webkit] › tests/e2e/technology-loading.spec.ts:61:1 › invalid first image has white backing and retry; close never traps the user (1.0s)
  ✓   18 [iphone-17-pro-webkit] › tests/e2e/technology-loading.spec.ts:79:1 › retry replaces a corrupt HTTP 200 retained in the real browser cache (1.1s)
  ✓   19 [iphone-17-pro-webkit] › tests/e2e/technology-loading.spec.ts:124:1 › horizontal swipes stop at both ends and reverse through preceding photos (1.1s)
  ✓   20 [iphone-17-pro-webkit] › tests/e2e/technology-loading.spec.ts:144:1 › contained artwork and controls adapt to short landscape, tablet and desktop (1.8s)
  ✓   17 [iphone-17-pro-webkit] › tests/e2e/site.spec.ts:363:3 › FAQ pointer-wheel input › FAQ always scrolls the document in closed and multi-open states (5.9s)
  ✓   22 [iphone-17-pro-webkit] › tests/e2e/technology-viewer.spec.ts:7:1 › technology artwork keeps its native proportions as Safari chrome changes the visible height (1.5s)
  ✓   23 [iphone-17-pro-webkit] › tests/e2e/technology-viewer.spec.ts:50:1 › technology PNGs preserve every original pixel outside the title mask (434ms)
  ✓   21 [iphone-17-pro-webkit] › tests/e2e/technology-loading.spec.ts:178:1 › loading and retry fit every locale including Arabic at a short phone height (5.0s)
  ✓   24 [iphone-17-pro-webkit] › tests/e2e/technology-viewer.spec.ts:87:1 › technology descriptions render all source text in the decoded image coordinates (1.9s)
(node:94886) Warning: The 'NO_COLOR' env is ignored due to the 'FORCE_COLOR' env being set.
(Use `node --trace-warnings ...` to show where the warning was created)
  ✓   26 [iphone-17-pro-max-webkit] › tests/e2e/media-accessibility.spec.ts:3:1 › loading status has readable contrast and respects reduced motion (735ms)
  ✓   27 [iphone-17-pro-max-webkit] › tests/e2e/media-loading.spec.ts:3:1 › without JavaScript the native page artwork, text and FAQ remain usable (802ms)
  ✓   25 [iphone-17-pro-webkit] › tests/e2e/technology-viewer.spec.ts:118:1 › technology viewer opens from both story controls and pages through clean images (3.0s)
  ✓   28 [iphone-17-pro-max-webkit] › tests/e2e/media-loading.spec.ts:25:1 › early bootstrap protects held artwork before framework hydration (750ms)
  ✓   30 [iphone-17-pro-max-webkit] › tests/e2e/media-loading.spec.ts:51:1 › initial framework script network failure falls back to native readable content (721ms)
  ✓   29 [iphone-17-pro-webkit] › tests/e2e/technology-viewer.spec.ts:212:1 › technology viewer supports touch pointers, Escape and Arabic framing (1.9s)
  ✓   31 [iphone-17-pro-max-webkit] › tests/e2e/media-loading.spec.ts:67:3 › initial framework synchronous failure restores native readable content (752ms)
  ✓   32 [iphone-17-pro-webkit] › tests/e2e/technology-viewer.spec.ts:258:1 › previous artwork stays visible while the next slide loads (834ms)
  ✓   33 [iphone-17-pro-max-webkit] › tests/e2e/media-loading.spec.ts:67:3 › initial framework rejection failure restores native readable content (796ms)
  ✓   35 [iphone-17-pro-max-webkit] › tests/e2e/media-loading.spec.ts:92:1 › visible artwork remains hidden and page scroll locked until complete decode (607ms)
  ✓   34 [iphone-17-pro-webkit] › tests/e2e/technology-viewer.spec.ts:281:1 › failed warm-up and failed selection retry the same image (1.3s)
  ✓   36 [iphone-17-pro-max-webkit] › tests/e2e/media-loading.spec.ts:117:1 › offscreen pending artwork does not block the hero but blocks when reached (817ms)
  ✓   38 [iphone-17-pro-max-webkit] › tests/e2e/media-loading.spec.ts:145:1 › failed visible image has an accessible retry and successful recovery (770ms)
  ✓   37 [iphone-17-pro-webkit] › tests/e2e/technology-viewer.spec.ts:303:1 › two photos of each group warm after load; remaining photos start together on open (1.0s)
  ✓   39 [iphone-17-pro-max-webkit] › tests/e2e/media-loading.spec.ts:166:1 › truncated visible image is never revealed as a partially decoded resource (709ms)
  ✓   40 [iphone-17-pro-webkit] › tests/e2e/technology-viewer.spec.ts:325:1 › incomplete hero protects the main view before technology can be opened (793ms)
  ✓   41 [iphone-17-pro-max-webkit] › tests/e2e/media-loading.spec.ts:190:1 › page gate suspends behind a native dialog and resumes missing page media after close (803ms)
  ✓   42 [iphone-17-pro-webkit] › tests/e2e/technology-viewer.spec.ts:341:1 › four photos warm at low priority; retained decoded images are reused offline across groups (1.3s)
  ✓   44 [iphone-17-pro-webkit] › tests/e2e/technology-viewer.spec.ts:388:1 › swipe completes when the pointer leaves the artwork (780ms)
  ✓   43 [iphone-17-pro-max-webkit] › tests/e2e/site.spec.ts:7:1 › responsive viewport, artwork, and primary actions (3.2s)
  ✓   45 [iphone-17-pro-webkit] › tests/e2e/technology-viewer.spec.ts:404:1 › technology viewer hides landing paint beneath browser chrome and restores it on close (3.7s)
  ✓   47 [iphone-17-pro-webkit] › tests/e2e/technology-viewer.spec.ts:447:1 › metal contour reaches mobile side edges and the image stays inside its cutout (911ms)
  ✓   46 [iphone-17-pro-max-webkit] › tests/e2e/site.spec.ts:173:36 › ru technology text groups are centered inside both fixed oval surfaces (2.8s)
  ✓   48 [iphone-17-pro-webkit] › tests/e2e/technology-viewer.spec.ts:477:1 › CyberMind PNGs retain native RGB, alpha and resolution outside title glyphs (159ms)
  ✓   50 [iphone-17-pro-webkit] › tests/e2e/technology-viewer.spec.ts:504:1 › CyberMind uses two interactive slides, a live title and two-axis navigation (1.5s)
  ✓   49 [iphone-17-pro-max-webkit] › tests/e2e/site.spec.ts:173:36 › en technology text groups are centered inside both fixed oval surfaces (2.8s)
  ✓   51 [iphone-17-pro-webkit] › tests/e2e/technology-viewer.spec.ts:556:1 › CyberMind descriptions fit all locales and omit source folios (5.4s)
  ✓   53 [iphone-17-pro-webkit] › tests/e2e/technology-viewer.spec.ts:582:1 › pending slide locks navigation and commits only fully loaded selection (977ms)
  ✓   52 [iphone-17-pro-max-webkit] › tests/e2e/site.spec.ts:363:3 › FAQ pointer-wheel input › FAQ always scrolls the document in closed and multi-open states (5.7s)
  ✓   54 [iphone-17-pro-webkit] › tests/e2e/technology-viewer.spec.ts:603:1 › failed CyberMind warm and selection recover with explicit Retry without skipping the group (1.1s)
  ✓   55 [iphone-17-pro-max-webkit] › tests/e2e/technology-loading.spec.ts:7:1 › a partially transferred first photo stays hidden with true progress and locked navigation (1.4s)
  ✓   56 [iphone-17-pro-webkit] › tests/e2e/technology-viewer.spec.ts:619:1 › pending group blocks gestures and repeated keys while close remains available (1.1s)
(node:95360) Warning: The 'NO_COLOR' env is ignored due to the 'FORCE_COLOR' env being set.
(Use `node --trace-warnings ...` to show where the warning was created)
  ✓   57 [iphone-17-pro-max-webkit] › tests/e2e/technology-loading.spec.ts:61:1 › invalid first image has white backing and retry; close never traps the user (1.2s)
  ✓   59 [iphone-17-pro-max-webkit] › tests/e2e/technology-loading.spec.ts:79:1 › retry replaces a corrupt HTTP 200 retained in the real browser cache (1.5s)
  ✓   58 [iphone-17-pro-max-webkit] › tests/e2e/technology-viewer.spec.ts:7:1 › technology artwork keeps its native proportions as Safari chrome changes the visible height (2.0s)
  ✓   60 [iphone-17-pro-max-webkit] › tests/e2e/technology-loading.spec.ts:124:1 › horizontal swipes stop at both ends and reverse through preceding photos (982ms)
  ✓   61 [iphone-17-pro-max-webkit] › tests/e2e/technology-viewer.spec.ts:50:1 › technology PNGs preserve every original pixel outside the title mask (326ms)
  ✓   62 [iphone-17-pro-max-webkit] › tests/e2e/technology-loading.spec.ts:144:1 › contained artwork and controls adapt to short landscape, tablet and desktop (2.0s)
  ✓   63 [iphone-17-pro-max-webkit] › tests/e2e/technology-viewer.spec.ts:87:1 › technology descriptions render all source text in the decoded image coordinates (2.0s)
  ✓   65 [iphone-17-pro-max-webkit] › tests/e2e/technology-viewer.spec.ts:118:1 › technology viewer opens from both story controls and pages through clean images (3.5s)
  ✓   64 [iphone-17-pro-max-webkit] › tests/e2e/technology-loading.spec.ts:178:1 › loading and retry fit every locale including Arabic at a short phone height (5.1s)
(node:95465) Warning: The 'NO_COLOR' env is ignored due to the 'FORCE_COLOR' env being set.
(Use `node --trace-warnings ...` to show where the warning was created)
  ✓   66 [iphone-17-pro-max-webkit] › tests/e2e/technology-viewer.spec.ts:212:1 › technology viewer supports touch pointers, Escape and Arabic framing (2.1s)
  ✓   68 [iphone-17-pro-max-webkit] › tests/e2e/technology-viewer.spec.ts:258:1 › previous artwork stays visible while the next slide loads (858ms)
  ✓   67 [desktop-chromium] › tests/e2e/media-accessibility.spec.ts:3:1 › loading status has readable contrast and respects reduced motion (1.1s)
  ✓   69 [iphone-17-pro-max-webkit] › tests/e2e/technology-viewer.spec.ts:281:1 › failed warm-up and failed selection retry the same image (1.3s)
  ✓   70 [desktop-chromium] › tests/e2e/media-loading.spec.ts:3:1 › without JavaScript the native page artwork, text and FAQ remain usable (609ms)
  ✓   72 [desktop-chromium] › tests/e2e/media-loading.spec.ts:25:1 › early bootstrap protects held artwork before framework hydration (386ms)
  ✓   73 [desktop-chromium] › tests/e2e/media-loading.spec.ts:51:1 › initial framework script network failure falls back to native readable content (246ms)
  ✓   71 [iphone-17-pro-max-webkit] › tests/e2e/technology-viewer.spec.ts:303:1 › two photos of each group warm after load; remaining photos start together on open (1.2s)
  ✓   74 [desktop-chromium] › tests/e2e/media-loading.spec.ts:67:3 › initial framework synchronous failure restores native readable content (614ms)
  ✓   76 [desktop-chromium] › tests/e2e/media-loading.spec.ts:67:3 › initial framework rejection failure restores native readable content (301ms)
  ✓   77 [desktop-chromium] › tests/e2e/media-loading.spec.ts:92:1 › visible artwork remains hidden and page scroll locked until complete decode (374ms)
  ✓   75 [iphone-17-pro-max-webkit] › tests/e2e/technology-viewer.spec.ts:325:1 › incomplete hero protects the main view before technology can be opened (874ms)
  ✓   78 [desktop-chromium] › tests/e2e/media-loading.spec.ts:117:1 › offscreen pending artwork does not block the hero but blocks when reached (678ms)
  ✓   80 [desktop-chromium] › tests/e2e/media-loading.spec.ts:145:1 › failed visible image has an accessible retry and successful recovery (407ms)
  ✓   81 [desktop-chromium] › tests/e2e/media-loading.spec.ts:166:1 › truncated visible image is never revealed as a partially decoded resource (383ms)
  ✓   79 [iphone-17-pro-max-webkit] › tests/e2e/technology-viewer.spec.ts:341:1 › four photos warm at low priority; retained decoded images are reused offline across groups (1.4s)
  ✓   82 [desktop-chromium] › tests/e2e/media-loading.spec.ts:190:1 › page gate suspends behind a native dialog and resumes missing page media after close (425ms)
  ✓   83 [iphone-17-pro-max-webkit] › tests/e2e/technology-viewer.spec.ts:388:1 › swipe completes when the pointer leaves the artwork (926ms)
  ✓   85 [iphone-17-pro-max-webkit] › tests/e2e/technology-viewer.spec.ts:404:1 › technology viewer hides landing paint beneath browser chrome and restores it on close (2.6s)
  ✓   86 [iphone-17-pro-max-webkit] › tests/e2e/technology-viewer.spec.ts:447:1 › metal contour reaches mobile side edges and the image stays inside its cutout (1.2s)
  ✓   87 [iphone-17-pro-max-webkit] › tests/e2e/technology-viewer.spec.ts:477:1 › CyberMind PNGs retain native RGB, alpha and resolution outside title glyphs (148ms)
  ✓   88 [iphone-17-pro-max-webkit] › tests/e2e/technology-viewer.spec.ts:504:1 › CyberMind uses two interactive slides, a live title and two-axis navigation (1.6s)
  ✓   84 [desktop-chromium] › tests/e2e/site.spec.ts:7:1 › responsive viewport, artwork, and primary actions (9.6s)
  ✓   90 [desktop-chromium] › tests/e2e/site.spec.ts:173:36 › ru technology text groups are centered inside both fixed oval surfaces (1.2s)
  ✓   89 [iphone-17-pro-max-webkit] › tests/e2e/technology-viewer.spec.ts:556:1 › CyberMind descriptions fit all locales and omit source folios (5.9s)
  ✓   91 [desktop-chromium] › tests/e2e/site.spec.ts:173:36 › en technology text groups are centered inside both fixed oval surfaces (1.2s)
  ✓   92 [iphone-17-pro-max-webkit] › tests/e2e/technology-viewer.spec.ts:582:1 › pending slide locks navigation and commits only fully loaded selection (1.0s)
  ✓   94 [iphone-17-pro-max-webkit] › tests/e2e/technology-viewer.spec.ts:603:1 › failed CyberMind warm and selection recover with explicit Retry without skipping the group (921ms)
  ✓   95 [iphone-17-pro-max-webkit] › tests/e2e/technology-viewer.spec.ts:619:1 › pending group blocks gestures and repeated keys while close remains available (1.0s)
(node:95728) Warning: The 'NO_COLOR' env is ignored due to the 'FORCE_COLOR' env being set.
(Use `node --trace-warnings ...` to show where the warning was created)
  ✓   96 [desktop-chromium] › tests/e2e/technology-loading.spec.ts:7:1 › a partially transferred first photo stays hidden with true progress and locked navigation (806ms)
  ✓   97 [desktop-chromium] › tests/e2e/technology-loading.spec.ts:61:1 › invalid first image has white backing and retry; close never traps the user (822ms)
  ✓   98 [desktop-chromium] › tests/e2e/technology-loading.spec.ts:79:1 › retry replaces a corrupt HTTP 200 retained in the real browser cache (792ms)
  ✓   99 [desktop-chromium] › tests/e2e/technology-loading.spec.ts:124:1 › horizontal swipes stop at both ends and reverse through preceding photos (543ms)
  ✓  100 [desktop-chromium] › tests/e2e/technology-loading.spec.ts:144:1 › contained artwork and controls adapt to short landscape, tablet and desktop (772ms)
  ✓   93 [desktop-chromium] › tests/e2e/site.spec.ts:363:3 › FAQ pointer-wheel input › FAQ always scrolls the document in closed and multi-open states (10.0s)
  ✓  102 [desktop-chromium] › tests/e2e/technology-viewer.spec.ts:7:1 › technology artwork keeps its native proportions as Safari chrome changes the visible height (951ms)
  ✓  103 [desktop-chromium] › tests/e2e/technology-viewer.spec.ts:50:1 › technology PNGs preserve every original pixel outside the title mask (348ms)
  ✓  101 [desktop-chromium] › tests/e2e/technology-loading.spec.ts:178:1 › loading and retry fit every locale including Arabic at a short phone height (4.3s)
(node:95862) Warning: The 'NO_COLOR' env is ignored due to the 'FORCE_COLOR' env being set.
(Use `node --trace-warnings ...` to show where the warning was created)
  ✓  104 [desktop-chromium] › tests/e2e/technology-viewer.spec.ts:87:1 › technology descriptions render all source text in the decoded image coordinates (978ms)
  ✓  106 [desktop-chromium] › tests/e2e/technology-viewer.spec.ts:118:1 › technology viewer opens from both story controls and pages through clean images (2.3s)
  ✓  105 [desktop-firefox] › tests/e2e/media-accessibility.spec.ts:3:1 › loading status has readable contrast and respects reduced motion (1.6s)
  ✓  108 [desktop-firefox] › tests/e2e/media-loading.spec.ts:3:1 › without JavaScript the native page artwork, text and FAQ remain usable (1.3s)
  ✓  107 [desktop-chromium] › tests/e2e/technology-viewer.spec.ts:212:1 › technology viewer supports touch pointers, Escape and Arabic framing (1.5s)
  ✓  110 [desktop-chromium] › tests/e2e/technology-viewer.spec.ts:258:1 › previous artwork stays visible while the next slide loads (571ms)
  ✓  109 [desktop-firefox] › tests/e2e/media-loading.spec.ts:25:1 › early bootstrap protects held artwork before framework hydration (859ms)
  ✓  112 [desktop-firefox] › tests/e2e/media-loading.spec.ts:51:1 › initial framework script network failure falls back to native readable content (766ms)
  ✓  111 [desktop-chromium] › tests/e2e/technology-viewer.spec.ts:281:1 › failed warm-up and failed selection retry the same image (1.0s)
  ✓  114 [desktop-chromium] › tests/e2e/technology-viewer.spec.ts:303:1 › two photos of each group warm after load; remaining photos start together on open (767ms)
  ✓  113 [desktop-firefox] › tests/e2e/media-loading.spec.ts:67:3 › initial framework synchronous failure restores native readable content (1.3s)
  ✓  115 [desktop-chromium] › tests/e2e/technology-viewer.spec.ts:325:1 › incomplete hero protects the main view before technology can be opened (523ms)
  ✓  117 [desktop-chromium] › tests/e2e/technology-viewer.spec.ts:341:1 › four photos warm at low priority; retained decoded images are reused offline across groups (1.1s)
  ✓  116 [desktop-firefox] › tests/e2e/media-loading.spec.ts:67:3 › initial framework rejection failure restores native readable content (1.3s)
  ✓  118 [desktop-chromium] › tests/e2e/technology-viewer.spec.ts:388:1 › swipe completes when the pointer leaves the artwork (624ms)
  ✓  119 [desktop-firefox] › tests/e2e/media-loading.spec.ts:92:1 › visible artwork remains hidden and page scroll locked until complete decode (851ms)
  ✓  121 [desktop-firefox] › tests/e2e/media-loading.spec.ts:117:1 › offscreen pending artwork does not block the hero but blocks when reached (1.1s)
  ✓  122 [desktop-firefox] › tests/e2e/media-loading.spec.ts:145:1 › failed visible image has an accessible retry and successful recovery (970ms)
  ✓  123 [desktop-firefox] › tests/e2e/media-loading.spec.ts:166:1 › truncated visible image is never revealed as a partially decoded resource (1.3s)
  ✓  124 [desktop-firefox] › tests/e2e/media-loading.spec.ts:190:1 › page gate suspends behind a native dialog and resumes missing page media after close (862ms)
  ✓  120 [desktop-chromium] › tests/e2e/technology-viewer.spec.ts:404:1 › technology viewer hides landing paint beneath browser chrome and restores it on close (4.7s)
  ✓  125 [desktop-chromium] › tests/e2e/technology-viewer.spec.ts:447:1 › metal contour reaches mobile side edges and the image stays inside its cutout (656ms)
  ✓  127 [desktop-chromium] › tests/e2e/technology-viewer.spec.ts:477:1 › CyberMind PNGs retain native RGB, alpha and resolution outside title glyphs (168ms)
  ✓  128 [desktop-chromium] › tests/e2e/technology-viewer.spec.ts:504:1 › CyberMind uses two interactive slides, a live title and two-axis navigation (982ms)
  ✓  126 [desktop-firefox] › tests/e2e/site.spec.ts:7:1 › responsive viewport, artwork, and primary actions (5.5s)
  ✓  130 [desktop-firefox] › tests/e2e/site.spec.ts:173:36 › ru technology text groups are centered inside both fixed oval surfaces (1.5s)
  ✓  129 [desktop-chromium] › tests/e2e/technology-viewer.spec.ts:556:1 › CyberMind descriptions fit all locales and omit source folios (5.4s)
  ✓  132 [desktop-chromium] › tests/e2e/technology-viewer.spec.ts:582:1 › pending slide locks navigation and commits only fully loaded selection (721ms)
  ✓  131 [desktop-firefox] › tests/e2e/site.spec.ts:173:36 › en technology text groups are centered inside both fixed oval surfaces (1.4s)
  ✓  133 [desktop-chromium] › tests/e2e/technology-viewer.spec.ts:603:1 › failed CyberMind warm and selection recover with explicit Retry without skipping the group (787ms)
  ✓  135 [desktop-chromium] › tests/e2e/technology-viewer.spec.ts:619:1 › pending group blocks gestures and repeated keys while close remains available (700ms)
(node:96268) Warning: The 'NO_COLOR' env is ignored due to the 'FORCE_COLOR' env being set.
(Use `node --trace-warnings ...` to show where the warning was created)
  ✓  136 [desktop-firefox] › tests/e2e/technology-loading.spec.ts:7:1 › a partially transferred first photo stays hidden with true progress and locked navigation (1.3s)
  ✓  137 [desktop-firefox] › tests/e2e/technology-loading.spec.ts:61:1 › invalid first image has white backing and retry; close never traps the user (746ms)
  ✓  138 [desktop-firefox] › tests/e2e/technology-loading.spec.ts:79:1 › retry replaces a corrupt HTTP 200 retained in the real browser cache (956ms)
  ✓  139 [desktop-firefox] › tests/e2e/technology-loading.spec.ts:124:1 › horizontal swipes stop at both ends and reverse through preceding photos (712ms)
  ✓  140 [desktop-firefox] › tests/e2e/technology-loading.spec.ts:144:1 › contained artwork and controls adapt to short landscape, tablet and desktop (1.1s)
  ✓  134 [desktop-firefox] › tests/e2e/site.spec.ts:363:3 › FAQ pointer-wheel input › FAQ always scrolls the document in closed and multi-open states (9.5s)
  ✓  142 [desktop-firefox] › tests/e2e/technology-viewer.spec.ts:7:1 › technology artwork keeps its native proportions as Safari chrome changes the visible height (1.3s)
  ✓  143 [desktop-firefox] › tests/e2e/technology-viewer.spec.ts:50:1 › technology PNGs preserve every original pixel outside the title mask (557ms)
  ✓  141 [desktop-firefox] › tests/e2e/technology-loading.spec.ts:178:1 › loading and retry fit every locale including Arabic at a short phone height (5.5s)
  ✓  144 [desktop-firefox] › tests/e2e/technology-viewer.spec.ts:87:1 › technology descriptions render all source text in the decoded image coordinates (1.3s)
  ✓  145 [desktop-firefox] › tests/e2e/technology-viewer.spec.ts:118:1 › technology viewer opens from both story controls and pages through clean images (2.0s)
  ✓  146 [desktop-firefox] › tests/e2e/technology-viewer.spec.ts:212:1 › technology viewer supports touch pointers, Escape and Arabic framing (1.8s)
  ✓  147 [desktop-firefox] › tests/e2e/technology-viewer.spec.ts:258:1 › previous artwork stays visible while the next slide loads (941ms)
  ✓  148 [desktop-firefox] › tests/e2e/technology-viewer.spec.ts:281:1 › failed warm-up and failed selection retry the same image (1.1s)
  ✓  149 [desktop-firefox] › tests/e2e/technology-viewer.spec.ts:303:1 › two photos of each group warm after load; remaining photos start together on open (750ms)
  ✓  150 [desktop-firefox] › tests/e2e/technology-viewer.spec.ts:325:1 › incomplete hero protects the main view before technology can be opened (576ms)
  ✓  151 [desktop-firefox] › tests/e2e/technology-viewer.spec.ts:341:1 › four photos warm at low priority; retained decoded images are reused offline across groups (1.1s)
  ✓  152 [desktop-firefox] › tests/e2e/technology-viewer.spec.ts:388:1 › swipe completes when the pointer leaves the artwork (610ms)
  ✓  153 [desktop-firefox] › tests/e2e/technology-viewer.spec.ts:404:1 › technology viewer hides landing paint beneath browser chrome and restores it on close (2.0s)
  ✓  154 [desktop-firefox] › tests/e2e/technology-viewer.spec.ts:447:1 › metal contour reaches mobile side edges and the image stays inside its cutout (659ms)
  ✓  155 [desktop-firefox] › tests/e2e/technology-viewer.spec.ts:477:1 › CyberMind PNGs retain native RGB, alpha and resolution outside title glyphs (161ms)
  ✓  156 [desktop-firefox] › tests/e2e/technology-viewer.spec.ts:504:1 › CyberMind uses two interactive slides, a live title and two-axis navigation (1.4s)
  ✓  157 [desktop-firefox] › tests/e2e/technology-viewer.spec.ts:556:1 › CyberMind descriptions fit all locales and omit source folios (5.9s)
  ✓  158 [desktop-firefox] › tests/e2e/technology-viewer.spec.ts:582:1 › pending slide locks navigation and commits only fully loaded selection (1.5s)
  ✓  159 [desktop-firefox] › tests/e2e/technology-viewer.spec.ts:603:1 › failed CyberMind warm and selection recover with explicit Retry without skipping the group (711ms)
  ✓  160 [desktop-firefox] › tests/e2e/technology-viewer.spec.ts:619:1 › pending group blocks gestures and repeated keys while close remains available (717ms)

  160 passed (2.4m)
