
Running 116 tests using 3 workers

(node:42655) Warning: The 'NO_COLOR' env is ignored due to the 'FORCE_COLOR' env being set.
(Use `node --trace-warnings ...` to show where the warning was created)
(node:42654) Warning: The 'NO_COLOR' env is ignored due to the 'FORCE_COLOR' env being set.
(Use `node --trace-warnings ...` to show where the warning was created)
(node:42656) Warning: The 'NO_COLOR' env is ignored due to the 'FORCE_COLOR' env being set.
(Use `node --trace-warnings ...` to show where the warning was created)
  ✓    1 [iphone-17-pro-webkit] › tests/e2e/technology-loading.spec.ts:6:1 › a partially transferred first photo stays hidden with true progress and locked navigation (2.3s)
  ✓    2 [iphone-17-pro-webkit] › tests/e2e/media-loading.spec.ts:3:1 › visible artwork remains hidden and page scroll locked until complete decode (2.4s)
  ✓    3 [iphone-17-pro-webkit] › tests/e2e/technology-viewer.spec.ts:6:1 › technology artwork keeps its native proportions as Safari chrome changes the visible height (2.5s)
  ✓    6 [iphone-17-pro-webkit] › tests/e2e/technology-viewer.spec.ts:49:1 › technology PNGs preserve every original pixel outside the title mask (419ms)
  ✓    4 [iphone-17-pro-webkit] › tests/e2e/technology-loading.spec.ts:60:1 › invalid first image has white backing and retry; close never traps the user (1.1s)
  ✓    5 [iphone-17-pro-webkit] › tests/e2e/media-loading.spec.ts:28:1 › offscreen pending artwork does not block the hero but blocks when reached (1.1s)
  ✓    9 [iphone-17-pro-webkit] › tests/e2e/media-loading.spec.ts:55:1 › failed visible image has an accessible retry and successful recovery (934ms)
  ✓    8 [iphone-17-pro-webkit] › tests/e2e/technology-loading.spec.ts:78:1 › horizontal swipes stop at both ends and reverse through preceding photos (1.2s)
  ✓    7 [iphone-17-pro-webkit] › tests/e2e/technology-viewer.spec.ts:86:1 › technology descriptions render all source text in the decoded image coordinates (1.9s)
  ✓   10 [iphone-17-pro-webkit] › tests/e2e/media-loading.spec.ts:70:1 › truncated visible image is never revealed as a partially decoded resource (744ms)
  ✓   13 [iphone-17-pro-webkit] › tests/e2e/media-loading.spec.ts:86:1 › page gate suspends behind a native dialog and resumes missing page media after close (1.0s)
  ✓   11 [iphone-17-pro-webkit] › tests/e2e/technology-loading.spec.ts:98:1 › contained artwork and controls adapt to short landscape, tablet and desktop (2.0s)
(node:42843) Warning: The 'NO_COLOR' env is ignored due to the 'FORCE_COLOR' env being set.
(Use `node --trace-warnings ...` to show where the warning was created)
  ✓   15 [iphone-17-pro-max-webkit] › tests/e2e/media-loading.spec.ts:3:1 › visible artwork remains hidden and page scroll locked until complete decode (1.3s)
  ✓   12 [iphone-17-pro-webkit] › tests/e2e/technology-viewer.spec.ts:117:1 › technology viewer opens from both story controls and pages through clean images (4.4s)
  ✓   16 [iphone-17-pro-max-webkit] › tests/e2e/media-loading.spec.ts:28:1 › offscreen pending artwork does not block the hero but blocks when reached (1.3s)
  ✓   18 [iphone-17-pro-max-webkit] › tests/e2e/media-loading.spec.ts:55:1 › failed visible image has an accessible retry and successful recovery (884ms)
  ✓   19 [iphone-17-pro-max-webkit] › tests/e2e/media-loading.spec.ts:70:1 › truncated visible image is never revealed as a partially decoded resource (791ms)
  ✓   17 [iphone-17-pro-webkit] › tests/e2e/technology-viewer.spec.ts:211:1 › technology viewer supports touch pointers, Escape and Arabic framing (2.2s)
  ✓   20 [iphone-17-pro-max-webkit] › tests/e2e/media-loading.spec.ts:86:1 › page gate suspends behind a native dialog and resumes missing page media after close (847ms)
  ✓   21 [iphone-17-pro-webkit] › tests/e2e/technology-viewer.spec.ts:257:1 › previous artwork stays visible while the next slide loads (1.1s)
  ✓   14 [iphone-17-pro-webkit] › tests/e2e/technology-loading.spec.ts:124:1 › loading and retry fit every locale including Arabic at a short phone height (6.1s)
(node:42971) Warning: The 'NO_COLOR' env is ignored due to the 'FORCE_COLOR' env being set.
(Use `node --trace-warnings ...` to show where the warning was created)
  ✓   22 [iphone-17-pro-max-webkit] › tests/e2e/technology-loading.spec.ts:6:1 › a partially transferred first photo stays hidden with true progress and locked navigation (1.2s)
  ✓   23 [iphone-17-pro-webkit] › tests/e2e/technology-viewer.spec.ts:280:1 › failed warm-up and failed selection retry the same image (1.2s)
  ✓   25 [iphone-17-pro-max-webkit] › tests/e2e/technology-loading.spec.ts:60:1 › invalid first image has white backing and retry; close never traps the user (1.1s)
  ✓   24 [iphone-17-pro-max-webkit] › tests/e2e/technology-viewer.spec.ts:6:1 › technology artwork keeps its native proportions as Safari chrome changes the visible height (1.5s)
  ✓   26 [iphone-17-pro-webkit] › tests/e2e/technology-viewer.spec.ts:302:1 › two photos of each group warm after load; remaining photos start together on open (1.2s)
  ✓   28 [iphone-17-pro-max-webkit] › tests/e2e/technology-viewer.spec.ts:49:1 › technology PNGs preserve every original pixel outside the title mask (288ms)
  ✓   27 [iphone-17-pro-max-webkit] › tests/e2e/technology-loading.spec.ts:78:1 › horizontal swipes stop at both ends and reverse through preceding photos (843ms)
  ✓   29 [iphone-17-pro-webkit] › tests/e2e/technology-viewer.spec.ts:324:1 › incomplete hero protects the main view before technology can be opened (838ms)
  ✓   30 [iphone-17-pro-max-webkit] › tests/e2e/technology-viewer.spec.ts:86:1 › technology descriptions render all source text in the decoded image coordinates (2.1s)
  ✓   31 [iphone-17-pro-max-webkit] › tests/e2e/technology-loading.spec.ts:98:1 › contained artwork and controls adapt to short landscape, tablet and desktop (2.0s)
  ✓   32 [iphone-17-pro-webkit] › tests/e2e/technology-viewer.spec.ts:340:1 › four photos warm at low priority; retained decoded images are reused offline across groups (1.6s)
  ✓   35 [iphone-17-pro-webkit] › tests/e2e/technology-viewer.spec.ts:387:1 › swipe completes when the pointer leaves the artwork (904ms)
  ✓   36 [iphone-17-pro-webkit] › tests/e2e/technology-viewer.spec.ts:403:1 › technology viewer hides landing paint beneath browser chrome and restores it on close (2.1s)
  ✓   33 [iphone-17-pro-max-webkit] › tests/e2e/technology-viewer.spec.ts:117:1 › technology viewer opens from both story controls and pages through clean images (4.2s)
  ✓   37 [iphone-17-pro-webkit] › tests/e2e/technology-viewer.spec.ts:446:1 › metal contour reaches mobile side edges and the image stays inside its cutout (1.3s)
  ✓   39 [iphone-17-pro-webkit] › tests/e2e/technology-viewer.spec.ts:476:1 › CyberMind PNGs retain native RGB, alpha and resolution outside title glyphs (205ms)
  ✓   34 [iphone-17-pro-max-webkit] › tests/e2e/technology-loading.spec.ts:124:1 › loading and retry fit every locale including Arabic at a short phone height (5.4s)
(node:43063) Warning: The 'NO_COLOR' env is ignored due to the 'FORCE_COLOR' env being set.
(Use `node --trace-warnings ...` to show where the warning was created)
  ✓   38 [iphone-17-pro-max-webkit] › tests/e2e/technology-viewer.spec.ts:211:1 › technology viewer supports touch pointers, Escape and Arabic framing (1.9s)
  ✓   40 [iphone-17-pro-webkit] › tests/e2e/technology-viewer.spec.ts:503:1 › CyberMind uses two interactive slides, a live title and two-axis navigation (1.5s)
  ✓   42 [iphone-17-pro-max-webkit] › tests/e2e/technology-viewer.spec.ts:257:1 › previous artwork stays visible while the next slide loads (1.1s)
  ✓   41 [desktop-chromium] › tests/e2e/media-loading.spec.ts:3:1 › visible artwork remains hidden and page scroll locked until complete decode (1.2s)
  ✓   45 [desktop-chromium] › tests/e2e/media-loading.spec.ts:28:1 › offscreen pending artwork does not block the hero but blocks when reached (1.2s)
  ✓   44 [iphone-17-pro-max-webkit] › tests/e2e/technology-viewer.spec.ts:280:1 › failed warm-up and failed selection retry the same image (1.6s)
  ✓   46 [desktop-chromium] › tests/e2e/media-loading.spec.ts:55:1 › failed visible image has an accessible retry and successful recovery (475ms)
  ✓   48 [desktop-chromium] › tests/e2e/media-loading.spec.ts:70:1 › truncated visible image is never revealed as a partially decoded resource (420ms)
  ✓   47 [iphone-17-pro-max-webkit] › tests/e2e/technology-viewer.spec.ts:302:1 › two photos of each group warm after load; remaining photos start together on open (1.2s)
  ✓   49 [desktop-chromium] › tests/e2e/media-loading.spec.ts:86:1 › page gate suspends behind a native dialog and resumes missing page media after close (501ms)
  ✓   51 [desktop-chromium] › tests/e2e/technology-loading.spec.ts:6:1 › a partially transferred first photo stays hidden with true progress and locked navigation (861ms)
  ✓   50 [iphone-17-pro-max-webkit] › tests/e2e/technology-viewer.spec.ts:324:1 › incomplete hero protects the main view before technology can be opened (1.0s)
  ✓   52 [desktop-chromium] › tests/e2e/technology-loading.spec.ts:60:1 › invalid first image has white backing and retry; close never traps the user (784ms)
  ✓   43 [iphone-17-pro-webkit] › tests/e2e/technology-viewer.spec.ts:555:1 › CyberMind descriptions fit all locales and omit source folios (5.8s)
  ✓   54 [desktop-chromium] › tests/e2e/technology-loading.spec.ts:78:1 › horizontal swipes stop at both ends and reverse through preceding photos (524ms)
  ✓   53 [iphone-17-pro-max-webkit] › tests/e2e/technology-viewer.spec.ts:340:1 › four photos warm at low priority; retained decoded images are reused offline across groups (1.7s)
  ✓   55 [iphone-17-pro-webkit] › tests/e2e/technology-viewer.spec.ts:581:1 › pending slide locks navigation and commits only fully loaded selection (958ms)
  ✓   56 [desktop-chromium] › tests/e2e/technology-loading.spec.ts:98:1 › contained artwork and controls adapt to short landscape, tablet and desktop (810ms)
  ✓   57 [iphone-17-pro-max-webkit] › tests/e2e/technology-viewer.spec.ts:387:1 › swipe completes when the pointer leaves the artwork (1.3s)
  ✓   58 [iphone-17-pro-webkit] › tests/e2e/technology-viewer.spec.ts:602:1 › failed CyberMind warm and selection recover with explicit Retry without skipping the group (1.8s)
  ✓   61 [iphone-17-pro-webkit] › tests/e2e/technology-viewer.spec.ts:618:1 › pending group blocks gestures and repeated keys while close remains available (1.5s)
  ✓   60 [iphone-17-pro-max-webkit] › tests/e2e/technology-viewer.spec.ts:403:1 › technology viewer hides landing paint beneath browser chrome and restores it on close (2.4s)
(node:43160) Warning: The 'NO_COLOR' env is ignored due to the 'FORCE_COLOR' env being set.
(Use `node --trace-warnings ...` to show where the warning was created)
  ✓   59 [desktop-chromium] › tests/e2e/technology-loading.spec.ts:124:1 › loading and retry fit every locale including Arabic at a short phone height (4.2s)
  ✓   62 [iphone-17-pro-max-webkit] › tests/e2e/technology-viewer.spec.ts:446:1 › metal contour reaches mobile side edges and the image stays inside its cutout (1.2s)
(node:43190) Warning: The 'NO_COLOR' env is ignored due to the 'FORCE_COLOR' env being set.
(Use `node --trace-warnings ...` to show where the warning was created)
  ✓   64 [iphone-17-pro-max-webkit] › tests/e2e/technology-viewer.spec.ts:476:1 › CyberMind PNGs retain native RGB, alpha and resolution outside title glyphs (168ms)
  ✓   63 [desktop-chromium] › tests/e2e/technology-viewer.spec.ts:6:1 › technology artwork keeps its native proportions as Safari chrome changes the visible height (778ms)
  ✓   67 [desktop-chromium] › tests/e2e/technology-viewer.spec.ts:49:1 › technology PNGs preserve every original pixel outside the title mask (441ms)
  ✓   66 [iphone-17-pro-max-webkit] › tests/e2e/technology-viewer.spec.ts:503:1 › CyberMind uses two interactive slides, a live title and two-axis navigation (1.6s)
  ✓   68 [desktop-chromium] › tests/e2e/technology-viewer.spec.ts:86:1 › technology descriptions render all source text in the decoded image coordinates (1.0s)
  ✓   70 [desktop-chromium] › tests/e2e/technology-viewer.spec.ts:117:1 › technology viewer opens from both story controls and pages through clean images (2.7s)
  ✓   71 [desktop-chromium] › tests/e2e/technology-viewer.spec.ts:211:1 › technology viewer supports touch pointers, Escape and Arabic framing (1.9s)
  ✓   65 [desktop-firefox] › tests/e2e/media-loading.spec.ts:3:1 › visible artwork remains hidden and page scroll locked until complete decode (3.3s)
  ✓   72 [desktop-chromium] › tests/e2e/technology-viewer.spec.ts:257:1 › previous artwork stays visible while the next slide loads (811ms)
  ✓   74 [desktop-chromium] › tests/e2e/technology-viewer.spec.ts:280:1 › failed warm-up and failed selection retry the same image (1.0s)
  ✓   69 [iphone-17-pro-max-webkit] › tests/e2e/technology-viewer.spec.ts:555:1 › CyberMind descriptions fit all locales and omit source folios (7.2s)
  ✓   73 [desktop-firefox] › tests/e2e/media-loading.spec.ts:28:1 › offscreen pending artwork does not block the hero but blocks when reached (2.2s)
  ✓   75 [desktop-chromium] › tests/e2e/technology-viewer.spec.ts:302:1 › two photos of each group warm after load; remaining photos start together on open (676ms)
  ✓   78 [desktop-chromium] › tests/e2e/technology-viewer.spec.ts:324:1 › incomplete hero protects the main view before technology can be opened (570ms)
  ✓   77 [desktop-firefox] › tests/e2e/media-loading.spec.ts:55:1 › failed visible image has an accessible retry and successful recovery (1.5s)
  ✓   76 [iphone-17-pro-max-webkit] › tests/e2e/technology-viewer.spec.ts:581:1 › pending slide locks navigation and commits only fully loaded selection (1.6s)
  ✓   79 [desktop-chromium] › tests/e2e/technology-viewer.spec.ts:340:1 › four photos warm at low priority; retained decoded images are reused offline across groups (1.3s)
  ✓   81 [iphone-17-pro-max-webkit] › tests/e2e/technology-viewer.spec.ts:602:1 › failed CyberMind warm and selection recover with explicit Retry without skipping the group (1.1s)
  ✓   82 [desktop-chromium] › tests/e2e/technology-viewer.spec.ts:387:1 › swipe completes when the pointer leaves the artwork (698ms)
  ✓   83 [iphone-17-pro-max-webkit] › tests/e2e/technology-viewer.spec.ts:618:1 › pending group blocks gestures and repeated keys while close remains available (1.1s)
  ✓   84 [desktop-chromium] › tests/e2e/technology-viewer.spec.ts:403:1 › technology viewer hides landing paint beneath browser chrome and restores it on close (1.2s)
(node:43562) Warning: The 'NO_COLOR' env is ignored due to the 'FORCE_COLOR' env being set.
(Use `node --trace-warnings ...` to show where the warning was created)
  ✓   85 [desktop-chromium] › tests/e2e/technology-viewer.spec.ts:446:1 › metal contour reaches mobile side edges and the image stays inside its cutout (583ms)
  ✓   87 [desktop-chromium] › tests/e2e/technology-viewer.spec.ts:476:1 › CyberMind PNGs retain native RGB, alpha and resolution outside title glyphs (166ms)
  ✓   88 [desktop-chromium] › tests/e2e/technology-viewer.spec.ts:503:1 › CyberMind uses two interactive slides, a live title and two-axis navigation (881ms)
  ✓   86 [desktop-firefox] › tests/e2e/technology-loading.spec.ts:6:1 › a partially transferred first photo stays hidden with true progress and locked navigation (2.1s)
  ✘   80 [desktop-firefox] › tests/e2e/media-loading.spec.ts:70:1 › truncated visible image is never revealed as a partially decoded resource (6.2s)
(node:43598) Warning: The 'NO_COLOR' env is ignored due to the 'FORCE_COLOR' env being set.
(Use `node --trace-warnings ...` to show where the warning was created)
  ✓   90 [desktop-firefox] › tests/e2e/technology-loading.spec.ts:60:1 › invalid first image has white backing and retry; close never traps the user (835ms)
  ✓   92 [desktop-firefox] › tests/e2e/technology-loading.spec.ts:78:1 › horizontal swipes stop at both ends and reverse through preceding photos (1.0s)
  ✓   93 [desktop-firefox] › tests/e2e/technology-loading.spec.ts:98:1 › contained artwork and controls adapt to short landscape, tablet and desktop (1.1s)
  ✓   89 [desktop-chromium] › tests/e2e/technology-viewer.spec.ts:555:1 › CyberMind descriptions fit all locales and omit source folios (6.6s)
  ✓   91 [desktop-firefox] › tests/e2e/media-loading.spec.ts:86:1 › page gate suspends behind a native dialog and resumes missing page media after close (2.5s)
  ✓   96 [desktop-firefox] › tests/e2e/technology-viewer.spec.ts:6:1 › technology artwork keeps its native proportions as Safari chrome changes the visible height (1.3s)
  ✓   97 [desktop-firefox] › tests/e2e/technology-viewer.spec.ts:49:1 › technology PNGs preserve every original pixel outside the title mask (296ms)
  ✓   98 [desktop-firefox] › tests/e2e/technology-viewer.spec.ts:86:1 › technology descriptions render all source text in the decoded image coordinates (1.1s)
  ✓   99 [desktop-firefox] › tests/e2e/technology-viewer.spec.ts:117:1 › technology viewer opens from both story controls and pages through clean images (2.3s)
  ✘   95 [desktop-chromium] › tests/e2e/technology-viewer.spec.ts:581:1 › pending slide locks navigation and commits only fully loaded selection (5.8s)
(node:43700) Warning: The 'NO_COLOR' env is ignored due to the 'FORCE_COLOR' env being set.
(Use `node --trace-warnings ...` to show where the warning was created)
  ✓  100 [desktop-firefox] › tests/e2e/technology-viewer.spec.ts:211:1 › technology viewer supports touch pointers, Escape and Arabic framing (1.9s)
  ✓  101 [desktop-chromium] › tests/e2e/technology-viewer.spec.ts:602:1 › failed CyberMind warm and selection recover with explicit Retry without skipping the group (661ms)
  ✘   94 [desktop-firefox] › tests/e2e/technology-loading.spec.ts:124:1 › loading and retry fit every locale including Arabic at a short phone height (8.7s)
  ✓  102 [desktop-firefox] › tests/e2e/technology-viewer.spec.ts:257:1 › previous artwork stays visible while the next slide loads (647ms)
  ✓  103 [desktop-chromium] › tests/e2e/technology-viewer.spec.ts:618:1 › pending group blocks gestures and repeated keys while close remains available (650ms)
  ✓  104 [desktop-firefox] › tests/e2e/technology-viewer.spec.ts:280:1 › failed warm-up and failed selection retry the same image (1.0s)
  ✓  105 [desktop-firefox] › tests/e2e/technology-viewer.spec.ts:302:1 › two photos of each group warm after load; remaining photos start together on open (624ms)
  ✓  106 [desktop-firefox] › tests/e2e/technology-viewer.spec.ts:324:1 › incomplete hero protects the main view before technology can be opened (544ms)
  ✓  107 [desktop-firefox] › tests/e2e/technology-viewer.spec.ts:340:1 › four photos warm at low priority; retained decoded images are reused offline across groups (1.3s)
  ✓  108 [desktop-firefox] › tests/e2e/technology-viewer.spec.ts:387:1 › swipe completes when the pointer leaves the artwork (562ms)
  ✓  109 [desktop-firefox] › tests/e2e/technology-viewer.spec.ts:403:1 › technology viewer hides landing paint beneath browser chrome and restores it on close (1.3s)
  ✓  110 [desktop-firefox] › tests/e2e/technology-viewer.spec.ts:446:1 › metal contour reaches mobile side edges and the image stays inside its cutout (518ms)
  ✓  111 [desktop-firefox] › tests/e2e/technology-viewer.spec.ts:476:1 › CyberMind PNGs retain native RGB, alpha and resolution outside title glyphs (157ms)
  ✓  112 [desktop-firefox] › tests/e2e/technology-viewer.spec.ts:503:1 › CyberMind uses two interactive slides, a live title and two-axis navigation (1.2s)
  ✓  113 [desktop-firefox] › tests/e2e/technology-viewer.spec.ts:555:1 › CyberMind descriptions fit all locales and omit source folios (4.0s)
  ✘  114 [desktop-firefox] › tests/e2e/technology-viewer.spec.ts:581:1 › pending slide locks navigation and commits only fully loaded selection (5.6s)
(node:43778) Warning: The 'NO_COLOR' env is ignored due to the 'FORCE_COLOR' env being set.
(Use `node --trace-warnings ...` to show where the warning was created)
  ✓  115 [desktop-firefox] › tests/e2e/technology-viewer.spec.ts:602:1 › failed CyberMind warm and selection recover with explicit Retry without skipping the group (1.2s)
  ✓  116 [desktop-firefox] › tests/e2e/technology-viewer.spec.ts:618:1 › pending group blocks gestures and repeated keys while close remains available (685ms)


  1) [desktop-chromium] › tests/e2e/technology-viewer.spec.ts:581:1 › pending slide locks navigation and commits only fully loaded selection

    Error: expect(locator).toHaveAttribute(expected) failed

    Locator:  locator('#technology-viewer')
    Expected: "HeatCore"
    Received: "CyberMind"
    Timeout:  5000ms

    Call log:
      - Expect "toHaveAttribute" locator('#technology-viewer') with timeout 5000ms
      - waiting for locator('#technology-viewer')
        14 × locator resolved to <dialog open="" tabindex="-1" aria-busy="false" id="technology-viewer" data-group="CyberMind" class="technology-viewer" aria-labelledby="technology-viewer-title" aria-describedby="technology-viewer-instructions">…</dialog>
           - unexpected value "CyberMind"


      597 |   await expect(viewer).toHaveAttribute('aria-busy', 'false');
      598 |   await page.keyboard.press('ArrowUp');
    > 599 |   await expect(viewer).toHaveAttribute('data-group', 'HeatCore');
          |                        ^
      600 | });
      601 |
      602 | test('failed CyberMind warm and selection recover with explicit Retry without skipping the group', async ({ page }) => {
        at /Users/asmirnou/Projects/g/ramsider/tests/e2e/technology-viewer.spec.ts:599:24

    attachment #1: screenshot (image/png) ──────────────────────────────────────────────────────────
    test-results/technology-viewer-pending--cfe83-only-fully-loaded-selection-desktop-chromium/test-failed-1.png
    ────────────────────────────────────────────────────────────────────────────────────────────────

    Error Context: test-results/technology-viewer-pending--cfe83-only-fully-loaded-selection-desktop-chromium/error-context.md

  2) [desktop-firefox] › tests/e2e/media-loading.spec.ts:70:1 › truncated visible image is never revealed as a partially decoded resource

    Error: expect(locator).toHaveCount(expected) failed

    Locator:  locator('.page-media-overlay')
    Expected: 0
    Received: 1
    Timeout:  5000ms

    Call log:
      - Expect "toHaveCount" locator('.page-media-overlay') with timeout 5000ms
      - waiting for locator('.page-media-overlay')
        14 × locator resolved to 1 element
           - unexpected value "1"


      81 |   await expect(page.locator('img[data-media][src="/art/00.webp"]')).not.toHaveAttribute('data-media-ready');
      82 |   await page.getByRole('button', { name: 'Retry', exact: true }).click();
    > 83 |   await expect(page.locator('.page-media-overlay')).toHaveCount(0);
         |                                                     ^
      84 | });
      85 |
      86 | test('page gate suspends behind a native dialog and resumes missing page media after close', async ({ page }) => {
        at /Users/asmirnou/Projects/g/ramsider/tests/e2e/media-loading.spec.ts:83:53

    attachment #1: screenshot (image/png) ──────────────────────────────────────────────────────────
    test-results/media-loading-truncated-vi-c2f2d--partially-decoded-resource-desktop-firefox/test-failed-1.png
    ────────────────────────────────────────────────────────────────────────────────────────────────

    Error Context: test-results/media-loading-truncated-vi-c2f2d--partially-decoded-resource-desktop-firefox/error-context.md

  3) [desktop-firefox] › tests/e2e/technology-loading.spec.ts:124:1 › loading and retry fit every locale including Arabic at a short phone height

    Error: expect(locator).toBeVisible() failed

    Locator: locator('.technology-viewer__loading').locator('button')
    Expected: visible
    Timeout: 5000ms
    Error: element(s) not found

    Call log:
      - Expect "toBeVisible" locator('.technology-viewer__loading').locator('button') with timeout 5000ms
      - waiting for locator('.technology-viewer__loading').locator('button')


      129 |     await page.locator('[data-technology-open]').first().click();
      130 |     const loader = page.locator('.technology-viewer__loading');
    > 131 |     await expect(loader.locator('button')).toBeVisible();
          |                                            ^
      132 |     const fit = await loader.locator('p,button').evaluateAll(elements => elements.map(element => ({ width: element.scrollWidth, available: element.clientWidth })));
      133 |     for (const item of fit) expect(item.width).toBeLessThanOrEqual(item.available + 1);
      134 |     if (locale === 'ar') await expect(loader).toHaveAttribute('dir', 'rtl');
        at /Users/asmirnou/Projects/g/ramsider/tests/e2e/technology-loading.spec.ts:131:44

    attachment #1: screenshot (image/png) ──────────────────────────────────────────────────────────
    test-results/technology-loading-loading-7e30f-bic-at-a-short-phone-height-desktop-firefox/test-failed-1.png
    ────────────────────────────────────────────────────────────────────────────────────────────────

    Error Context: test-results/technology-loading-loading-7e30f-bic-at-a-short-phone-height-desktop-firefox/error-context.md

  4) [desktop-firefox] › tests/e2e/technology-viewer.spec.ts:581:1 › pending slide locks navigation and commits only fully loaded selection

    Error: expect(locator).toHaveAttribute(expected) failed

    Locator:  locator('#technology-viewer')
    Expected: "HeatCore"
    Received: "CyberMind"
    Timeout:  5000ms

    Call log:
      - Expect "toHaveAttribute" locator('#technology-viewer') with timeout 5000ms
      - waiting for locator('#technology-viewer')
        14 × locator resolved to <dialog open="" tabindex="-1" aria-busy="false" id="technology-viewer" data-group="CyberMind" class="technology-viewer" aria-labelledby="technology-viewer-title" aria-describedby="technology-viewer-instructions">…</dialog>
           - unexpected value "CyberMind"


      597 |   await expect(viewer).toHaveAttribute('aria-busy', 'false');
      598 |   await page.keyboard.press('ArrowUp');
    > 599 |   await expect(viewer).toHaveAttribute('data-group', 'HeatCore');
          |                        ^
      600 | });
      601 |
      602 | test('failed CyberMind warm and selection recover with explicit Retry without skipping the group', async ({ page }) => {
        at /Users/asmirnou/Projects/g/ramsider/tests/e2e/technology-viewer.spec.ts:599:24

    attachment #1: screenshot (image/png) ──────────────────────────────────────────────────────────
    test-results/technology-viewer-pending--cfe83-only-fully-loaded-selection-desktop-firefox/test-failed-1.png
    ────────────────────────────────────────────────────────────────────────────────────────────────

    Error Context: test-results/technology-viewer-pending--cfe83-only-fully-loaded-selection-desktop-firefox/error-context.md

  4 failed
    [desktop-chromium] › tests/e2e/technology-viewer.spec.ts:581:1 › pending slide locks navigation and commits only fully loaded selection
    [desktop-firefox] › tests/e2e/media-loading.spec.ts:70:1 › truncated visible image is never revealed as a partially decoded resource
    [desktop-firefox] › tests/e2e/technology-loading.spec.ts:124:1 › loading and retry fit every locale including Arabic at a short phone height
    [desktop-firefox] › tests/e2e/technology-viewer.spec.ts:581:1 › pending slide locks navigation and commits only fully loaded selection
  112 passed (1.4m)
