
Running 20 tests using 2 workers

(node:58143) Warning: The 'NO_COLOR' env is ignored due to the 'FORCE_COLOR' env being set.
(Use `node --trace-warnings ...` to show where the warning was created)
(node:58141) Warning: The 'NO_COLOR' env is ignored due to the 'FORCE_COLOR' env being set.
(Use `node --trace-warnings ...` to show where the warning was created)
  ✓   1 [iphone-17-pro-webkit] › tests/e2e/media-loading.spec.ts:3:1 › visible artwork remains hidden and page scroll locked until complete decode (1.3s)
  ✓   2 [iphone-17-pro-max-webkit] › tests/e2e/media-loading.spec.ts:3:1 › visible artwork remains hidden and page scroll locked until complete decode (1.4s)
  ✓   4 [iphone-17-pro-max-webkit] › tests/e2e/media-loading.spec.ts:28:1 › offscreen pending artwork does not block the hero but blocks when reached (1.6s)
  ✓   3 [iphone-17-pro-webkit] › tests/e2e/media-loading.spec.ts:28:1 › offscreen pending artwork does not block the hero but blocks when reached (2.2s)
  ✓   5 [iphone-17-pro-max-webkit] › tests/e2e/media-loading.spec.ts:56:1 › failed visible image has an accessible retry and successful recovery (1.1s)
  ✓   6 [iphone-17-pro-webkit] › tests/e2e/media-loading.spec.ts:56:1 › failed visible image has an accessible retry and successful recovery (992ms)
  ✓   7 [iphone-17-pro-max-webkit] › tests/e2e/media-loading.spec.ts:71:1 › truncated visible image is never revealed as a partially decoded resource (1.1s)
  ✓   8 [iphone-17-pro-webkit] › tests/e2e/media-loading.spec.ts:71:1 › truncated visible image is never revealed as a partially decoded resource (1.4s)
  ✓   9 [iphone-17-pro-max-webkit] › tests/e2e/media-loading.spec.ts:91:1 › page gate suspends behind a native dialog and resumes missing page media after close (2.1s)
  ✓  10 [iphone-17-pro-webkit] › tests/e2e/media-loading.spec.ts:91:1 › page gate suspends behind a native dialog and resumes missing page media after close (1.7s)
(node:58325) Warning: The 'NO_COLOR' env is ignored due to the 'FORCE_COLOR' env being set.
(Use `node --trace-warnings ...` to show where the warning was created)
(node:58326) Warning: The 'NO_COLOR' env is ignored due to the 'FORCE_COLOR' env being set.
(Use `node --trace-warnings ...` to show where the warning was created)
  ✓  11 [desktop-chromium] › tests/e2e/media-loading.spec.ts:3:1 › visible artwork remains hidden and page scroll locked until complete decode (1.1s)
  ✓  13 [desktop-chromium] › tests/e2e/media-loading.spec.ts:28:1 › offscreen pending artwork does not block the hero but blocks when reached (1.0s)
  ✓  14 [desktop-chromium] › tests/e2e/media-loading.spec.ts:56:1 › failed visible image has an accessible retry and successful recovery (812ms)
  ✓  15 [desktop-chromium] › tests/e2e/media-loading.spec.ts:71:1 › truncated visible image is never revealed as a partially decoded resource (630ms)
  ✓  16 [desktop-chromium] › tests/e2e/media-loading.spec.ts:91:1 › page gate suspends behind a native dialog and resumes missing page media after close (587ms)
  ✓  12 [desktop-firefox] › tests/e2e/media-loading.spec.ts:3:1 › visible artwork remains hidden and page scroll locked until complete decode (3.6s)
  ✓  17 [desktop-firefox] › tests/e2e/media-loading.spec.ts:28:1 › offscreen pending artwork does not block the hero but blocks when reached (2.4s)
  ✓  18 [desktop-firefox] › tests/e2e/media-loading.spec.ts:56:1 › failed visible image has an accessible retry and successful recovery (1.1s)
  ✓  19 [desktop-firefox] › tests/e2e/media-loading.spec.ts:71:1 › truncated visible image is never revealed as a partially decoded resource (969ms)
  ✓  20 [desktop-firefox] › tests/e2e/media-loading.spec.ts:91:1 › page gate suspends behind a native dialog and resumes missing page media after close (1.9s)

  20 passed (21.4s)
