
Running 20 tests using 4 workers

(node:46336) Warning: The 'NO_COLOR' env is ignored due to the 'FORCE_COLOR' env being set.
(Use `node --trace-warnings ...` to show where the warning was created)
(node:46333) Warning: The 'NO_COLOR' env is ignored due to the 'FORCE_COLOR' env being set.
(Use `node --trace-warnings ...` to show where the warning was created)
(node:46335) Warning: The 'NO_COLOR' env is ignored due to the 'FORCE_COLOR' env being set.
(Use `node --trace-warnings ...` to show where the warning was created)
(node:46334) Warning: The 'NO_COLOR' env is ignored due to the 'FORCE_COLOR' env being set.
(Use `node --trace-warnings ...` to show where the warning was created)
  ✓   3 [desktop-chromium] › tests/e2e/media-loading.spec.ts:3:1 › visible artwork remains hidden and page scroll locked until complete decode (1.7s)
  ✓   1 [iphone-17-pro-webkit] › tests/e2e/media-loading.spec.ts:3:1 › visible artwork remains hidden and page scroll locked until complete decode (1.9s)
  ✓   2 [iphone-17-pro-max-webkit] › tests/e2e/media-loading.spec.ts:3:1 › visible artwork remains hidden and page scroll locked until complete decode (1.9s)
  ✓   5 [desktop-chromium] › tests/e2e/media-loading.spec.ts:28:1 › offscreen pending artwork does not block the hero but blocks when reached (975ms)
  ✓   8 [desktop-chromium] › tests/e2e/media-loading.spec.ts:56:1 › failed visible image has an accessible retry and successful recovery (829ms)
  ✓   6 [iphone-17-pro-webkit] › tests/e2e/media-loading.spec.ts:28:1 › offscreen pending artwork does not block the hero but blocks when reached (1.4s)
  ✓   7 [iphone-17-pro-max-webkit] › tests/e2e/media-loading.spec.ts:28:1 › offscreen pending artwork does not block the hero but blocks when reached (1.5s)
  ✓   9 [desktop-chromium] › tests/e2e/media-loading.spec.ts:71:1 › truncated visible image is never revealed as a partially decoded resource (714ms)
  ✓  12 [desktop-chromium] › tests/e2e/media-loading.spec.ts:91:1 › page gate suspends behind a native dialog and resumes missing page media after close (720ms)
  ✓  10 [iphone-17-pro-webkit] › tests/e2e/media-loading.spec.ts:56:1 › failed visible image has an accessible retry and successful recovery (1.2s)
  ✓  11 [iphone-17-pro-max-webkit] › tests/e2e/media-loading.spec.ts:56:1 › failed visible image has an accessible retry and successful recovery (1.2s)
  ✓  13 [iphone-17-pro-webkit] › tests/e2e/media-loading.spec.ts:71:1 › truncated visible image is never revealed as a partially decoded resource (1.2s)
  ✓  14 [iphone-17-pro-max-webkit] › tests/e2e/media-loading.spec.ts:71:1 › truncated visible image is never revealed as a partially decoded resource (1.1s)
  ✓   4 [desktop-firefox] › tests/e2e/media-loading.spec.ts:3:1 › visible artwork remains hidden and page scroll locked until complete decode (3.5s)
  ✓  16 [iphone-17-pro-max-webkit] › tests/e2e/media-loading.spec.ts:91:1 › page gate suspends behind a native dialog and resumes missing page media after close (816ms)
  ✓  15 [iphone-17-pro-webkit] › tests/e2e/media-loading.spec.ts:91:1 › page gate suspends behind a native dialog and resumes missing page media after close (877ms)
  ✓  17 [desktop-firefox] › tests/e2e/media-loading.spec.ts:28:1 › offscreen pending artwork does not block the hero but blocks when reached (1.3s)
  ✘  18 [desktop-firefox] › tests/e2e/media-loading.spec.ts:56:1 › failed visible image has an accessible retry and successful recovery (6.6s)
(node:46577) Warning: The 'NO_COLOR' env is ignored due to the 'FORCE_COLOR' env being set.
(Use `node --trace-warnings ...` to show where the warning was created)
  ✘  19 [desktop-firefox] › tests/e2e/media-loading.spec.ts:71:1 › truncated visible image is never revealed as a partially decoded resource (9.5s)
(node:46688) Warning: The 'NO_COLOR' env is ignored due to the 'FORCE_COLOR' env being set.
(Use `node --trace-warnings ...` to show where the warning was created)
  ✓  20 [desktop-firefox] › tests/e2e/media-loading.spec.ts:91:1 › page gate suspends behind a native dialog and resumes missing page media after close (2.7s)


  1) [desktop-firefox] › tests/e2e/media-loading.spec.ts:56:1 › failed visible image has an accessible retry and successful recovery

    Error: expect(locator).toHaveCount(expected) failed

    Locator:  locator('.page-media-overlay')
    Expected: 0
    Received: 1
    Timeout:  5000ms

    Call log:
      - Expect "toHaveCount" locator('.page-media-overlay') with timeout 5000ms
      - waiting for locator('.page-media-overlay')
        13 × locator resolved to 1 element
           - unexpected value "1"


      64 |   await expect(page.locator('img[data-media][src="/art/00.webp"]')).toBeHidden();
      65 |   await page.getByRole('button', { name: 'Retry', exact: true }).click();
    > 66 |   await expect(page.locator('.page-media-overlay')).toHaveCount(0);
         |                                                     ^
      67 |   await expect(page.locator('.art > img[data-media]').first()).toHaveAttribute('data-media-ready', '');
      68 |   expect(attempts).toBe(2);
      69 | });
        at /Users/asmirnou/Projects/g/ramsider/tests/e2e/media-loading.spec.ts:66:53

    attachment #1: screenshot (image/png) ──────────────────────────────────────────────────────────
    test-results/media-loading-failed-visib-a17f2-try-and-successful-recovery-desktop-firefox/test-failed-1.png
    ────────────────────────────────────────────────────────────────────────────────────────────────

    Error Context: test-results/media-loading-failed-visib-a17f2-try-and-successful-recovery-desktop-firefox/error-context.md

  2) [desktop-firefox] › tests/e2e/media-loading.spec.ts:71:1 › truncated visible image is never revealed as a partially decoded resource

    Error: expect(locator).toHaveCount(expected) failed

    Locator:  locator('.page-media-overlay')
    Expected: 0
    Received: 1
    Timeout:  5000ms

    Call log:
      - Expect "toHaveCount" locator('.page-media-overlay') with timeout 5000ms
      - waiting for locator('.page-media-overlay')
        13 × locator resolved to 1 element
           - unexpected value "1"


      82 |   await expect(page.locator('img[data-media][src="/art/00.webp"]')).not.toHaveAttribute('data-media-ready');
      83 |   await page.getByRole('button', { name: 'Retry', exact: true }).click();
    > 84 |   await expect(page.locator('.page-media-overlay')).toHaveCount(0);
         |                                                     ^
      85 |   const image = page.locator('.art > img[data-media]').first();
      86 |   await expect(image).toHaveAttribute('data-media-ready', '');
      87 |   await expect(image).toHaveAttribute('src', /\/art\/00\.webp\?media-retry=\d+$/);
        at /Users/asmirnou/Projects/g/ramsider/tests/e2e/media-loading.spec.ts:84:53

    attachment #1: screenshot (image/png) ──────────────────────────────────────────────────────────
    test-results/media-loading-truncated-vi-c2f2d--partially-decoded-resource-desktop-firefox/test-failed-1.png
    ────────────────────────────────────────────────────────────────────────────────────────────────

    Error Context: test-results/media-loading-truncated-vi-c2f2d--partially-decoded-resource-desktop-firefox/error-context.md

  2 failed
    [desktop-firefox] › tests/e2e/media-loading.spec.ts:56:1 › failed visible image has an accessible retry and successful recovery
    [desktop-firefox] › tests/e2e/media-loading.spec.ts:71:1 › truncated visible image is never revealed as a partially decoded resource
  18 passed (32.3s)
