
Running 24 tests using 2 workers

(node:58037) Warning: The 'NO_COLOR' env is ignored due to the 'FORCE_COLOR' env being set.
(Use `node --trace-warnings ...` to show where the warning was created)
(node:58036) Warning: The 'NO_COLOR' env is ignored due to the 'FORCE_COLOR' env being set.
(Use `node --trace-warnings ...` to show where the warning was created)
  ✓   1 [iphone-17-pro-webkit] › tests/e2e/technology-loading.spec.ts:7:1 › a partially transferred first photo stays hidden with true progress and locked navigation (2.2s)
  ✓   2 [iphone-17-pro-webkit] › tests/e2e/technology-viewer.spec.ts:212:1 › technology viewer supports touch pointers, Escape and Arabic framing (3.0s)
  ✘   3 [iphone-17-pro-webkit] › tests/e2e/technology-loading.spec.ts:79:1 › retry replaces a corrupt HTTP 200 retained in the real browser cache (784ms)
(node:58170) Warning: The 'NO_COLOR' env is ignored due to the 'FORCE_COLOR' env being set.
(Use `node --trace-warnings ...` to show where the warning was created)
  ✓   4 [iphone-17-pro-webkit] › tests/e2e/technology-viewer.spec.ts:281:1 › failed warm-up and failed selection retry the same image (1.8s)
  ✓   6 [iphone-17-pro-webkit] › tests/e2e/technology-viewer.spec.ts:619:1 › pending group blocks gestures and repeated keys while close remains available (1.8s)
(node:58244) Warning: The 'NO_COLOR' env is ignored due to the 'FORCE_COLOR' env being set.
(Use `node --trace-warnings ...` to show where the warning was created)
  ✓   7 [iphone-17-pro-max-webkit] › tests/e2e/technology-loading.spec.ts:7:1 › a partially transferred first photo stays hidden with true progress and locked navigation (2.3s)
  ✘   8 [iphone-17-pro-max-webkit] › tests/e2e/technology-loading.spec.ts:79:1 › retry replaces a corrupt HTTP 200 retained in the real browser cache (1.2s)
(node:58336) Warning: The 'NO_COLOR' env is ignored due to the 'FORCE_COLOR' env being set.
(Use `node --trace-warnings ...` to show where the warning was created)
  ✓   5 [iphone-17-pro-webkit] › tests/e2e/technology-loading.spec.ts:166:1 › loading and retry fit every locale including Arabic at a short phone height (8.3s)
(node:58353) Warning: The 'NO_COLOR' env is ignored due to the 'FORCE_COLOR' env being set.
(Use `node --trace-warnings ...` to show where the warning was created)
  ✓  10 [iphone-17-pro-max-webkit] › tests/e2e/technology-viewer.spec.ts:212:1 › technology viewer supports touch pointers, Escape and Arabic framing (3.0s)
  ✓  11 [iphone-17-pro-max-webkit] › tests/e2e/technology-viewer.spec.ts:281:1 › failed warm-up and failed selection retry the same image (1.6s)
  ✓  12 [iphone-17-pro-max-webkit] › tests/e2e/technology-viewer.spec.ts:619:1 › pending group blocks gestures and repeated keys while close remains available (1.6s)
  ✓   9 [iphone-17-pro-max-webkit] › tests/e2e/technology-loading.spec.ts:166:1 › loading and retry fit every locale including Arabic at a short phone height (7.3s)
(node:58454) Warning: The 'NO_COLOR' env is ignored due to the 'FORCE_COLOR' env being set.
(Use `node --trace-warnings ...` to show where the warning was created)
(node:58455) Warning: The 'NO_COLOR' env is ignored due to the 'FORCE_COLOR' env being set.
(Use `node --trace-warnings ...` to show where the warning was created)
  ✓  13 [desktop-chromium] › tests/e2e/technology-loading.spec.ts:7:1 › a partially transferred first photo stays hidden with true progress and locked navigation (757ms)
  ✓  15 [desktop-chromium] › tests/e2e/technology-loading.spec.ts:79:1 › retry replaces a corrupt HTTP 200 retained in the real browser cache (790ms)
  ✓  14 [desktop-chromium] › tests/e2e/technology-viewer.spec.ts:212:1 › technology viewer supports touch pointers, Escape and Arabic framing (1.6s)
  ✓  17 [desktop-chromium] › tests/e2e/technology-viewer.spec.ts:281:1 › failed warm-up and failed selection retry the same image (1.2s)
  ✓  18 [desktop-chromium] › tests/e2e/technology-viewer.spec.ts:619:1 › pending group blocks gestures and repeated keys while close remains available (761ms)
(node:58547) Warning: The 'NO_COLOR' env is ignored due to the 'FORCE_COLOR' env being set.
(Use `node --trace-warnings ...` to show where the warning was created)
  ✓  16 [desktop-chromium] › tests/e2e/technology-loading.spec.ts:166:1 › loading and retry fit every locale including Arabic at a short phone height (4.4s)
(node:58574) Warning: The 'NO_COLOR' env is ignored due to the 'FORCE_COLOR' env being set.
(Use `node --trace-warnings ...` to show where the warning was created)
  ✓  19 [desktop-firefox] › tests/e2e/technology-loading.spec.ts:7:1 › a partially transferred first photo stays hidden with true progress and locked navigation (1.7s)
  ✓  20 [desktop-firefox] › tests/e2e/technology-loading.spec.ts:79:1 › retry replaces a corrupt HTTP 200 retained in the real browser cache (755ms)
  ✓  21 [desktop-firefox] › tests/e2e/technology-viewer.spec.ts:212:1 › technology viewer supports touch pointers, Escape and Arabic framing (3.5s)
  ✓  23 [desktop-firefox] › tests/e2e/technology-viewer.spec.ts:281:1 › failed warm-up and failed selection retry the same image (1.4s)
  ✓  24 [desktop-firefox] › tests/e2e/technology-viewer.spec.ts:619:1 › pending group blocks gestures and repeated keys while close remains available (770ms)
  ✓  22 [desktop-firefox] › tests/e2e/technology-loading.spec.ts:166:1 › loading and retry fit every locale including Arabic at a short phone height (6.3s)


  1) [iphone-17-pro-webkit] › tests/e2e/technology-loading.spec.ts:79:1 › retry replaces a corrupt HTTP 200 retained in the real browser cache

    Error: expect(received).toBe(expected) // Object.is equality

    Expected: 2
    Received: 3

      102 |     const before = requests;
      103 |     expect(await page.evaluate(async url => (await fetch(url, { cache: 'force-cache' })).text(), url)).toBe('cached corrupt image');
    > 104 |     expect(requests).toBe(before);
          |                      ^
      105 |     valid = true;
      106 |     await viewer.getByRole('button', { name: 'Retry' }).click();
      107 |     await expect(viewer).toHaveAttribute('aria-busy', 'false');
        at /Users/asmirnou/Projects/g/ramsider/tests/e2e/technology-loading.spec.ts:104:22

    attachment #1: screenshot (image/png) ──────────────────────────────────────────────────────────
    test-results/technology-loading-retry-r-b953f-d-in-the-real-browser-cache-iphone-17-pro-webkit/test-failed-1.png
    ────────────────────────────────────────────────────────────────────────────────────────────────

    Error Context: test-results/technology-loading-retry-r-b953f-d-in-the-real-browser-cache-iphone-17-pro-webkit/error-context.md

  2) [iphone-17-pro-max-webkit] › tests/e2e/technology-loading.spec.ts:79:1 › retry replaces a corrupt HTTP 200 retained in the real browser cache

    Error: expect(received).toBe(expected) // Object.is equality

    Expected: 2
    Received: 3

      102 |     const before = requests;
      103 |     expect(await page.evaluate(async url => (await fetch(url, { cache: 'force-cache' })).text(), url)).toBe('cached corrupt image');
    > 104 |     expect(requests).toBe(before);
          |                      ^
      105 |     valid = true;
      106 |     await viewer.getByRole('button', { name: 'Retry' }).click();
      107 |     await expect(viewer).toHaveAttribute('aria-busy', 'false');
        at /Users/asmirnou/Projects/g/ramsider/tests/e2e/technology-loading.spec.ts:104:22

    attachment #1: screenshot (image/png) ──────────────────────────────────────────────────────────
    test-results/technology-loading-retry-r-b953f-d-in-the-real-browser-cache-iphone-17-pro-max-webkit/test-failed-1.png
    ────────────────────────────────────────────────────────────────────────────────────────────────

    Error Context: test-results/technology-loading-retry-r-b953f-d-in-the-real-browser-cache-iphone-17-pro-max-webkit/error-context.md

  2 failed
    [iphone-17-pro-webkit] › tests/e2e/technology-loading.spec.ts:79:1 › retry replaces a corrupt HTTP 200 retained in the real browser cache
    [iphone-17-pro-max-webkit] › tests/e2e/technology-loading.spec.ts:79:1 › retry replaces a corrupt HTTP 200 retained in the real browser cache
  22 passed (35.3s)
