
Running 168 tests using 2 workers

(node:66367) Warning: The 'NO_COLOR' env is ignored due to the 'FORCE_COLOR' env being set.
(Use `node --trace-warnings ...` to show where the warning was created)
(node:66366) Warning: The 'NO_COLOR' env is ignored due to the 'FORCE_COLOR' env being set.
(Use `node --trace-warnings ...` to show where the warning was created)
  ✓    1 [iphone-17-pro-webkit] › tests/e2e/media-loading.spec.ts:9:1 › without JavaScript the native page artwork, text and FAQ remain usable (1.7s)
  ✓    3 [iphone-17-pro-webkit] › tests/e2e/media-loading.spec.ts:31:1 › early bootstrap protects held artwork before framework hydration (983ms)
  ✓    4 [iphone-17-pro-webkit] › tests/e2e/media-loading.spec.ts:57:1 › initial framework script network failure falls back to native readable content (637ms)
  ✓    5 [iphone-17-pro-webkit] › tests/e2e/media-loading.spec.ts:73:3 › initial framework synchronous failure restores native readable content (781ms)
  ✓    6 [iphone-17-pro-webkit] › tests/e2e/media-loading.spec.ts:73:3 › initial framework rejection failure restores native readable content (840ms)
  ✓    2 [iphone-17-pro-webkit] › tests/e2e/site.spec.ts:7:1 › responsive viewport, artwork, and primary actions (5.3s)
  ✓    7 [iphone-17-pro-webkit] › tests/e2e/media-loading.spec.ts:98:1 › visible artwork remains hidden and page scroll locked until complete decode (1.1s)
  ✓    9 [iphone-17-pro-webkit] › tests/e2e/media-loading.spec.ts:123:1 › pending next block retains ready pixels, stops downward scroll and allows upward scroll (2.4s)
  ✓   10 [iphone-17-pro-webkit] › tests/e2e/media-loading.spec.ts:164:1 › remaining landing artwork warms asynchronously after first block decode without scrolling (779ms)
  ✓   11 [iphone-17-pro-webkit] › tests/e2e/media-loading.spec.ts:196:1 › failed visible image has an accessible retry and successful recovery (860ms)
  ✓   12 [iphone-17-pro-webkit] › tests/e2e/media-loading.spec.ts:217:1 › truncated visible image is never revealed as a partially decoded resource (790ms)
  ✘    8 [iphone-17-pro-webkit] › tests/e2e/site.spec.ts:109:1 › back-to-top appears on scroll, stays in the viewport, and restores top and focus (5.8s)
(node:68270) Warning: The 'NO_COLOR' env is ignored due to the 'FORCE_COLOR' env being set.
(Use `node --trace-warnings ...` to show where the warning was created)
  ✓   13 [iphone-17-pro-webkit] › tests/e2e/media-loading.spec.ts:241:1 › page gate suspends behind a native dialog and resumes missing page media after close (801ms)
  -   15 [iphone-17-pro-webkit] › tests/e2e/media-loading.spec.ts:258:1 › native desktop wheel stops at pending boundary and can reverse upward
  -   16 [iphone-17-pro-webkit] › tests/e2e/media-loading.spec.ts:281:1 › native mobile touch cannot cross missing block and can reverse while it is pending
  ✓   17 [iphone-17-pro-webkit] › tests/e2e/media-loading.spec.ts:312:1 › pending frontier follows viewport resize and expanded FAQ instead of exposing blank artwork (1.5s)
  ✓   14 [iphone-17-pro-webkit] › tests/e2e/site.spec.ts:137:1 › localized story buttons keep one-line labels inside proportionate surfaces (6.0s)
  ✓   18 [iphone-17-pro-webkit] › tests/e2e/media-loading.spec.ts:339:1 › retained loading strip fits all eleven locales including Arabic (7.3s)
  ✓   19 [iphone-17-pro-webkit] › tests/e2e/site.spec.ts:176:36 › ru technology text groups are centered inside both fixed oval surfaces (3.2s)
  ✓   20 [iphone-17-pro-webkit] › tests/e2e/technology-viewer.spec.ts:7:1 › technology artwork keeps its native proportions as Safari chrome changes the visible height (1.4s)
  ✓   22 [iphone-17-pro-webkit] › tests/e2e/technology-viewer.spec.ts:50:1 › technology PNGs preserve every original pixel outside the title mask (277ms)
  ✓   21 [iphone-17-pro-webkit] › tests/e2e/site.spec.ts:176:36 › en technology text groups are centered inside both fixed oval surfaces (2.6s)
  ✓   23 [iphone-17-pro-webkit] › tests/e2e/technology-viewer.spec.ts:87:1 › technology descriptions render all source text in the decoded image coordinates (1.6s)
  ✓   24 [iphone-17-pro-webkit] › tests/e2e/site.spec.ts:256:1 › mapped exploration dialogs contain focus and restore their triggers (2.0s)
  ✓   25 [iphone-17-pro-webkit] › tests/e2e/technology-viewer.spec.ts:118:1 › technology viewer opens from both story controls and pages through clean images (3.2s)
  ✓   26 [iphone-17-pro-webkit] › tests/e2e/site.spec.ts:311:1 › FAQ icons are independent and answers expand the page without an inner scroller (2.8s)
  ✓   27 [iphone-17-pro-webkit] › tests/e2e/technology-viewer.spec.ts:212:1 › technology viewer supports touch pointers, Escape and Arabic framing (2.1s)
  ✓   29 [iphone-17-pro-webkit] › tests/e2e/technology-viewer.spec.ts:262:1 › previous artwork stays visible while the next slide loads (870ms)
  ✓   30 [iphone-17-pro-webkit] › tests/e2e/technology-viewer.spec.ts:285:1 › failed warm-up and failed selection retry the same image (1.4s)
  ✓   31 [iphone-17-pro-webkit] › tests/e2e/technology-viewer.spec.ts:310:1 › all six photos warm after load without blocking the main page (1.2s)
  ✓   32 [iphone-17-pro-webkit] › tests/e2e/technology-viewer.spec.ts:335:1 › incomplete hero protects the main view before technology can be opened (1.2s)
  ✓   28 [iphone-17-pro-webkit] › tests/e2e/site.spec.ts:376:3 › FAQ pointer-wheel input › FAQ always scrolls the document in closed and multi-open states (5.8s)
(node:68843) Warning: The 'NO_COLOR' env is ignored due to the 'FORCE_COLOR' env being set.
(Use `node --trace-warnings ...` to show where the warning was created)
  ✓   33 [iphone-17-pro-webkit] › tests/e2e/technology-viewer.spec.ts:351:1 › six photos warm at low priority; retained decoded images are reused offline across groups (1.4s)
  ✓   34 [iphone-17-pro-max-webkit] › tests/e2e/media-loading.spec.ts:9:1 › without JavaScript the native page artwork, text and FAQ remain usable (1.2s)
  ✓   35 [iphone-17-pro-webkit] › tests/e2e/technology-viewer.spec.ts:398:1 › swipe completes when the pointer leaves the artwork (1.3s)
  ✓   36 [iphone-17-pro-max-webkit] › tests/e2e/media-loading.spec.ts:31:1 › early bootstrap protects held artwork before framework hydration (977ms)
  ✓   38 [iphone-17-pro-max-webkit] › tests/e2e/media-loading.spec.ts:57:1 › initial framework script network failure falls back to native readable content (688ms)
  ✓   37 [iphone-17-pro-webkit] › tests/e2e/technology-viewer.spec.ts:414:1 › technology viewer hides landing paint beneath browser chrome and restores it on close (1.8s)
  ✓   39 [iphone-17-pro-max-webkit] › tests/e2e/media-loading.spec.ts:73:3 › initial framework synchronous failure restores native readable content (701ms)
  ✓   40 [iphone-17-pro-webkit] › tests/e2e/technology-viewer.spec.ts:457:1 › metal contour reaches mobile side edges and the image stays inside its cutout (1.1s)
  ✓   42 [iphone-17-pro-webkit] › tests/e2e/technology-viewer.spec.ts:487:1 › CyberMind PNGs retain native RGB, alpha and resolution outside title glyphs (166ms)
  ✓   41 [iphone-17-pro-max-webkit] › tests/e2e/media-loading.spec.ts:73:3 › initial framework rejection failure restores native readable content (803ms)
  ✓   44 [iphone-17-pro-max-webkit] › tests/e2e/media-loading.spec.ts:98:1 › visible artwork remains hidden and page scroll locked until complete decode (1.0s)
  ✓   43 [iphone-17-pro-webkit] › tests/e2e/technology-viewer.spec.ts:514:1 › CyberMind uses two interactive slides, a live title and explicit group navigation (2.1s)
  ✓   45 [iphone-17-pro-max-webkit] › tests/e2e/media-loading.spec.ts:123:1 › pending next block retains ready pixels, stops downward scroll and allows upward scroll (2.5s)
  ✓   47 [iphone-17-pro-max-webkit] › tests/e2e/media-loading.spec.ts:164:1 › remaining landing artwork warms asynchronously after first block decode without scrolling (1.1s)
  ✓   48 [iphone-17-pro-max-webkit] › tests/e2e/media-loading.spec.ts:196:1 › failed visible image has an accessible retry and successful recovery (855ms)
  ✓   49 [iphone-17-pro-max-webkit] › tests/e2e/media-loading.spec.ts:217:1 › truncated visible image is never revealed as a partially decoded resource (1.0s)
  ✓   50 [iphone-17-pro-max-webkit] › tests/e2e/media-loading.spec.ts:241:1 › page gate suspends behind a native dialog and resumes missing page media after close (889ms)
  -   51 [iphone-17-pro-max-webkit] › tests/e2e/media-loading.spec.ts:258:1 › native desktop wheel stops at pending boundary and can reverse upward
  -   52 [iphone-17-pro-max-webkit] › tests/e2e/media-loading.spec.ts:281:1 › native mobile touch cannot cross missing block and can reverse while it is pending
  ✓   46 [iphone-17-pro-webkit] › tests/e2e/technology-viewer.spec.ts:568:1 › CyberMind descriptions fit all locales and omit source folios (6.0s)
  ✓   54 [iphone-17-pro-webkit] › tests/e2e/technology-viewer.spec.ts:595:1 › pending slide locks navigation and commits only fully loaded selection (941ms)
  ✓   53 [iphone-17-pro-max-webkit] › tests/e2e/media-loading.spec.ts:312:1 › pending frontier follows viewport resize and expanded FAQ instead of exposing blank artwork (1.3s)
  ✓   55 [iphone-17-pro-webkit] › tests/e2e/technology-viewer.spec.ts:616:1 › failed CyberMind warm and selection recover with explicit Retry without skipping the group (1.1s)
  ✓   57 [iphone-17-pro-webkit] › tests/e2e/technology-viewer.spec.ts:632:1 › pending group blocks gestures and repeated keys while close remains available (1.3s)
(node:69154) Warning: The 'NO_COLOR' env is ignored due to the 'FORCE_COLOR' env being set.
(Use `node --trace-warnings ...` to show where the warning was created)
  ✓   56 [iphone-17-pro-max-webkit] › tests/e2e/media-loading.spec.ts:339:1 › retained loading strip fits all eleven locales including Arabic (5.9s)
  ✓   59 [iphone-17-pro-max-webkit] › tests/e2e/technology-viewer.spec.ts:7:1 › technology artwork keeps its native proportions as Safari chrome changes the visible height (1.6s)
  ✓   58 [iphone-17-pro-max-webkit] › tests/e2e/site.spec.ts:7:1 › responsive viewport, artwork, and primary actions (4.5s)
  ✓   60 [iphone-17-pro-max-webkit] › tests/e2e/technology-viewer.spec.ts:50:1 › technology PNGs preserve every original pixel outside the title mask (311ms)
  ✓   62 [iphone-17-pro-max-webkit] › tests/e2e/technology-viewer.spec.ts:87:1 › technology descriptions render all source text in the decoded image coordinates (1.9s)
  ✓   63 [iphone-17-pro-max-webkit] › tests/e2e/technology-viewer.spec.ts:118:1 › technology viewer opens from both story controls and pages through clean images (3.2s)
  ✘   61 [iphone-17-pro-max-webkit] › tests/e2e/site.spec.ts:109:1 › back-to-top appears on scroll, stays in the viewport, and restores top and focus (5.5s)
(node:69208) Warning: The 'NO_COLOR' env is ignored due to the 'FORCE_COLOR' env being set.
(Use `node --trace-warnings ...` to show where the warning was created)
  ✓   64 [iphone-17-pro-max-webkit] › tests/e2e/technology-viewer.spec.ts:212:1 › technology viewer supports touch pointers, Escape and Arabic framing (2.2s)
  ✓   66 [iphone-17-pro-max-webkit] › tests/e2e/technology-viewer.spec.ts:262:1 › previous artwork stays visible while the next slide loads (1.1s)
  ✓   67 [iphone-17-pro-max-webkit] › tests/e2e/technology-viewer.spec.ts:285:1 › failed warm-up and failed selection retry the same image (1.4s)
  ✓   65 [iphone-17-pro-max-webkit] › tests/e2e/site.spec.ts:137:1 › localized story buttons keep one-line labels inside proportionate surfaces (4.9s)
  ✓   68 [iphone-17-pro-max-webkit] › tests/e2e/technology-viewer.spec.ts:310:1 › all six photos warm after load without blocking the main page (1.3s)
  ✓   70 [iphone-17-pro-max-webkit] › tests/e2e/technology-viewer.spec.ts:335:1 › incomplete hero protects the main view before technology can be opened (1.0s)
  ✓   71 [iphone-17-pro-max-webkit] › tests/e2e/technology-viewer.spec.ts:351:1 › six photos warm at low priority; retained decoded images are reused offline across groups (1.5s)
  ✓   69 [iphone-17-pro-max-webkit] › tests/e2e/site.spec.ts:176:36 › ru technology text groups are centered inside both fixed oval surfaces (3.5s)
  ✓   72 [iphone-17-pro-max-webkit] › tests/e2e/technology-viewer.spec.ts:398:1 › swipe completes when the pointer leaves the artwork (901ms)
  ✓   74 [iphone-17-pro-max-webkit] › tests/e2e/technology-viewer.spec.ts:414:1 › technology viewer hides landing paint beneath browser chrome and restores it on close (1.7s)
  ✓   73 [iphone-17-pro-max-webkit] › tests/e2e/site.spec.ts:176:36 › en technology text groups are centered inside both fixed oval surfaces (2.9s)
  ✓   75 [iphone-17-pro-max-webkit] › tests/e2e/technology-viewer.spec.ts:457:1 › metal contour reaches mobile side edges and the image stays inside its cutout (1.1s)
  ✓   77 [iphone-17-pro-max-webkit] › tests/e2e/technology-viewer.spec.ts:487:1 › CyberMind PNGs retain native RGB, alpha and resolution outside title glyphs (252ms)
  ✓   76 [iphone-17-pro-max-webkit] › tests/e2e/site.spec.ts:256:1 › mapped exploration dialogs contain focus and restore their triggers (2.5s)
  ✓   78 [iphone-17-pro-max-webkit] › tests/e2e/technology-viewer.spec.ts:514:1 › CyberMind uses two interactive slides, a live title and explicit group navigation (2.1s)
  ✓   79 [iphone-17-pro-max-webkit] › tests/e2e/site.spec.ts:311:1 › FAQ icons are independent and answers expand the page without an inner scroller (3.4s)
  ✓   80 [iphone-17-pro-max-webkit] › tests/e2e/technology-viewer.spec.ts:568:1 › CyberMind descriptions fit all locales and omit source folios (6.0s)
  ✓   82 [iphone-17-pro-max-webkit] › tests/e2e/technology-viewer.spec.ts:595:1 › pending slide locks navigation and commits only fully loaded selection (896ms)
  ✓   83 [iphone-17-pro-max-webkit] › tests/e2e/technology-viewer.spec.ts:616:1 › failed CyberMind warm and selection recover with explicit Retry without skipping the group (1.1s)
  ✓   84 [iphone-17-pro-max-webkit] › tests/e2e/technology-viewer.spec.ts:632:1 › pending group blocks gestures and repeated keys while close remains available (1.1s)
(node:69357) Warning: The 'NO_COLOR' env is ignored due to the 'FORCE_COLOR' env being set.
(Use `node --trace-warnings ...` to show where the warning was created)
  ✓   81 [iphone-17-pro-max-webkit] › tests/e2e/site.spec.ts:376:3 › FAQ pointer-wheel input › FAQ always scrolls the document in closed and multi-open states (6.4s)
(node:69359) Warning: The 'NO_COLOR' env is ignored due to the 'FORCE_COLOR' env being set.
(Use `node --trace-warnings ...` to show where the warning was created)
  ✓   85 [desktop-chromium] › tests/e2e/media-loading.spec.ts:9:1 › without JavaScript the native page artwork, text and FAQ remain usable (1.0s)
  ✓   87 [desktop-chromium] › tests/e2e/media-loading.spec.ts:31:1 › early bootstrap protects held artwork before framework hydration (1.1s)
  ✓   88 [desktop-chromium] › tests/e2e/media-loading.spec.ts:57:1 › initial framework script network failure falls back to native readable content (230ms)
  ✓   89 [desktop-chromium] › tests/e2e/media-loading.spec.ts:73:3 › initial framework synchronous failure restores native readable content (288ms)
  ✓   90 [desktop-chromium] › tests/e2e/media-loading.spec.ts:73:3 › initial framework rejection failure restores native readable content (288ms)
  ✓   91 [desktop-chromium] › tests/e2e/media-loading.spec.ts:98:1 › visible artwork remains hidden and page scroll locked until complete decode (383ms)
  ✓   92 [desktop-chromium] › tests/e2e/media-loading.spec.ts:123:1 › pending next block retains ready pixels, stops downward scroll and allows upward scroll (2.2s)
  ✓   93 [desktop-chromium] › tests/e2e/media-loading.spec.ts:164:1 › remaining landing artwork warms asynchronously after first block decode without scrolling (958ms)
  ✓   94 [desktop-chromium] › tests/e2e/media-loading.spec.ts:196:1 › failed visible image has an accessible retry and successful recovery (569ms)
  ✓   95 [desktop-chromium] › tests/e2e/media-loading.spec.ts:217:1 › truncated visible image is never revealed as a partially decoded resource (467ms)
  ✓   96 [desktop-chromium] › tests/e2e/media-loading.spec.ts:241:1 › page gate suspends behind a native dialog and resumes missing page media after close (499ms)
  ✓   97 [desktop-chromium] › tests/e2e/media-loading.spec.ts:258:1 › native desktop wheel stops at pending boundary and can reverse upward (1.7s)
  ✓   86 [desktop-chromium] › tests/e2e/site.spec.ts:7:1 › responsive viewport, artwork, and primary actions (11.0s)
  ✓   98 [desktop-chromium] › tests/e2e/media-loading.spec.ts:281:1 › native mobile touch cannot cross missing block and can reverse while it is pending (3.5s)
  ✓  100 [desktop-chromium] › tests/e2e/media-loading.spec.ts:312:1 › pending frontier follows viewport resize and expanded FAQ instead of exposing blank artwork (1.4s)
  ✘   99 [desktop-chromium] › tests/e2e/site.spec.ts:109:1 › back-to-top appears on scroll, stays in the viewport, and restores top and focus (5.2s)
(node:69474) Warning: The 'NO_COLOR' env is ignored due to the 'FORCE_COLOR' env being set.
(Use `node --trace-warnings ...` to show where the warning was created)
  ✓  101 [desktop-chromium] › tests/e2e/media-loading.spec.ts:339:1 › retained loading strip fits all eleven locales including Arabic (9.2s)
  ✓  103 [desktop-chromium] › tests/e2e/technology-viewer.spec.ts:7:1 › technology artwork keeps its native proportions as Safari chrome changes the visible height (1.1s)
  ✓  104 [desktop-chromium] › tests/e2e/technology-viewer.spec.ts:50:1 › technology PNGs preserve every original pixel outside the title mask (317ms)
  ✓  105 [desktop-chromium] › tests/e2e/technology-viewer.spec.ts:87:1 › technology descriptions render all source text in the decoded image coordinates (1.8s)
  ✓  102 [desktop-chromium] › tests/e2e/site.spec.ts:137:1 › localized story buttons keep one-line labels inside proportionate surfaces (10.7s)
  ✓  107 [desktop-chromium] › tests/e2e/site.spec.ts:176:36 › ru technology text groups are centered inside both fixed oval surfaces (1.7s)
  ✓  106 [desktop-chromium] › tests/e2e/technology-viewer.spec.ts:118:1 › technology viewer opens from both story controls and pages through clean images (3.2s)
  ✓  108 [desktop-chromium] › tests/e2e/site.spec.ts:176:36 › en technology text groups are centered inside both fixed oval surfaces (1.7s)
  ✓  109 [desktop-chromium] › tests/e2e/technology-viewer.spec.ts:212:1 › technology viewer supports touch pointers, Escape and Arabic framing (1.7s)
  ✓  111 [desktop-chromium] › tests/e2e/technology-viewer.spec.ts:262:1 › previous artwork stays visible while the next slide loads (983ms)
  ✓  110 [desktop-chromium] › tests/e2e/site.spec.ts:256:1 › mapped exploration dialogs contain focus and restore their triggers (3.0s)
  ✓  112 [desktop-chromium] › tests/e2e/technology-viewer.spec.ts:285:1 › failed warm-up and failed selection retry the same image (1.6s)
  ✓  114 [desktop-chromium] › tests/e2e/technology-viewer.spec.ts:310:1 › all six photos warm after load without blocking the main page (955ms)
  ✓  115 [desktop-chromium] › tests/e2e/technology-viewer.spec.ts:335:1 › incomplete hero protects the main view before technology can be opened (475ms)
  ✓  116 [desktop-chromium] › tests/e2e/technology-viewer.spec.ts:351:1 › six photos warm at low priority; retained decoded images are reused offline across groups (1.4s)
  ✓  117 [desktop-chromium] › tests/e2e/technology-viewer.spec.ts:398:1 › swipe completes when the pointer leaves the artwork (686ms)
  ✓  113 [desktop-chromium] › tests/e2e/site.spec.ts:311:1 › FAQ icons are independent and answers expand the page without an inner scroller (3.9s)
  ✓  118 [desktop-chromium] › tests/e2e/technology-viewer.spec.ts:414:1 › technology viewer hides landing paint beneath browser chrome and restores it on close (4.9s)
  ✓  120 [desktop-chromium] › tests/e2e/technology-viewer.spec.ts:457:1 › metal contour reaches mobile side edges and the image stays inside its cutout (1.1s)
  ✓  121 [desktop-chromium] › tests/e2e/technology-viewer.spec.ts:487:1 › CyberMind PNGs retain native RGB, alpha and resolution outside title glyphs (228ms)
  ✓  122 [desktop-chromium] › tests/e2e/technology-viewer.spec.ts:514:1 › CyberMind uses two interactive slides, a live title and explicit group navigation (1.6s)
  ✓  119 [desktop-chromium] › tests/e2e/site.spec.ts:376:3 › FAQ pointer-wheel input › FAQ always scrolls the document in closed and multi-open states (11.5s)
(node:69686) Warning: The 'NO_COLOR' env is ignored due to the 'FORCE_COLOR' env being set.
(Use `node --trace-warnings ...` to show where the warning was created)
  ✓  124 [desktop-firefox] › tests/e2e/media-loading.spec.ts:9:1 › without JavaScript the native page artwork, text and FAQ remain usable (2.9s)
  ✓  125 [desktop-firefox] › tests/e2e/media-loading.spec.ts:31:1 › early bootstrap protects held artwork before framework hydration (1.5s)
  ✓  126 [desktop-firefox] › tests/e2e/media-loading.spec.ts:57:1 › initial framework script network failure falls back to native readable content (957ms)
  ✓  123 [desktop-chromium] › tests/e2e/technology-viewer.spec.ts:568:1 › CyberMind descriptions fit all locales and omit source folios (11.7s)
  ✓  128 [desktop-chromium] › tests/e2e/technology-viewer.spec.ts:595:1 › pending slide locks navigation and commits only fully loaded selection (1.1s)
  ✓  127 [desktop-firefox] › tests/e2e/media-loading.spec.ts:73:3 › initial framework synchronous failure restores native readable content (1.7s)
  ✓  129 [desktop-chromium] › tests/e2e/technology-viewer.spec.ts:616:1 › failed CyberMind warm and selection recover with explicit Retry without skipping the group (1.1s)
  ✓  130 [desktop-firefox] › tests/e2e/media-loading.spec.ts:73:3 › initial framework rejection failure restores native readable content (2.0s)
  ✓  131 [desktop-chromium] › tests/e2e/technology-viewer.spec.ts:632:1 › pending group blocks gestures and repeated keys while close remains available (1.8s)
  ✓  132 [desktop-firefox] › tests/e2e/media-loading.spec.ts:98:1 › visible artwork remains hidden and page scroll locked until complete decode (916ms)
(node:69771) Warning: The 'NO_COLOR' env is ignored due to the 'FORCE_COLOR' env being set.
(Use `node --trace-warnings ...` to show where the warning was created)
  ✓  133 [desktop-firefox] › tests/e2e/media-loading.spec.ts:123:1 › pending next block retains ready pixels, stops downward scroll and allows upward scroll (3.7s)
  ✓  135 [desktop-firefox] › tests/e2e/media-loading.spec.ts:164:1 › remaining landing artwork warms asynchronously after first block decode without scrolling (1.3s)
  ✓  136 [desktop-firefox] › tests/e2e/media-loading.spec.ts:196:1 › failed visible image has an accessible retry and successful recovery (1.3s)
  ✓  134 [desktop-firefox] › tests/e2e/site.spec.ts:7:1 › responsive viewport, artwork, and primary actions (7.0s)
  ✓  137 [desktop-firefox] › tests/e2e/media-loading.spec.ts:217:1 › truncated visible image is never revealed as a partially decoded resource (1.9s)
  ✓  139 [desktop-firefox] › tests/e2e/media-loading.spec.ts:241:1 › page gate suspends behind a native dialog and resumes missing page media after close (1.2s)
  ✓  140 [desktop-firefox] › tests/e2e/media-loading.spec.ts:258:1 › native desktop wheel stops at pending boundary and can reverse upward (1.6s)
  -  141 [desktop-firefox] › tests/e2e/media-loading.spec.ts:281:1 › native mobile touch cannot cross missing block and can reverse while it is pending
  ✓  142 [desktop-firefox] › tests/e2e/media-loading.spec.ts:312:1 › pending frontier follows viewport resize and expanded FAQ instead of exposing blank artwork (1.0s)
  ✘  138 [desktop-firefox] › tests/e2e/site.spec.ts:109:1 › back-to-top appears on scroll, stays in the viewport, and restores top and focus (5.8s)
(node:69899) Warning: The 'NO_COLOR' env is ignored due to the 'FORCE_COLOR' env being set.
(Use `node --trace-warnings ...` to show where the warning was created)
  ✓  143 [desktop-firefox] › tests/e2e/media-loading.spec.ts:339:1 › retained loading strip fits all eleven locales including Arabic (8.1s)
  ✓  144 [desktop-firefox] › tests/e2e/site.spec.ts:137:1 › localized story buttons keep one-line labels inside proportionate surfaces (5.3s)
  ✓  145 [desktop-firefox] › tests/e2e/technology-viewer.spec.ts:7:1 › technology artwork keeps its native proportions as Safari chrome changes the visible height (1.1s)
  ✓  147 [desktop-firefox] › tests/e2e/technology-viewer.spec.ts:50:1 › technology PNGs preserve every original pixel outside the title mask (310ms)
  ✓  146 [desktop-firefox] › tests/e2e/site.spec.ts:176:36 › ru technology text groups are centered inside both fixed oval surfaces (1.8s)
  ✓  148 [desktop-firefox] › tests/e2e/technology-viewer.spec.ts:87:1 › technology descriptions render all source text in the decoded image coordinates (1.4s)
  ✓  149 [desktop-firefox] › tests/e2e/site.spec.ts:176:36 › en technology text groups are centered inside both fixed oval surfaces (2.0s)
  ✓  150 [desktop-firefox] › tests/e2e/technology-viewer.spec.ts:118:1 › technology viewer opens from both story controls and pages through clean images (3.4s)
  ✓  151 [desktop-firefox] › tests/e2e/site.spec.ts:256:1 › mapped exploration dialogs contain focus and restore their triggers (3.4s)
  ✓  152 [desktop-firefox] › tests/e2e/technology-viewer.spec.ts:212:1 › technology viewer supports touch pointers, Escape and Arabic framing (2.3s)
  ✓  154 [desktop-firefox] › tests/e2e/technology-viewer.spec.ts:262:1 › previous artwork stays visible while the next slide loads (784ms)
  ✓  155 [desktop-firefox] › tests/e2e/technology-viewer.spec.ts:285:1 › failed warm-up and failed selection retry the same image (1.6s)
  ✓  153 [desktop-firefox] › tests/e2e/site.spec.ts:311:1 › FAQ icons are independent and answers expand the page without an inner scroller (3.5s)
  ✓  156 [desktop-firefox] › tests/e2e/technology-viewer.spec.ts:310:1 › all six photos warm after load without blocking the main page (1.4s)
  ✓  158 [desktop-firefox] › tests/e2e/technology-viewer.spec.ts:335:1 › incomplete hero protects the main view before technology can be opened (954ms)
  ✓  159 [desktop-firefox] › tests/e2e/technology-viewer.spec.ts:351:1 › six photos warm at low priority; retained decoded images are reused offline across groups (1.4s)
  ✓  160 [desktop-firefox] › tests/e2e/technology-viewer.spec.ts:398:1 › swipe completes when the pointer leaves the artwork (967ms)
  ✓  161 [desktop-firefox] › tests/e2e/technology-viewer.spec.ts:414:1 › technology viewer hides landing paint beneath browser chrome and restores it on close (3.0s)
  ✓  162 [desktop-firefox] › tests/e2e/technology-viewer.spec.ts:457:1 › metal contour reaches mobile side edges and the image stays inside its cutout (1.0s)
  ✓  163 [desktop-firefox] › tests/e2e/technology-viewer.spec.ts:487:1 › CyberMind PNGs retain native RGB, alpha and resolution outside title glyphs (170ms)
  ✓  164 [desktop-firefox] › tests/e2e/technology-viewer.spec.ts:514:1 › CyberMind uses two interactive slides, a live title and explicit group navigation (1.5s)
  ✓  157 [desktop-firefox] › tests/e2e/site.spec.ts:376:3 › FAQ pointer-wheel input › FAQ always scrolls the document in closed and multi-open states (11.3s)
  ✓  165 [desktop-firefox] › tests/e2e/technology-viewer.spec.ts:568:1 › CyberMind descriptions fit all locales and omit source folios (5.1s)
  ✓  166 [desktop-firefox] › tests/e2e/technology-viewer.spec.ts:595:1 › pending slide locks navigation and commits only fully loaded selection (1.2s)
  ✓  167 [desktop-firefox] › tests/e2e/technology-viewer.spec.ts:616:1 › failed CyberMind warm and selection recover with explicit Retry without skipping the group (1.3s)
  ✓  168 [desktop-firefox] › tests/e2e/technology-viewer.spec.ts:632:1 › pending group blocks gestures and repeated keys while close remains available (929ms)


  1) [iphone-17-pro-webkit] › tests/e2e/site.spec.ts:109:1 › back-to-top appears on scroll, stays in the viewport, and restores top and focus

    Error: expect(locator).toBeVisible() failed

    Locator: getByRole('button', { name: 'Back to top' })
    Expected: visible
    Timeout: 5000ms
    Error: element(s) not found

    Call log:
      - Expect "toBeVisible" getByRole('button', { name: 'Back to top' }) with timeout 5000ms
      - waiting for getByRole('button', { name: 'Back to top' })


      112 |   await expect(control).toHaveCount(0);
      113 |   await page.evaluate(() => scrollTo({ top: Math.max(1000, innerHeight), behavior: 'instant' }));
    > 114 |   await expect(control).toBeVisible();
          |                         ^
      115 |   const box = (await control.boundingBox())!;
      116 |   expect(box.width).toBeGreaterThanOrEqual(44);
      117 |   expect(box.height).toBeGreaterThanOrEqual(44);
        at /Users/asmirnou/Projects/g/ramsider/tests/e2e/site.spec.ts:114:25

    attachment #1: screenshot (image/png) ──────────────────────────────────────────────────────────
    test-results/site-back-to-top-appears-o-d3d47--and-restores-top-and-focus-iphone-17-pro-webkit/test-failed-1.png
    ────────────────────────────────────────────────────────────────────────────────────────────────

    Error Context: test-results/site-back-to-top-appears-o-d3d47--and-restores-top-and-focus-iphone-17-pro-webkit/error-context.md

  2) [iphone-17-pro-max-webkit] › tests/e2e/site.spec.ts:109:1 › back-to-top appears on scroll, stays in the viewport, and restores top and focus

    Error: expect(locator).toBeVisible() failed

    Locator: getByRole('button', { name: 'Back to top' })
    Expected: visible
    Timeout: 5000ms
    Error: element(s) not found

    Call log:
      - Expect "toBeVisible" getByRole('button', { name: 'Back to top' }) with timeout 5000ms
      - waiting for getByRole('button', { name: 'Back to top' })


      112 |   await expect(control).toHaveCount(0);
      113 |   await page.evaluate(() => scrollTo({ top: Math.max(1000, innerHeight), behavior: 'instant' }));
    > 114 |   await expect(control).toBeVisible();
          |                         ^
      115 |   const box = (await control.boundingBox())!;
      116 |   expect(box.width).toBeGreaterThanOrEqual(44);
      117 |   expect(box.height).toBeGreaterThanOrEqual(44);
        at /Users/asmirnou/Projects/g/ramsider/tests/e2e/site.spec.ts:114:25

    attachment #1: screenshot (image/png) ──────────────────────────────────────────────────────────
    test-results/site-back-to-top-appears-o-d3d47--and-restores-top-and-focus-iphone-17-pro-max-webkit/test-failed-1.png
    ────────────────────────────────────────────────────────────────────────────────────────────────

    Error Context: test-results/site-back-to-top-appears-o-d3d47--and-restores-top-and-focus-iphone-17-pro-max-webkit/error-context.md

  3) [desktop-chromium] › tests/e2e/site.spec.ts:109:1 › back-to-top appears on scroll, stays in the viewport, and restores top and focus

    Error: expect(locator).toBeVisible() failed

    Locator: getByRole('button', { name: 'Back to top' })
    Expected: visible
    Timeout: 5000ms
    Error: element(s) not found

    Call log:
      - Expect "toBeVisible" getByRole('button', { name: 'Back to top' }) with timeout 5000ms
      - waiting for getByRole('button', { name: 'Back to top' })


      112 |   const control = page.getByRole('button', { name: 'Back to top' });
      113 |   await expect(control).toHaveCount(0);
    > 114 |   await page.evaluate(() => scrollTo({ top: Math.max(1000, innerHeight), behavior: 'instant' }));
          |                         ^
      115 |   await expect(control).toBeVisible();
      116 |   const box = (await control.boundingBox())!;
      117 |   expect(box.width).toBeGreaterThanOrEqual(44);
        at /Users/asmirnou/Projects/g/ramsider/tests/e2e/site.spec.ts:114:25

    attachment #1: screenshot (image/png) ──────────────────────────────────────────────────────────
    test-results/site-back-to-top-appears-o-d3d47--and-restores-top-and-focus-desktop-chromium/test-failed-1.png
    ────────────────────────────────────────────────────────────────────────────────────────────────

    Error Context: test-results/site-back-to-top-appears-o-d3d47--and-restores-top-and-focus-desktop-chromium/error-context.md

  4) [desktop-firefox] › tests/e2e/site.spec.ts:109:1 › back-to-top appears on scroll, stays in the viewport, and restores top and focus

    Error: expect(locator).toBeVisible() failed

    Locator: getByRole('button', { name: 'Back to top' })
    Expected: visible
    Timeout: 5000ms
    Error: element(s) not found

    Call log:
      - Expect "toBeVisible" getByRole('button', { name: 'Back to top' }) with timeout 5000ms
      - waiting for getByRole('button', { name: 'Back to top' })


      112 |   const control = page.getByRole('button', { name: 'Back to top' });
      113 |   await expect(control).toHaveCount(0);
    > 114 |   await page.evaluate(() => scrollTo({ top: Math.max(1000, innerHeight), behavior: 'instant' }));
          |                         ^
      115 |   await expect(control).toBeVisible();
      116 |   const box = (await control.boundingBox())!;
      117 |   expect(box.width).toBeGreaterThanOrEqual(44);
        at /Users/asmirnou/Projects/g/ramsider/tests/e2e/site.spec.ts:114:25

    attachment #1: screenshot (image/png) ──────────────────────────────────────────────────────────
    test-results/site-back-to-top-appears-o-d3d47--and-restores-top-and-focus-desktop-firefox/test-failed-1.png
    ────────────────────────────────────────────────────────────────────────────────────────────────

    Error Context: test-results/site-back-to-top-appears-o-d3d47--and-restores-top-and-focus-desktop-firefox/error-context.md

  4 failed
    [iphone-17-pro-webkit] › tests/e2e/site.spec.ts:109:1 › back-to-top appears on scroll, stays in the viewport, and restores top and focus
    [iphone-17-pro-max-webkit] › tests/e2e/site.spec.ts:109:1 › back-to-top appears on scroll, stays in the viewport, and restores top and focus
    [desktop-chromium] › tests/e2e/site.spec.ts:109:1 › back-to-top appears on scroll, stays in the viewport, and restores top and focus
    [desktop-firefox] › tests/e2e/site.spec.ts:109:1 › back-to-top appears on scroll, stays in the viewport, and restores top and focus
  5 skipped
  159 passed (3.3m)
