
Running 32 tests using 6 workers

(node:54130) Warning: The 'NO_COLOR' env is ignored due to the 'FORCE_COLOR' env being set.
(Use `node --trace-warnings ...` to show where the warning was created)
(node:54134) Warning: The 'NO_COLOR' env is ignored due to the 'FORCE_COLOR' env being set.
(Use `node --trace-warnings ...` to show where the warning was created)
(node:54131) Warning: The 'NO_COLOR' env is ignored due to the 'FORCE_COLOR' env being set.
(Use `node --trace-warnings ...` to show where the warning was created)
(node:54132) Warning: The 'NO_COLOR' env is ignored due to the 'FORCE_COLOR' env being set.
(Use `node --trace-warnings ...` to show where the warning was created)
(node:54135) Warning: The 'NO_COLOR' env is ignored due to the 'FORCE_COLOR' env being set.
(Use `node --trace-warnings ...` to show where the warning was created)
(node:54133) Warning: The 'NO_COLOR' env is ignored due to the 'FORCE_COLOR' env being set.
(Use `node --trace-warnings ...` to show where the warning was created)
  ✓   5 [desktop-chromium] › tests/e2e/technology-viewer.spec.ts:310:1 › all six photos warm after load without blocking the main page (2.6s)
  ✓   2 [desktop-chromium] › tests/e2e/media-loading.spec.ts:123:1 › pending next block retains ready pixels, stops downward scroll and allows upward scroll (4.7s)
  ✓   7 [desktop-chromium] › tests/e2e/technology-viewer.spec.ts:351:1 › six photos warm at low priority; retained decoded images are reused offline across groups (3.0s)
  ✓   4 [iphone-17-pro-max-webkit] › tests/e2e/technology-viewer.spec.ts:310:1 › all six photos warm after load without blocking the main page (6.0s)
(node:54285) Warning: The 'NO_COLOR' env is ignored due to the 'FORCE_COLOR' env being set.
(Use `node --trace-warnings ...` to show where the warning was created)
  ✓   6 [iphone-17-pro-webkit] › tests/e2e/technology-viewer.spec.ts:310:1 › all six photos warm after load without blocking the main page (6.2s)
  ✓   8 [desktop-chromium] › tests/e2e/media-loading.spec.ts:164:1 › remaining landing artwork warms asynchronously after first block decode without scrolling (2.6s)
  ✘   1 [iphone-17-pro-webkit] › tests/e2e/media-loading.spec.ts:123:1 › pending next block retains ready pixels, stops downward scroll and allows upward scroll (8.3s)
  ✘   3 [iphone-17-pro-max-webkit] › tests/e2e/media-loading.spec.ts:123:1 › pending next block retains ready pixels, stops downward scroll and allows upward scroll (8.4s)
(node:54304) Warning: The 'NO_COLOR' env is ignored due to the 'FORCE_COLOR' env being set.
(Use `node --trace-warnings ...` to show where the warning was created)
(node:54305) Warning: The 'NO_COLOR' env is ignored due to the 'FORCE_COLOR' env being set.
(Use `node --trace-warnings ...` to show where the warning was created)
  ✓  10 [iphone-17-pro-webkit] › tests/e2e/technology-viewer.spec.ts:351:1 › six photos warm at low priority; retained decoded images are reused offline across groups (2.6s)
  ✓   9 [iphone-17-pro-max-webkit] › tests/e2e/technology-viewer.spec.ts:351:1 › six photos warm at low priority; retained decoded images are reused offline across groups (2.9s)
(node:54318) Warning: The 'NO_COLOR' env is ignored due to the 'FORCE_COLOR' env being set.
(Use `node --trace-warnings ...` to show where the warning was created)
  ✓  14 [iphone-17-pro-webkit] › tests/e2e/media-loading.spec.ts:164:1 › remaining landing artwork warms asynchronously after first block decode without scrolling (1.5s)
  -  16 [iphone-17-pro-webkit] › tests/e2e/media-loading.spec.ts:258:1 › native desktop wheel stops at pending boundary and can reverse upward
  -  17 [iphone-17-pro-webkit] › tests/e2e/media-loading.spec.ts:279:1 › native mobile touch cannot cross missing block and can reverse while it is pending
  ✓  13 [iphone-17-pro-max-webkit] › tests/e2e/media-loading.spec.ts:164:1 › remaining landing artwork warms asynchronously after first block decode without scrolling (2.1s)
  -  19 [iphone-17-pro-max-webkit] › tests/e2e/media-loading.spec.ts:258:1 › native desktop wheel stops at pending boundary and can reverse upward
  -  20 [iphone-17-pro-max-webkit] › tests/e2e/media-loading.spec.ts:279:1 › native mobile touch cannot cross missing block and can reverse while it is pending
  ✓  18 [iphone-17-pro-webkit] › tests/e2e/media-loading.spec.ts:310:1 › pending frontier follows viewport resize and expanded FAQ instead of exposing blank artwork (2.7s)
  ✓  15 [desktop-firefox] › tests/e2e/technology-viewer.spec.ts:310:1 › all six photos warm after load without blocking the main page (3.2s)
  ✘  12 [desktop-chromium] › tests/e2e/media-loading.spec.ts:258:1 › native desktop wheel stops at pending boundary and can reverse upward (7.1s)
  ✓  21 [iphone-17-pro-max-webkit] › tests/e2e/media-loading.spec.ts:310:1 › pending frontier follows viewport resize and expanded FAQ instead of exposing blank artwork (2.8s)
(node:54374) Warning: The 'NO_COLOR' env is ignored due to the 'FORCE_COLOR' env being set.
(Use `node --trace-warnings ...` to show where the warning was created)
  ✓  23 [desktop-firefox] › tests/e2e/technology-viewer.spec.ts:351:1 › six photos warm at low priority; retained decoded images are reused offline across groups (4.1s)
  ✓  25 [desktop-chromium] › tests/e2e/media-loading.spec.ts:279:1 › native mobile touch cannot cross missing block and can reverse while it is pending (3.8s)
  ✓  11 [desktop-firefox] › tests/e2e/media-loading.spec.ts:123:1 › pending next block retains ready pixels, stops downward scroll and allows upward scroll (10.4s)
  ✓  26 [desktop-chromium] › tests/e2e/media-loading.spec.ts:310:1 › pending frontier follows viewport resize and expanded FAQ instead of exposing blank artwork (1.7s)
  ✓  27 [desktop-firefox] › tests/e2e/media-loading.spec.ts:164:1 › remaining landing artwork warms asynchronously after first block decode without scrolling (1.6s)
  ✓  22 [iphone-17-pro-webkit] › tests/e2e/media-loading.spec.ts:337:1 › retained loading strip fits all eleven locales including Arabic (10.1s)
  ✓  29 [desktop-firefox] › tests/e2e/media-loading.spec.ts:258:1 › native desktop wheel stops at pending boundary and can reverse upward (2.4s)
  -  30 [desktop-firefox] › tests/e2e/media-loading.spec.ts:279:1 › native mobile touch cannot cross missing block and can reverse while it is pending
  ✓  24 [iphone-17-pro-max-webkit] › tests/e2e/media-loading.spec.ts:337:1 › retained loading strip fits all eleven locales including Arabic (9.7s)
  ✓  31 [desktop-firefox] › tests/e2e/media-loading.spec.ts:310:1 › pending frontier follows viewport resize and expanded FAQ instead of exposing blank artwork (1.2s)
  ✓  28 [desktop-chromium] › tests/e2e/media-loading.spec.ts:337:1 › retained loading strip fits all eleven locales including Arabic (7.4s)
  ✓  32 [desktop-firefox] › tests/e2e/media-loading.spec.ts:337:1 › retained loading strip fits all eleven locales including Arabic (5.5s)


  1) [iphone-17-pro-webkit] › tests/e2e/media-loading.spec.ts:123:1 › pending next block retains ready pixels, stops downward scroll and allows upward scroll

    Error: expect(received).toBe(expected) // Object.is equality

    Expected: true
    Received: false

      156 |   expect(await page.evaluate(() => scrollY)).toBe(scroll);
      157 |   const ready = await sharp(await page.screenshot({ clip: crop })).raw().toBuffer();
    > 158 |   expect(ready.equals(pending)).toBe(true);
          |                                 ^
      159 |   await page.screenshot({ path: `docs/evidence/media-loading/retained-${info.project.name}-ready.png` });
      160 |   await page.evaluate(() => scrollTo({ top: scrollY + 200, behavior: 'instant' }));
      161 |   await expect.poll(() => page.evaluate(() => scrollY)).toBeGreaterThan(scroll);
        at /Users/asmirnou/Projects/g/ramsider/tests/e2e/media-loading.spec.ts:158:33

    attachment #1: screenshot (image/png) ──────────────────────────────────────────────────────────
    test-results/media-loading-pending-next-a0c8e-ll-and-allows-upward-scroll-iphone-17-pro-webkit/test-failed-1.png
    ────────────────────────────────────────────────────────────────────────────────────────────────

    Error Context: test-results/media-loading-pending-next-a0c8e-ll-and-allows-upward-scroll-iphone-17-pro-webkit/error-context.md

  2) [iphone-17-pro-max-webkit] › tests/e2e/media-loading.spec.ts:123:1 › pending next block retains ready pixels, stops downward scroll and allows upward scroll

    Error: expect(received).toBe(expected) // Object.is equality

    Expected: true
    Received: false

      156 |   expect(await page.evaluate(() => scrollY)).toBe(scroll);
      157 |   const ready = await sharp(await page.screenshot({ clip: crop })).raw().toBuffer();
    > 158 |   expect(ready.equals(pending)).toBe(true);
          |                                 ^
      159 |   await page.screenshot({ path: `docs/evidence/media-loading/retained-${info.project.name}-ready.png` });
      160 |   await page.evaluate(() => scrollTo({ top: scrollY + 200, behavior: 'instant' }));
      161 |   await expect.poll(() => page.evaluate(() => scrollY)).toBeGreaterThan(scroll);
        at /Users/asmirnou/Projects/g/ramsider/tests/e2e/media-loading.spec.ts:158:33

    attachment #1: screenshot (image/png) ──────────────────────────────────────────────────────────
    test-results/media-loading-pending-next-a0c8e-ll-and-allows-upward-scroll-iphone-17-pro-max-webkit/test-failed-1.png
    ────────────────────────────────────────────────────────────────────────────────────────────────

    Error Context: test-results/media-loading-pending-next-a0c8e-ll-and-allows-upward-scroll-iphone-17-pro-max-webkit/error-context.md

  3) [desktop-chromium] › tests/e2e/media-loading.spec.ts:258:1 › native desktop wheel stops at pending boundary and can reverse upward

    Error: expect(received).toBeLessThan(expected)

    Expected: < 10298
    Received:   10298

    Call Log:
    - Timeout 5000ms exceeded while waiting on the predicate

      270 |   expect(await page.evaluate(() => scrollY)).toBe(edge);
      271 |   await page.mouse.wheel(0, -600);
    > 272 |   await expect.poll(() => page.evaluate(() => scrollY)).toBeLessThan(edge);
          |                                                         ^
      273 |   await expect(page.locator('.page-media-overlay')).toHaveCount(0);
      274 |   await page.mouse.wheel(0, 10000);
      275 |   await expect.poll(() => page.evaluate(() => scrollY)).toBe(edge);
        at /Users/asmirnou/Projects/g/ramsider/tests/e2e/media-loading.spec.ts:272:57

    attachment #1: screenshot (image/png) ──────────────────────────────────────────────────────────
    test-results/media-loading-native-deskt-7f100-dary-and-can-reverse-upward-desktop-chromium/test-failed-1.png
    ────────────────────────────────────────────────────────────────────────────────────────────────

    Error Context: test-results/media-loading-native-deskt-7f100-dary-and-can-reverse-upward-desktop-chromium/error-context.md

  3 failed
    [iphone-17-pro-webkit] › tests/e2e/media-loading.spec.ts:123:1 › pending next block retains ready pixels, stops downward scroll and allows upward scroll
    [iphone-17-pro-max-webkit] › tests/e2e/media-loading.spec.ts:123:1 › pending next block retains ready pixels, stops downward scroll and allows upward scroll
    [desktop-chromium] › tests/e2e/media-loading.spec.ts:258:1 › native desktop wheel stops at pending boundary and can reverse upward
  5 skipped
  24 passed (33.1s)
