
Running 28 tests using 6 workers

(node:51683) Warning: The 'NO_COLOR' env is ignored due to the 'FORCE_COLOR' env being set.
(Use `node --trace-warnings ...` to show where the warning was created)
(node:51686) Warning: The 'NO_COLOR' env is ignored due to the 'FORCE_COLOR' env being set.
(Use `node --trace-warnings ...` to show where the warning was created)
(node:51687) Warning: The 'NO_COLOR' env is ignored due to the 'FORCE_COLOR' env being set.
(Use `node --trace-warnings ...` to show where the warning was created)
(node:51684) Warning: The 'NO_COLOR' env is ignored due to the 'FORCE_COLOR' env being set.
(Use `node --trace-warnings ...` to show where the warning was created)
(node:51688) Warning: The 'NO_COLOR' env is ignored due to the 'FORCE_COLOR' env being set.
(Use `node --trace-warnings ...` to show where the warning was created)
(node:51685) Warning: The 'NO_COLOR' env is ignored due to the 'FORCE_COLOR' env being set.
(Use `node --trace-warnings ...` to show where the warning was created)
  ✓   6 [desktop-chromium] › tests/e2e/technology-viewer.spec.ts:307:1 › all six photos warm after load without blocking the main page (4.5s)
  ✓   3 [desktop-chromium] › tests/e2e/media-loading.spec.ts:123:1 › pending next block retains ready pixels, stops downward scroll and allows upward scroll (6.8s)
  ✓   1 [iphone-17-pro-max-webkit] › tests/e2e/technology-viewer.spec.ts:307:1 › all six photos warm after load without blocking the main page (6.7s)
  ✓   5 [iphone-17-pro-webkit] › tests/e2e/technology-viewer.spec.ts:307:1 › all six photos warm after load without blocking the main page (6.6s)
  ✓   2 [iphone-17-pro-webkit] › tests/e2e/media-loading.spec.ts:123:1 › pending next block retains ready pixels, stops downward scroll and allows upward scroll (8.7s)
  ✓   8 [desktop-chromium] › tests/e2e/media-loading.spec.ts:163:1 › remaining landing artwork warms asynchronously after first block decode without scrolling (2.3s)
  ✘   4 [iphone-17-pro-max-webkit] › tests/e2e/media-loading.spec.ts:123:1 › pending next block retains ready pixels, stops downward scroll and allows upward scroll (8.7s)
(node:51831) Warning: The 'NO_COLOR' env is ignored due to the 'FORCE_COLOR' env being set.
(Use `node --trace-warnings ...` to show where the warning was created)
  ✘   7 [desktop-chromium] › tests/e2e/technology-viewer.spec.ts:348:1 › six photos warm at low priority; retained decoded images are reused offline across groups (5.9s)
  ✓  11 [iphone-17-pro-webkit] › tests/e2e/media-loading.spec.ts:163:1 › remaining landing artwork warms asynchronously after first block decode without scrolling (1.8s)
(node:51841) Warning: The 'NO_COLOR' env is ignored due to the 'FORCE_COLOR' env being set.
(Use `node --trace-warnings ...` to show where the warning was created)
  -  14 [iphone-17-pro-webkit] › tests/e2e/media-loading.spec.ts:257:1 › native desktop wheel stops at pending boundary and can reverse upward
  -  16 [iphone-17-pro-webkit] › tests/e2e/media-loading.spec.ts:277:1 › native mobile touch cannot cross missing block and can reverse while it is pending
  ✓  13 [iphone-17-pro-max-webkit] › tests/e2e/media-loading.spec.ts:163:1 › remaining landing artwork warms asynchronously after first block decode without scrolling (1.4s)
  ✘   9 [iphone-17-pro-max-webkit] › tests/e2e/technology-viewer.spec.ts:348:1 › six photos warm at low priority; retained decoded images are reused offline across groups (5.4s)
  -  18 [iphone-17-pro-max-webkit] › tests/e2e/media-loading.spec.ts:257:1 › native desktop wheel stops at pending boundary and can reverse upward
  -  19 [iphone-17-pro-max-webkit] › tests/e2e/media-loading.spec.ts:277:1 › native mobile touch cannot cross missing block and can reverse while it is pending
(node:51871) Warning: The 'NO_COLOR' env is ignored due to the 'FORCE_COLOR' env being set.
(Use `node --trace-warnings ...` to show where the warning was created)
  ✓  17 [iphone-17-pro-webkit] › tests/e2e/media-loading.spec.ts:308:1 › pending frontier follows viewport resize and expanded FAQ instead of exposing blank artwork (2.5s)
  ✘  10 [iphone-17-pro-webkit] › tests/e2e/technology-viewer.spec.ts:348:1 › six photos warm at low priority; retained decoded images are reused offline across groups (6.5s)
  ✓  20 [iphone-17-pro-max-webkit] › tests/e2e/media-loading.spec.ts:308:1 › pending frontier follows viewport resize and expanded FAQ instead of exposing blank artwork (2.1s)
  ✘  12 [desktop-chromium] › tests/e2e/media-loading.spec.ts:257:1 › native desktop wheel stops at pending boundary and can reverse upward (6.6s)
(node:51939) Warning: The 'NO_COLOR' env is ignored due to the 'FORCE_COLOR' env being set.
(Use `node --trace-warnings ...` to show where the warning was created)
  ✓  21 [desktop-firefox] › tests/e2e/technology-viewer.spec.ts:307:1 › all six photos warm after load without blocking the main page (2.1s)
  ✓  15 [desktop-firefox] › tests/e2e/media-loading.spec.ts:123:1 › pending next block retains ready pixels, stops downward scroll and allows upward scroll (5.9s)
  ✓  24 [desktop-firefox] › tests/e2e/media-loading.spec.ts:163:1 › remaining landing artwork warms asynchronously after first block decode without scrolling (1.0s)
  ✓  23 [desktop-chromium] › tests/e2e/media-loading.spec.ts:277:1 › native mobile touch cannot cross missing block and can reverse while it is pending (3.6s)
  ✓  25 [desktop-firefox] › tests/e2e/media-loading.spec.ts:257:1 › native desktop wheel stops at pending boundary and can reverse upward (1.4s)
  -  27 [desktop-firefox] › tests/e2e/media-loading.spec.ts:277:1 › native mobile touch cannot cross missing block and can reverse while it is pending
  ✓  26 [desktop-chromium] › tests/e2e/media-loading.spec.ts:308:1 › pending frontier follows viewport resize and expanded FAQ instead of exposing blank artwork (1.4s)
  ✓  28 [desktop-firefox] › tests/e2e/media-loading.spec.ts:308:1 › pending frontier follows viewport resize and expanded FAQ instead of exposing blank artwork (1.1s)
  ✘  22 [desktop-firefox] › tests/e2e/technology-viewer.spec.ts:348:1 › six photos warm at low priority; retained decoded images are reused offline across groups (5.9s)


  1) [iphone-17-pro-webkit] › tests/e2e/technology-viewer.spec.ts:348:1 › six photos warm at low priority; retained decoded images are reused offline across groups

    Error: expect(received).toBe(expected) // Object.is equality

    Expected: 4
    Received: 6

    Call Log:
    - Timeout 5000ms exceeded while waiting on the predicate

      364 |   });
      365 |   await page.goto('/en');
    > 366 |   await expect.poll(() => page.evaluate(() => (window as unknown as { __technologyWarmImages: HTMLImageElement[] }).__technologyWarmImages.filter(image => image.dataset.source && image.complete && image.naturalWidth === 941).length)).toBe(4);
          |                                                                                                                                                                                                                                           ^
      367 |   const timing = await page.evaluate(() => {
      368 |     const navigation = performance.getEntriesByType('navigation')[0] as PerformanceNavigationTiming;
      369 |     return { load: navigation.loadEventStart, starts: performance.getEntriesByType('resource').filter(entry => /\/technology\/(?:cybermind\/0[12]|0[23])\.png$/.test(entry.name)).map(entry => entry.startTime), fetches: (window as unknown as { __technologyFetches: { url: string; priority: string }[] }).__technologyFetches };
        at /Users/asmirnou/Projects/g/ramsider/tests/e2e/technology-viewer.spec.ts:366:235

    attachment #1: screenshot (image/png) ──────────────────────────────────────────────────────────
    test-results/technology-viewer-six-phot-9dd38-eused-offline-across-groups-iphone-17-pro-webkit/test-failed-1.png
    ────────────────────────────────────────────────────────────────────────────────────────────────

    Error Context: test-results/technology-viewer-six-phot-9dd38-eused-offline-across-groups-iphone-17-pro-webkit/error-context.md

  2) [iphone-17-pro-max-webkit] › tests/e2e/media-loading.spec.ts:123:1 › pending next block retains ready pixels, stops downward scroll and allows upward scroll

    Error: expect(received).toBe(expected) // Object.is equality

    Expected: true
    Received: false

      155 |   expect(await page.evaluate(() => scrollY)).toBe(scroll);
      156 |   const ready = await sharp(await page.screenshot({ clip: crop })).raw().toBuffer();
    > 157 |   expect(ready.equals(pending)).toBe(true);
          |                                 ^
      158 |   await page.screenshot({ path: `docs/evidence/media-loading/retained-${info.project.name}-ready.png` });
      159 |   await page.evaluate(() => scrollTo({ top: scrollY + 200, behavior: 'instant' }));
      160 |   await expect.poll(() => page.evaluate(() => scrollY)).toBeGreaterThan(scroll);
        at /Users/asmirnou/Projects/g/ramsider/tests/e2e/media-loading.spec.ts:157:33

    attachment #1: screenshot (image/png) ──────────────────────────────────────────────────────────
    test-results/media-loading-pending-next-a0c8e-ll-and-allows-upward-scroll-iphone-17-pro-max-webkit/test-failed-1.png
    ────────────────────────────────────────────────────────────────────────────────────────────────

    Error Context: test-results/media-loading-pending-next-a0c8e-ll-and-allows-upward-scroll-iphone-17-pro-max-webkit/error-context.md

  3) [iphone-17-pro-max-webkit] › tests/e2e/technology-viewer.spec.ts:348:1 › six photos warm at low priority; retained decoded images are reused offline across groups

    Error: expect(received).toBe(expected) // Object.is equality

    Expected: 4
    Received: 6

    Call Log:
    - Timeout 5000ms exceeded while waiting on the predicate

      364 |   });
      365 |   await page.goto('/en');
    > 366 |   await expect.poll(() => page.evaluate(() => (window as unknown as { __technologyWarmImages: HTMLImageElement[] }).__technologyWarmImages.filter(image => image.dataset.source && image.complete && image.naturalWidth === 941).length)).toBe(4);
          |                                                                                                                                                                                                                                           ^
      367 |   const timing = await page.evaluate(() => {
      368 |     const navigation = performance.getEntriesByType('navigation')[0] as PerformanceNavigationTiming;
      369 |     return { load: navigation.loadEventStart, starts: performance.getEntriesByType('resource').filter(entry => /\/technology\/(?:cybermind\/0[12]|0[23])\.png$/.test(entry.name)).map(entry => entry.startTime), fetches: (window as unknown as { __technologyFetches: { url: string; priority: string }[] }).__technologyFetches };
        at /Users/asmirnou/Projects/g/ramsider/tests/e2e/technology-viewer.spec.ts:366:235

    attachment #1: screenshot (image/png) ──────────────────────────────────────────────────────────
    test-results/technology-viewer-six-phot-9dd38-eused-offline-across-groups-iphone-17-pro-max-webkit/test-failed-1.png
    ────────────────────────────────────────────────────────────────────────────────────────────────

    Error Context: test-results/technology-viewer-six-phot-9dd38-eused-offline-across-groups-iphone-17-pro-max-webkit/error-context.md

  4) [desktop-chromium] › tests/e2e/media-loading.spec.ts:257:1 › native desktop wheel stops at pending boundary and can reverse upward

    Error: expect(received).toBeLessThan(expected)

    Expected: < 10298
    Received:   10298

    Call Log:
    - Timeout 5000ms exceeded while waiting on the predicate

      268 |   expect(await page.evaluate(() => scrollY)).toBe(edge);
      269 |   await page.mouse.wheel(0, -600);
    > 270 |   await expect.poll(() => page.evaluate(() => scrollY)).toBeLessThan(edge);
          |                                                         ^
      271 |   await expect(page.locator('.page-media-overlay')).toHaveCount(0);
      272 |   await page.mouse.wheel(0, 10000);
      273 |   await expect.poll(() => page.evaluate(() => scrollY)).toBe(edge);
        at /Users/asmirnou/Projects/g/ramsider/tests/e2e/media-loading.spec.ts:270:57

    attachment #1: screenshot (image/png) ──────────────────────────────────────────────────────────
    test-results/media-loading-native-deskt-7f100-dary-and-can-reverse-upward-desktop-chromium/test-failed-1.png
    ────────────────────────────────────────────────────────────────────────────────────────────────

    Error Context: test-results/media-loading-native-deskt-7f100-dary-and-can-reverse-upward-desktop-chromium/error-context.md

  5) [desktop-chromium] › tests/e2e/technology-viewer.spec.ts:348:1 › six photos warm at low priority; retained decoded images are reused offline across groups

    Error: expect(received).toBe(expected) // Object.is equality

    Expected: 4
    Received: 6

    Call Log:
    - Timeout 5000ms exceeded while waiting on the predicate

      364 |   });
      365 |   await page.goto('/en');
    > 366 |   await expect.poll(() => page.evaluate(() => (window as unknown as { __technologyWarmImages: HTMLImageElement[] }).__technologyWarmImages.filter(image => image.dataset.source && image.complete && image.naturalWidth === 941).length)).toBe(4);
          |                                                                                                                                                                                                                                           ^
      367 |   const timing = await page.evaluate(() => {
      368 |     const navigation = performance.getEntriesByType('navigation')[0] as PerformanceNavigationTiming;
      369 |     return { load: navigation.loadEventStart, starts: performance.getEntriesByType('resource').filter(entry => /\/technology\/(?:cybermind\/0[12]|0[23])\.png$/.test(entry.name)).map(entry => entry.startTime), fetches: (window as unknown as { __technologyFetches: { url: string; priority: string }[] }).__technologyFetches };
        at /Users/asmirnou/Projects/g/ramsider/tests/e2e/technology-viewer.spec.ts:366:235

    attachment #1: screenshot (image/png) ──────────────────────────────────────────────────────────
    test-results/technology-viewer-six-phot-9dd38-eused-offline-across-groups-desktop-chromium/test-failed-1.png
    ────────────────────────────────────────────────────────────────────────────────────────────────

    Error Context: test-results/technology-viewer-six-phot-9dd38-eused-offline-across-groups-desktop-chromium/error-context.md

  6) [desktop-firefox] › tests/e2e/technology-viewer.spec.ts:348:1 › six photos warm at low priority; retained decoded images are reused offline across groups

    Error: expect(received).toBe(expected) // Object.is equality

    Expected: 4
    Received: 6

    Call Log:
    - Timeout 5000ms exceeded while waiting on the predicate

      364 |   });
      365 |   await page.goto('/en');
    > 366 |   await expect.poll(() => page.evaluate(() => (window as unknown as { __technologyWarmImages: HTMLImageElement[] }).__technologyWarmImages.filter(image => image.dataset.source && image.complete && image.naturalWidth === 941).length)).toBe(4);
          |                                                                                                                                                                                                                                           ^
      367 |   const timing = await page.evaluate(() => {
      368 |     const navigation = performance.getEntriesByType('navigation')[0] as PerformanceNavigationTiming;
      369 |     return { load: navigation.loadEventStart, starts: performance.getEntriesByType('resource').filter(entry => /\/technology\/(?:cybermind\/0[12]|0[23])\.png$/.test(entry.name)).map(entry => entry.startTime), fetches: (window as unknown as { __technologyFetches: { url: string; priority: string }[] }).__technologyFetches };
        at /Users/asmirnou/Projects/g/ramsider/tests/e2e/technology-viewer.spec.ts:366:235

    attachment #1: screenshot (image/png) ──────────────────────────────────────────────────────────
    test-results/technology-viewer-six-phot-9dd38-eused-offline-across-groups-desktop-firefox/test-failed-1.png
    ────────────────────────────────────────────────────────────────────────────────────────────────

    Error Context: test-results/technology-viewer-six-phot-9dd38-eused-offline-across-groups-desktop-firefox/error-context.md

  6 failed
    [iphone-17-pro-webkit] › tests/e2e/technology-viewer.spec.ts:348:1 › six photos warm at low priority; retained decoded images are reused offline across groups
    [iphone-17-pro-max-webkit] › tests/e2e/media-loading.spec.ts:123:1 › pending next block retains ready pixels, stops downward scroll and allows upward scroll
    [iphone-17-pro-max-webkit] › tests/e2e/technology-viewer.spec.ts:348:1 › six photos warm at low priority; retained decoded images are reused offline across groups
    [desktop-chromium] › tests/e2e/media-loading.spec.ts:257:1 › native desktop wheel stops at pending boundary and can reverse upward
    [desktop-chromium] › tests/e2e/technology-viewer.spec.ts:348:1 › six photos warm at low priority; retained decoded images are reused offline across groups
    [desktop-firefox] › tests/e2e/technology-viewer.spec.ts:348:1 › six photos warm at low priority; retained decoded images are reused offline across groups
  5 skipped
  17 passed (23.7s)
