
Running 4 tests using 2 workers

(node:72424) Warning: The 'NO_COLOR' env is ignored due to the 'FORCE_COLOR' env being set.
(Use `node --trace-warnings ...` to show where the warning was created)
(node:72425) Warning: The 'NO_COLOR' env is ignored due to the 'FORCE_COLOR' env being set.
(Use `node --trace-warnings ...` to show where the warning was created)
  ✘  2 [iphone-17-pro-webkit] › tests/e2e/media-loading.spec.ts:123:1 › pending next block retains ready pixels, stops downward scroll and allows upward scroll (3.0s)
  ✘  1 [iphone-17-pro-max-webkit] › tests/e2e/media-loading.spec.ts:123:1 › pending next block retains ready pixels, stops downward scroll and allows upward scroll (3.2s)
(node:72458) Warning: The 'NO_COLOR' env is ignored due to the 'FORCE_COLOR' env being set.
(Use `node --trace-warnings ...` to show where the warning was created)
(node:72464) Warning: The 'NO_COLOR' env is ignored due to the 'FORCE_COLOR' env being set.
(Use `node --trace-warnings ...` to show where the warning was created)
  ✓  3 [desktop-chromium] › tests/e2e/media-loading.spec.ts:123:1 › pending next block retains ready pixels, stops downward scroll and allows upward scroll (2.9s)
  ✓  4 [desktop-firefox] › tests/e2e/media-loading.spec.ts:123:1 › pending next block retains ready pixels, stops downward scroll and allows upward scroll (4.7s)


  1) [iphone-17-pro-webkit] › tests/e2e/media-loading.spec.ts:123:1 › pending next block retains ready pixels, stops downward scroll and allows upward scroll

    Error: expect(received).toBe(expected) // Object.is equality

    Expected: true
    Received: false

      159 |   expect(await page.evaluate(() => scrollY)).toBe(scroll);
      160 |   const ready = await sharp(await page.screenshot({ scale: 'css' })).extract(crop).raw().toBuffer();
    > 161 |   expect(ready.equals(pending)).toBe(true);
          |                                 ^
      162 |   await page.screenshot({ path: `docs/evidence/media-loading/retained-${info.project.name}-ready.png` });
      163 |   await page.evaluate(() => scrollTo({ top: scrollY + 200, behavior: 'instant' }));
      164 |   await expect.poll(() => page.evaluate(() => scrollY)).toBeGreaterThan(scroll);
        at /Users/asmirnou/Projects/g/ramsider/tests/e2e/media-loading.spec.ts:161:33

    attachment #1: screenshot (image/png) ──────────────────────────────────────────────────────────
    test-results/media-loading-pending-next-a0c8e-ll-and-allows-upward-scroll-iphone-17-pro-webkit/test-failed-1.png
    ────────────────────────────────────────────────────────────────────────────────────────────────

    Error Context: test-results/media-loading-pending-next-a0c8e-ll-and-allows-upward-scroll-iphone-17-pro-webkit/error-context.md

  2) [iphone-17-pro-max-webkit] › tests/e2e/media-loading.spec.ts:123:1 › pending next block retains ready pixels, stops downward scroll and allows upward scroll

    Error: expect(received).toBe(expected) // Object.is equality

    Expected: true
    Received: false

      159 |   expect(await page.evaluate(() => scrollY)).toBe(scroll);
      160 |   const ready = await sharp(await page.screenshot({ scale: 'css' })).extract(crop).raw().toBuffer();
    > 161 |   expect(ready.equals(pending)).toBe(true);
          |                                 ^
      162 |   await page.screenshot({ path: `docs/evidence/media-loading/retained-${info.project.name}-ready.png` });
      163 |   await page.evaluate(() => scrollTo({ top: scrollY + 200, behavior: 'instant' }));
      164 |   await expect.poll(() => page.evaluate(() => scrollY)).toBeGreaterThan(scroll);
        at /Users/asmirnou/Projects/g/ramsider/tests/e2e/media-loading.spec.ts:161:33

    attachment #1: screenshot (image/png) ──────────────────────────────────────────────────────────
    test-results/media-loading-pending-next-a0c8e-ll-and-allows-upward-scroll-iphone-17-pro-max-webkit/test-failed-1.png
    ────────────────────────────────────────────────────────────────────────────────────────────────

    Error Context: test-results/media-loading-pending-next-a0c8e-ll-and-allows-upward-scroll-iphone-17-pro-max-webkit/error-context.md

  2 failed
    [iphone-17-pro-webkit] › tests/e2e/media-loading.spec.ts:123:1 › pending next block retains ready pixels, stops downward scroll and allows upward scroll
    [iphone-17-pro-max-webkit] › tests/e2e/media-loading.spec.ts:123:1 › pending next block retains ready pixels, stops downward scroll and allows upward scroll
  2 passed (10.9s)
