
Running 8 tests using 4 workers

(node:55729) Warning: The 'NO_COLOR' env is ignored due to the 'FORCE_COLOR' env being set.
(Use `node --trace-warnings ...` to show where the warning was created)
(node:55732) Warning: The 'NO_COLOR' env is ignored due to the 'FORCE_COLOR' env being set.
(Use `node --trace-warnings ...` to show where the warning was created)
(node:55731) Warning: The 'NO_COLOR' env is ignored due to the 'FORCE_COLOR' env being set.
(Use `node --trace-warnings ...` to show where the warning was created)
(node:55733) Warning: The 'NO_COLOR' env is ignored due to the 'FORCE_COLOR' env being set.
(Use `node --trace-warnings ...` to show where the warning was created)
  ✘  2 [desktop-chromium] › tests/e2e/media-loading.spec.ts:123:1 › pending next block retains ready pixels, stops downward scroll and allows upward scroll (1.6s)
(node:55767) Warning: The 'NO_COLOR' env is ignored due to the 'FORCE_COLOR' env being set.
(Use `node --trace-warnings ...` to show where the warning was created)
  ✓  5 [desktop-chromium] › tests/e2e/media-loading.spec.ts:258:1 › native desktop wheel stops at pending boundary and can reverse upward (2.3s)
  ✘  3 [iphone-17-pro-webkit] › tests/e2e/media-loading.spec.ts:123:1 › pending next block retains ready pixels, stops downward scroll and allows upward scroll (3.8s)
  ✘  1 [iphone-17-pro-max-webkit] › tests/e2e/media-loading.spec.ts:123:1 › pending next block retains ready pixels, stops downward scroll and allows upward scroll (3.8s)
(node:55787) Warning: The 'NO_COLOR' env is ignored due to the 'FORCE_COLOR' env being set.
(Use `node --trace-warnings ...` to show where the warning was created)
(node:55788) Warning: The 'NO_COLOR' env is ignored due to the 'FORCE_COLOR' env being set.
(Use `node --trace-warnings ...` to show where the warning was created)
  ✘  4 [desktop-firefox] › tests/e2e/media-loading.spec.ts:123:1 › pending next block retains ready pixels, stops downward scroll and allows upward scroll (4.3s)
  -  6 [iphone-17-pro-webkit] › tests/e2e/media-loading.spec.ts:258:1 › native desktop wheel stops at pending boundary and can reverse upward
  -  7 [iphone-17-pro-max-webkit] › tests/e2e/media-loading.spec.ts:258:1 › native desktop wheel stops at pending boundary and can reverse upward
(node:55820) Warning: The 'NO_COLOR' env is ignored due to the 'FORCE_COLOR' env being set.
(Use `node --trace-warnings ...` to show where the warning was created)
  ✓  8 [desktop-firefox] › tests/e2e/media-loading.spec.ts:258:1 › native desktop wheel stops at pending boundary and can reverse upward (2.3s)


  1) [iphone-17-pro-webkit] › tests/e2e/media-loading.spec.ts:123:1 › pending next block retains ready pixels, stops downward scroll and allows upward scroll

    Error: Expected integer between 0 and 100000000 for left but received undefined of type undefined

      144 |   const viewport = info.project.use.viewport!;
      145 |   const crop = { x: 0, y: 0, width: viewport.width, height: viewport.height - 200 };
    > 146 |   const pending = await sharp(await page.screenshot()).extract(crop).raw().toBuffer();
          |                                                        ^
      147 |   await page.screenshot({ path: `docs/evidence/media-loading/retained-${info.project.name}-pending.png` });
      148 |   await page.keyboard.press('Home');
      149 |   await expect.poll(() => page.evaluate(() => scrollY)).toBe(0);
        at Object.invalidParameterError (/Users/asmirnou/Projects/g/ramsider/node_modules/sharp/dist/is.mjs:115:10)
        at Sharp.<anonymous> (/Users/asmirnou/Projects/g/ramsider/node_modules/sharp/dist/resize.mjs:491:16)
        at Sharp.extract (/Users/asmirnou/Projects/g/ramsider/node_modules/sharp/dist/resize.mjs:486:38)
        at /Users/asmirnou/Projects/g/ramsider/tests/e2e/media-loading.spec.ts:146:56

    attachment #1: screenshot (image/png) ──────────────────────────────────────────────────────────
    test-results/media-loading-pending-next-a0c8e-ll-and-allows-upward-scroll-iphone-17-pro-webkit/test-failed-1.png
    ────────────────────────────────────────────────────────────────────────────────────────────────

    Error Context: test-results/media-loading-pending-next-a0c8e-ll-and-allows-upward-scroll-iphone-17-pro-webkit/error-context.md

  2) [iphone-17-pro-max-webkit] › tests/e2e/media-loading.spec.ts:123:1 › pending next block retains ready pixels, stops downward scroll and allows upward scroll

    Error: Expected integer between 0 and 100000000 for left but received undefined of type undefined

      144 |   const viewport = info.project.use.viewport!;
      145 |   const crop = { x: 0, y: 0, width: viewport.width, height: viewport.height - 200 };
    > 146 |   const pending = await sharp(await page.screenshot()).extract(crop).raw().toBuffer();
          |                                                        ^
      147 |   await page.screenshot({ path: `docs/evidence/media-loading/retained-${info.project.name}-pending.png` });
      148 |   await page.keyboard.press('Home');
      149 |   await expect.poll(() => page.evaluate(() => scrollY)).toBe(0);
        at Object.invalidParameterError (/Users/asmirnou/Projects/g/ramsider/node_modules/sharp/dist/is.mjs:115:10)
        at Sharp.<anonymous> (/Users/asmirnou/Projects/g/ramsider/node_modules/sharp/dist/resize.mjs:491:16)
        at Sharp.extract (/Users/asmirnou/Projects/g/ramsider/node_modules/sharp/dist/resize.mjs:486:38)
        at /Users/asmirnou/Projects/g/ramsider/tests/e2e/media-loading.spec.ts:146:56

    attachment #1: screenshot (image/png) ──────────────────────────────────────────────────────────
    test-results/media-loading-pending-next-a0c8e-ll-and-allows-upward-scroll-iphone-17-pro-max-webkit/test-failed-1.png
    ────────────────────────────────────────────────────────────────────────────────────────────────

    Error Context: test-results/media-loading-pending-next-a0c8e-ll-and-allows-upward-scroll-iphone-17-pro-max-webkit/error-context.md

  3) [desktop-chromium] › tests/e2e/media-loading.spec.ts:123:1 › pending next block retains ready pixels, stops downward scroll and allows upward scroll

    Error: Expected integer between 0 and 100000000 for left but received undefined of type undefined

      144 |   const viewport = info.project.use.viewport!;
      145 |   const crop = { x: 0, y: 0, width: viewport.width, height: viewport.height - 200 };
    > 146 |   const pending = await sharp(await page.screenshot()).extract(crop).raw().toBuffer();
          |                                                        ^
      147 |   await page.screenshot({ path: `docs/evidence/media-loading/retained-${info.project.name}-pending.png` });
      148 |   await page.keyboard.press('Home');
      149 |   await expect.poll(() => page.evaluate(() => scrollY)).toBe(0);
        at Object.invalidParameterError (/Users/asmirnou/Projects/g/ramsider/node_modules/sharp/dist/is.mjs:115:10)
        at Sharp.<anonymous> (/Users/asmirnou/Projects/g/ramsider/node_modules/sharp/dist/resize.mjs:491:16)
        at Sharp.extract (/Users/asmirnou/Projects/g/ramsider/node_modules/sharp/dist/resize.mjs:486:38)
        at /Users/asmirnou/Projects/g/ramsider/tests/e2e/media-loading.spec.ts:146:56

    attachment #1: screenshot (image/png) ──────────────────────────────────────────────────────────
    test-results/media-loading-pending-next-a0c8e-ll-and-allows-upward-scroll-desktop-chromium/test-failed-1.png
    ────────────────────────────────────────────────────────────────────────────────────────────────

    Error Context: test-results/media-loading-pending-next-a0c8e-ll-and-allows-upward-scroll-desktop-chromium/error-context.md

  4) [desktop-firefox] › tests/e2e/media-loading.spec.ts:123:1 › pending next block retains ready pixels, stops downward scroll and allows upward scroll

    Error: Expected integer between 0 and 100000000 for left but received undefined of type undefined

      144 |   const viewport = info.project.use.viewport!;
      145 |   const crop = { x: 0, y: 0, width: viewport.width, height: viewport.height - 200 };
    > 146 |   const pending = await sharp(await page.screenshot()).extract(crop).raw().toBuffer();
          |                                                        ^
      147 |   await page.screenshot({ path: `docs/evidence/media-loading/retained-${info.project.name}-pending.png` });
      148 |   await page.keyboard.press('Home');
      149 |   await expect.poll(() => page.evaluate(() => scrollY)).toBe(0);
        at Object.invalidParameterError (/Users/asmirnou/Projects/g/ramsider/node_modules/sharp/dist/is.mjs:115:10)
        at Sharp.<anonymous> (/Users/asmirnou/Projects/g/ramsider/node_modules/sharp/dist/resize.mjs:491:16)
        at Sharp.extract (/Users/asmirnou/Projects/g/ramsider/node_modules/sharp/dist/resize.mjs:486:38)
        at /Users/asmirnou/Projects/g/ramsider/tests/e2e/media-loading.spec.ts:146:56

    attachment #1: screenshot (image/png) ──────────────────────────────────────────────────────────
    test-results/media-loading-pending-next-a0c8e-ll-and-allows-upward-scroll-desktop-firefox/test-failed-1.png
    ────────────────────────────────────────────────────────────────────────────────────────────────

    Error Context: test-results/media-loading-pending-next-a0c8e-ll-and-allows-upward-scroll-desktop-firefox/error-context.md

  4 failed
    [iphone-17-pro-webkit] › tests/e2e/media-loading.spec.ts:123:1 › pending next block retains ready pixels, stops downward scroll and allows upward scroll
    [iphone-17-pro-max-webkit] › tests/e2e/media-loading.spec.ts:123:1 › pending next block retains ready pixels, stops downward scroll and allows upward scroll
    [desktop-chromium] › tests/e2e/media-loading.spec.ts:123:1 › pending next block retains ready pixels, stops downward scroll and allows upward scroll
    [desktop-firefox] › tests/e2e/media-loading.spec.ts:123:1 › pending next block retains ready pixels, stops downward scroll and allows upward scroll
  2 skipped
  2 passed (11.2s)
