
Running 136 tests using 6 workers

(node:56176) Warning: The 'NO_COLOR' env is ignored due to the 'FORCE_COLOR' env being set.
(Use `node --trace-warnings ...` to show where the warning was created)
(node:56173) Warning: The 'NO_COLOR' env is ignored due to the 'FORCE_COLOR' env being set.
(Use `node --trace-warnings ...` to show where the warning was created)
(node:56178) Warning: The 'NO_COLOR' env is ignored due to the 'FORCE_COLOR' env being set.
(Use `node --trace-warnings ...` to show where the warning was created)
(node:56177) Warning: The 'NO_COLOR' env is ignored due to the 'FORCE_COLOR' env being set.
(Use `node --trace-warnings ...` to show where the warning was created)
(node:56175) Warning: The 'NO_COLOR' env is ignored due to the 'FORCE_COLOR' env being set.
(Use `node --trace-warnings ...` to show where the warning was created)
(node:56174) Warning: The 'NO_COLOR' env is ignored due to the 'FORCE_COLOR' env being set.
(Use `node --trace-warnings ...` to show where the warning was created)
  ✓    2 [desktop-chromium] › tests/e2e/media-loading.spec.ts:9:1 › without JavaScript the native page artwork, text and FAQ remain usable (2.5s)
  ✓    5 [iphone-17-pro-webkit] › tests/e2e/media-loading.spec.ts:9:1 › without JavaScript the native page artwork, text and FAQ remain usable (3.5s)
  ✓    3 [iphone-17-pro-max-webkit] › tests/e2e/media-loading.spec.ts:9:1 › without JavaScript the native page artwork, text and FAQ remain usable (3.6s)
  ✓    6 [desktop-chromium] › tests/e2e/technology-viewer.spec.ts:7:1 › technology artwork keeps its native proportions as Safari chrome changes the visible height (3.7s)
  ✓    7 [desktop-chromium] › tests/e2e/media-loading.spec.ts:31:1 › early bootstrap protects held artwork before framework hydration (1.3s)
  ✓    1 [iphone-17-pro-max-webkit] › tests/e2e/technology-viewer.spec.ts:7:1 › technology artwork keeps its native proportions as Safari chrome changes the visible height (5.1s)
  ✓   11 [desktop-chromium] › tests/e2e/media-loading.spec.ts:57:1 › initial framework script network failure falls back to native readable content (1.3s)
  ✓    4 [iphone-17-pro-webkit] › tests/e2e/technology-viewer.spec.ts:7:1 › technology artwork keeps its native proportions as Safari chrome changes the visible height (6.4s)
  ✓    8 [iphone-17-pro-webkit] › tests/e2e/media-loading.spec.ts:31:1 › early bootstrap protects held artwork before framework hydration (2.8s)
  ✓    9 [iphone-17-pro-max-webkit] › tests/e2e/media-loading.spec.ts:31:1 › early bootstrap protects held artwork before framework hydration (2.9s)
  ✓   13 [desktop-chromium] › tests/e2e/media-loading.spec.ts:73:3 › initial framework synchronous failure restores native readable content (2.0s)
  ✓   10 [desktop-chromium] › tests/e2e/technology-viewer.spec.ts:50:1 › technology PNGs preserve every original pixel outside the title mask (3.7s)
  ✓   12 [iphone-17-pro-max-webkit] › tests/e2e/technology-viewer.spec.ts:50:1 › technology PNGs preserve every original pixel outside the title mask (2.8s)
  ✓   15 [iphone-17-pro-webkit] › tests/e2e/media-loading.spec.ts:57:1 › initial framework script network failure falls back to native readable content (1.7s)
  ✓   16 [iphone-17-pro-max-webkit] › tests/e2e/media-loading.spec.ts:57:1 › initial framework script network failure falls back to native readable content (1.6s)
  ✓   17 [desktop-chromium] › tests/e2e/media-loading.spec.ts:73:3 › initial framework rejection failure restores native readable content (1.4s)
  ✓   14 [iphone-17-pro-webkit] › tests/e2e/technology-viewer.spec.ts:50:1 › technology PNGs preserve every original pixel outside the title mask (2.8s)
  ✓   22 [desktop-chromium] › tests/e2e/media-loading.spec.ts:98:1 › visible artwork remains hidden and page scroll locked until complete decode (2.6s)
  ✓   21 [iphone-17-pro-webkit] › tests/e2e/media-loading.spec.ts:73:3 › initial framework synchronous failure restores native readable content (3.5s)
  ✓   20 [iphone-17-pro-max-webkit] › tests/e2e/media-loading.spec.ts:73:3 › initial framework synchronous failure restores native readable content (3.6s)
  ✓   18 [desktop-chromium] › tests/e2e/technology-viewer.spec.ts:87:1 › technology descriptions render all source text in the decoded image coordinates (5.3s)
  ✓   25 [iphone-17-pro-webkit] › tests/e2e/media-loading.spec.ts:73:3 › initial framework rejection failure restores native readable content (3.2s)
  ✓   26 [iphone-17-pro-max-webkit] › tests/e2e/media-loading.spec.ts:73:3 › initial framework rejection failure restores native readable content (3.3s)
  ✓   24 [desktop-chromium] › tests/e2e/media-loading.spec.ts:123:1 › pending next block retains ready pixels, stops downward scroll and allows upward scroll (4.2s)
  ✓   19 [iphone-17-pro-max-webkit] › tests/e2e/technology-viewer.spec.ts:87:1 › technology descriptions render all source text in the decoded image coordinates (8.1s)
  ✓   23 [iphone-17-pro-webkit] › tests/e2e/technology-viewer.spec.ts:87:1 › technology descriptions render all source text in the decoded image coordinates (6.9s)
  ✓   28 [iphone-17-pro-webkit] › tests/e2e/media-loading.spec.ts:98:1 › visible artwork remains hidden and page scroll locked until complete decode (3.7s)
  ✓   30 [desktop-chromium] › tests/e2e/media-loading.spec.ts:164:1 › remaining landing artwork warms asynchronously after first block decode without scrolling (2.9s)
  ✓   29 [iphone-17-pro-max-webkit] › tests/e2e/media-loading.spec.ts:98:1 › visible artwork remains hidden and page scroll locked until complete decode (3.7s)
  ✓   34 [desktop-chromium] › tests/e2e/media-loading.spec.ts:196:1 › failed visible image has an accessible retry and successful recovery (1.7s)
  ✓   36 [desktop-chromium] › tests/e2e/media-loading.spec.ts:217:1 › truncated visible image is never revealed as a partially decoded resource (1.3s)
  ✓   27 [desktop-chromium] › tests/e2e/technology-viewer.spec.ts:118:1 › technology viewer opens from both story controls and pages through clean images (10.3s)
  ✓   37 [desktop-chromium] › tests/e2e/media-loading.spec.ts:241:1 › page gate suspends behind a native dialog and resumes missing page media after close (1.1s)
  ✓   33 [iphone-17-pro-webkit] › tests/e2e/media-loading.spec.ts:123:1 › pending next block retains ready pixels, stops downward scroll and allows upward scroll (5.8s)
  ✓   35 [iphone-17-pro-max-webkit] › tests/e2e/media-loading.spec.ts:123:1 › pending next block retains ready pixels, stops downward scroll and allows upward scroll (6.1s)
  ✓   39 [desktop-chromium] › tests/e2e/media-loading.spec.ts:258:1 › native desktop wheel stops at pending boundary and can reverse upward (3.0s)
  ✓   38 [desktop-chromium] › tests/e2e/technology-viewer.spec.ts:212:1 › technology viewer supports touch pointers, Escape and Arabic framing (4.0s)
  ✓   40 [iphone-17-pro-webkit] › tests/e2e/media-loading.spec.ts:164:1 › remaining landing artwork warms asynchronously after first block decode without scrolling (2.9s)
  ✓   41 [iphone-17-pro-max-webkit] › tests/e2e/media-loading.spec.ts:164:1 › remaining landing artwork warms asynchronously after first block decode without scrolling (2.5s)
  ✓   31 [iphone-17-pro-max-webkit] › tests/e2e/technology-viewer.spec.ts:118:1 › technology viewer opens from both story controls and pages through clean images (11.9s)
  ✓   43 [desktop-chromium] › tests/e2e/technology-viewer.spec.ts:262:1 › previous artwork stays visible while the next slide loads (1.4s)
  ✓   32 [iphone-17-pro-webkit] › tests/e2e/technology-viewer.spec.ts:118:1 › technology viewer opens from both story controls and pages through clean images (13.3s)
  ✓   45 [iphone-17-pro-max-webkit] › tests/e2e/media-loading.spec.ts:196:1 › failed visible image has an accessible retry and successful recovery (2.5s)
  ✓   44 [iphone-17-pro-webkit] › tests/e2e/media-loading.spec.ts:196:1 › failed visible image has an accessible retry and successful recovery (2.6s)
  ✓   47 [desktop-chromium] › tests/e2e/technology-viewer.spec.ts:285:1 › failed warm-up and failed selection retry the same image (2.7s)
  ✓   42 [desktop-chromium] › tests/e2e/media-loading.spec.ts:281:1 › native mobile touch cannot cross missing block and can reverse while it is pending (5.7s)
  ✓   49 [iphone-17-pro-max-webkit] › tests/e2e/media-loading.spec.ts:217:1 › truncated visible image is never revealed as a partially decoded resource (2.8s)
  ✓   51 [desktop-chromium] › tests/e2e/technology-viewer.spec.ts:310:1 › all six photos warm after load without blocking the main page (2.3s)
  ✓   50 [iphone-17-pro-webkit] › tests/e2e/media-loading.spec.ts:217:1 › truncated visible image is never revealed as a partially decoded resource (3.1s)
  ✓   46 [iphone-17-pro-max-webkit] › tests/e2e/technology-viewer.spec.ts:212:1 › technology viewer supports touch pointers, Escape and Arabic framing (6.3s)
  ✓   52 [desktop-chromium] › tests/e2e/media-loading.spec.ts:312:1 › pending frontier follows viewport resize and expanded FAQ instead of exposing blank artwork (2.9s)
  ✓   54 [desktop-chromium] › tests/e2e/technology-viewer.spec.ts:335:1 › incomplete hero protects the main view before technology can be opened (1.3s)
  ✓   55 [iphone-17-pro-webkit] › tests/e2e/media-loading.spec.ts:241:1 › page gate suspends behind a native dialog and resumes missing page media after close (2.1s)
  ✓   53 [iphone-17-pro-max-webkit] › tests/e2e/media-loading.spec.ts:241:1 › page gate suspends behind a native dialog and resumes missing page media after close (2.1s)
  ✓   48 [iphone-17-pro-webkit] › tests/e2e/technology-viewer.spec.ts:212:1 › technology viewer supports touch pointers, Escape and Arabic framing (5.9s)
  -   60 [iphone-17-pro-max-webkit] › tests/e2e/media-loading.spec.ts:258:1 › native desktop wheel stops at pending boundary and can reverse upward
  -   59 [iphone-17-pro-webkit] › tests/e2e/media-loading.spec.ts:258:1 › native desktop wheel stops at pending boundary and can reverse upward
  -   62 [iphone-17-pro-max-webkit] › tests/e2e/media-loading.spec.ts:281:1 › native mobile touch cannot cross missing block and can reverse while it is pending
  -   63 [iphone-17-pro-webkit] › tests/e2e/media-loading.spec.ts:281:1 › native mobile touch cannot cross missing block and can reverse while it is pending
  ✓   56 [iphone-17-pro-max-webkit] › tests/e2e/technology-viewer.spec.ts:262:1 › previous artwork stays visible while the next slide loads (3.0s)
  ✓   58 [desktop-chromium] › tests/e2e/technology-viewer.spec.ts:351:1 › six photos warm at low priority; retained decoded images are reused offline across groups (3.8s)
  ✓   61 [iphone-17-pro-webkit] › tests/e2e/technology-viewer.spec.ts:262:1 › previous artwork stays visible while the next slide loads (3.1s)
  ✓   67 [desktop-chromium] › tests/e2e/technology-viewer.spec.ts:398:1 › swipe completes when the pointer leaves the artwork (1.6s)
  ✓   66 [iphone-17-pro-max-webkit] › tests/e2e/technology-viewer.spec.ts:285:1 › failed warm-up and failed selection retry the same image (2.9s)
  ✓   64 [iphone-17-pro-max-webkit] › tests/e2e/media-loading.spec.ts:312:1 › pending frontier follows viewport resize and expanded FAQ instead of exposing blank artwork (4.9s)
  ✓   65 [iphone-17-pro-webkit] › tests/e2e/media-loading.spec.ts:312:1 › pending frontier follows viewport resize and expanded FAQ instead of exposing blank artwork (5.0s)
  ✓   68 [iphone-17-pro-webkit] › tests/e2e/technology-viewer.spec.ts:285:1 › failed warm-up and failed selection retry the same image (2.8s)
  ✓   70 [iphone-17-pro-max-webkit] › tests/e2e/technology-viewer.spec.ts:310:1 › all six photos warm after load without blocking the main page (3.0s)
  ✓   73 [iphone-17-pro-webkit] › tests/e2e/technology-viewer.spec.ts:310:1 › all six photos warm after load without blocking the main page (3.5s)
  ✓   69 [desktop-chromium] › tests/e2e/technology-viewer.spec.ts:414:1 › technology viewer hides landing paint beneath browser chrome and restores it on close (8.1s)
  ✓   75 [iphone-17-pro-webkit] › tests/e2e/technology-viewer.spec.ts:335:1 › incomplete hero protects the main view before technology can be opened (3.0s)
  ✓   74 [iphone-17-pro-max-webkit] › tests/e2e/technology-viewer.spec.ts:335:1 › incomplete hero protects the main view before technology can be opened (4.9s)
  ✓   57 [desktop-chromium] › tests/e2e/media-loading.spec.ts:339:1 › retained loading strip fits all eleven locales including Arabic (18.7s)
  ✓   76 [desktop-chromium] › tests/e2e/technology-viewer.spec.ts:457:1 › metal contour reaches mobile side edges and the image stays inside its cutout (5.6s)
  ✓   77 [iphone-17-pro-webkit] › tests/e2e/technology-viewer.spec.ts:351:1 › six photos warm at low priority; retained decoded images are reused offline across groups (10.4s)
  ✓   78 [iphone-17-pro-max-webkit] › tests/e2e/technology-viewer.spec.ts:351:1 › six photos warm at low priority; retained decoded images are reused offline across groups (10.3s)
  ✓   79 [desktop-chromium] › tests/e2e/technology-viewer.spec.ts:487:1 › CyberMind PNGs retain native RGB, alpha and resolution outside title glyphs (5.8s)
(node:56842) Warning: The 'NO_COLOR' env is ignored due to the 'FORCE_COLOR' env being set.
(Use `node --trace-warnings ...` to show where the warning was created)
  ✓   80 [iphone-17-pro-webkit] › tests/e2e/technology-viewer.spec.ts:398:1 › swipe completes when the pointer leaves the artwork (6.6s)
  ✓   81 [iphone-17-pro-max-webkit] › tests/e2e/technology-viewer.spec.ts:398:1 › swipe completes when the pointer leaves the artwork (7.3s)
  ✘   71 [iphone-17-pro-max-webkit] › tests/e2e/media-loading.spec.ts:339:1 › retained loading strip fits all eleven locales including Arabic (33.0s)
  ✘   72 [iphone-17-pro-webkit] › tests/e2e/media-loading.spec.ts:339:1 › retained loading strip fits all eleven locales including Arabic (33.0s)
  ✓   82 [desktop-chromium] › tests/e2e/technology-viewer.spec.ts:514:1 › CyberMind uses two interactive slides, a live title and explicit group navigation (13.9s)
(node:57019) Warning: The 'NO_COLOR' env is ignored due to the 'FORCE_COLOR' env being set.
(Use `node --trace-warnings ...` to show where the warning was created)
  ✓   84 [iphone-17-pro-webkit] › tests/e2e/technology-viewer.spec.ts:414:1 › technology viewer hides landing paint beneath browser chrome and restores it on close (12.1s)
  ✓   85 [iphone-17-pro-max-webkit] › tests/e2e/technology-viewer.spec.ts:414:1 › technology viewer hides landing paint beneath browser chrome and restores it on close (11.5s)
  ✓   88 [iphone-17-pro-max-webkit] › tests/e2e/technology-viewer.spec.ts:457:1 › metal contour reaches mobile side edges and the image stays inside its cutout (4.4s)
  ✓   87 [iphone-17-pro-webkit] › tests/e2e/technology-viewer.spec.ts:457:1 › metal contour reaches mobile side edges and the image stays inside its cutout (5.3s)
  ✓   90 [iphone-17-pro-max-webkit] › tests/e2e/technology-viewer.spec.ts:487:1 › CyberMind PNGs retain native RGB, alpha and resolution outside title glyphs (3.4s)
  ✓   91 [iphone-17-pro-webkit] › tests/e2e/technology-viewer.spec.ts:487:1 › CyberMind PNGs retain native RGB, alpha and resolution outside title glyphs (3.6s)
  ✓   92 [iphone-17-pro-max-webkit] › tests/e2e/technology-viewer.spec.ts:514:1 › CyberMind uses two interactive slides, a live title and explicit group navigation (6.7s)
  ✓   93 [iphone-17-pro-webkit] › tests/e2e/technology-viewer.spec.ts:514:1 › CyberMind uses two interactive slides, a live title and explicit group navigation (9.2s)
  ✘   86 [desktop-chromium] › tests/e2e/technology-viewer.spec.ts:568:1 › CyberMind descriptions fit all locales and omit source folios (35.4s)
(node:57315) Warning: The 'NO_COLOR' env is ignored due to the 'FORCE_COLOR' env being set.
(Use `node --trace-warnings ...` to show where the warning was created)
  ✘   94 [iphone-17-pro-max-webkit] › tests/e2e/technology-viewer.spec.ts:568:1 › CyberMind descriptions fit all locales and omit source folios (31.3s)
  ✘   89 [desktop-firefox] › tests/e2e/technology-viewer.spec.ts:7:1 › technology artwork keeps its native proportions as Safari chrome changes the visible height (33.2s)
(node:57402) Warning: The 'NO_COLOR' env is ignored due to the 'FORCE_COLOR' env being set.
(Use `node --trace-warnings ...` to show where the warning was created)
  ✓   96 [desktop-chromium] › tests/e2e/technology-viewer.spec.ts:594:1 › pending slide locks navigation and commits only fully loaded selection (2.4s)
  ✘   95 [iphone-17-pro-webkit] › tests/e2e/technology-viewer.spec.ts:568:1 › CyberMind descriptions fit all locales and omit source folios (30.8s)
  ✓   97 [desktop-chromium] › tests/e2e/technology-viewer.spec.ts:615:1 › failed CyberMind warm and selection recover with explicit Retry without skipping the group (2.2s)
(node:57406) Warning: The 'NO_COLOR' env is ignored due to the 'FORCE_COLOR' env being set.
(Use `node --trace-warnings ...` to show where the warning was created)
(node:57408) Warning: The 'NO_COLOR' env is ignored due to the 'FORCE_COLOR' env being set.
(Use `node --trace-warnings ...` to show where the warning was created)
  ✘   83 [desktop-firefox] › tests/e2e/media-loading.spec.ts:9:1 › without JavaScript the native page artwork, text and FAQ remain usable (35.4s)
  ✓   99 [desktop-chromium] › tests/e2e/technology-viewer.spec.ts:631:1 › pending group blocks gestures and repeated keys while close remains available (1.6s)
(node:57443) Warning: The 'NO_COLOR' env is ignored due to the 'FORCE_COLOR' env being set.
(Use `node --trace-warnings ...` to show where the warning was created)
  ✓  100 [desktop-firefox] › tests/e2e/technology-viewer.spec.ts:50:1 › technology PNGs preserve every original pixel outside the title mask (3.2s)
  ✓   98 [iphone-17-pro-max-webkit] › tests/e2e/technology-viewer.spec.ts:594:1 › pending slide locks navigation and commits only fully loaded selection (3.5s)
  ✓  101 [iphone-17-pro-webkit] › tests/e2e/technology-viewer.spec.ts:594:1 › pending slide locks navigation and commits only fully loaded selection (3.1s)
  ✓  104 [iphone-17-pro-max-webkit] › tests/e2e/technology-viewer.spec.ts:615:1 › failed CyberMind warm and selection recover with explicit Retry without skipping the group (2.0s)
  ✓  105 [iphone-17-pro-webkit] › tests/e2e/technology-viewer.spec.ts:615:1 › failed CyberMind warm and selection recover with explicit Retry without skipping the group (2.0s)
  ✓  107 [iphone-17-pro-webkit] › tests/e2e/technology-viewer.spec.ts:631:1 › pending group blocks gestures and repeated keys while close remains available (2.6s)
  ✓  106 [iphone-17-pro-max-webkit] › tests/e2e/technology-viewer.spec.ts:631:1 › pending group blocks gestures and repeated keys while close remains available (2.9s)
  ✓  102 [desktop-firefox] › tests/e2e/media-loading.spec.ts:31:1 › early bootstrap protects held artwork before framework hydration (4.9s)
  ✓  103 [desktop-firefox] › tests/e2e/technology-viewer.spec.ts:87:1 › technology descriptions render all source text in the decoded image coordinates (8.0s)
  ✓  108 [desktop-firefox] › tests/e2e/media-loading.spec.ts:57:1 › initial framework script network failure falls back to native readable content (1.4s)
  ✓  110 [desktop-firefox] › tests/e2e/media-loading.spec.ts:73:3 › initial framework synchronous failure restores native readable content (3.2s)
  ✓  109 [desktop-firefox] › tests/e2e/technology-viewer.spec.ts:118:1 › technology viewer opens from both story controls and pages through clean images (5.2s)
  ✓  111 [desktop-firefox] › tests/e2e/media-loading.spec.ts:73:3 › initial framework rejection failure restores native readable content (1.8s)
  ✓  113 [desktop-firefox] › tests/e2e/media-loading.spec.ts:98:1 › visible artwork remains hidden and page scroll locked until complete decode (2.0s)
  ✓  112 [desktop-firefox] › tests/e2e/technology-viewer.spec.ts:212:1 › technology viewer supports touch pointers, Escape and Arabic framing (3.2s)
  ✓  115 [desktop-firefox] › tests/e2e/technology-viewer.spec.ts:262:1 › previous artwork stays visible while the next slide loads (1.5s)
  ✓  116 [desktop-firefox] › tests/e2e/technology-viewer.spec.ts:285:1 › failed warm-up and failed selection retry the same image (1.6s)
  ✓  117 [desktop-firefox] › tests/e2e/technology-viewer.spec.ts:310:1 › all six photos warm after load without blocking the main page (1.1s)
  ✓  114 [desktop-firefox] › tests/e2e/media-loading.spec.ts:123:1 › pending next block retains ready pixels, stops downward scroll and allows upward scroll (4.7s)
  ✓  118 [desktop-firefox] › tests/e2e/technology-viewer.spec.ts:335:1 › incomplete hero protects the main view before technology can be opened (1.8s)
  ✓  119 [desktop-firefox] › tests/e2e/media-loading.spec.ts:164:1 › remaining landing artwork warms asynchronously after first block decode without scrolling (2.1s)
  ✓  120 [desktop-firefox] › tests/e2e/technology-viewer.spec.ts:351:1 › six photos warm at low priority; retained decoded images are reused offline across groups (1.5s)
  ✓  121 [desktop-firefox] › tests/e2e/media-loading.spec.ts:196:1 › failed visible image has an accessible retry and successful recovery (1.2s)
  ✓  122 [desktop-firefox] › tests/e2e/technology-viewer.spec.ts:398:1 › swipe completes when the pointer leaves the artwork (1.2s)
  ✓  123 [desktop-firefox] › tests/e2e/media-loading.spec.ts:217:1 › truncated visible image is never revealed as a partially decoded resource (1.8s)
  ✓  125 [desktop-firefox] › tests/e2e/media-loading.spec.ts:241:1 › page gate suspends behind a native dialog and resumes missing page media after close (1.7s)
  ✓  124 [desktop-firefox] › tests/e2e/technology-viewer.spec.ts:414:1 › technology viewer hides landing paint beneath browser chrome and restores it on close (3.5s)
  ✓  127 [desktop-firefox] › tests/e2e/technology-viewer.spec.ts:457:1 › metal contour reaches mobile side edges and the image stays inside its cutout (1.1s)
  ✓  126 [desktop-firefox] › tests/e2e/media-loading.spec.ts:258:1 › native desktop wheel stops at pending boundary and can reverse upward (2.2s)
  -  129 [desktop-firefox] › tests/e2e/media-loading.spec.ts:281:1 › native mobile touch cannot cross missing block and can reverse while it is pending
  ✓  128 [desktop-firefox] › tests/e2e/technology-viewer.spec.ts:487:1 › CyberMind PNGs retain native RGB, alpha and resolution outside title glyphs (243ms)
  ✓  130 [desktop-firefox] › tests/e2e/media-loading.spec.ts:312:1 › pending frontier follows viewport resize and expanded FAQ instead of exposing blank artwork (1.3s)
  ✓  131 [desktop-firefox] › tests/e2e/technology-viewer.spec.ts:514:1 › CyberMind uses two interactive slides, a live title and explicit group navigation (2.1s)
  ✓  133 [desktop-firefox] › tests/e2e/technology-viewer.spec.ts:568:1 › CyberMind descriptions fit all locales and omit source folios (8.1s)
  ✓  132 [desktop-firefox] › tests/e2e/media-loading.spec.ts:339:1 › retained loading strip fits all eleven locales including Arabic (9.4s)
  ✓  134 [desktop-firefox] › tests/e2e/technology-viewer.spec.ts:594:1 › pending slide locks navigation and commits only fully loaded selection (752ms)
  ✓  135 [desktop-firefox] › tests/e2e/technology-viewer.spec.ts:615:1 › failed CyberMind warm and selection recover with explicit Retry without skipping the group (677ms)
  ✓  136 [desktop-firefox] › tests/e2e/technology-viewer.spec.ts:631:1 › pending group blocks gestures and repeated keys while close remains available (754ms)


  1) [iphone-17-pro-webkit] › tests/e2e/media-loading.spec.ts:339:1 › retained loading strip fits all eleven locales including Arabic

    Test timeout of 30000ms exceeded.

    Error: expect(locator).not.toHaveAttribute() failed

    Locator:  locator('.page-media-content')
    Expected: not have attribute
    Received: have attribute

    Call log:
      - Expect "not toHaveAttribute" locator('.page-media-content') with timeout 5000ms
      - waiting for locator('.page-media-content')
      -


      349 |     const status = page.locator('.page-media-overlay .media-loading');
      350 |     await expect(status).toBeVisible();
    > 351 |     await expect(page.locator('.page-media-content')).not.toHaveAttribute('inert');
          |                                                           ^
      352 |     expect(await status.evaluate(element => element.scrollWidth <= element.clientWidth && element.getBoundingClientRect().right <= innerWidth)).toBe(true);
      353 |     if (locale === 'ar') {
      354 |       await expect(status).toHaveAttribute('dir', 'rtl');
        at /Users/asmirnou/Projects/g/ramsider/tests/e2e/media-loading.spec.ts:351:59

    attachment #1: screenshot (image/png) ──────────────────────────────────────────────────────────
    test-results/media-loading-retained-loa-b2df3-en-locales-including-Arabic-iphone-17-pro-webkit/test-failed-1.png
    ────────────────────────────────────────────────────────────────────────────────────────────────

    Error Context: test-results/media-loading-retained-loa-b2df3-en-locales-including-Arabic-iphone-17-pro-webkit/error-context.md

  2) [iphone-17-pro-webkit] › tests/e2e/technology-viewer.spec.ts:568:1 › CyberMind descriptions fit all locales and omit source folios

    Test timeout of 30000ms exceeded.

    Error: page.evaluate: Test timeout of 30000ms exceeded.

       at helpers/media.ts:5

      3 | /** Allow scroll/visibility observers to settle, then wait for the actual input gate. */
      4 | export async function waitForVisibleMedia(page: Page) {
    > 5 |   await page.evaluate(() => new Promise<void>(resolve => requestAnimationFrame(() => requestAnimationFrame(() => resolve()))));
        |              ^
      6 |   await expect(page.locator('.page-media-overlay')).toHaveCount(0);
      7 |   await expect(page.locator('.page-media-content')).not.toHaveAttribute('inert', '');
      8 | }
        at waitForVisibleMedia (/Users/asmirnou/Projects/g/ramsider/tests/e2e/helpers/media.ts:5:14)
        at openTechnology (/Users/asmirnou/Projects/g/ramsider/tests/e2e/helpers/technology.ts:7:9)
        at /Users/asmirnou/Projects/g/ramsider/tests/e2e/technology-viewer.spec.ts:571:5

    attachment #1: screenshot (image/png) ──────────────────────────────────────────────────────────
    test-results/technology-viewer-CyberMin-20883-ales-and-omit-source-folios-iphone-17-pro-webkit/test-failed-1.png
    ────────────────────────────────────────────────────────────────────────────────────────────────

    Error Context: test-results/technology-viewer-CyberMin-20883-ales-and-omit-source-folios-iphone-17-pro-webkit/error-context.md

  3) [iphone-17-pro-max-webkit] › tests/e2e/media-loading.spec.ts:339:1 › retained loading strip fits all eleven locales including Arabic

    Test timeout of 30000ms exceeded.

    Error: expect(locator).toBeVisible() failed

    Locator:  locator('.page-media-overlay .media-loading')
    Expected: visible
    Received: undefined

    Call log:
      - Expect "toBeVisible" locator('.page-media-overlay .media-loading') with timeout 5000ms
      - waiting for locator('.page-media-overlay .media-loading')
      -


      348 |     await page.evaluate(() => scrollTo({ top: 100000, behavior: 'instant' }));
      349 |     const status = page.locator('.page-media-overlay .media-loading');
    > 350 |     await expect(status).toBeVisible();
          |                          ^
      351 |     await expect(page.locator('.page-media-content')).not.toHaveAttribute('inert');
      352 |     expect(await status.evaluate(element => element.scrollWidth <= element.clientWidth && element.getBoundingClientRect().right <= innerWidth)).toBe(true);
      353 |     if (locale === 'ar') {
        at /Users/asmirnou/Projects/g/ramsider/tests/e2e/media-loading.spec.ts:350:26

    attachment #1: screenshot (image/png) ──────────────────────────────────────────────────────────
    test-results/media-loading-retained-loa-b2df3-en-locales-including-Arabic-iphone-17-pro-max-webkit/test-failed-1.png
    ────────────────────────────────────────────────────────────────────────────────────────────────

    Error Context: test-results/media-loading-retained-loa-b2df3-en-locales-including-Arabic-iphone-17-pro-max-webkit/error-context.md

  4) [iphone-17-pro-max-webkit] › tests/e2e/technology-viewer.spec.ts:568:1 › CyberMind descriptions fit all locales and omit source folios

    Test timeout of 30000ms exceeded.

    Error: locator.click: Test timeout of 30000ms exceeded.
    Call log:
      - waiting for locator('.technology-viewer__next-group')
        - locator resolved to <button type="button" aria-label="Siguiente tecnología" class="technology-viewer__next-group">…</button>
      - attempting click action
        - waiting for element to be visible, enabled and stable


      570 |     await page.goto(`/${locale}`);
      571 |     await openTechnology(page);
    > 572 |     await page.locator('.technology-viewer__next-group').click();
          |                                                          ^
      573 |     await expect(page.locator('#technology-viewer')).toHaveAttribute('data-group', 'CyberMind');
      574 |     for (let slide = 0; slide < 2; slide++) {
      575 |       await page.locator('.technology-viewer__dots button').nth(slide).click();
        at /Users/asmirnou/Projects/g/ramsider/tests/e2e/technology-viewer.spec.ts:572:58

    attachment #1: screenshot (image/png) ──────────────────────────────────────────────────────────
    test-results/technology-viewer-CyberMin-20883-ales-and-omit-source-folios-iphone-17-pro-max-webkit/test-failed-1.png
    ────────────────────────────────────────────────────────────────────────────────────────────────

    Error Context: test-results/technology-viewer-CyberMin-20883-ales-and-omit-source-folios-iphone-17-pro-max-webkit/error-context.md

  5) [desktop-chromium] › tests/e2e/technology-viewer.spec.ts:568:1 › CyberMind descriptions fit all locales and omit source folios

    Test timeout of 30000ms exceeded.

    Error: locator.click: Test timeout of 30000ms exceeded.
    Call log:
      - waiting for locator('.technology-viewer__dots button').first()


      573 |     await expect(page.locator('#technology-viewer')).toHaveAttribute('data-group', 'CyberMind');
      574 |     for (let slide = 0; slide < 2; slide++) {
    > 575 |       await page.locator('.technology-viewer__dots button').nth(slide).click();
          |                                                                        ^
      576 |       await expect(page.locator('.technology-viewer__descriptions')).toHaveAttribute('data-cybermind-slide', `0${slide + 1}`);
      577 |       await page.evaluate(() => document.fonts.ready);
      578 |       const blocks = await page.locator('.technology-viewer__descriptions .technology-description__box').evaluateAll(elements => elements.map(element => ({
        at /Users/asmirnou/Projects/g/ramsider/tests/e2e/technology-viewer.spec.ts:575:72

    attachment #1: screenshot (image/png) ──────────────────────────────────────────────────────────
    test-results/technology-viewer-CyberMin-20883-ales-and-omit-source-folios-desktop-chromium/test-failed-1.png
    ────────────────────────────────────────────────────────────────────────────────────────────────

    Error Context: test-results/technology-viewer-CyberMin-20883-ales-and-omit-source-folios-desktop-chromium/error-context.md

  6) [desktop-firefox] › tests/e2e/media-loading.spec.ts:9:1 › without JavaScript the native page artwork, text and FAQ remain usable

    Test timeout of 30000ms exceeded.

    Error: expect(locator).toBeVisible() failed

    Locator:  locator('.art > img[data-media]').first()
    Expected: visible
    Received: undefined

    Call log:
      - Expect "toBeVisible" locator('.art > img[data-media]').first() with timeout 5000ms
      - waiting for locator('.art > img[data-media]').first()
      -


      16 |   await expect(page.locator('.page-media-content')).not.toHaveAttribute('inert');
      17 |   await expect(page.locator('.page-media-overlay')).toBeHidden();
    > 18 |   await expect(hero).toBeVisible();
         |                      ^
      19 |   // Firefox's JS-property matcher can stall with page JavaScript disabled;
      20 |   // read the native element through Playwright's isolated evaluation instead.
      21 |   await expect.poll(() => hero.evaluate(image => ({ complete: (image as HTMLImageElement).complete, width: (image as HTMLImageElement).naturalWidth }))).toEqual({ complete: true, width: 941 });
        at /Users/asmirnou/Projects/g/ramsider/tests/e2e/media-loading.spec.ts:18:22

    Error Context: test-results/media-loading-without-Java-b64dc--text-and-FAQ-remain-usable-desktop-firefox/error-context.md

  7) [desktop-firefox] › tests/e2e/technology-viewer.spec.ts:7:1 › technology artwork keeps its native proportions as Safari chrome changes the visible height

    Test timeout of 30000ms exceeded while setting up "page".

    Error Context: test-results/technology-viewer-technolo-f63c9--changes-the-visible-height-desktop-firefox/error-context.md

  7 failed
    [iphone-17-pro-webkit] › tests/e2e/media-loading.spec.ts:339:1 › retained loading strip fits all eleven locales including Arabic
    [iphone-17-pro-webkit] › tests/e2e/technology-viewer.spec.ts:568:1 › CyberMind descriptions fit all locales and omit source folios
    [iphone-17-pro-max-webkit] › tests/e2e/media-loading.spec.ts:339:1 › retained loading strip fits all eleven locales including Arabic
    [iphone-17-pro-max-webkit] › tests/e2e/technology-viewer.spec.ts:568:1 › CyberMind descriptions fit all locales and omit source folios
    [desktop-chromium] › tests/e2e/technology-viewer.spec.ts:568:1 › CyberMind descriptions fit all locales and omit source folios
    [desktop-firefox] › tests/e2e/media-loading.spec.ts:9:1 › without JavaScript the native page artwork, text and FAQ remain usable
    [desktop-firefox] › tests/e2e/technology-viewer.spec.ts:7:1 › technology artwork keeps its native proportions as Safari chrome changes the visible height
  5 skipped
  124 passed (3.1m)
