
Running 20 tests using 4 workers

(node:56658) Warning: The 'NO_COLOR' env is ignored due to the 'FORCE_COLOR' env being set.
(Use `node --trace-warnings ...` to show where the warning was created)
(node:56660) Warning: The 'NO_COLOR' env is ignored due to the 'FORCE_COLOR' env being set.
(Use `node --trace-warnings ...` to show where the warning was created)
(node:56659) Warning: The 'NO_COLOR' env is ignored due to the 'FORCE_COLOR' env being set.
(Use `node --trace-warnings ...` to show where the warning was created)
(node:56664) Warning: The 'NO_COLOR' env is ignored due to the 'FORCE_COLOR' env being set.
(Use `node --trace-warnings ...` to show where the warning was created)
  ✘   1 [iphone-17-pro-max-webkit] › tests/e2e/site.spec.ts:7:1 › responsive viewport, artwork, and primary actions (5.2s)
(node:56930) Warning: The 'NO_COLOR' env is ignored due to the 'FORCE_COLOR' env being set.
(Use `node --trace-warnings ...` to show where the warning was created)
  ✘   3 [iphone-17-pro-webkit] › tests/e2e/site.spec.ts:7:1 › responsive viewport, artwork, and primary actions (15.1s)
  ✓   5 [iphone-17-pro-max-webkit] › tests/e2e/site.spec.ts:108:1 › back-to-top appears on scroll, stays in the viewport, and restores top and focus (6.3s)
(node:57005) Warning: The 'NO_COLOR' env is ignored due to the 'FORCE_COLOR' env being set.
(Use `node --trace-warnings ...` to show where the warning was created)
  ✓   7 [iphone-17-pro-webkit] › tests/e2e/site.spec.ts:108:1 › back-to-top appears on scroll, stays in the viewport, and restores top and focus (3.7s)
  ✘   2 [desktop-chromium] › tests/e2e/site.spec.ts:7:1 › responsive viewport, artwork, and primary actions (33.0s)
  ✓   6 [iphone-17-pro-max-webkit] › tests/e2e/site.spec.ts:251:1 › mapped exploration dialogs contain focus and restore their triggers (10.5s)
(node:57114) Warning: The 'NO_COLOR' env is ignored due to the 'FORCE_COLOR' env being set.
(Use `node --trace-warnings ...` to show where the warning was created)
  ✘   9 [iphone-17-pro-max-webkit] › tests/e2e/site.spec.ts:306:1 › FAQ icons are independent and answers expand the page without an inner scroller (3.7s)
  ✓   8 [iphone-17-pro-webkit] › tests/e2e/site.spec.ts:251:1 › mapped exploration dialogs contain focus and restore their triggers (9.4s)
(node:57172) Warning: The 'NO_COLOR' env is ignored due to the 'FORCE_COLOR' env being set.
(Use `node --trace-warnings ...` to show where the warning was created)
  ✘  10 [iphone-17-pro-webkit] › tests/e2e/site.spec.ts:306:1 › FAQ icons are independent and answers expand the page without an inner scroller (4.7s)
  ✓  11 [desktop-chromium] › tests/e2e/site.spec.ts:108:1 › back-to-top appears on scroll, stays in the viewport, and restores top and focus (2.8s)
(node:57219) Warning: The 'NO_COLOR' env is ignored due to the 'FORCE_COLOR' env being set.
(Use `node --trace-warnings ...` to show where the warning was created)
  ✓  12 [desktop-chromium] › tests/e2e/site.spec.ts:251:1 › mapped exploration dialogs contain focus and restore their triggers (20.6s)
  ✘  15 [desktop-chromium] › tests/e2e/site.spec.ts:306:1 › FAQ icons are independent and answers expand the page without an inner scroller (11.2s)
  ✘   4 [desktop-firefox] › tests/e2e/site.spec.ts:7:1 › responsive viewport, artwork, and primary actions (44.2s)
(node:57424) Warning: The 'NO_COLOR' env is ignored due to the 'FORCE_COLOR' env being set.
(Use `node --trace-warnings ...` to show where the warning was created)
(node:57430) Warning: The 'NO_COLOR' env is ignored due to the 'FORCE_COLOR' env being set.
(Use `node --trace-warnings ...` to show where the warning was created)
  ✘  13 [iphone-17-pro-max-webkit] › tests/e2e/site.spec.ts:369:3 › FAQ pointer-wheel input › FAQ always scrolls the document in closed and multi-open states (31.0s)
  ✓  14 [iphone-17-pro-webkit] › tests/e2e/site.spec.ts:369:3 › FAQ pointer-wheel input › FAQ always scrolls the document in closed and multi-open states (20.1s)
  ✓  17 [desktop-firefox] › tests/e2e/site.spec.ts:108:1 › back-to-top appears on scroll, stays in the viewport, and restores top and focus (5.8s)
  ✘  16 [desktop-chromium] › tests/e2e/site.spec.ts:369:3 › FAQ pointer-wheel input › FAQ always scrolls the document in closed and multi-open states (15.4s)
  ✓  18 [desktop-firefox] › tests/e2e/site.spec.ts:251:1 › mapped exploration dialogs contain focus and restore their triggers (5.7s)
  ✘  19 [desktop-firefox] › tests/e2e/site.spec.ts:306:1 › FAQ icons are independent and answers expand the page without an inner scroller (2.6s)
(node:57649) Warning: The 'NO_COLOR' env is ignored due to the 'FORCE_COLOR' env being set.
(Use `node --trace-warnings ...` to show where the warning was created)
  ✓  20 [desktop-firefox] › tests/e2e/site.spec.ts:369:3 › FAQ pointer-wheel input › FAQ always scrolls the document in closed and multi-open states (15.4s)


  1) [iphone-17-pro-webkit] › tests/e2e/site.spec.ts:7:1 › responsive viewport, artwork, and primary actions

    Error: expect(received).toEqual(expected) // deep equality

    Expected: ArrayContaining ["/art/00.webp", "/art/01.webp", "/art/02.webp", "/art/03.webp", "/art/04.webp", "/art/05.webp", "/art/06.webp", "/art/07.webp", "/art/08.webp", "/art/09-10.webp", …]
    Received: ["/art/00.webp", "/art/01.webp", "/art/02.webp", "/art/03.webp", "/art/04.webp", "/art/05.webp", "/art/expression-waves.png", "/art/06.webp", "/art/07.webp", "/art/08.webp", …]

      49 |   // Closed FAQ slices share the same source as the visible row: verify the
      50 |   // complete set of visited source artwork without waiting for hidden elements.
    > 51 |   expect([...visited]).toEqual(expect.arrayContaining(artwork));
         |                        ^
      52 |   await page.evaluate(() => scrollTo({ top: 0, behavior: 'instant' }));
      53 |   await settleVisibleMedia();
      54 |   const profile = testInfo.project.name;
        at /Users/asmirnou/Projects/g/ramsider/tests/e2e/site.spec.ts:51:24

    attachment #1: screenshot (image/png) ──────────────────────────────────────────────────────────
    test-results/site-responsive-viewport-artwork-and-primary-actions-iphone-17-pro-webkit/test-failed-1.png
    ────────────────────────────────────────────────────────────────────────────────────────────────

    Error Context: test-results/site-responsive-viewport-artwork-and-primary-actions-iphone-17-pro-webkit/error-context.md

  2) [iphone-17-pro-webkit] › tests/e2e/site.spec.ts:306:1 › FAQ icons are independent and answers expand the page without an inner scroller

    Error: expect(received).toBeCloseTo(expected, precision)

    Expected: 0
    Received: 12851

    Expected precision:    -0.5
    Expected difference: < 1.5811388300841898
    Received difference:   12851

      331 |       expect(current.scrollRange).toBeLessThanOrEqual(1);
      332 |       const growth = current.height - initial.height;
    > 333 |       expect(current.documentHeight - initial.documentHeight).toBeCloseTo(growth, -0.5);
          |                                                               ^
      334 |       for (let i = 0; i < current.after.length; i++) expect(current.after[i] - initial.after[i]).toBeCloseTo(growth, 0);
      335 |       expect(await page.evaluate(() => document.documentElement.scrollWidth <= innerWidth)).toBe(true);
      336 |       expect(await stack.evaluate(element => element.getBoundingClientRect().bottom < document.querySelector('#account-personal')!.getBoundingClientRect().top)).toBe(true);
        at checkIcons (/Users/asmirnou/Projects/g/ramsider/tests/e2e/site.spec.ts:333:63)
        at /Users/asmirnou/Projects/g/ramsider/tests/e2e/site.spec.ts:338:5

    attachment #1: screenshot (image/png) ──────────────────────────────────────────────────────────
    test-results/site-FAQ-icons-are-indepen-e8614-e-without-an-inner-scroller-iphone-17-pro-webkit/test-failed-1.png
    ────────────────────────────────────────────────────────────────────────────────────────────────

    Error Context: test-results/site-FAQ-icons-are-indepen-e8614-e-without-an-inner-scroller-iphone-17-pro-webkit/error-context.md

  3) [iphone-17-pro-max-webkit] › tests/e2e/site.spec.ts:7:1 › responsive viewport, artwork, and primary actions

    Error: expect(received).toEqual(expected) // deep equality

    Expected: ArrayContaining ["/art/00.webp", "/art/01.webp", "/art/02.webp", "/art/03.webp", "/art/04.webp", "/art/05.webp", "/art/06.webp", "/art/07.webp", "/art/08.webp", "/art/09-10.webp", …]
    Received: ["/art/00.webp", "/art/01.webp"]

      49 |   // Closed FAQ slices share the same source as the visible row: verify the
      50 |   // complete set of visited source artwork without waiting for hidden elements.
    > 51 |   expect([...visited]).toEqual(expect.arrayContaining(artwork));
         |                        ^
      52 |   await page.evaluate(() => scrollTo({ top: 0, behavior: 'instant' }));
      53 |   await settleVisibleMedia();
      54 |   const profile = testInfo.project.name;
        at /Users/asmirnou/Projects/g/ramsider/tests/e2e/site.spec.ts:51:24

    attachment #1: screenshot (image/png) ──────────────────────────────────────────────────────────
    test-results/site-responsive-viewport-artwork-and-primary-actions-iphone-17-pro-max-webkit/test-failed-1.png
    ────────────────────────────────────────────────────────────────────────────────────────────────

    Error Context: test-results/site-responsive-viewport-artwork-and-primary-actions-iphone-17-pro-max-webkit/error-context.md

  4) [iphone-17-pro-max-webkit] › tests/e2e/site.spec.ts:306:1 › FAQ icons are independent and answers expand the page without an inner scroller

    Error: expect(received).toBeCloseTo(expected, precision)

    Expected: 0
    Received: 13714

    Expected precision:    -0.5
    Expected difference: < 1.5811388300841898
    Received difference:   13714

      331 |       expect(current.scrollRange).toBeLessThanOrEqual(1);
      332 |       const growth = current.height - initial.height;
    > 333 |       expect(current.documentHeight - initial.documentHeight).toBeCloseTo(growth, -0.5);
          |                                                               ^
      334 |       for (let i = 0; i < current.after.length; i++) expect(current.after[i] - initial.after[i]).toBeCloseTo(growth, 0);
      335 |       expect(await page.evaluate(() => document.documentElement.scrollWidth <= innerWidth)).toBe(true);
      336 |       expect(await stack.evaluate(element => element.getBoundingClientRect().bottom < document.querySelector('#account-personal')!.getBoundingClientRect().top)).toBe(true);
        at checkIcons (/Users/asmirnou/Projects/g/ramsider/tests/e2e/site.spec.ts:333:63)
        at /Users/asmirnou/Projects/g/ramsider/tests/e2e/site.spec.ts:338:5

    attachment #1: screenshot (image/png) ──────────────────────────────────────────────────────────
    test-results/site-FAQ-icons-are-indepen-e8614-e-without-an-inner-scroller-iphone-17-pro-max-webkit/test-failed-1.png
    ────────────────────────────────────────────────────────────────────────────────────────────────

    Error Context: test-results/site-FAQ-icons-are-indepen-e8614-e-without-an-inner-scroller-iphone-17-pro-max-webkit/error-context.md

  5) [iphone-17-pro-max-webkit] › tests/e2e/site.spec.ts:369:3 › FAQ pointer-wheel input › FAQ always scrolls the document in closed and multi-open states

    Error: expect(received).toBeGreaterThan(expected)

    Expected: > 20
    Received:   -0

    Call Log:
    - Test timeout of 30000ms exceeded

      389 |           const before = await page.evaluate(() => scrollY);
      390 |           await page.mouse.wheel(0, delta);
    > 391 |           await expect.poll(async () => ((await page.evaluate(() => scrollY)) - before) * Math.sign(delta)).toBeGreaterThan(20);
          |                                                                                                             ^
      392 |           expect(await stack.evaluate(element => element.scrollTop)).toBe(0);
      393 |         }
      394 |       }
        at /Users/asmirnou/Projects/g/ramsider/tests/e2e/site.spec.ts:391:109

    attachment #1: screenshot (image/png) ──────────────────────────────────────────────────────────
    test-results/site-FAQ-pointer-wheel-inp-0d728-losed-and-multi-open-states-iphone-17-pro-max-webkit/test-failed-1.png
    ────────────────────────────────────────────────────────────────────────────────────────────────

    Error Context: test-results/site-FAQ-pointer-wheel-inp-0d728-losed-and-multi-open-states-iphone-17-pro-max-webkit/error-context.md

  6) [desktop-chromium] › tests/e2e/site.spec.ts:7:1 › responsive viewport, artwork, and primary actions

    Test timeout of 30000ms exceeded.

    Error: locator.click: Target page, context or browser has been closed

      64 |   await page.screenshot({ path: `screenshots/actual/full-${profile}.png`, fullPage: true, scale: 'css' });
      65 |
    > 66 |   await page.getByRole('button', { name: /reserve now/i }).click();
         |                                                            ^
      67 |   await expect(page.getByText('The configurator, current prices')).toBeVisible();
      68 |   await page.getByRole('button', { name: 'Close' }).click();
      69 |   await page.locator('.menu summary').click();
        at /Users/asmirnou/Projects/g/ramsider/tests/e2e/site.spec.ts:66:60

    attachment #1: screenshot (image/png) ──────────────────────────────────────────────────────────
    test-results/site-responsive-viewport-artwork-and-primary-actions-desktop-chromium/test-failed-1.png
    ────────────────────────────────────────────────────────────────────────────────────────────────

    Error Context: test-results/site-responsive-viewport-artwork-and-primary-actions-desktop-chromium/error-context.md

  7) [desktop-chromium] › tests/e2e/site.spec.ts:306:1 › FAQ icons are independent and answers expand the page without an inner scroller

    Error: expect(received).toBeCloseTo(expected, precision)

    Expected: 0
    Received: 31227

    Expected precision:    -0.5
    Expected difference: < 1.5811388300841898
    Received difference:   31227

      331 |       expect(current.scrollRange).toBeLessThanOrEqual(1);
      332 |       const growth = current.height - initial.height;
    > 333 |       expect(current.documentHeight - initial.documentHeight).toBeCloseTo(growth, -0.5);
          |                                                               ^
      334 |       for (let i = 0; i < current.after.length; i++) expect(current.after[i] - initial.after[i]).toBeCloseTo(growth, 0);
      335 |       expect(await page.evaluate(() => document.documentElement.scrollWidth <= innerWidth)).toBe(true);
      336 |       expect(await stack.evaluate(element => element.getBoundingClientRect().bottom < document.querySelector('#account-personal')!.getBoundingClientRect().top)).toBe(true);
        at checkIcons (/Users/asmirnou/Projects/g/ramsider/tests/e2e/site.spec.ts:333:63)
        at /Users/asmirnou/Projects/g/ramsider/tests/e2e/site.spec.ts:338:5

    attachment #1: screenshot (image/png) ──────────────────────────────────────────────────────────
    test-results/site-FAQ-icons-are-indepen-e8614-e-without-an-inner-scroller-desktop-chromium/test-failed-1.png
    ────────────────────────────────────────────────────────────────────────────────────────────────

    Error Context: test-results/site-FAQ-icons-are-indepen-e8614-e-without-an-inner-scroller-desktop-chromium/error-context.md

  8) [desktop-chromium] › tests/e2e/site.spec.ts:369:3 › FAQ pointer-wheel input › FAQ always scrolls the document in closed and multi-open states

    Error: expect(received).toBeGreaterThan(expected)

    Expected: > 20
    Received:   -0

    Call Log:
    - Timeout 5000ms exceeded while waiting on the predicate

      389 |           const before = await page.evaluate(() => scrollY);
      390 |           await page.mouse.wheel(0, delta);
    > 391 |           await expect.poll(async () => ((await page.evaluate(() => scrollY)) - before) * Math.sign(delta)).toBeGreaterThan(20);
          |                                                                                                             ^
      392 |           expect(await stack.evaluate(element => element.scrollTop)).toBe(0);
      393 |         }
      394 |       }
        at /Users/asmirnou/Projects/g/ramsider/tests/e2e/site.spec.ts:391:109

    attachment #1: screenshot (image/png) ──────────────────────────────────────────────────────────
    test-results/site-FAQ-pointer-wheel-inp-0d728-losed-and-multi-open-states-desktop-chromium/test-failed-1.png
    ────────────────────────────────────────────────────────────────────────────────────────────────

    Error Context: test-results/site-FAQ-pointer-wheel-inp-0d728-losed-and-multi-open-states-desktop-chromium/error-context.md

  9) [desktop-firefox] › tests/e2e/site.spec.ts:7:1 › responsive viewport, artwork, and primary actions

    Test timeout of 30000ms exceeded.

    Error: page.goto: Test timeout of 30000ms exceeded.
    Call log:
      - navigating to "http://127.0.0.1:3022/en", waiting until "load"


       8 |   const errors: string[] = [];
       9 |   page.on('pageerror', error => errors.push(error.message));
    > 10 |   await page.goto('/en');
         |              ^
      11 |   await page.locator('.art img').first().waitFor({ state: 'visible' });
      12 |   await page.evaluate(() => document.fonts.ready);
      13 |   const visited = new Set<string>();
        at /Users/asmirnou/Projects/g/ramsider/tests/e2e/site.spec.ts:10:14

    Error Context: test-results/site-responsive-viewport-artwork-and-primary-actions-desktop-firefox/error-context.md

  10) [desktop-firefox] › tests/e2e/site.spec.ts:306:1 › FAQ icons are independent and answers expand the page without an inner scroller

    Error: expect(received).toBeCloseTo(expected, precision)

    Expected: 0
    Received: 29329

    Expected precision:    -0.5
    Expected difference: < 1.5811388300841898
    Received difference:   29329

      331 |       expect(current.scrollRange).toBeLessThanOrEqual(1);
      332 |       const growth = current.height - initial.height;
    > 333 |       expect(current.documentHeight - initial.documentHeight).toBeCloseTo(growth, -0.5);
          |                                                               ^
      334 |       for (let i = 0; i < current.after.length; i++) expect(current.after[i] - initial.after[i]).toBeCloseTo(growth, 0);
      335 |       expect(await page.evaluate(() => document.documentElement.scrollWidth <= innerWidth)).toBe(true);
      336 |       expect(await stack.evaluate(element => element.getBoundingClientRect().bottom < document.querySelector('#account-personal')!.getBoundingClientRect().top)).toBe(true);
        at checkIcons (/Users/asmirnou/Projects/g/ramsider/tests/e2e/site.spec.ts:333:63)
        at /Users/asmirnou/Projects/g/ramsider/tests/e2e/site.spec.ts:338:5

    attachment #1: screenshot (image/png) ──────────────────────────────────────────────────────────
    test-results/site-FAQ-icons-are-indepen-e8614-e-without-an-inner-scroller-desktop-firefox/test-failed-1.png
    ────────────────────────────────────────────────────────────────────────────────────────────────

    Error Context: test-results/site-FAQ-icons-are-indepen-e8614-e-without-an-inner-scroller-desktop-firefox/error-context.md

  10 failed
    [iphone-17-pro-webkit] › tests/e2e/site.spec.ts:7:1 › responsive viewport, artwork, and primary actions
    [iphone-17-pro-webkit] › tests/e2e/site.spec.ts:306:1 › FAQ icons are independent and answers expand the page without an inner scroller
    [iphone-17-pro-max-webkit] › tests/e2e/site.spec.ts:7:1 › responsive viewport, artwork, and primary actions
    [iphone-17-pro-max-webkit] › tests/e2e/site.spec.ts:306:1 › FAQ icons are independent and answers expand the page without an inner scroller
    [iphone-17-pro-max-webkit] › tests/e2e/site.spec.ts:369:3 › FAQ pointer-wheel input › FAQ always scrolls the document in closed and multi-open states
    [desktop-chromium] › tests/e2e/site.spec.ts:7:1 › responsive viewport, artwork, and primary actions
    [desktop-chromium] › tests/e2e/site.spec.ts:306:1 › FAQ icons are independent and answers expand the page without an inner scroller
    [desktop-chromium] › tests/e2e/site.spec.ts:369:3 › FAQ pointer-wheel input › FAQ always scrolls the document in closed and multi-open states
    [desktop-firefox] › tests/e2e/site.spec.ts:7:1 › responsive viewport, artwork, and primary actions
    [desktop-firefox] › tests/e2e/site.spec.ts:306:1 › FAQ icons are independent and answers expand the page without an inner scroller
  10 passed (2.2m)
