
Running 4 tests using 2 workers

(node:72077) Warning: The 'NO_COLOR' env is ignored due to the 'FORCE_COLOR' env being set.
(Use `node --trace-warnings ...` to show where the warning was created)
(node:72076) Warning: The 'NO_COLOR' env is ignored due to the 'FORCE_COLOR' env being set.
(Use `node --trace-warnings ...` to show where the warning was created)
  ✘  1 [iphone-17-pro-max-webkit] › tests/e2e/media-loading.spec.ts:123:1 › pending next block retains ready pixels, stops downward scroll and allows upward scroll (2.1s)
  ✘  2 [iphone-17-pro-webkit] › tests/e2e/media-loading.spec.ts:123:1 › pending next block retains ready pixels, stops downward scroll and allows upward scroll (2.2s)
(node:72113) Warning: The 'NO_COLOR' env is ignored due to the 'FORCE_COLOR' env being set.
(Use `node --trace-warnings ...` to show where the warning was created)
(node:72114) Warning: The 'NO_COLOR' env is ignored due to the 'FORCE_COLOR' env being set.
(Use `node --trace-warnings ...` to show where the warning was created)
  ✘  3 [desktop-chromium] › tests/e2e/media-loading.spec.ts:123:1 › pending next block retains ready pixels, stops downward scroll and allows upward scroll (1.9s)
  ✘  4 [desktop-firefox] › tests/e2e/media-loading.spec.ts:123:1 › pending next block retains ready pixels, stops downward scroll and allows upward scroll (4.2s)


  1) [iphone-17-pro-webkit] › tests/e2e/media-loading.spec.ts:123:1 › pending next block retains ready pixels, stops downward scroll and allows upward scroll

    Error: expect(received).toBe(expected) // Object.is equality

    Expected: true
    Received: false

      138 |   await expect(page.locator('body')).not.toHaveCSS('overflow', 'hidden');
      139 |   const clipped = page.locator('[data-technology-open]').first();
    > 140 |   expect(await clipped.evaluate(element => (element as HTMLElement).inert)).toBe(true);
          |                                                                             ^
      141 |   expect(await clipped.evaluate(element => { (element as HTMLElement).focus({ preventScroll: true }); return document.activeElement === element; })).toBe(false);
      142 |   const scroll = await page.evaluate(() => scrollY);
      143 |   await page.keyboard.press('End');
        at /Users/asmirnou/Projects/g/ramsider/tests/e2e/media-loading.spec.ts:140:77

    attachment #1: screenshot (image/png) ──────────────────────────────────────────────────────────
    test-results/media-loading-pending-next-a0c8e-ll-and-allows-upward-scroll-iphone-17-pro-webkit/test-failed-1.png
    ────────────────────────────────────────────────────────────────────────────────────────────────

    Error Context: test-results/media-loading-pending-next-a0c8e-ll-and-allows-upward-scroll-iphone-17-pro-webkit/error-context.md

  2) [iphone-17-pro-max-webkit] › tests/e2e/media-loading.spec.ts:123:1 › pending next block retains ready pixels, stops downward scroll and allows upward scroll

    Error: expect(received).toBe(expected) // Object.is equality

    Expected: true
    Received: false

      138 |   await expect(page.locator('body')).not.toHaveCSS('overflow', 'hidden');
      139 |   const clipped = page.locator('[data-technology-open]').first();
    > 140 |   expect(await clipped.evaluate(element => (element as HTMLElement).inert)).toBe(true);
          |                                                                             ^
      141 |   expect(await clipped.evaluate(element => { (element as HTMLElement).focus({ preventScroll: true }); return document.activeElement === element; })).toBe(false);
      142 |   const scroll = await page.evaluate(() => scrollY);
      143 |   await page.keyboard.press('End');
        at /Users/asmirnou/Projects/g/ramsider/tests/e2e/media-loading.spec.ts:140:77

    attachment #1: screenshot (image/png) ──────────────────────────────────────────────────────────
    test-results/media-loading-pending-next-a0c8e-ll-and-allows-upward-scroll-iphone-17-pro-max-webkit/test-failed-1.png
    ────────────────────────────────────────────────────────────────────────────────────────────────

    Error Context: test-results/media-loading-pending-next-a0c8e-ll-and-allows-upward-scroll-iphone-17-pro-max-webkit/error-context.md

  3) [desktop-chromium] › tests/e2e/media-loading.spec.ts:123:1 › pending next block retains ready pixels, stops downward scroll and allows upward scroll

    Error: expect(received).toBe(expected) // Object.is equality

    Expected: true
    Received: false

      138 |   await expect(page.locator('body')).not.toHaveCSS('overflow', 'hidden');
      139 |   const clipped = page.locator('[data-technology-open]').first();
    > 140 |   expect(await clipped.evaluate(element => (element as HTMLElement).inert)).toBe(true);
          |                                                                             ^
      141 |   expect(await clipped.evaluate(element => { (element as HTMLElement).focus({ preventScroll: true }); return document.activeElement === element; })).toBe(false);
      142 |   const scroll = await page.evaluate(() => scrollY);
      143 |   await page.keyboard.press('End');
        at /Users/asmirnou/Projects/g/ramsider/tests/e2e/media-loading.spec.ts:140:77

    attachment #1: screenshot (image/png) ──────────────────────────────────────────────────────────
    test-results/media-loading-pending-next-a0c8e-ll-and-allows-upward-scroll-desktop-chromium/test-failed-1.png
    ────────────────────────────────────────────────────────────────────────────────────────────────

    Error Context: test-results/media-loading-pending-next-a0c8e-ll-and-allows-upward-scroll-desktop-chromium/error-context.md

  4) [desktop-firefox] › tests/e2e/media-loading.spec.ts:123:1 › pending next block retains ready pixels, stops downward scroll and allows upward scroll

    Error: expect(received).toBe(expected) // Object.is equality

    Expected: true
    Received: false

      138 |   await expect(page.locator('body')).not.toHaveCSS('overflow', 'hidden');
      139 |   const clipped = page.locator('[data-technology-open]').first();
    > 140 |   expect(await clipped.evaluate(element => (element as HTMLElement).inert)).toBe(true);
          |                                                                             ^
      141 |   expect(await clipped.evaluate(element => { (element as HTMLElement).focus({ preventScroll: true }); return document.activeElement === element; })).toBe(false);
      142 |   const scroll = await page.evaluate(() => scrollY);
      143 |   await page.keyboard.press('End');
        at /Users/asmirnou/Projects/g/ramsider/tests/e2e/media-loading.spec.ts:140:77

    attachment #1: screenshot (image/png) ──────────────────────────────────────────────────────────
    test-results/media-loading-pending-next-a0c8e-ll-and-allows-upward-scroll-desktop-firefox/test-failed-1.png
    ────────────────────────────────────────────────────────────────────────────────────────────────

    Error Context: test-results/media-loading-pending-next-a0c8e-ll-and-allows-upward-scroll-desktop-firefox/error-context.md

  4 failed
    [iphone-17-pro-webkit] › tests/e2e/media-loading.spec.ts:123:1 › pending next block retains ready pixels, stops downward scroll and allows upward scroll
    [iphone-17-pro-max-webkit] › tests/e2e/media-loading.spec.ts:123:1 › pending next block retains ready pixels, stops downward scroll and allows upward scroll
    [desktop-chromium] › tests/e2e/media-loading.spec.ts:123:1 › pending next block retains ready pixels, stops downward scroll and allows upward scroll
    [desktop-firefox] › tests/e2e/media-loading.spec.ts:123:1 › pending next block retains ready pixels, stops downward scroll and allows upward scroll
