
Running 28 tests using 2 workers

(node:58628) Warning: The 'NO_COLOR' env is ignored due to the 'FORCE_COLOR' env being set.
(Use `node --trace-warnings ...` to show where the warning was created)
(node:58629) Warning: The 'NO_COLOR' env is ignored due to the 'FORCE_COLOR' env being set.
(Use `node --trace-warnings ...` to show where the warning was created)
  ✓   1 [iphone-17-pro-webkit] › tests/e2e/media-loading.spec.ts:9:1 › without JavaScript the native page artwork, text and FAQ remain usable (2.3s)
  ✓   3 [iphone-17-pro-webkit] › tests/e2e/media-loading.spec.ts:312:1 › pending frontier follows viewport resize and expanded FAQ instead of exposing blank artwork (1.6s)
  ✓   2 [iphone-17-pro-webkit] › tests/e2e/site.spec.ts:7:1 › responsive viewport, artwork, and primary actions (5.7s)
  ✓   5 [iphone-17-pro-webkit] › tests/e2e/site.spec.ts:311:1 › FAQ icons are independent and answers expand the page without an inner scroller (3.2s)
  ✓   4 [iphone-17-pro-webkit] › tests/e2e/media-loading.spec.ts:339:1 › retained loading strip fits all eleven locales including Arabic (7.4s)
  ✓   6 [iphone-17-pro-webkit] › tests/e2e/site.spec.ts:376:3 › FAQ pointer-wheel input › FAQ always scrolls the document in closed and multi-open states (6.8s)
(node:58707) Warning: The 'NO_COLOR' env is ignored due to the 'FORCE_COLOR' env being set.
(Use `node --trace-warnings ...` to show where the warning was created)
  ✓   7 [iphone-17-pro-webkit] › tests/e2e/technology-viewer.spec.ts:568:1 › CyberMind descriptions fit all locales and omit source folios (5.7s)
(node:58719) Warning: The 'NO_COLOR' env is ignored due to the 'FORCE_COLOR' env being set.
(Use `node --trace-warnings ...` to show where the warning was created)
  ✓   8 [iphone-17-pro-max-webkit] › tests/e2e/media-loading.spec.ts:9:1 › without JavaScript the native page artwork, text and FAQ remain usable (920ms)
  ✓  10 [iphone-17-pro-max-webkit] › tests/e2e/media-loading.spec.ts:312:1 › pending frontier follows viewport resize and expanded FAQ instead of exposing blank artwork (2.0s)
  ✓   9 [iphone-17-pro-max-webkit] › tests/e2e/site.spec.ts:7:1 › responsive viewport, artwork, and primary actions (4.7s)
  ✓  12 [iphone-17-pro-max-webkit] › tests/e2e/site.spec.ts:311:1 › FAQ icons are independent and answers expand the page without an inner scroller (5.0s)
  ✓  11 [iphone-17-pro-max-webkit] › tests/e2e/media-loading.spec.ts:339:1 › retained loading strip fits all eleven locales including Arabic (8.1s)
  ✓  14 [iphone-17-pro-max-webkit] › tests/e2e/technology-viewer.spec.ts:568:1 › CyberMind descriptions fit all locales and omit source folios (5.6s)
(node:58877) Warning: The 'NO_COLOR' env is ignored due to the 'FORCE_COLOR' env being set.
(Use `node --trace-warnings ...` to show where the warning was created)
  ✓  13 [iphone-17-pro-max-webkit] › tests/e2e/site.spec.ts:376:3 › FAQ pointer-wheel input › FAQ always scrolls the document in closed and multi-open states (7.1s)
(node:58882) Warning: The 'NO_COLOR' env is ignored due to the 'FORCE_COLOR' env being set.
(Use `node --trace-warnings ...` to show where the warning was created)
  ✓  15 [desktop-chromium] › tests/e2e/media-loading.spec.ts:9:1 › without JavaScript the native page artwork, text and FAQ remain usable (1.1s)
  ✓  17 [desktop-chromium] › tests/e2e/media-loading.spec.ts:312:1 › pending frontier follows viewport resize and expanded FAQ instead of exposing blank artwork (2.2s)
  ✓  16 [desktop-chromium] › tests/e2e/site.spec.ts:7:1 › responsive viewport, artwork, and primary actions (10.7s)
  ✓  18 [desktop-chromium] › tests/e2e/media-loading.spec.ts:339:1 › retained loading strip fits all eleven locales including Arabic (9.3s)
  ✓  19 [desktop-chromium] › tests/e2e/site.spec.ts:311:1 › FAQ icons are independent and answers expand the page without an inner scroller (3.6s)
  ✓  20 [desktop-chromium] › tests/e2e/technology-viewer.spec.ts:568:1 › CyberMind descriptions fit all locales and omit source folios (13.6s)
(node:59302) Warning: The 'NO_COLOR' env is ignored due to the 'FORCE_COLOR' env being set.
(Use `node --trace-warnings ...` to show where the warning was created)
  ✓  21 [desktop-chromium] › tests/e2e/site.spec.ts:376:3 › FAQ pointer-wheel input › FAQ always scrolls the document in closed and multi-open states (11.8s)
(node:59307) Warning: The 'NO_COLOR' env is ignored due to the 'FORCE_COLOR' env being set.
(Use `node --trace-warnings ...` to show where the warning was created)
  ✓  22 [desktop-firefox] › tests/e2e/media-loading.spec.ts:9:1 › without JavaScript the native page artwork, text and FAQ remain usable (3.1s)
  ✓  24 [desktop-firefox] › tests/e2e/media-loading.spec.ts:312:1 › pending frontier follows viewport resize and expanded FAQ instead of exposing blank artwork (1.3s)
  ✓  23 [desktop-firefox] › tests/e2e/site.spec.ts:7:1 › responsive viewport, artwork, and primary actions (7.4s)
  ✓  26 [desktop-firefox] › tests/e2e/site.spec.ts:311:1 › FAQ icons are independent and answers expand the page without an inner scroller (3.9s)
  ✓  25 [desktop-firefox] › tests/e2e/media-loading.spec.ts:339:1 › retained loading strip fits all eleven locales including Arabic (8.1s)
  ✓  28 [desktop-firefox] › tests/e2e/technology-viewer.spec.ts:568:1 › CyberMind descriptions fit all locales and omit source folios (5.3s)
  ✓  27 [desktop-firefox] › tests/e2e/site.spec.ts:376:3 › FAQ pointer-wheel input › FAQ always scrolls the document in closed and multi-open states (9.7s)

  28 passed (1.4m)
