
Running 6 tests using 2 workers

(node:35464) Warning: The 'NO_COLOR' env is ignored due to the 'FORCE_COLOR' env being set.
(Use `node --trace-warnings ...` to show where the warning was created)
(node:35465) Warning: The 'NO_COLOR' env is ignored due to the 'FORCE_COLOR' env being set.
(Use `node --trace-warnings ...` to show where the warning was created)
  ✘  2 [iphone-17-pro-webkit] › tests/e2e/technology-loading.spec.ts:6:1 › a partially transferred first photo stays hidden with true progress and locked navigation (1.2s)
  ✘  1 [iphone-17-pro-max-webkit] › tests/e2e/technology-loading.spec.ts:6:1 › a partially transferred first photo stays hidden with true progress and locked navigation (1.2s)
(node:35504) Warning: The 'NO_COLOR' env is ignored due to the 'FORCE_COLOR' env being set.
(Use `node --trace-warnings ...` to show where the warning was created)
(node:35505) Warning: The 'NO_COLOR' env is ignored due to the 'FORCE_COLOR' env being set.
(Use `node --trace-warnings ...` to show where the warning was created)
  ✓  3 [iphone-17-pro-webkit] › tests/e2e/technology-loading.spec.ts:55:1 › invalid first image has white backing and retry; close never traps the user (1.4s)
  ✓  4 [iphone-17-pro-max-webkit] › tests/e2e/technology-loading.spec.ts:55:1 › invalid first image has white backing and retry; close never traps the user (1.7s)
  ✓  5 [iphone-17-pro-webkit] › tests/e2e/technology-loading.spec.ts:73:1 › horizontal swipes stop at both ends and reverse through preceding photos (1.1s)
  ✓  6 [iphone-17-pro-max-webkit] › tests/e2e/technology-loading.spec.ts:73:1 › horizontal swipes stop at both ends and reverse through preceding photos (1.1s)


  1) [iphone-17-pro-webkit] › tests/e2e/technology-loading.spec.ts:6:1 › a partially transferred first photo stays hidden with true progress and locked navigation

    Error: mouse.wheel: Mouse wheel is not supported in mobile WebKit

      32 |     await page.keyboard.press('ArrowRight');
      33 |     await page.keyboard.press('ArrowDown');
    > 34 |     await page.mouse.wheel(0, 800);
         |                      ^
      35 |     await viewer.locator('.technology-viewer__stage').dispatchEvent('pointerdown', { pointerType: 'touch', clientX: 300, clientY: 500 });
      36 |     await viewer.locator('.technology-viewer__stage').dispatchEvent('pointerup', { pointerType: 'touch', clientX: 100, clientY: 500 });
      37 |     expect(await page.evaluate(() => scrollY)).toBe(scroll);
        at /Users/asmirnou/Projects/g/ramsider/tests/e2e/technology-loading.spec.ts:34:22

    attachment #1: screenshot (image/png) ──────────────────────────────────────────────────────────
    test-results/technology-loading-a-parti-5fe86-gress-and-locked-navigation-iphone-17-pro-webkit/test-failed-1.png
    ────────────────────────────────────────────────────────────────────────────────────────────────

    Error Context: test-results/technology-loading-a-parti-5fe86-gress-and-locked-navigation-iphone-17-pro-webkit/error-context.md

  2) [iphone-17-pro-max-webkit] › tests/e2e/technology-loading.spec.ts:6:1 › a partially transferred first photo stays hidden with true progress and locked navigation

    Error: mouse.wheel: Mouse wheel is not supported in mobile WebKit

      32 |     await page.keyboard.press('ArrowRight');
      33 |     await page.keyboard.press('ArrowDown');
    > 34 |     await page.mouse.wheel(0, 800);
         |                      ^
      35 |     await viewer.locator('.technology-viewer__stage').dispatchEvent('pointerdown', { pointerType: 'touch', clientX: 300, clientY: 500 });
      36 |     await viewer.locator('.technology-viewer__stage').dispatchEvent('pointerup', { pointerType: 'touch', clientX: 100, clientY: 500 });
      37 |     expect(await page.evaluate(() => scrollY)).toBe(scroll);
        at /Users/asmirnou/Projects/g/ramsider/tests/e2e/technology-loading.spec.ts:34:22

    attachment #1: screenshot (image/png) ──────────────────────────────────────────────────────────
    test-results/technology-loading-a-parti-5fe86-gress-and-locked-navigation-iphone-17-pro-max-webkit/test-failed-1.png
    ────────────────────────────────────────────────────────────────────────────────────────────────

    Error Context: test-results/technology-loading-a-parti-5fe86-gress-and-locked-navigation-iphone-17-pro-max-webkit/error-context.md

  2 failed
    [iphone-17-pro-webkit] › tests/e2e/technology-loading.spec.ts:6:1 › a partially transferred first photo stays hidden with true progress and locked navigation
    [iphone-17-pro-max-webkit] › tests/e2e/technology-loading.spec.ts:6:1 › a partially transferred first photo stays hidden with true progress and locked navigation
  4 passed (5.3s)
