
Running 48 tests using 2 workers

(node:39253) Warning: The 'NO_COLOR' env is ignored due to the 'FORCE_COLOR' env being set.
(Use `node --trace-warnings ...` to show where the warning was created)
(node:39255) Warning: The 'NO_COLOR' env is ignored due to the 'FORCE_COLOR' env being set.
(Use `node --trace-warnings ...` to show where the warning was created)
  ✓   2 [iphone-17-pro-webkit] › tests/e2e/technology-viewer.spec.ts:6:1 › technology artwork keeps its native proportions as Safari chrome changes the visible height (4.5s)
  ✓   3 [iphone-17-pro-webkit] › tests/e2e/technology-viewer.spec.ts:49:1 › technology PNGs preserve every original pixel outside the title mask (871ms)
  ✓   4 [iphone-17-pro-webkit] › tests/e2e/technology-viewer.spec.ts:86:1 › technology descriptions render all source text in the decoded image coordinates (2.2s)
  ✓   5 [iphone-17-pro-webkit] › tests/e2e/technology-viewer.spec.ts:117:1 › technology viewer opens from both story controls and pages through clean images (3.1s)
  ✓   6 [iphone-17-pro-webkit] › tests/e2e/technology-viewer.spec.ts:211:1 › technology viewer supports touch pointers, Escape and Arabic framing (2.0s)
  ✓   7 [iphone-17-pro-webkit] › tests/e2e/technology-viewer.spec.ts:257:1 › previous artwork stays visible while the next slide loads (1.1s)
  ✓   8 [iphone-17-pro-webkit] › tests/e2e/technology-viewer.spec.ts:280:1 › failed warm-up and failed selection retry the same image (1.5s)
  ✓   9 [iphone-17-pro-webkit] › tests/e2e/technology-viewer.spec.ts:302:1 › two photos of each group warm after load; remaining photos start together on open (1.2s)
  ✓  10 [iphone-17-pro-webkit] › tests/e2e/technology-viewer.spec.ts:324:1 › incomplete hero protects the main view before technology can be opened (932ms)
  ✓   1 [iphone-17-pro-webkit] › tests/e2e/technology-loading.spec.ts:6:1 › a partially transferred first photo stays hidden with true progress and locked navigation (18.7s)
  ✓  11 [iphone-17-pro-webkit] › tests/e2e/technology-viewer.spec.ts:340:1 › four photos warm at low priority; retained decoded images are reused offline across groups (1.8s)
  ✓  12 [iphone-17-pro-webkit] › tests/e2e/technology-loading.spec.ts:56:1 › invalid first image has white backing and retry; close never traps the user (1.2s)
  ✓  13 [iphone-17-pro-webkit] › tests/e2e/technology-viewer.spec.ts:387:1 › swipe completes when the pointer leaves the artwork (1.0s)
  ✓  14 [iphone-17-pro-webkit] › tests/e2e/technology-loading.spec.ts:74:1 › horizontal swipes stop at both ends and reverse through preceding photos (1.1s)
  ✓  15 [iphone-17-pro-webkit] › tests/e2e/technology-viewer.spec.ts:403:1 › technology viewer hides landing paint beneath browser chrome and restores it on close (1.6s)
  ✓  17 [iphone-17-pro-webkit] › tests/e2e/technology-viewer.spec.ts:446:1 › metal contour reaches mobile side edges and the image stays inside its cutout (1.3s)
  ✓  18 [iphone-17-pro-webkit] › tests/e2e/technology-viewer.spec.ts:476:1 › CyberMind PNGs retain native RGB, alpha and resolution outside title glyphs (204ms)
  ✓  16 [iphone-17-pro-webkit] › tests/e2e/technology-loading.spec.ts:94:1 › contained artwork and controls adapt to short landscape, tablet and desktop (2.3s)
  ✓  19 [iphone-17-pro-webkit] › tests/e2e/technology-viewer.spec.ts:503:1 › CyberMind uses two interactive slides, a live title and two-axis navigation (1.8s)
  ✓  20 [iphone-17-pro-webkit] › tests/e2e/technology-loading.spec.ts:120:1 › loading and retry fit every locale including Arabic at a short phone height (7.8s)
(node:39776) Warning: The 'NO_COLOR' env is ignored due to the 'FORCE_COLOR' env being set.
(Use `node --trace-warnings ...` to show where the warning was created)
  ✓  21 [iphone-17-pro-webkit] › tests/e2e/technology-viewer.spec.ts:555:1 › CyberMind descriptions fit all locales and omit source folios (7.0s)
  ✘  22 [iphone-17-pro-max-webkit] › tests/e2e/technology-loading.spec.ts:6:1 › a partially transferred first photo stays hidden with true progress and locked navigation (1.2s)
  ✓  23 [iphone-17-pro-webkit] › tests/e2e/technology-viewer.spec.ts:581:1 › pending slide locks navigation and commits only fully loaded selection (1.4s)
(node:39804) Warning: The 'NO_COLOR' env is ignored due to the 'FORCE_COLOR' env being set.
(Use `node --trace-warnings ...` to show where the warning was created)
  ✓  24 [iphone-17-pro-webkit] › tests/e2e/technology-viewer.spec.ts:602:1 › failed CyberMind warm and selection recover with explicit Retry without skipping the group (1.3s)
  ✓  25 [iphone-17-pro-max-webkit] › tests/e2e/technology-loading.spec.ts:56:1 › invalid first image has white backing and retry; close never traps the user (1.4s)
  ✓  26 [iphone-17-pro-webkit] › tests/e2e/technology-viewer.spec.ts:618:1 › pending group blocks gestures and repeated keys while close remains available (1.4s)
(node:39846) Warning: The 'NO_COLOR' env is ignored due to the 'FORCE_COLOR' env being set.
(Use `node --trace-warnings ...` to show where the warning was created)
  ✓  27 [iphone-17-pro-max-webkit] › tests/e2e/technology-loading.spec.ts:74:1 › horizontal swipes stop at both ends and reverse through preceding photos (1.2s)
  ✓  29 [iphone-17-pro-max-webkit] › tests/e2e/technology-loading.spec.ts:94:1 › contained artwork and controls adapt to short landscape, tablet and desktop (2.3s)
  ✓  28 [iphone-17-pro-max-webkit] › tests/e2e/technology-viewer.spec.ts:6:1 › technology artwork keeps its native proportions as Safari chrome changes the visible height (2.1s)
  ✓  31 [iphone-17-pro-max-webkit] › tests/e2e/technology-viewer.spec.ts:49:1 › technology PNGs preserve every original pixel outside the title mask (377ms)
  ✓  32 [iphone-17-pro-max-webkit] › tests/e2e/technology-viewer.spec.ts:86:1 › technology descriptions render all source text in the decoded image coordinates (2.0s)
  ✓  30 [iphone-17-pro-max-webkit] › tests/e2e/technology-loading.spec.ts:120:1 › loading and retry fit every locale including Arabic at a short phone height (5.2s)
  ✓  33 [iphone-17-pro-max-webkit] › tests/e2e/technology-viewer.spec.ts:117:1 › technology viewer opens from both story controls and pages through clean images (3.5s)
  ✓  34 [iphone-17-pro-max-webkit] › tests/e2e/technology-viewer.spec.ts:211:1 › technology viewer supports touch pointers, Escape and Arabic framing (2.0s)
  ✓  35 [iphone-17-pro-max-webkit] › tests/e2e/technology-viewer.spec.ts:257:1 › previous artwork stays visible while the next slide loads (1.1s)
  ✓  36 [iphone-17-pro-max-webkit] › tests/e2e/technology-viewer.spec.ts:280:1 › failed warm-up and failed selection retry the same image (1.5s)
  ✓  37 [iphone-17-pro-max-webkit] › tests/e2e/technology-viewer.spec.ts:302:1 › two photos of each group warm after load; remaining photos start together on open (1.2s)
  ✓  38 [iphone-17-pro-max-webkit] › tests/e2e/technology-viewer.spec.ts:324:1 › incomplete hero protects the main view before technology can be opened (1.0s)
  ✓  39 [iphone-17-pro-max-webkit] › tests/e2e/technology-viewer.spec.ts:340:1 › four photos warm at low priority; retained decoded images are reused offline across groups (1.5s)
  ✓  40 [iphone-17-pro-max-webkit] › tests/e2e/technology-viewer.spec.ts:387:1 › swipe completes when the pointer leaves the artwork (1.0s)
  ✓  41 [iphone-17-pro-max-webkit] › tests/e2e/technology-viewer.spec.ts:403:1 › technology viewer hides landing paint beneath browser chrome and restores it on close (1.7s)
  ✓  42 [iphone-17-pro-max-webkit] › tests/e2e/technology-viewer.spec.ts:446:1 › metal contour reaches mobile side edges and the image stays inside its cutout (1.2s)
  ✓  43 [iphone-17-pro-max-webkit] › tests/e2e/technology-viewer.spec.ts:476:1 › CyberMind PNGs retain native RGB, alpha and resolution outside title glyphs (168ms)
  ✓  44 [iphone-17-pro-max-webkit] › tests/e2e/technology-viewer.spec.ts:503:1 › CyberMind uses two interactive slides, a live title and two-axis navigation (1.7s)
  ✓  45 [iphone-17-pro-max-webkit] › tests/e2e/technology-viewer.spec.ts:555:1 › CyberMind descriptions fit all locales and omit source folios (4.9s)
  ✓  46 [iphone-17-pro-max-webkit] › tests/e2e/technology-viewer.spec.ts:581:1 › pending slide locks navigation and commits only fully loaded selection (1.1s)
  ✓  47 [iphone-17-pro-max-webkit] › tests/e2e/technology-viewer.spec.ts:602:1 › failed CyberMind warm and selection recover with explicit Retry without skipping the group (1.2s)
  ✓  48 [iphone-17-pro-max-webkit] › tests/e2e/technology-viewer.spec.ts:618:1 › pending group blocks gestures and repeated keys while close remains available (1.1s)


  1) [iphone-17-pro-max-webkit] › tests/e2e/technology-loading.spec.ts:6:1 › a partially transferred first photo stays hidden with true progress and locked navigation

    Error: expect(received).toBe(expected) // Object.is equality

    Expected: 2653
    Received: 3013

      36 |     await viewer.locator('.technology-viewer__stage').dispatchEvent('pointerdown', { pointerType: 'touch', clientX: 300, clientY: 500 });
      37 |     await viewer.locator('.technology-viewer__stage').dispatchEvent('pointerup', { pointerType: 'touch', clientX: 100, clientY: 500 });
    > 38 |     expect(await page.evaluate(() => scrollY)).toBe(scroll);
         |                                                ^
      39 |     await expect(viewer).toHaveAttribute('data-group', 'HeatCore');
      40 |     await page.screenshot({ path: `docs/evidence/media-loading/${info.project.name}-pending.png` });
      41 |     release();
        at /Users/asmirnou/Projects/g/ramsider/tests/e2e/technology-loading.spec.ts:38:48

    attachment #1: screenshot (image/png) ──────────────────────────────────────────────────────────
    test-results/technology-loading-a-parti-5fe86-gress-and-locked-navigation-iphone-17-pro-max-webkit/test-failed-1.png
    ────────────────────────────────────────────────────────────────────────────────────────────────

    Error Context: test-results/technology-loading-a-parti-5fe86-gress-and-locked-navigation-iphone-17-pro-max-webkit/error-context.md

  1 failed
    [iphone-17-pro-max-webkit] › tests/e2e/technology-loading.spec.ts:6:1 › a partially transferred first photo stays hidden with true progress and locked navigation
  47 passed (1.1m)
