
Running 44 tests using 2 workers

(node:35873) Warning: The 'NO_COLOR' env is ignored due to the 'FORCE_COLOR' env being set.
(Use `node --trace-warnings ...` to show where the warning was created)
(node:35874) Warning: The 'NO_COLOR' env is ignored due to the 'FORCE_COLOR' env being set.
(Use `node --trace-warnings ...` to show where the warning was created)
  ✓   2 [iphone-17-pro-webkit] › tests/e2e/technology-viewer.spec.ts:6:1 › technology artwork keeps its native proportions as Safari chrome changes the visible height (2.3s)
  ✓   3 [iphone-17-pro-webkit] › tests/e2e/technology-viewer.spec.ts:49:1 › technology PNGs preserve every original pixel outside the title mask (468ms)
  ✓   4 [iphone-17-pro-webkit] › tests/e2e/technology-viewer.spec.ts:86:1 › technology descriptions render all source text in the decoded image coordinates (2.0s)
  ✓   5 [iphone-17-pro-webkit] › tests/e2e/technology-viewer.spec.ts:117:1 › technology viewer opens from both story controls and pages through clean images (3.2s)
  ✓   6 [iphone-17-pro-webkit] › tests/e2e/technology-viewer.spec.ts:211:1 › technology viewer supports touch pointers, Escape and Arabic framing (1.9s)
  ✓   7 [iphone-17-pro-webkit] › tests/e2e/technology-viewer.spec.ts:257:1 › previous artwork stays visible while the next slide loads (1.0s)
  ✓   8 [iphone-17-pro-webkit] › tests/e2e/technology-viewer.spec.ts:280:1 › failed warm-up and failed selection retry the same image (1.5s)
  ✓   9 [iphone-17-pro-webkit] › tests/e2e/technology-viewer.spec.ts:302:1 › two photos of each group warm after load; remaining photos start together on open (1.2s)
  ✓  10 [iphone-17-pro-webkit] › tests/e2e/technology-viewer.spec.ts:324:1 › incomplete hero protects the main view before technology can be opened (1.0s)
  ✓   1 [iphone-17-pro-webkit] › tests/e2e/technology-loading.spec.ts:6:1 › a partially transferred first photo stays hidden with true progress and locked navigation (14.9s)
  ✓  12 [iphone-17-pro-webkit] › tests/e2e/technology-loading.spec.ts:56:1 › invalid first image has white backing and retry; close never traps the user (1.7s)
  ✓  11 [iphone-17-pro-webkit] › tests/e2e/technology-viewer.spec.ts:340:1 › four photos warm at low priority; retained decoded images are reused offline across groups (2.0s)
  ✓  13 [iphone-17-pro-webkit] › tests/e2e/technology-loading.spec.ts:74:1 › horizontal swipes stop at both ends and reverse through preceding photos (1.3s)
  ✓  14 [iphone-17-pro-webkit] › tests/e2e/technology-viewer.spec.ts:387:1 › swipe completes when the pointer leaves the artwork (1.3s)
(node:36059) Warning: The 'NO_COLOR' env is ignored due to the 'FORCE_COLOR' env being set.
(Use `node --trace-warnings ...` to show where the warning was created)
  ✓  15 [iphone-17-pro-webkit] › tests/e2e/technology-viewer.spec.ts:403:1 › technology viewer hides landing paint beneath browser chrome and restores it on close (3.4s)
  ✓  17 [iphone-17-pro-webkit] › tests/e2e/technology-viewer.spec.ts:446:1 › metal contour reaches mobile side edges and the image stays inside its cutout (1.3s)
  ✓  18 [iphone-17-pro-webkit] › tests/e2e/technology-viewer.spec.ts:476:1 › CyberMind PNGs retain native RGB, alpha and resolution outside title glyphs (162ms)
  ✓  16 [iphone-17-pro-max-webkit] › tests/e2e/technology-loading.spec.ts:6:1 › a partially transferred first photo stays hidden with true progress and locked navigation (13.9s)
  ✓  20 [iphone-17-pro-max-webkit] › tests/e2e/technology-loading.spec.ts:56:1 › invalid first image has white backing and retry; close never traps the user (1.3s)
  ✓  21 [iphone-17-pro-max-webkit] › tests/e2e/technology-loading.spec.ts:74:1 › horizontal swipes stop at both ends and reverse through preceding photos (961ms)
  ✓  22 [iphone-17-pro-max-webkit] › tests/e2e/technology-viewer.spec.ts:6:1 › technology artwork keeps its native proportions as Safari chrome changes the visible height (1.6s)
  ✓  23 [iphone-17-pro-max-webkit] › tests/e2e/technology-viewer.spec.ts:49:1 › technology PNGs preserve every original pixel outside the title mask (283ms)
  ✓  24 [iphone-17-pro-max-webkit] › tests/e2e/technology-viewer.spec.ts:86:1 › technology descriptions render all source text in the decoded image coordinates (2.0s)
  ✓  25 [iphone-17-pro-max-webkit] › tests/e2e/technology-viewer.spec.ts:117:1 › technology viewer opens from both story controls and pages through clean images (3.6s)
  ✓  26 [iphone-17-pro-max-webkit] › tests/e2e/technology-viewer.spec.ts:211:1 › technology viewer supports touch pointers, Escape and Arabic framing (2.2s)
  ✓  27 [iphone-17-pro-max-webkit] › tests/e2e/technology-viewer.spec.ts:257:1 › previous artwork stays visible while the next slide loads (1.4s)
  ✓  28 [iphone-17-pro-max-webkit] › tests/e2e/technology-viewer.spec.ts:280:1 › failed warm-up and failed selection retry the same image (1.6s)
  ✓  29 [iphone-17-pro-max-webkit] › tests/e2e/technology-viewer.spec.ts:302:1 › two photos of each group warm after load; remaining photos start together on open (1.2s)
  ✓  30 [iphone-17-pro-max-webkit] › tests/e2e/technology-viewer.spec.ts:324:1 › incomplete hero protects the main view before technology can be opened (1.0s)
  ✓  31 [iphone-17-pro-max-webkit] › tests/e2e/technology-viewer.spec.ts:340:1 › four photos warm at low priority; retained decoded images are reused offline across groups (1.8s)
  ✘  19 [iphone-17-pro-webkit] › tests/e2e/technology-viewer.spec.ts:503:1 › CyberMind uses two interactive slides, a live title and two-axis navigation (30.2s)
(node:36580) Warning: The 'NO_COLOR' env is ignored due to the 'FORCE_COLOR' env being set.
(Use `node --trace-warnings ...` to show where the warning was created)
  ✓  32 [iphone-17-pro-max-webkit] › tests/e2e/technology-viewer.spec.ts:387:1 › swipe completes when the pointer leaves the artwork (1.1s)
  ✓  34 [iphone-17-pro-max-webkit] › tests/e2e/technology-viewer.spec.ts:403:1 › technology viewer hides landing paint beneath browser chrome and restores it on close (2.3s)
  ✓  35 [iphone-17-pro-max-webkit] › tests/e2e/technology-viewer.spec.ts:446:1 › metal contour reaches mobile side edges and the image stays inside its cutout (1.4s)
  ✓  36 [iphone-17-pro-max-webkit] › tests/e2e/technology-viewer.spec.ts:476:1 › CyberMind PNGs retain native RGB, alpha and resolution outside title glyphs (165ms)
  ✓  33 [iphone-17-pro-webkit] › tests/e2e/technology-viewer.spec.ts:554:1 › CyberMind descriptions fit all locales and omit source folios (6.0s)
  ✓  38 [iphone-17-pro-webkit] › tests/e2e/technology-viewer.spec.ts:580:1 › pending slide locks navigation and commits only fully loaded selection (1.1s)
  ✓  39 [iphone-17-pro-webkit] › tests/e2e/technology-viewer.spec.ts:601:1 › failed CyberMind warm and selection recover with explicit Retry without skipping the group (1.2s)
  ✓  40 [iphone-17-pro-webkit] › tests/e2e/technology-viewer.spec.ts:617:1 › pending group blocks gestures and repeated keys while close remains available (1.1s)
  ✘  37 [iphone-17-pro-max-webkit] › tests/e2e/technology-viewer.spec.ts:503:1 › CyberMind uses two interactive slides, a live title and two-axis navigation (30.3s)
(node:37155) Warning: The 'NO_COLOR' env is ignored due to the 'FORCE_COLOR' env being set.
(Use `node --trace-warnings ...` to show where the warning was created)
  ✓  41 [iphone-17-pro-max-webkit] › tests/e2e/technology-viewer.spec.ts:554:1 › CyberMind descriptions fit all locales and omit source folios (5.1s)
  ✓  42 [iphone-17-pro-max-webkit] › tests/e2e/technology-viewer.spec.ts:580:1 › pending slide locks navigation and commits only fully loaded selection (1.1s)
  ✓  43 [iphone-17-pro-max-webkit] › tests/e2e/technology-viewer.spec.ts:601:1 › failed CyberMind warm and selection recover with explicit Retry without skipping the group (1.3s)
  ✓  44 [iphone-17-pro-max-webkit] › tests/e2e/technology-viewer.spec.ts:617:1 › pending group blocks gestures and repeated keys while close remains available (1.3s)


  1) [iphone-17-pro-webkit] › tests/e2e/technology-viewer.spec.ts:503:1 › CyberMind uses two interactive slides, a live title and two-axis navigation

    Test timeout of 30000ms exceeded.

    Error: locator.click: Test timeout of 30000ms exceeded.
    Call log:
      - waiting for locator('#technology-viewer').locator('.technology-viewer__next-image')
        - locator resolved to <button disabled type="button" aria-label="Show next image" class="technology-viewer__next-image">…</button>
      - attempting click action
        2 × waiting for element to be visible, enabled and stable
          - element is not enabled
        - retrying click action
        - waiting 20ms
        2 × waiting for element to be visible, enabled and stable
          - element is not enabled
        - retrying click action
          - waiting 100ms
        56 × waiting for element to be visible, enabled and stable
           - element is not enabled
         - retrying click action
           - waiting 500ms


      534 |     await page.screenshot({path:`screenshots/actual/cybermind/${testInfo.project.name}-slide-${i+1}.png`});
      535 |   }
    > 536 |   await viewer.locator('.technology-viewer__next-image').click();
          |                                                          ^
      537 |   await expect(stage.locator('img')).toHaveAttribute('data-source','/art/technology/cybermind/01.png');
      538 |   await viewer.locator('.technology-viewer__next-group').click();
      539 |   await expect(viewer.getByRole('status')).toHaveText('The next technology is coming soon.');
        at /Users/asmirnou/Projects/g/ramsider/tests/e2e/technology-viewer.spec.ts:536:58

    attachment #1: screenshot (image/png) ──────────────────────────────────────────────────────────
    test-results/technology-viewer-CyberMin-efbb5-tle-and-two-axis-navigation-iphone-17-pro-webkit/test-failed-1.png
    ────────────────────────────────────────────────────────────────────────────────────────────────

    Error Context: test-results/technology-viewer-CyberMin-efbb5-tle-and-two-axis-navigation-iphone-17-pro-webkit/error-context.md

  2) [iphone-17-pro-max-webkit] › tests/e2e/technology-viewer.spec.ts:503:1 › CyberMind uses two interactive slides, a live title and two-axis navigation

    Test timeout of 30000ms exceeded.

    Error: locator.click: Test timeout of 30000ms exceeded.
    Call log:
      - waiting for locator('#technology-viewer').locator('.technology-viewer__next-image')
        - locator resolved to <button disabled type="button" aria-label="Show next image" class="technology-viewer__next-image">…</button>
      - attempting click action
        2 × waiting for element to be visible, enabled and stable
          - element is not enabled
        - retrying click action
        - waiting 20ms
        2 × waiting for element to be visible, enabled and stable
          - element is not enabled
        - retrying click action
          - waiting 100ms
        56 × waiting for element to be visible, enabled and stable
           - element is not enabled
         - retrying click action
           - waiting 500ms


      534 |     await page.screenshot({path:`screenshots/actual/cybermind/${testInfo.project.name}-slide-${i+1}.png`});
      535 |   }
    > 536 |   await viewer.locator('.technology-viewer__next-image').click();
          |                                                          ^
      537 |   await expect(stage.locator('img')).toHaveAttribute('data-source','/art/technology/cybermind/01.png');
      538 |   await viewer.locator('.technology-viewer__next-group').click();
      539 |   await expect(viewer.getByRole('status')).toHaveText('The next technology is coming soon.');
        at /Users/asmirnou/Projects/g/ramsider/tests/e2e/technology-viewer.spec.ts:536:58

    attachment #1: screenshot (image/png) ──────────────────────────────────────────────────────────
    test-results/technology-viewer-CyberMin-efbb5-tle-and-two-axis-navigation-iphone-17-pro-max-webkit/test-failed-1.png
    ────────────────────────────────────────────────────────────────────────────────────────────────

    Error Context: test-results/technology-viewer-CyberMin-efbb5-tle-and-two-axis-navigation-iphone-17-pro-max-webkit/error-context.md

  2 failed
    [iphone-17-pro-webkit] › tests/e2e/technology-viewer.spec.ts:503:1 › CyberMind uses two interactive slides, a live title and two-axis navigation
    [iphone-17-pro-max-webkit] › tests/e2e/technology-viewer.spec.ts:503:1 › CyberMind uses two interactive slides, a live title and two-axis navigation
  42 passed (1.7m)
