
Running 96 tests using 3 workers

(node:46494) Warning: The 'NO_COLOR' env is ignored due to the 'FORCE_COLOR' env being set.
(Use `node --trace-warnings ...` to show where the warning was created)
(node:46495) Warning: The 'NO_COLOR' env is ignored due to the 'FORCE_COLOR' env being set.
(Use `node --trace-warnings ...` to show where the warning was created)
(node:46493) Warning: The 'NO_COLOR' env is ignored due to the 'FORCE_COLOR' env being set.
(Use `node --trace-warnings ...` to show where the warning was created)
  ✓   2 [iphone-17-pro-webkit] › tests/e2e/technology-loading.spec.ts:6:1 › a partially transferred first photo stays hidden with true progress and locked navigation (2.5s)
  ✓   1 [iphone-17-pro-max-webkit] › tests/e2e/technology-loading.spec.ts:6:1 › a partially transferred first photo stays hidden with true progress and locked navigation (2.6s)
  ✓   3 [iphone-17-pro-webkit] › tests/e2e/technology-viewer.spec.ts:6:1 › technology artwork keeps its native proportions as Safari chrome changes the visible height (2.7s)
  ✓   6 [iphone-17-pro-webkit] › tests/e2e/technology-viewer.spec.ts:49:1 › technology PNGs preserve every original pixel outside the title mask (649ms)
  ✓   4 [iphone-17-pro-webkit] › tests/e2e/technology-loading.spec.ts:60:1 › invalid first image has white backing and retry; close never traps the user (1.2s)
  ✓   5 [iphone-17-pro-max-webkit] › tests/e2e/technology-loading.spec.ts:60:1 › invalid first image has white backing and retry; close never traps the user (1.5s)
  ✓   8 [iphone-17-pro-webkit] › tests/e2e/technology-loading.spec.ts:78:1 › horizontal swipes stop at both ends and reverse through preceding photos (1.4s)
  ✓   9 [iphone-17-pro-max-webkit] › tests/e2e/technology-loading.spec.ts:78:1 › horizontal swipes stop at both ends and reverse through preceding photos (1.3s)
  ✓   7 [iphone-17-pro-webkit] › tests/e2e/technology-viewer.spec.ts:86:1 › technology descriptions render all source text in the decoded image coordinates (2.7s)
  ✓  10 [iphone-17-pro-webkit] › tests/e2e/technology-loading.spec.ts:98:1 › contained artwork and controls adapt to short landscape, tablet and desktop (2.3s)
  ✓  11 [iphone-17-pro-max-webkit] › tests/e2e/technology-loading.spec.ts:98:1 › contained artwork and controls adapt to short landscape, tablet and desktop (2.1s)
  ✓  12 [iphone-17-pro-webkit] › tests/e2e/technology-viewer.spec.ts:117:1 › technology viewer opens from both story controls and pages through clean images (5.3s)
  ✓  15 [iphone-17-pro-webkit] › tests/e2e/technology-viewer.spec.ts:211:1 › technology viewer supports touch pointers, Escape and Arabic framing (2.7s)
  ✓  14 [iphone-17-pro-max-webkit] › tests/e2e/technology-loading.spec.ts:124:1 › loading and retry fit every locale including Arabic at a short phone height (7.3s)
  ✓  16 [iphone-17-pro-webkit] › tests/e2e/technology-viewer.spec.ts:257:1 › previous artwork stays visible while the next slide loads (1.2s)
  ✓  17 [iphone-17-pro-max-webkit] › tests/e2e/technology-viewer.spec.ts:6:1 › technology artwork keeps its native proportions as Safari chrome changes the visible height (1.3s)
  ✓  18 [iphone-17-pro-webkit] › tests/e2e/technology-viewer.spec.ts:280:1 › failed warm-up and failed selection retry the same image (1.3s)
  ✓  19 [iphone-17-pro-max-webkit] › tests/e2e/technology-viewer.spec.ts:49:1 › technology PNGs preserve every original pixel outside the title mask (267ms)
  ✓  20 [iphone-17-pro-webkit] › tests/e2e/technology-viewer.spec.ts:302:1 › two photos of each group warm after load; remaining photos start together on open (1.1s)
  ✓  22 [iphone-17-pro-webkit] › tests/e2e/technology-viewer.spec.ts:324:1 › incomplete hero protects the main view before technology can be opened (742ms)
  ✓  21 [iphone-17-pro-max-webkit] › tests/e2e/technology-viewer.spec.ts:86:1 › technology descriptions render all source text in the decoded image coordinates (1.8s)
  ✘  13 [iphone-17-pro-webkit] › tests/e2e/technology-loading.spec.ts:124:1 › loading and retry fit every locale including Arabic at a short phone height (11.8s)
(node:46701) Warning: The 'NO_COLOR' env is ignored due to the 'FORCE_COLOR' env being set.
(Use `node --trace-warnings ...` to show where the warning was created)
  ✓  23 [iphone-17-pro-webkit] › tests/e2e/technology-viewer.spec.ts:340:1 › four photos warm at low priority; retained decoded images are reused offline across groups (1.6s)
  ✓  25 [desktop-chromium] › tests/e2e/technology-loading.spec.ts:6:1 › a partially transferred first photo stays hidden with true progress and locked navigation (1.2s)
  ✓  26 [iphone-17-pro-webkit] › tests/e2e/technology-viewer.spec.ts:387:1 › swipe completes when the pointer leaves the artwork (1.4s)
  ✓  27 [desktop-chromium] › tests/e2e/technology-loading.spec.ts:60:1 › invalid first image has white backing and retry; close never traps the user (704ms)
  ✓  24 [iphone-17-pro-max-webkit] › tests/e2e/technology-viewer.spec.ts:117:1 › technology viewer opens from both story controls and pages through clean images (4.0s)
  ✓  29 [desktop-chromium] › tests/e2e/technology-loading.spec.ts:78:1 › horizontal swipes stop at both ends and reverse through preceding photos (513ms)
  ✓  28 [iphone-17-pro-webkit] › tests/e2e/technology-viewer.spec.ts:403:1 › technology viewer hides landing paint beneath browser chrome and restores it on close (1.6s)
  ✓  31 [desktop-chromium] › tests/e2e/technology-loading.spec.ts:98:1 › contained artwork and controls adapt to short landscape, tablet and desktop (801ms)
  ✓  32 [iphone-17-pro-webkit] › tests/e2e/technology-viewer.spec.ts:446:1 › metal contour reaches mobile side edges and the image stays inside its cutout (1.0s)
  ✓  34 [iphone-17-pro-webkit] › tests/e2e/technology-viewer.spec.ts:476:1 › CyberMind PNGs retain native RGB, alpha and resolution outside title glyphs (397ms)
  ✓  30 [iphone-17-pro-max-webkit] › tests/e2e/technology-viewer.spec.ts:211:1 › technology viewer supports touch pointers, Escape and Arabic framing (2.0s)
  ✓  36 [iphone-17-pro-max-webkit] › tests/e2e/technology-viewer.spec.ts:257:1 › previous artwork stays visible while the next slide loads (1.7s)
  ✓  35 [iphone-17-pro-webkit] › tests/e2e/technology-viewer.spec.ts:503:1 › CyberMind uses two interactive slides, a live title and two-axis navigation (2.3s)
  ✓  33 [desktop-chromium] › tests/e2e/technology-loading.spec.ts:124:1 › loading and retry fit every locale including Arabic at a short phone height (4.0s)
  ✓  37 [iphone-17-pro-max-webkit] › tests/e2e/technology-viewer.spec.ts:280:1 › failed warm-up and failed selection retry the same image (1.6s)
  ✓  39 [desktop-chromium] › tests/e2e/technology-viewer.spec.ts:6:1 › technology artwork keeps its native proportions as Safari chrome changes the visible height (929ms)
  ✓  41 [desktop-chromium] › tests/e2e/technology-viewer.spec.ts:49:1 › technology PNGs preserve every original pixel outside the title mask (454ms)
  ✓  40 [iphone-17-pro-max-webkit] › tests/e2e/technology-viewer.spec.ts:302:1 › two photos of each group warm after load; remaining photos start together on open (1.1s)
  ✓  43 [iphone-17-pro-max-webkit] › tests/e2e/technology-viewer.spec.ts:324:1 › incomplete hero protects the main view before technology can be opened (1.0s)
  ✓  42 [desktop-chromium] › tests/e2e/technology-viewer.spec.ts:86:1 › technology descriptions render all source text in the decoded image coordinates (1.3s)
  ✓  44 [iphone-17-pro-max-webkit] › tests/e2e/technology-viewer.spec.ts:340:1 › four photos warm at low priority; retained decoded images are reused offline across groups (2.0s)
  ✓  38 [iphone-17-pro-webkit] › tests/e2e/technology-viewer.spec.ts:555:1 › CyberMind descriptions fit all locales and omit source folios (5.5s)
  ✓  46 [iphone-17-pro-max-webkit] › tests/e2e/technology-viewer.spec.ts:387:1 › swipe completes when the pointer leaves the artwork (786ms)
  ✓  45 [desktop-chromium] › tests/e2e/technology-viewer.spec.ts:117:1 › technology viewer opens from both story controls and pages through clean images (2.6s)
  ✓  47 [iphone-17-pro-webkit] › tests/e2e/technology-viewer.spec.ts:581:1 › pending slide locks navigation and commits only fully loaded selection (968ms)
  ✓  50 [iphone-17-pro-webkit] › tests/e2e/technology-viewer.spec.ts:602:1 › failed CyberMind warm and selection recover with explicit Retry without skipping the group (1.0s)
  ✓  49 [desktop-chromium] › tests/e2e/technology-viewer.spec.ts:211:1 › technology viewer supports touch pointers, Escape and Arabic framing (1.5s)
  ✓  48 [iphone-17-pro-max-webkit] › tests/e2e/technology-viewer.spec.ts:403:1 › technology viewer hides landing paint beneath browser chrome and restores it on close (1.9s)
  ✓  52 [desktop-chromium] › tests/e2e/technology-viewer.spec.ts:257:1 › previous artwork stays visible while the next slide loads (555ms)
  ✓  51 [iphone-17-pro-webkit] › tests/e2e/technology-viewer.spec.ts:618:1 › pending group blocks gestures and repeated keys while close remains available (1.0s)
(node:46839) Warning: The 'NO_COLOR' env is ignored due to the 'FORCE_COLOR' env being set.
(Use `node --trace-warnings ...` to show where the warning was created)
  ✓  53 [iphone-17-pro-max-webkit] › tests/e2e/technology-viewer.spec.ts:446:1 › metal contour reaches mobile side edges and the image stays inside its cutout (1.1s)
  ✓  54 [desktop-chromium] › tests/e2e/technology-viewer.spec.ts:280:1 › failed warm-up and failed selection retry the same image (910ms)
  ✓  56 [iphone-17-pro-max-webkit] › tests/e2e/technology-viewer.spec.ts:476:1 › CyberMind PNGs retain native RGB, alpha and resolution outside title glyphs (216ms)
  ✓  57 [desktop-chromium] › tests/e2e/technology-viewer.spec.ts:302:1 › two photos of each group warm after load; remaining photos start together on open (514ms)
  ✓  59 [desktop-chromium] › tests/e2e/technology-viewer.spec.ts:324:1 › incomplete hero protects the main view before technology can be opened (511ms)
  ✓  58 [iphone-17-pro-max-webkit] › tests/e2e/technology-viewer.spec.ts:503:1 › CyberMind uses two interactive slides, a live title and two-axis navigation (1.6s)
  ✓  60 [desktop-chromium] › tests/e2e/technology-viewer.spec.ts:340:1 › four photos warm at low priority; retained decoded images are reused offline across groups (969ms)
  ✓  62 [desktop-chromium] › tests/e2e/technology-viewer.spec.ts:387:1 › swipe completes when the pointer leaves the artwork (654ms)
  ✓  55 [desktop-firefox] › tests/e2e/technology-loading.spec.ts:6:1 › a partially transferred first photo stays hidden with true progress and locked navigation (1.7s)
  ✓  64 [desktop-firefox] › tests/e2e/technology-loading.spec.ts:60:1 › invalid first image has white backing and retry; close never traps the user (1.4s)
  ✓  63 [desktop-chromium] › tests/e2e/technology-viewer.spec.ts:403:1 › technology viewer hides landing paint beneath browser chrome and restores it on close (1.9s)
  ✓  65 [desktop-firefox] › tests/e2e/technology-loading.spec.ts:78:1 › horizontal swipes stop at both ends and reverse through preceding photos (1.3s)
  ✓  66 [desktop-chromium] › tests/e2e/technology-viewer.spec.ts:446:1 › metal contour reaches mobile side edges and the image stays inside its cutout (1.3s)
  ✓  68 [desktop-chromium] › tests/e2e/technology-viewer.spec.ts:476:1 › CyberMind PNGs retain native RGB, alpha and resolution outside title glyphs (329ms)
  ✓  67 [desktop-firefox] › tests/e2e/technology-loading.spec.ts:98:1 › contained artwork and controls adapt to short landscape, tablet and desktop (1.5s)
  ✓  69 [desktop-chromium] › tests/e2e/technology-viewer.spec.ts:503:1 › CyberMind uses two interactive slides, a live title and two-axis navigation (1.2s)
  ✓  61 [iphone-17-pro-max-webkit] › tests/e2e/technology-viewer.spec.ts:555:1 › CyberMind descriptions fit all locales and omit source folios (7.1s)
  ✓  72 [iphone-17-pro-max-webkit] › tests/e2e/technology-viewer.spec.ts:581:1 › pending slide locks navigation and commits only fully loaded selection (1.5s)
  ✓  73 [iphone-17-pro-max-webkit] › tests/e2e/technology-viewer.spec.ts:602:1 › failed CyberMind warm and selection recover with explicit Retry without skipping the group (1.4s)
  ✓  74 [iphone-17-pro-max-webkit] › tests/e2e/technology-viewer.spec.ts:618:1 › pending group blocks gestures and repeated keys while close remains available (1.4s)
  ✓  71 [desktop-chromium] › tests/e2e/technology-viewer.spec.ts:555:1 › CyberMind descriptions fit all locales and omit source folios (6.3s)
(node:47164) Warning: The 'NO_COLOR' env is ignored due to the 'FORCE_COLOR' env being set.
(Use `node --trace-warnings ...` to show where the warning was created)
  ✓  75 [desktop-chromium] › tests/e2e/technology-viewer.spec.ts:581:1 › pending slide locks navigation and commits only fully loaded selection (715ms)
  ✓  77 [desktop-chromium] › tests/e2e/technology-viewer.spec.ts:602:1 › failed CyberMind warm and selection recover with explicit Retry without skipping the group (628ms)
  ✓  78 [desktop-chromium] › tests/e2e/technology-viewer.spec.ts:618:1 › pending group blocks gestures and repeated keys while close remains available (639ms)
  ✓  76 [desktop-firefox] › tests/e2e/technology-viewer.spec.ts:6:1 › technology artwork keeps its native proportions as Safari chrome changes the visible height (1.8s)
  ✓  79 [desktop-firefox] › tests/e2e/technology-viewer.spec.ts:49:1 › technology PNGs preserve every original pixel outside the title mask (291ms)
  ✓  80 [desktop-firefox] › tests/e2e/technology-viewer.spec.ts:86:1 › technology descriptions render all source text in the decoded image coordinates (994ms)
  ✘  70 [desktop-firefox] › tests/e2e/technology-loading.spec.ts:124:1 › loading and retry fit every locale including Arabic at a short phone height (11.9s)
  ✓  81 [desktop-firefox] › tests/e2e/technology-viewer.spec.ts:117:1 › technology viewer opens from both story controls and pages through clean images (2.2s)
  ✘  82 [desktop-firefox] › tests/e2e/technology-viewer.spec.ts:211:1 › technology viewer supports touch pointers, Escape and Arabic framing (6.3s)
(node:47338) Warning: The 'NO_COLOR' env is ignored due to the 'FORCE_COLOR' env being set.
(Use `node --trace-warnings ...` to show where the warning was created)
  ✓  83 [desktop-firefox] › tests/e2e/technology-viewer.spec.ts:257:1 › previous artwork stays visible while the next slide loads (1.1s)
  ✘  84 [desktop-firefox] › tests/e2e/technology-viewer.spec.ts:280:1 › failed warm-up and failed selection retry the same image (6.0s)
(node:47373) Warning: The 'NO_COLOR' env is ignored due to the 'FORCE_COLOR' env being set.
(Use `node --trace-warnings ...` to show where the warning was created)
  ✓  85 [desktop-firefox] › tests/e2e/technology-viewer.spec.ts:302:1 › two photos of each group warm after load; remaining photos start together on open (1.2s)
  ✓  86 [desktop-firefox] › tests/e2e/technology-viewer.spec.ts:324:1 › incomplete hero protects the main view before technology can be opened (675ms)
  ✓  87 [desktop-firefox] › tests/e2e/technology-viewer.spec.ts:340:1 › four photos warm at low priority; retained decoded images are reused offline across groups (1.0s)
  ✓  88 [desktop-firefox] › tests/e2e/technology-viewer.spec.ts:387:1 › swipe completes when the pointer leaves the artwork (521ms)
  ✓  89 [desktop-firefox] › tests/e2e/technology-viewer.spec.ts:403:1 › technology viewer hides landing paint beneath browser chrome and restores it on close (1.3s)
  ✓  90 [desktop-firefox] › tests/e2e/technology-viewer.spec.ts:446:1 › metal contour reaches mobile side edges and the image stays inside its cutout (812ms)
  ✓  91 [desktop-firefox] › tests/e2e/technology-viewer.spec.ts:476:1 › CyberMind PNGs retain native RGB, alpha and resolution outside title glyphs (209ms)
  ✓  92 [desktop-firefox] › tests/e2e/technology-viewer.spec.ts:503:1 › CyberMind uses two interactive slides, a live title and two-axis navigation (1.2s)
  ✓  93 [desktop-firefox] › tests/e2e/technology-viewer.spec.ts:555:1 › CyberMind descriptions fit all locales and omit source folios (4.3s)
  ✓  94 [desktop-firefox] › tests/e2e/technology-viewer.spec.ts:581:1 › pending slide locks navigation and commits only fully loaded selection (692ms)
  ✓  95 [desktop-firefox] › tests/e2e/technology-viewer.spec.ts:602:1 › failed CyberMind warm and selection recover with explicit Retry without skipping the group (914ms)
  ✓  96 [desktop-firefox] › tests/e2e/technology-viewer.spec.ts:618:1 › pending group blocks gestures and repeated keys while close remains available (668ms)


  1) [iphone-17-pro-webkit] › tests/e2e/technology-loading.spec.ts:124:1 › loading and retry fit every locale including Arabic at a short phone height

    Error: expect(locator).toBeVisible() failed

    Locator: locator('.technology-viewer__loading').locator('button')
    Expected: visible
    Timeout: 5000ms
    Error: element(s) not found

    Call log:
      - Expect "toBeVisible" locator('.technology-viewer__loading').locator('button') with timeout 5000ms
      - waiting for locator('.technology-viewer__loading').locator('button')


      129 |     await page.locator('[data-technology-open]').first().click();
      130 |     const loader = page.locator('.technology-viewer__loading');
    > 131 |     await expect(loader.locator('button')).toBeVisible();
          |                                            ^
      132 |     const fit = await loader.locator('p,button').evaluateAll(elements => elements.map(element => ({ width: element.scrollWidth, available: element.clientWidth })));
      133 |     for (const item of fit) expect(item.width).toBeLessThanOrEqual(item.available + 1);
      134 |     if (locale === 'ar') await expect(loader).toHaveAttribute('dir', 'rtl');
        at /Users/asmirnou/Projects/g/ramsider/tests/e2e/technology-loading.spec.ts:131:44

    attachment #1: screenshot (image/png) ──────────────────────────────────────────────────────────
    test-results/technology-loading-loading-7e30f-bic-at-a-short-phone-height-iphone-17-pro-webkit/test-failed-1.png
    ────────────────────────────────────────────────────────────────────────────────────────────────

    Error Context: test-results/technology-loading-loading-7e30f-bic-at-a-short-phone-height-iphone-17-pro-webkit/error-context.md

  2) [desktop-firefox] › tests/e2e/technology-loading.spec.ts:124:1 › loading and retry fit every locale including Arabic at a short phone height

    Error: expect(locator).toBeVisible() failed

    Locator: locator('.technology-viewer__loading').locator('button')
    Expected: visible
    Timeout: 5000ms
    Error: element(s) not found

    Call log:
      - Expect "toBeVisible" locator('.technology-viewer__loading').locator('button') with timeout 5000ms
      - waiting for locator('.technology-viewer__loading').locator('button')


      129 |     await page.locator('[data-technology-open]').first().click();
      130 |     const loader = page.locator('.technology-viewer__loading');
    > 131 |     await expect(loader.locator('button')).toBeVisible();
          |                                            ^
      132 |     const fit = await loader.locator('p,button').evaluateAll(elements => elements.map(element => ({ width: element.scrollWidth, available: element.clientWidth })));
      133 |     for (const item of fit) expect(item.width).toBeLessThanOrEqual(item.available + 1);
      134 |     if (locale === 'ar') await expect(loader).toHaveAttribute('dir', 'rtl');
        at /Users/asmirnou/Projects/g/ramsider/tests/e2e/technology-loading.spec.ts:131:44

    attachment #1: screenshot (image/png) ──────────────────────────────────────────────────────────
    test-results/technology-loading-loading-7e30f-bic-at-a-short-phone-height-desktop-firefox/test-failed-1.png
    ────────────────────────────────────────────────────────────────────────────────────────────────

    Error Context: test-results/technology-loading-loading-7e30f-bic-at-a-short-phone-height-desktop-firefox/error-context.md

  3) [desktop-firefox] › tests/e2e/technology-viewer.spec.ts:211:1 › technology viewer supports touch pointers, Escape and Arabic framing

    Error: expect(locator).toBeVisible() failed

    Locator:  locator('#technology-viewer')
    Expected: visible
    Received: hidden
    Timeout:  5000ms

    Call log:
      - Expect "toBeVisible" locator('#technology-viewer') with timeout 5000ms
      - waiting for locator('#technology-viewer')
        13 × locator resolved to <dialog tabindex="-1" aria-busy="false" aria-label="HeatCore" data-group="HeatCore" id="technology-viewer" class="technology-viewer" aria-describedby="technology-viewer-instructions">…</dialog>
           - unexpected value "hidden"


      214 |   await page.locator('[data-technology-open]').first().click();
      215 |   const viewer = page.locator('#technology-viewer');
    > 216 |   await expect(viewer).toBeVisible();
          |                        ^
      217 |   const stage = viewer.locator('.technology-viewer__stage');
      218 |   const box = await stage.boundingBox();
      219 |   if (!box) throw new Error('Missing technology stage');
        at /Users/asmirnou/Projects/g/ramsider/tests/e2e/technology-viewer.spec.ts:216:24

    attachment #1: screenshot (image/png) ──────────────────────────────────────────────────────────
    test-results/technology-viewer-technolo-c3c98-s-Escape-and-Arabic-framing-desktop-firefox/test-failed-1.png
    ────────────────────────────────────────────────────────────────────────────────────────────────

    Error Context: test-results/technology-viewer-technolo-c3c98-s-Escape-and-Arabic-framing-desktop-firefox/error-context.md

  4) [desktop-firefox] › tests/e2e/technology-viewer.spec.ts:280:1 › failed warm-up and failed selection retry the same image

    Error: expect(received).toBe(expected) // Object.is equality

    Expected: 2
    Received: 1

    Call Log:
    - Timeout 5000ms exceeded while waiting on the predicate

      289 |   await page.waitForTimeout(150);
      290 |   await page.locator('[data-technology-open]').first().click();
    > 291 |   await expect.poll(() => requests).toBe(2);
          |                                     ^
      292 |   await page.waitForTimeout(150);
      293 |   const stage = page.locator('#technology-viewer .technology-viewer__stage');
      294 |   await page.locator('.technology-viewer__next-image').click();
        at /Users/asmirnou/Projects/g/ramsider/tests/e2e/technology-viewer.spec.ts:291:37

    attachment #1: screenshot (image/png) ──────────────────────────────────────────────────────────
    test-results/technology-viewer-failed-w-3e27f-ection-retry-the-same-image-desktop-firefox/test-failed-1.png
    ────────────────────────────────────────────────────────────────────────────────────────────────

    Error Context: test-results/technology-viewer-failed-w-3e27f-ection-retry-the-same-image-desktop-firefox/error-context.md

  4 failed
    [iphone-17-pro-webkit] › tests/e2e/technology-loading.spec.ts:124:1 › loading and retry fit every locale including Arabic at a short phone height
    [desktop-firefox] › tests/e2e/technology-loading.spec.ts:124:1 › loading and retry fit every locale including Arabic at a short phone height
    [desktop-firefox] › tests/e2e/technology-viewer.spec.ts:211:1 › technology viewer supports touch pointers, Escape and Arabic framing
    [desktop-firefox] › tests/e2e/technology-viewer.spec.ts:280:1 › failed warm-up and failed selection retry the same image
  92 passed (1.4m)
