
Running 100 tests using 2 workers

(node:59900) Warning: The 'NO_COLOR' env is ignored due to the 'FORCE_COLOR' env being set.
(Use `node --trace-warnings ...` to show where the warning was created)
(node:59901) Warning: The 'NO_COLOR' env is ignored due to the 'FORCE_COLOR' env being set.
(Use `node --trace-warnings ...` to show where the warning was created)
  ✓    1 [iphone-17-pro-webkit] › tests/e2e/technology-loading.spec.ts:7:1 › a partially transferred first photo stays hidden with true progress and locked navigation (2.0s)
  ✓    2 [iphone-17-pro-webkit] › tests/e2e/technology-viewer.spec.ts:7:1 › technology artwork keeps its native proportions as Safari chrome changes the visible height (2.3s)
  ✓    4 [iphone-17-pro-webkit] › tests/e2e/technology-viewer.spec.ts:50:1 › technology PNGs preserve every original pixel outside the title mask (613ms)
  ✓    3 [iphone-17-pro-webkit] › tests/e2e/technology-loading.spec.ts:61:1 › invalid first image has white backing and retry; close never traps the user (1.6s)
  ✓    6 [iphone-17-pro-webkit] › tests/e2e/technology-loading.spec.ts:79:1 › retry replaces a corrupt HTTP 200 retained in the real browser cache (1.6s)
  ✓    5 [iphone-17-pro-webkit] › tests/e2e/technology-viewer.spec.ts:87:1 › technology descriptions render all source text in the decoded image coordinates (2.5s)
  ✓    7 [iphone-17-pro-webkit] › tests/e2e/technology-loading.spec.ts:124:1 › horizontal swipes stop at both ends and reverse through preceding photos (878ms)
  ✓    9 [iphone-17-pro-webkit] › tests/e2e/technology-loading.spec.ts:144:1 › contained artwork and controls adapt to short landscape, tablet and desktop (1.9s)
  ✓    8 [iphone-17-pro-webkit] › tests/e2e/technology-viewer.spec.ts:118:1 › technology viewer opens from both story controls and pages through clean images (3.2s)
  ✓   11 [iphone-17-pro-webkit] › tests/e2e/technology-viewer.spec.ts:212:1 › technology viewer supports touch pointers, Escape and Arabic framing (2.1s)
  ✓   12 [iphone-17-pro-webkit] › tests/e2e/technology-viewer.spec.ts:258:1 › previous artwork stays visible while the next slide loads (962ms)
  ✓   10 [iphone-17-pro-webkit] › tests/e2e/technology-loading.spec.ts:170:1 › loading and retry fit every locale including Arabic at a short phone height (5.0s)
  ✓   13 [iphone-17-pro-webkit] › tests/e2e/technology-viewer.spec.ts:281:1 › failed warm-up and failed selection retry the same image (1.4s)
(node:60119) Warning: The 'NO_COLOR' env is ignored due to the 'FORCE_COLOR' env being set.
(Use `node --trace-warnings ...` to show where the warning was created)
  ✓   14 [iphone-17-pro-webkit] › tests/e2e/technology-viewer.spec.ts:303:1 › two photos of each group warm after load; remaining photos start together on open (1.1s)
  ✓   15 [iphone-17-pro-max-webkit] › tests/e2e/technology-loading.spec.ts:7:1 › a partially transferred first photo stays hidden with true progress and locked navigation (1.3s)
  ✓   16 [iphone-17-pro-webkit] › tests/e2e/technology-viewer.spec.ts:325:1 › incomplete hero protects the main view before technology can be opened (888ms)
  ✓   17 [iphone-17-pro-max-webkit] › tests/e2e/technology-loading.spec.ts:61:1 › invalid first image has white backing and retry; close never traps the user (1.2s)
  ✓   18 [iphone-17-pro-webkit] › tests/e2e/technology-viewer.spec.ts:341:1 › four photos warm at low priority; retained decoded images are reused offline across groups (1.7s)
  ✓   19 [iphone-17-pro-max-webkit] › tests/e2e/technology-loading.spec.ts:79:1 › retry replaces a corrupt HTTP 200 retained in the real browser cache (1.1s)
  ✓   20 [iphone-17-pro-webkit] › tests/e2e/technology-viewer.spec.ts:388:1 › swipe completes when the pointer leaves the artwork (776ms)
  ✓   21 [iphone-17-pro-max-webkit] › tests/e2e/technology-loading.spec.ts:124:1 › horizontal swipes stop at both ends and reverse through preceding photos (1.0s)
  ✓   22 [iphone-17-pro-webkit] › tests/e2e/technology-viewer.spec.ts:404:1 › technology viewer hides landing paint beneath browser chrome and restores it on close (1.9s)
  ✓   23 [iphone-17-pro-max-webkit] › tests/e2e/technology-loading.spec.ts:144:1 › contained artwork and controls adapt to short landscape, tablet and desktop (1.8s)
  ✓   24 [iphone-17-pro-webkit] › tests/e2e/technology-viewer.spec.ts:447:1 › metal contour reaches mobile side edges and the image stays inside its cutout (968ms)
  ✓   26 [iphone-17-pro-webkit] › tests/e2e/technology-viewer.spec.ts:477:1 › CyberMind PNGs retain native RGB, alpha and resolution outside title glyphs (200ms)
  ✓   27 [iphone-17-pro-webkit] › tests/e2e/technology-viewer.spec.ts:504:1 › CyberMind uses two interactive slides, a live title and two-axis navigation (1.8s)
  ✓   25 [iphone-17-pro-max-webkit] › tests/e2e/technology-loading.spec.ts:170:1 › loading and retry fit every locale including Arabic at a short phone height (5.3s)
  ✓   29 [iphone-17-pro-max-webkit] › tests/e2e/technology-viewer.spec.ts:7:1 › technology artwork keeps its native proportions as Safari chrome changes the visible height (1.4s)
  ✓   30 [iphone-17-pro-max-webkit] › tests/e2e/technology-viewer.spec.ts:50:1 › technology PNGs preserve every original pixel outside the title mask (345ms)
  ✓   28 [iphone-17-pro-webkit] › tests/e2e/technology-viewer.spec.ts:556:1 › CyberMind descriptions fit all locales and omit source folios (5.1s)
  ✓   32 [iphone-17-pro-webkit] › tests/e2e/technology-viewer.spec.ts:582:1 › pending slide locks navigation and commits only fully loaded selection (939ms)
  ✓   31 [iphone-17-pro-max-webkit] › tests/e2e/technology-viewer.spec.ts:87:1 › technology descriptions render all source text in the decoded image coordinates (1.7s)
  ✓   33 [iphone-17-pro-webkit] › tests/e2e/technology-viewer.spec.ts:603:1 › failed CyberMind warm and selection recover with explicit Retry without skipping the group (990ms)
  ✓   35 [iphone-17-pro-webkit] › tests/e2e/technology-viewer.spec.ts:619:1 › pending group blocks gestures and repeated keys while close remains available (1.0s)
(node:60520) Warning: The 'NO_COLOR' env is ignored due to the 'FORCE_COLOR' env being set.
(Use `node --trace-warnings ...` to show where the warning was created)
  ✓   34 [iphone-17-pro-max-webkit] › tests/e2e/technology-viewer.spec.ts:118:1 › technology viewer opens from both story controls and pages through clean images (3.3s)
  ✓   36 [desktop-chromium] › tests/e2e/technology-loading.spec.ts:7:1 › a partially transferred first photo stays hidden with true progress and locked navigation (1.6s)
  ✓   38 [desktop-chromium] › tests/e2e/technology-loading.spec.ts:61:1 › invalid first image has white backing and retry; close never traps the user (1.4s)
  ✓   37 [iphone-17-pro-max-webkit] › tests/e2e/technology-viewer.spec.ts:212:1 › technology viewer supports touch pointers, Escape and Arabic framing (2.5s)
  ✓   39 [desktop-chromium] › tests/e2e/technology-loading.spec.ts:79:1 › retry replaces a corrupt HTTP 200 retained in the real browser cache (784ms)
  ✓   41 [desktop-chromium] › tests/e2e/technology-loading.spec.ts:124:1 › horizontal swipes stop at both ends and reverse through preceding photos (699ms)
  ✓   40 [iphone-17-pro-max-webkit] › tests/e2e/technology-viewer.spec.ts:258:1 › previous artwork stays visible while the next slide loads (1.1s)
  ✓   42 [desktop-chromium] › tests/e2e/technology-loading.spec.ts:144:1 › contained artwork and controls adapt to short landscape, tablet and desktop (871ms)
  ✓   43 [iphone-17-pro-max-webkit] › tests/e2e/technology-viewer.spec.ts:281:1 › failed warm-up and failed selection retry the same image (1.8s)
  ✓   45 [iphone-17-pro-max-webkit] › tests/e2e/technology-viewer.spec.ts:303:1 › two photos of each group warm after load; remaining photos start together on open (2.2s)
  ✓   46 [iphone-17-pro-max-webkit] › tests/e2e/technology-viewer.spec.ts:325:1 › incomplete hero protects the main view before technology can be opened (1.0s)
  ✓   44 [desktop-chromium] › tests/e2e/technology-loading.spec.ts:170:1 › loading and retry fit every locale including Arabic at a short phone height (5.3s)
  ✓   48 [desktop-chromium] › tests/e2e/technology-viewer.spec.ts:7:1 › technology artwork keeps its native proportions as Safari chrome changes the visible height (798ms)
  ✓   47 [iphone-17-pro-max-webkit] › tests/e2e/technology-viewer.spec.ts:341:1 › four photos warm at low priority; retained decoded images are reused offline across groups (1.8s)
  ✓   49 [desktop-chromium] › tests/e2e/technology-viewer.spec.ts:50:1 › technology PNGs preserve every original pixel outside the title mask (302ms)
  ✓   50 [iphone-17-pro-max-webkit] › tests/e2e/technology-viewer.spec.ts:388:1 › swipe completes when the pointer leaves the artwork (877ms)
  ✓   51 [desktop-chromium] › tests/e2e/technology-viewer.spec.ts:87:1 › technology descriptions render all source text in the decoded image coordinates (1.1s)
  ✓   52 [iphone-17-pro-max-webkit] › tests/e2e/technology-viewer.spec.ts:404:1 › technology viewer hides landing paint beneath browser chrome and restores it on close (1.8s)
  ✓   53 [desktop-chromium] › tests/e2e/technology-viewer.spec.ts:118:1 › technology viewer opens from both story controls and pages through clean images (2.2s)
  ✓   54 [iphone-17-pro-max-webkit] › tests/e2e/technology-viewer.spec.ts:447:1 › metal contour reaches mobile side edges and the image stays inside its cutout (1.0s)
  ✓   56 [iphone-17-pro-max-webkit] › tests/e2e/technology-viewer.spec.ts:477:1 › CyberMind PNGs retain native RGB, alpha and resolution outside title glyphs (211ms)
  ✓   55 [desktop-chromium] › tests/e2e/technology-viewer.spec.ts:212:1 › technology viewer supports touch pointers, Escape and Arabic framing (1.7s)
  ✓   57 [iphone-17-pro-max-webkit] › tests/e2e/technology-viewer.spec.ts:504:1 › CyberMind uses two interactive slides, a live title and two-axis navigation (1.9s)
  ✓   58 [desktop-chromium] › tests/e2e/technology-viewer.spec.ts:258:1 › previous artwork stays visible while the next slide loads (594ms)
  ✓   60 [desktop-chromium] › tests/e2e/technology-viewer.spec.ts:281:1 › failed warm-up and failed selection retry the same image (1.0s)
  ✓   61 [desktop-chromium] › tests/e2e/technology-viewer.spec.ts:303:1 › two photos of each group warm after load; remaining photos start together on open (985ms)
  ✓   62 [desktop-chromium] › tests/e2e/technology-viewer.spec.ts:325:1 › incomplete hero protects the main view before technology can be opened (765ms)
  ✓   63 [desktop-chromium] › tests/e2e/technology-viewer.spec.ts:341:1 › four photos warm at low priority; retained decoded images are reused offline across groups (1.5s)
  ✓   64 [desktop-chromium] › tests/e2e/technology-viewer.spec.ts:388:1 › swipe completes when the pointer leaves the artwork (845ms)
  ✓   65 [desktop-chromium] › tests/e2e/technology-viewer.spec.ts:404:1 › technology viewer hides landing paint beneath browser chrome and restores it on close (1.4s)
  ✓   59 [iphone-17-pro-max-webkit] › tests/e2e/technology-viewer.spec.ts:556:1 › CyberMind descriptions fit all locales and omit source folios (6.8s)
  ✓   66 [desktop-chromium] › tests/e2e/technology-viewer.spec.ts:447:1 › metal contour reaches mobile side edges and the image stays inside its cutout (614ms)
  ✓   68 [desktop-chromium] › tests/e2e/technology-viewer.spec.ts:477:1 › CyberMind PNGs retain native RGB, alpha and resolution outside title glyphs (171ms)
  ✓   67 [iphone-17-pro-max-webkit] › tests/e2e/technology-viewer.spec.ts:582:1 › pending slide locks navigation and commits only fully loaded selection (949ms)
  ✓   69 [desktop-chromium] › tests/e2e/technology-viewer.spec.ts:504:1 › CyberMind uses two interactive slides, a live title and two-axis navigation (963ms)
  ✓   70 [iphone-17-pro-max-webkit] › tests/e2e/technology-viewer.spec.ts:603:1 › failed CyberMind warm and selection recover with explicit Retry without skipping the group (1.0s)
  ✓   72 [iphone-17-pro-max-webkit] › tests/e2e/technology-viewer.spec.ts:619:1 › pending group blocks gestures and repeated keys while close remains available (1.3s)
(node:61221) Warning: The 'NO_COLOR' env is ignored due to the 'FORCE_COLOR' env being set.
(Use `node --trace-warnings ...` to show where the warning was created)
  ✓   73 [desktop-firefox] › tests/e2e/technology-loading.spec.ts:7:1 › a partially transferred first photo stays hidden with true progress and locked navigation (1.5s)
  ✓   71 [desktop-chromium] › tests/e2e/technology-viewer.spec.ts:556:1 › CyberMind descriptions fit all locales and omit source folios (5.2s)
  ✓   74 [desktop-firefox] › tests/e2e/technology-loading.spec.ts:61:1 › invalid first image has white backing and retry; close never traps the user (863ms)
  ✓   75 [desktop-chromium] › tests/e2e/technology-viewer.spec.ts:582:1 › pending slide locks navigation and commits only fully loaded selection (732ms)
  ✓   76 [desktop-firefox] › tests/e2e/technology-loading.spec.ts:79:1 › retry replaces a corrupt HTTP 200 retained in the real browser cache (772ms)
  ✓   77 [desktop-chromium] › tests/e2e/technology-viewer.spec.ts:603:1 › failed CyberMind warm and selection recover with explicit Retry without skipping the group (744ms)
  ✓   78 [desktop-firefox] › tests/e2e/technology-loading.spec.ts:124:1 › horizontal swipes stop at both ends and reverse through preceding photos (702ms)
  ✓   79 [desktop-chromium] › tests/e2e/technology-viewer.spec.ts:619:1 › pending group blocks gestures and repeated keys while close remains available (729ms)
  ✓   80 [desktop-firefox] › tests/e2e/technology-loading.spec.ts:144:1 › contained artwork and controls adapt to short landscape, tablet and desktop (768ms)
(node:61306) Warning: The 'NO_COLOR' env is ignored due to the 'FORCE_COLOR' env being set.
(Use `node --trace-warnings ...` to show where the warning was created)
  ✓   82 [desktop-firefox] › tests/e2e/technology-viewer.spec.ts:7:1 › technology artwork keeps its native proportions as Safari chrome changes the visible height (2.3s)
  ✓   83 [desktop-firefox] › tests/e2e/technology-viewer.spec.ts:50:1 › technology PNGs preserve every original pixel outside the title mask (347ms)
  ✓   84 [desktop-firefox] › tests/e2e/technology-viewer.spec.ts:87:1 › technology descriptions render all source text in the decoded image coordinates (1.2s)
  ✓   81 [desktop-firefox] › tests/e2e/technology-loading.spec.ts:170:1 › loading and retry fit every locale including Arabic at a short phone height (5.9s)
  ✓   85 [desktop-firefox] › tests/e2e/technology-viewer.spec.ts:118:1 › technology viewer opens from both story controls and pages through clean images (2.5s)
  ✓   86 [desktop-firefox] › tests/e2e/technology-viewer.spec.ts:212:1 › technology viewer supports touch pointers, Escape and Arabic framing (1.7s)
  ✓   87 [desktop-firefox] › tests/e2e/technology-viewer.spec.ts:258:1 › previous artwork stays visible while the next slide loads (727ms)
  ✓   88 [desktop-firefox] › tests/e2e/technology-viewer.spec.ts:281:1 › failed warm-up and failed selection retry the same image (1.1s)
  ✓   89 [desktop-firefox] › tests/e2e/technology-viewer.spec.ts:303:1 › two photos of each group warm after load; remaining photos start together on open (668ms)
  ✓   90 [desktop-firefox] › tests/e2e/technology-viewer.spec.ts:325:1 › incomplete hero protects the main view before technology can be opened (510ms)
  ✓   91 [desktop-firefox] › tests/e2e/technology-viewer.spec.ts:341:1 › four photos warm at low priority; retained decoded images are reused offline across groups (1.0s)
  ✓   92 [desktop-firefox] › tests/e2e/technology-viewer.spec.ts:388:1 › swipe completes when the pointer leaves the artwork (989ms)
  ✓   93 [desktop-firefox] › tests/e2e/technology-viewer.spec.ts:404:1 › technology viewer hides landing paint beneath browser chrome and restores it on close (2.1s)
  ✓   94 [desktop-firefox] › tests/e2e/technology-viewer.spec.ts:447:1 › metal contour reaches mobile side edges and the image stays inside its cutout (526ms)
  ✓   95 [desktop-firefox] › tests/e2e/technology-viewer.spec.ts:477:1 › CyberMind PNGs retain native RGB, alpha and resolution outside title glyphs (162ms)
  ✓   96 [desktop-firefox] › tests/e2e/technology-viewer.spec.ts:504:1 › CyberMind uses two interactive slides, a live title and two-axis navigation (1.3s)
  ✓   97 [desktop-firefox] › tests/e2e/technology-viewer.spec.ts:556:1 › CyberMind descriptions fit all locales and omit source folios (6.1s)
  ✓   98 [desktop-firefox] › tests/e2e/technology-viewer.spec.ts:582:1 › pending slide locks navigation and commits only fully loaded selection (698ms)
  ✓   99 [desktop-firefox] › tests/e2e/technology-viewer.spec.ts:603:1 › failed CyberMind warm and selection recover with explicit Retry without skipping the group (670ms)
  ✓  100 [desktop-firefox] › tests/e2e/technology-viewer.spec.ts:619:1 › pending group blocks gestures and repeated keys while close remains available (716ms)

  100 passed (1.5m)
