
Running 24 tests using 2 workers

(node:64013) Warning: The 'NO_COLOR' env is ignored due to the 'FORCE_COLOR' env being set.
(Use `node --trace-warnings ...` to show where the warning was created)
(node:64014) Warning: The 'NO_COLOR' env is ignored due to the 'FORCE_COLOR' env being set.
(Use `node --trace-warnings ...` to show where the warning was created)
  ✓   2 [iphone-17-pro-webkit] › tests/e2e/technology-loading.spec.ts:7:1 › a partially transferred first photo stays hidden with true progress and locked navigation (2.6s)
  ✓   1 [iphone-17-pro-max-webkit] › tests/e2e/technology-loading.spec.ts:7:1 › a partially transferred first photo stays hidden with true progress and locked navigation (2.7s)
  ✓   3 [iphone-17-pro-webkit] › tests/e2e/technology-loading.spec.ts:61:1 › invalid first image has white backing and retry; close never traps the user (1.4s)
  ✓   4 [iphone-17-pro-max-webkit] › tests/e2e/technology-loading.spec.ts:61:1 › invalid first image has white backing and retry; close never traps the user (1.3s)
  ✓   5 [iphone-17-pro-webkit] › tests/e2e/technology-loading.spec.ts:79:1 › retry replaces a corrupt HTTP 200 retained in the real browser cache (1.4s)
  ✓   6 [iphone-17-pro-max-webkit] › tests/e2e/technology-loading.spec.ts:79:1 › retry replaces a corrupt HTTP 200 retained in the real browser cache (1.4s)
  ✓   7 [iphone-17-pro-webkit] › tests/e2e/technology-loading.spec.ts:124:1 › horizontal swipes stop at both ends and reverse through preceding photos (1.4s)
  ✓   8 [iphone-17-pro-max-webkit] › tests/e2e/technology-loading.spec.ts:124:1 › horizontal swipes stop at both ends and reverse through preceding photos (1.4s)
  ✓   9 [iphone-17-pro-webkit] › tests/e2e/technology-loading.spec.ts:144:1 › contained artwork and controls adapt to short landscape, tablet and desktop (2.0s)
  ✓  10 [iphone-17-pro-max-webkit] › tests/e2e/technology-loading.spec.ts:144:1 › contained artwork and controls adapt to short landscape, tablet and desktop (2.0s)
  ✓  11 [iphone-17-pro-webkit] › tests/e2e/technology-loading.spec.ts:172:1 › loading and retry fit every locale including Arabic at a short phone height (5.9s)
  ✓  12 [iphone-17-pro-max-webkit] › tests/e2e/technology-loading.spec.ts:172:1 › loading and retry fit every locale including Arabic at a short phone height (6.0s)
(node:64358) Warning: The 'NO_COLOR' env is ignored due to the 'FORCE_COLOR' env being set.
(Use `node --trace-warnings ...` to show where the warning was created)
(node:64357) Warning: The 'NO_COLOR' env is ignored due to the 'FORCE_COLOR' env being set.
(Use `node --trace-warnings ...` to show where the warning was created)
  ✓  13 [desktop-chromium] › tests/e2e/technology-loading.spec.ts:7:1 › a partially transferred first photo stays hidden with true progress and locked navigation (1.5s)
  ✓  14 [desktop-firefox] › tests/e2e/technology-loading.spec.ts:7:1 › a partially transferred first photo stays hidden with true progress and locked navigation (2.1s)
  ✓  15 [desktop-chromium] › tests/e2e/technology-loading.spec.ts:61:1 › invalid first image has white backing and retry; close never traps the user (1.1s)
  ✓  17 [desktop-chromium] › tests/e2e/technology-loading.spec.ts:79:1 › retry replaces a corrupt HTTP 200 retained in the real browser cache (805ms)
  ✓  16 [desktop-firefox] › tests/e2e/technology-loading.spec.ts:61:1 › invalid first image has white backing and retry; close never traps the user (1.2s)
  ✓  18 [desktop-chromium] › tests/e2e/technology-loading.spec.ts:124:1 › horizontal swipes stop at both ends and reverse through preceding photos (601ms)
  ✓  19 [desktop-firefox] › tests/e2e/technology-loading.spec.ts:79:1 › retry replaces a corrupt HTTP 200 retained in the real browser cache (1.2s)
  ✓  20 [desktop-chromium] › tests/e2e/technology-loading.spec.ts:144:1 › contained artwork and controls adapt to short landscape, tablet and desktop (1.1s)
  ✓  21 [desktop-firefox] › tests/e2e/technology-loading.spec.ts:124:1 › horizontal swipes stop at both ends and reverse through preceding photos (1.3s)
  ✓  23 [desktop-firefox] › tests/e2e/technology-loading.spec.ts:144:1 › contained artwork and controls adapt to short landscape, tablet and desktop (1.3s)
  ✓  22 [desktop-chromium] › tests/e2e/technology-loading.spec.ts:172:1 › loading and retry fit every locale including Arabic at a short phone height (5.4s)
  ✓  24 [desktop-firefox] › tests/e2e/technology-loading.spec.ts:172:1 › loading and retry fit every locale including Arabic at a short phone height (6.3s)

  24 passed (31.6s)
