
Running 44 tests using 2 workers

(node:42900) Warning: The 'NO_COLOR' env is ignored due to the 'FORCE_COLOR' env being set.
(Use `node --trace-warnings ...` to show where the warning was created)
(node:42901) Warning: The 'NO_COLOR' env is ignored due to the 'FORCE_COLOR' env being set.
(Use `node --trace-warnings ...` to show where the warning was created)
  ✓   1 [iphone-17-pro-webkit] › tests/e2e/technology-viewer.spec.ts:6:1 › technology PNGs preserve every original pixel outside the title mask (601ms)
  ✓   2 [iphone-17-pro-max-webkit] › tests/e2e/technology-viewer.spec.ts:6:1 › technology PNGs preserve every original pixel outside the title mask (599ms)
  ✓   3 [iphone-17-pro-webkit] › tests/e2e/technology-viewer.spec.ts:43:1 › technology descriptions render all source text in the decoded image coordinates (2.5s)
  ✓   4 [iphone-17-pro-max-webkit] › tests/e2e/technology-viewer.spec.ts:43:1 › technology descriptions render all source text in the decoded image coordinates (2.6s)
  ✓   5 [iphone-17-pro-webkit] › tests/e2e/technology-viewer.spec.ts:74:1 › technology viewer opens from both story controls and pages through clean images (2.9s)
  ✓   6 [iphone-17-pro-max-webkit] › tests/e2e/technology-viewer.spec.ts:74:1 › technology viewer opens from both story controls and pages through clean images (3.0s)
  ✓   7 [iphone-17-pro-webkit] › tests/e2e/technology-viewer.spec.ts:163:1 › technology viewer supports touch pointers, Escape and Arabic framing (1.6s)
  ✓   8 [iphone-17-pro-max-webkit] › tests/e2e/technology-viewer.spec.ts:163:1 › technology viewer supports touch pointers, Escape and Arabic framing (1.7s)
  ✓   9 [iphone-17-pro-webkit] › tests/e2e/technology-viewer.spec.ts:206:1 › previous artwork stays visible while the next slide loads (752ms)
  ✓  10 [iphone-17-pro-max-webkit] › tests/e2e/technology-viewer.spec.ts:206:1 › previous artwork stays visible while the next slide loads (818ms)
  ✓  11 [iphone-17-pro-webkit] › tests/e2e/technology-viewer.spec.ts:229:1 › failed warm-up and failed selection retry the same image (1.2s)
  ✓  12 [iphone-17-pro-max-webkit] › tests/e2e/technology-viewer.spec.ts:229:1 › failed warm-up and failed selection retry the same image (1.3s)
  ✓  13 [iphone-17-pro-webkit] › tests/e2e/technology-viewer.spec.ts:256:1 › all four photos start in parallel only after main page load (798ms)
  ✓  14 [iphone-17-pro-max-webkit] › tests/e2e/technology-viewer.spec.ts:256:1 › all four photos start in parallel only after main page load (771ms)
  ✓  15 [iphone-17-pro-webkit] › tests/e2e/technology-viewer.spec.ts:280:1 › early opening starts all four without waiting for main page load (759ms)
  ✓  16 [iphone-17-pro-max-webkit] › tests/e2e/technology-viewer.spec.ts:280:1 › early opening starts all four without waiting for main page load (782ms)
  ✓  17 [iphone-17-pro-webkit] › tests/e2e/technology-viewer.spec.ts:296:1 › post-load images are decoded and reused offline for swiping and reopening (993ms)
  ✓  18 [iphone-17-pro-max-webkit] › tests/e2e/technology-viewer.spec.ts:296:1 › post-load images are decoded and reused offline for swiping and reopening (1.0s)
  ✓  19 [iphone-17-pro-webkit] › tests/e2e/technology-viewer.spec.ts:335:1 › swipe completes when the pointer leaves the artwork (707ms)
  ✓  20 [iphone-17-pro-max-webkit] › tests/e2e/technology-viewer.spec.ts:335:1 › swipe completes when the pointer leaves the artwork (681ms)
  ✘  21 [iphone-17-pro-webkit] › tests/e2e/technology-viewer.spec.ts:351:1 › technology viewer hides landing paint beneath browser chrome and restores it on close (869ms)
(node:43153) Warning: The 'NO_COLOR' env is ignored due to the 'FORCE_COLOR' env being set.
(Use `node --trace-warnings ...` to show where the warning was created)
  ✘  22 [iphone-17-pro-max-webkit] › tests/e2e/technology-viewer.spec.ts:351:1 › technology viewer hides landing paint beneath browser chrome and restores it on close (921ms)
(node:43154) Warning: The 'NO_COLOR' env is ignored due to the 'FORCE_COLOR' env being set.
(Use `node --trace-warnings ...` to show where the warning was created)
  ✓  23 [desktop-chromium] › tests/e2e/technology-viewer.spec.ts:6:1 › technology PNGs preserve every original pixel outside the title mask (267ms)
  ✓  25 [desktop-firefox] › tests/e2e/technology-viewer.spec.ts:6:1 › technology PNGs preserve every original pixel outside the title mask (268ms)
  ✓  24 [desktop-chromium] › tests/e2e/technology-viewer.spec.ts:43:1 › technology descriptions render all source text in the decoded image coordinates (1.9s)
  ✓  27 [desktop-chromium] › tests/e2e/technology-viewer.spec.ts:74:1 › technology viewer opens from both story controls and pages through clean images (2.3s)
  ✓  26 [desktop-firefox] › tests/e2e/technology-viewer.spec.ts:43:1 › technology descriptions render all source text in the decoded image coordinates (3.9s)
  ✓  28 [desktop-chromium] › tests/e2e/technology-viewer.spec.ts:163:1 › technology viewer supports touch pointers, Escape and Arabic framing (1.2s)
  ✓  30 [desktop-chromium] › tests/e2e/technology-viewer.spec.ts:206:1 › previous artwork stays visible while the next slide loads (462ms)
  ✓  31 [desktop-chromium] › tests/e2e/technology-viewer.spec.ts:229:1 › failed warm-up and failed selection retry the same image (887ms)
  ✓  32 [desktop-chromium] › tests/e2e/technology-viewer.spec.ts:256:1 › all four photos start in parallel only after main page load (545ms)
  ✓  33 [desktop-chromium] › tests/e2e/technology-viewer.spec.ts:280:1 › early opening starts all four without waiting for main page load (591ms)
  ✓  34 [desktop-chromium] › tests/e2e/technology-viewer.spec.ts:296:1 › post-load images are decoded and reused offline for swiping and reopening (1.0s)
  ✓  35 [desktop-chromium] › tests/e2e/technology-viewer.spec.ts:335:1 › swipe completes when the pointer leaves the artwork (471ms)
  ✘  36 [desktop-chromium] › tests/e2e/technology-viewer.spec.ts:351:1 › technology viewer hides landing paint beneath browser chrome and restores it on close (560ms)
  ✓  29 [desktop-firefox] › tests/e2e/technology-viewer.spec.ts:74:1 › technology viewer opens from both story controls and pages through clean images (5.1s)
  ✓  37 [desktop-firefox] › tests/e2e/technology-viewer.spec.ts:163:1 › technology viewer supports touch pointers, Escape and Arabic framing (1.9s)
  ✓  38 [desktop-firefox] › tests/e2e/technology-viewer.spec.ts:206:1 › previous artwork stays visible while the next slide loads (861ms)
  ✓  39 [desktop-firefox] › tests/e2e/technology-viewer.spec.ts:229:1 › failed warm-up and failed selection retry the same image (1.4s)
  ✓  40 [desktop-firefox] › tests/e2e/technology-viewer.spec.ts:256:1 › all four photos start in parallel only after main page load (988ms)
  ✓  41 [desktop-firefox] › tests/e2e/technology-viewer.spec.ts:280:1 › early opening starts all four without waiting for main page load (921ms)
  ✓  42 [desktop-firefox] › tests/e2e/technology-viewer.spec.ts:296:1 › post-load images are decoded and reused offline for swiping and reopening (1.0s)
  ✓  43 [desktop-firefox] › tests/e2e/technology-viewer.spec.ts:335:1 › swipe completes when the pointer leaves the artwork (799ms)
  ✘  44 [desktop-firefox] › tests/e2e/technology-viewer.spec.ts:351:1 › technology viewer hides landing paint beneath browser chrome and restores it on close (1.5s)


  1) [iphone-17-pro-webkit] › tests/e2e/technology-viewer.spec.ts:351:1 › technology viewer hides landing paint beneath browser chrome and restores it on close

    Error: expect(received).toEqual(expected) // deep equality

    - Expected  -   1
    + Received  + 617

    - Array []
    + Array [
    +   "DIV",
    +   "DIALOG",
    +   "DIV",
    +   "DIV",
    +   "IMG",
    +   "H2",
    +   "SPAN",
    +   "svg",
    +   "text",
    +   "text",
    +   "SECTION",
    +   "svg",
    +   "foreignObject",
    +   "DIV",
    +   "H3",
    +   "foreignObject",
    +   "DIV",
    +   "H4",
    +   "SPAN",
    +   "foreignObject",
    +   "DIV",
    +   "P",
    +   "foreignObject",
    +   "DIV",
    +   "P",
    +   "foreignObject",
    +   "DIV",
    +   "H4",
    +   "SPAN",
    +   "foreignObject",
    +   "DIV",
    +   "P",
    +   "foreignObject",
    +   "DIV",
    +   "H4",
    +   "SPAN",
    +   "foreignObject",
    +   "DIV",
    +   "P",
    +   "foreignObject",
    +   "DIV",
    +   "P",
    +   "foreignObject",
    +   "DIV",
    +   "P",
    +   "foreignObject",
    +   "DIV",
    +   "P",
    +   "IMG",
    +   "BUTTON",
    +   "SPAN",
    +   "IMG",
    +   "DIV",
    +   "BUTTON",
    +   "IMG",
    +   "BUTTON",
    +   "IMG",
    +   "BUTTON",
    +   "IMG",
    +   "BUTTON",
    +   "IMG",
    +   "BUTTON",
    +   "SPAN",
    +   "IMG",
    +   "BUTTON",
    +   "P",
    +   "MAIN",
    +   "DIV",
    +   "DIV",
    +   "IMG",
    +   "IMG",
    +   "IMG",
    +   "IMG",
    +   "IMG",
    +   "IMG",
    +   "IMG",
    +   "IMG",
    +   "IMG",
    +   "IMG",
    +   "HEADER",
    +   "A",
    +   "DETAILS",
    +   "SUMMARY",
    +   "SPAN",
    +   "SPAN",
    +   "NAV",
    +   "A",
    +   "A",
    +   "A",
    +   "A",
    +   "A",
    +   "A",
    +   "A",
    +   "A",
    +   "A",
    +   "A",
    +   "A",
    +   "A",
    +   "DIV",
    +   "A",
    +   "A",
    +   "A",
    +   "A",
    +   "A",
    +   "A",
    +   "A",
    +   "A",
    +   "A",
    +   "A",
    +   "A",
    +   "IMG",
    +   "IMG",
    +   "IMG",
    +   "IMG",
    +   "IMG",
    +   "IMG",
    +   "IMG",
    +   "IMG",
    +   "IMG",
    +   "IMG",
    +   "IMG",
    +   "IMG",
    +   "IMG",
    +   "IMG",
    +   "IMG",
    +   "IMG",
    +   "IMG",
    +   "IMG",
    +   "IMG",
    +   "IMG",
    +   "IMG",
    +   "IMG",
    +   "P",
    +   "SPAN",
    +   "H1",
    +   "SPAN",
    +   "SPAN",
    +   "P",
    +   "SPAN",
    +   "BUTTON",
    +   "SPAN",
    +   "SPAN",
    +   "H2",
    +   "SPAN",
    +   "SPAN",
    +   "P",
    +   "SPAN",
    +   "SPAN",
    +   "A",
    +   "SPAN",
    +   "SPAN",
    +   "H2",
    +   "SPAN",
    +   "SPAN",
    +   "P",
    +   "SPAN",
    +   "SPAN",
    +   "H2",
    +   "SPAN",
    +   "SPAN",
    +   "P",
    +   "SPAN",
    +   "P",
    +   "SPAN",
    +   "SPAN",
    +   "P",
    +   "SPAN",
    +   "SPAN",
    +   "P",
    +   "SPAN",
    +   "SPAN",
    +   "P",
    +   "SPAN",
    +   "SPAN",
    +   "H2",
    +   "SPAN",
    +   "P",
    +   "SPAN",
    +   "BUTTON",
    +   "SPAN",
    +   "SPAN",
    +   "P",
    +   "SPAN",
    +   "P",
    +   "SPAN",
    +   "SPAN",
    +   "P",
    +   "SPAN",
    +   "SPAN",
    +   "P",
    +   "SPAN",
    +   "SPAN",
    +   "SPAN",
    +   "P",
    +   "SPAN",
    +   "SPAN",
    +   "P",
    +   "SPAN",
    +   "SPAN",
    +   "SPAN",
    +   "P",
    +   "SPAN",
    +   "SPAN",
    +   "P",
    +   "SPAN",
    +   "SPAN",
    +   "H2",
    +   "SPAN",
    +   "P",
    +   "SPAN",
    +   "SPAN",
    +   "A",
    +   "SPAN",
    +   "SPAN",
    +   "H2",
    +   "SPAN",
    +   "P",
    +   "SPAN",
    +   "SPAN",
    +   "SPAN",
    +   "BUTTON",
    +   "SPAN",
    +   "H2",
    +   "SPAN",
    +   "P",
    +   "SPAN",
    +   "SPAN",
    +   "P",
    +   "SPAN",
    +   "SPAN",
    +   "A",
    +   "SPAN",
    +   "SPAN",
    +   "BUTTON",
    +   "SPAN",
    +   "SPAN",
    +   "P",
    +   "SPAN",
    +   "H2",
    +   "SPAN",
    +   "SPAN",
    +   "P",
    +   "SPAN",
    +   "BUTTON",
    +   "SPAN",
    +   "SPAN",
    +   "P",
    +   "SPAN",
    +   "I",
    +   "SPAN",
    +   "H2",
    +   "SPAN",
    +   "SPAN",
    +   "P",
    +   "SPAN",
    +   "P",
    +   "SPAN",
    +   "P",
    +   "SPAN",
    +   "P",
    +   "SPAN",
    +   "P",
    +   "SPAN",
    +   "P",
    +   "SPAN",
    +   "P",
    +   "SPAN",
    +   "P",
    +   "SPAN",
    +   "P",
    +   "SPAN",
    +   "P",
    +   "SPAN",
    +   "BUTTON",
    +   "SPAN",
    +   "SPAN",
    +   "P",
    +   "SPAN",
    +   "I",
    +   "SPAN",
    +   "H2",
    +   "SPAN",
    +   "SPAN",
    +   "P",
    +   "SPAN",
    +   "P",
    +   "SPAN",
    +   "P",
    +   "SPAN",
    +   "P",
    +   "SPAN",
    +   "P",
    +   "SPAN",
    +   "P",
    +   "SPAN",
    +   "P",
    +   "SPAN",
    +   "P",
    +   "SPAN",
    +   "P",
    +   "SPAN",
    +   "P",
    +   "SPAN",
    +   "BUTTON",
    +   "SPAN",
    +   "SPAN",
    +   "H2",
    +   "SPAN",
    +   "SPAN",
    +   "P",
    +   "SPAN",
    +   "SPAN",
    +   "BUTTON",
    +   "SPAN",
    +   "SPAN",
    +   "H2",
    +   "SPAN",
    +   "SPAN",
    +   "P",
    +   "SPAN",
    +   "P",
    +   "SPAN",
    +   "SPAN",
    +   "P",
    +   "SPAN",
    +   "P",
    +   "SPAN",
    +   "SPAN",
    +   "P",
    +   "SPAN",
    +   "P",
    +   "SPAN",
    +   "P",
    +   "SPAN",
    +   "P",
    +   "SPAN",
    +   "SPAN",
    +   "P",
    +   "SPAN",
    +   "P",
    +   "SPAN",
    +   "P",
    +   "SPAN",
    +   "BUTTON",
    +   "SPAN",
    +   "SPAN",
    +   "H2",
    +   "SPAN",
    +   "SPAN",
    +   "P",
    +   "SPAN",
    +   "SPAN",
    +   "H2",
    +   "SPAN",
    +   "P",
    +   "SPAN",
    +   "SPAN",
    +   "H2",
    +   "SPAN",
    +   "SPAN",
    +   "P",
    +   "SPAN",
    +   "SPAN",
    +   "P",
    +   "SPAN",
    +   "I",
    +   "SPAN",
    +   "P",
    +   "SPAN",
    +   "H2",
    +   "SPAN",
    +   "SPAN",
    +   "P",
    +   "SPAN",
    +   "SPAN",
    +   "BUTTON",
    +   "SPAN",
    +   "svg",
    +   "path",
    +   "H2",
    +   "SPAN",
    +   "P",
    +   "SPAN",
    +   "BUTTON",
    +   "svg",
    +   "path",
    +   "DIV",
    +   "DIV",
    +   "DIV",
    +   "DIV",
    +   "DIV",
    +   "IMG",
    +   "STRONG",
    +   "SPAN",
    +   "SPAN",
    +   "SMALL",
    +   "SPAN",
    +   "SPAN",
    +   "BUTTON",
    +   "SPAN",
    +   "svg",
    +   "path",
    +   "DIV",
    +   "IMG",
    +   "STRONG",
    +   "SPAN",
    +   "SPAN",
    +   "SMALL",
    +   "SPAN",
    +   "SPAN",
    +   "BUTTON",
    +   "SPAN",
    +   "svg",
    +   "path",
    +   "DIV",
    +   "IMG",
    +   "STRONG",
    +   "SPAN",
    +   "SPAN",
    +   "SMALL",
    +   "SPAN",
    +   "SPAN",
    +   "BUTTON",
    +   "SPAN",
    +   "svg",
    +   "path",
    +   "DIV",
    +   "IMG",
    +   "STRONG",
    +   "SPAN",
    +   "SPAN",
    +   "SMALL",
    +   "SPAN",
    +   "SPAN",
    +   "BUTTON",
    +   "SPAN",
    +   "svg",
    +   "path",
    +   "DIV",
    +   "IMG",
    +   "STRONG",
    +   "SPAN",
    +   "SPAN",
    +   "SMALL",
    +   "SPAN",
    +   "SPAN",
    +   "BUTTON",
    +   "SPAN",
    +   "svg",
    +   "path",
    +   "DIV",
    +   "SPAN",
    +   "STRONG",
    +   "SMALL",
    +   "BUTTON",
    +   "SPAN",
    +   "svg",
    +   "path",
    +   "DIV",
    +   "DIV",
    +   "DIV",
    +   "DIV",
    +   "IMG",
    +   "DIV",
    +   "IMG",
    +   "IMG",
    +   "DIV",
    +   "IMG",
    +   "DETAILS",
    +   "SUMMARY",
    +   "SPAN",
    +   "SPAN",
    +   "P",
    +   "DIV",
    +   "DIV",
    +   "DIV",
    +   "IMG",
    +   "DETAILS",
    +   "SUMMARY",
    +   "SPAN",
    +   "P",
    +   "DIV",
    +   "DIV",
    +   "DIV",
    +   "IMG",
    +   "DETAILS",
    +   "SUMMARY",
    +   "SPAN",
    +   "P",
    +   "DIV",
    +   "DIV",
    +   "DIV",
    +   "IMG",
    +   "DETAILS",
    +   "SUMMARY",
    +   "SPAN",
    +   "P",
    +   "DIV",
    +   "DIV",
    +   "DIV",
    +   "IMG",
    +   "DETAILS",
    +   "SUMMARY",
    +   "SPAN",
    +   "P",
    +   "DIV",
    +   "DIV",
    +   "DIV",
    +   "IMG",
    +   "DETAILS",
    +   "SUMMARY",
    +   "SPAN",
    +   "P",
    +   "SECTION",
    +   "DIV",
    +   "DIV",
    +   "IMG",
    +   "IMG",
    +   "P",
    +   "SPAN",
    +   "P",
    +   "SPAN",
    +   "P",
    +   "SPAN",
    +   "P",
    +   "SPAN",
    +   "P",
    +   "SPAN",
    +   "P",
    +   "SPAN",
    +   "P",
    +   "SPAN",
    +   "P",
    +   "SPAN",
    +   "P",
    +   "SPAN",
    +   "P",
    +   "SPAN",
    +   "H2",
    +   "SPAN",
    +   "P",
    +   "SPAN",
    +   "SPAN",
    +   "SPAN",
    +   "H2",
    +   "SPAN",
    +   "P",
    +   "SPAN",
    +   "SPAN",
    +   "SPAN",
    +   "P",
    +   "SPAN",
    +   "SPAN",
    +   "H2",
    +   "SPAN",
    +   "P",
    +   "SPAN",
    +   "SPAN",
    +   "SPAN",
    +   "SPAN",
    +   "H2",
    +   "SPAN",
    +   "P",
    +   "SPAN",
    +   "SPAN",
    +   "SPAN",
    +   "SPAN",
    +   "H2",
    +   "SPAN",
    +   "SPAN",
    +   "P",
    +   "SPAN",
    +   "EM",
    +   "P",
    +   "SPAN",
    +   "SPAN",
    +   "SPAN",
    +   "BUTTON",
    +   "SPAN",
    +   "SPAN",
    +   "BUTTON",
    +   "BUTTON",
    +   "IMG",
    +   "P",
    +   "SPAN",
    +   "BUTTON",
    +   "SPAN",
    +   "SPAN",
    +   "IMG",
    +   "P",
    +   "BUTTON",
    +   "SPAN",
    +   "SPAN",
    +   "IMG",
    +   "P",
    +   "BUTTON",
    +   "SPAN",
    +   "SPAN",
    +   "IMG",
    +   "P",
    +   "BUTTON",
    +   "SPAN",
    +   "SPAN",
    +   "IMG",
    +   "DIV",
    +   "BUTTON",
    +   "SPAN",
    +   "SPAN",
    +   "SPAN",
    +   "svg",
    +   "path",
    +   "BUTTON",
    +   "svg",
    +   "path",
    +   "DIV",
    + ]

      366 |     return style.display !== 'none' && style.visibility === 'visible' && element.getBoundingClientRect().width > 0 && element.getBoundingClientRect().height > 0;
      367 |   }).map(element => element.tagName));
    > 368 |   expect(paint).toEqual([]);
          |                 ^
      369 |   await viewer.locator('img').evaluateAll(async images => { await document.fonts.ready; await Promise.all(images.map(image => (image as HTMLImageElement).decode())); });
      370 |   await page.screenshot({ path: `screenshots/actual/technology-viewer/${testInfo.project.name}-isolated-landing.png` });
      371 |   // Isolate the document plane to simulate the browser sampling outside modal paint.
        at /Users/asmirnou/Projects/g/ramsider/tests/e2e/technology-viewer.spec.ts:368:17

    attachment #1: screenshot (image/png) ──────────────────────────────────────────────────────────
    test-results/technology-viewer-technolo-e252f-me-and-restores-it-on-close-iphone-17-pro-webkit/test-failed-1.png
    ────────────────────────────────────────────────────────────────────────────────────────────────

    Error Context: test-results/technology-viewer-technolo-e252f-me-and-restores-it-on-close-iphone-17-pro-webkit/error-context.md

  2) [iphone-17-pro-max-webkit] › tests/e2e/technology-viewer.spec.ts:351:1 › technology viewer hides landing paint beneath browser chrome and restores it on close

    Error: expect(received).toEqual(expected) // deep equality

    - Expected  -   1
    + Received  + 617

    - Array []
    + Array [
    +   "DIV",
    +   "DIALOG",
    +   "DIV",
    +   "DIV",
    +   "IMG",
    +   "H2",
    +   "SPAN",
    +   "svg",
    +   "text",
    +   "text",
    +   "SECTION",
    +   "svg",
    +   "foreignObject",
    +   "DIV",
    +   "H3",
    +   "foreignObject",
    +   "DIV",
    +   "H4",
    +   "SPAN",
    +   "foreignObject",
    +   "DIV",
    +   "P",
    +   "foreignObject",
    +   "DIV",
    +   "P",
    +   "foreignObject",
    +   "DIV",
    +   "H4",
    +   "SPAN",
    +   "foreignObject",
    +   "DIV",
    +   "P",
    +   "foreignObject",
    +   "DIV",
    +   "H4",
    +   "SPAN",
    +   "foreignObject",
    +   "DIV",
    +   "P",
    +   "foreignObject",
    +   "DIV",
    +   "P",
    +   "foreignObject",
    +   "DIV",
    +   "P",
    +   "foreignObject",
    +   "DIV",
    +   "P",
    +   "IMG",
    +   "BUTTON",
    +   "SPAN",
    +   "IMG",
    +   "DIV",
    +   "BUTTON",
    +   "IMG",
    +   "BUTTON",
    +   "IMG",
    +   "BUTTON",
    +   "IMG",
    +   "BUTTON",
    +   "IMG",
    +   "BUTTON",
    +   "SPAN",
    +   "IMG",
    +   "BUTTON",
    +   "P",
    +   "MAIN",
    +   "DIV",
    +   "DIV",
    +   "IMG",
    +   "IMG",
    +   "IMG",
    +   "IMG",
    +   "IMG",
    +   "IMG",
    +   "IMG",
    +   "IMG",
    +   "IMG",
    +   "IMG",
    +   "HEADER",
    +   "A",
    +   "DETAILS",
    +   "SUMMARY",
    +   "SPAN",
    +   "SPAN",
    +   "NAV",
    +   "A",
    +   "A",
    +   "A",
    +   "A",
    +   "A",
    +   "A",
    +   "A",
    +   "A",
    +   "A",
    +   "A",
    +   "A",
    +   "A",
    +   "DIV",
    +   "A",
    +   "A",
    +   "A",
    +   "A",
    +   "A",
    +   "A",
    +   "A",
    +   "A",
    +   "A",
    +   "A",
    +   "A",
    +   "IMG",
    +   "IMG",
    +   "IMG",
    +   "IMG",
    +   "IMG",
    +   "IMG",
    +   "IMG",
    +   "IMG",
    +   "IMG",
    +   "IMG",
    +   "IMG",
    +   "IMG",
    +   "IMG",
    +   "IMG",
    +   "IMG",
    +   "IMG",
    +   "IMG",
    +   "IMG",
    +   "IMG",
    +   "IMG",
    +   "IMG",
    +   "IMG",
    +   "P",
    +   "SPAN",
    +   "H1",
    +   "SPAN",
    +   "SPAN",
    +   "P",
    +   "SPAN",
    +   "BUTTON",
    +   "SPAN",
    +   "SPAN",
    +   "H2",
    +   "SPAN",
    +   "SPAN",
    +   "P",
    +   "SPAN",
    +   "SPAN",
    +   "A",
    +   "SPAN",
    +   "SPAN",
    +   "H2",
    +   "SPAN",
    +   "SPAN",
    +   "P",
    +   "SPAN",
    +   "SPAN",
    +   "H2",
    +   "SPAN",
    +   "SPAN",
    +   "P",
    +   "SPAN",
    +   "P",
    +   "SPAN",
    +   "SPAN",
    +   "P",
    +   "SPAN",
    +   "SPAN",
    +   "P",
    +   "SPAN",
    +   "SPAN",
    +   "P",
    +   "SPAN",
    +   "SPAN",
    +   "H2",
    +   "SPAN",
    +   "P",
    +   "SPAN",
    +   "BUTTON",
    +   "SPAN",
    +   "SPAN",
    +   "P",
    +   "SPAN",
    +   "P",
    +   "SPAN",
    +   "SPAN",
    +   "P",
    +   "SPAN",
    +   "SPAN",
    +   "P",
    +   "SPAN",
    +   "SPAN",
    +   "SPAN",
    +   "P",
    +   "SPAN",
    +   "SPAN",
    +   "P",
    +   "SPAN",
    +   "SPAN",
    +   "SPAN",
    +   "P",
    +   "SPAN",
    +   "SPAN",
    +   "P",
    +   "SPAN",
    +   "SPAN",
    +   "H2",
    +   "SPAN",
    +   "P",
    +   "SPAN",
    +   "SPAN",
    +   "A",
    +   "SPAN",
    +   "SPAN",
    +   "H2",
    +   "SPAN",
    +   "P",
    +   "SPAN",
    +   "SPAN",
    +   "SPAN",
    +   "BUTTON",
    +   "SPAN",
    +   "H2",
    +   "SPAN",
    +   "P",
    +   "SPAN",
    +   "SPAN",
    +   "P",
    +   "SPAN",
    +   "SPAN",
    +   "A",
    +   "SPAN",
    +   "SPAN",
    +   "BUTTON",
    +   "SPAN",
    +   "SPAN",
    +   "P",
    +   "SPAN",
    +   "H2",
    +   "SPAN",
    +   "SPAN",
    +   "P",
    +   "SPAN",
    +   "BUTTON",
    +   "SPAN",
    +   "SPAN",
    +   "P",
    +   "SPAN",
    +   "I",
    +   "SPAN",
    +   "H2",
    +   "SPAN",
    +   "SPAN",
    +   "P",
    +   "SPAN",
    +   "P",
    +   "SPAN",
    +   "P",
    +   "SPAN",
    +   "P",
    +   "SPAN",
    +   "P",
    +   "SPAN",
    +   "P",
    +   "SPAN",
    +   "P",
    +   "SPAN",
    +   "P",
    +   "SPAN",
    +   "P",
    +   "SPAN",
    +   "P",
    +   "SPAN",
    +   "BUTTON",
    +   "SPAN",
    +   "SPAN",
    +   "P",
    +   "SPAN",
    +   "I",
    +   "SPAN",
    +   "H2",
    +   "SPAN",
    +   "SPAN",
    +   "P",
    +   "SPAN",
    +   "P",
    +   "SPAN",
    +   "P",
    +   "SPAN",
    +   "P",
    +   "SPAN",
    +   "P",
    +   "SPAN",
    +   "P",
    +   "SPAN",
    +   "P",
    +   "SPAN",
    +   "P",
    +   "SPAN",
    +   "P",
    +   "SPAN",
    +   "P",
    +   "SPAN",
    +   "BUTTON",
    +   "SPAN",
    +   "SPAN",
    +   "H2",
    +   "SPAN",
    +   "SPAN",
    +   "P",
    +   "SPAN",
    +   "SPAN",
    +   "BUTTON",
    +   "SPAN",
    +   "SPAN",
    +   "H2",
    +   "SPAN",
    +   "SPAN",
    +   "P",
    +   "SPAN",
    +   "P",
    +   "SPAN",
    +   "SPAN",
    +   "P",
    +   "SPAN",
    +   "P",
    +   "SPAN",
    +   "SPAN",
    +   "P",
    +   "SPAN",
    +   "P",
    +   "SPAN",
    +   "P",
    +   "SPAN",
    +   "P",
    +   "SPAN",
    +   "SPAN",
    +   "P",
    +   "SPAN",
    +   "P",
    +   "SPAN",
    +   "P",
    +   "SPAN",
    +   "BUTTON",
    +   "SPAN",
    +   "SPAN",
    +   "H2",
    +   "SPAN",
    +   "SPAN",
    +   "P",
    +   "SPAN",
    +   "SPAN",
    +   "H2",
    +   "SPAN",
    +   "P",
    +   "SPAN",
    +   "SPAN",
    +   "H2",
    +   "SPAN",
    +   "SPAN",
    +   "P",
    +   "SPAN",
    +   "SPAN",
    +   "P",
    +   "SPAN",
    +   "I",
    +   "SPAN",
    +   "P",
    +   "SPAN",
    +   "H2",
    +   "SPAN",
    +   "SPAN",
    +   "P",
    +   "SPAN",
    +   "SPAN",
    +   "BUTTON",
    +   "SPAN",
    +   "svg",
    +   "path",
    +   "H2",
    +   "SPAN",
    +   "P",
    +   "SPAN",
    +   "BUTTON",
    +   "svg",
    +   "path",
    +   "DIV",
    +   "DIV",
    +   "DIV",
    +   "DIV",
    +   "DIV",
    +   "IMG",
    +   "STRONG",
    +   "SPAN",
    +   "SPAN",
    +   "SMALL",
    +   "SPAN",
    +   "SPAN",
    +   "BUTTON",
    +   "SPAN",
    +   "svg",
    +   "path",
    +   "DIV",
    +   "IMG",
    +   "STRONG",
    +   "SPAN",
    +   "SPAN",
    +   "SMALL",
    +   "SPAN",
    +   "SPAN",
    +   "BUTTON",
    +   "SPAN",
    +   "svg",
    +   "path",
    +   "DIV",
    +   "IMG",
    +   "STRONG",
    +   "SPAN",
    +   "SPAN",
    +   "SMALL",
    +   "SPAN",
    +   "SPAN",
    +   "BUTTON",
    +   "SPAN",
    +   "svg",
    +   "path",
    +   "DIV",
    +   "IMG",
    +   "STRONG",
    +   "SPAN",
    +   "SPAN",
    +   "SMALL",
    +   "SPAN",
    +   "SPAN",
    +   "BUTTON",
    +   "SPAN",
    +   "svg",
    +   "path",
    +   "DIV",
    +   "IMG",
    +   "STRONG",
    +   "SPAN",
    +   "SPAN",
    +   "SMALL",
    +   "SPAN",
    +   "SPAN",
    +   "BUTTON",
    +   "SPAN",
    +   "svg",
    +   "path",
    +   "DIV",
    +   "SPAN",
    +   "STRONG",
    +   "SMALL",
    +   "BUTTON",
    +   "SPAN",
    +   "svg",
    +   "path",
    +   "DIV",
    +   "DIV",
    +   "DIV",
    +   "DIV",
    +   "IMG",
    +   "DIV",
    +   "IMG",
    +   "IMG",
    +   "DIV",
    +   "IMG",
    +   "DETAILS",
    +   "SUMMARY",
    +   "SPAN",
    +   "SPAN",
    +   "P",
    +   "DIV",
    +   "DIV",
    +   "DIV",
    +   "IMG",
    +   "DETAILS",
    +   "SUMMARY",
    +   "SPAN",
    +   "P",
    +   "DIV",
    +   "DIV",
    +   "DIV",
    +   "IMG",
    +   "DETAILS",
    +   "SUMMARY",
    +   "SPAN",
    +   "P",
    +   "DIV",
    +   "DIV",
    +   "DIV",
    +   "IMG",
    +   "DETAILS",
    +   "SUMMARY",
    +   "SPAN",
    +   "P",
    +   "DIV",
    +   "DIV",
    +   "DIV",
    +   "IMG",
    +   "DETAILS",
    +   "SUMMARY",
    +   "SPAN",
    +   "P",
    +   "DIV",
    +   "DIV",
    +   "DIV",
    +   "IMG",
    +   "DETAILS",
    +   "SUMMARY",
    +   "SPAN",
    +   "P",
    +   "SECTION",
    +   "DIV",
    +   "DIV",
    +   "IMG",
    +   "IMG",
    +   "P",
    +   "SPAN",
    +   "P",
    +   "SPAN",
    +   "P",
    +   "SPAN",
    +   "P",
    +   "SPAN",
    +   "P",
    +   "SPAN",
    +   "P",
    +   "SPAN",
    +   "P",
    +   "SPAN",
    +   "P",
    +   "SPAN",
    +   "P",
    +   "SPAN",
    +   "P",
    +   "SPAN",
    +   "H2",
    +   "SPAN",
    +   "P",
    +   "SPAN",
    +   "SPAN",
    +   "SPAN",
    +   "H2",
    +   "SPAN",
    +   "P",
    +   "SPAN",
    +   "SPAN",
    +   "SPAN",
    +   "P",
    +   "SPAN",
    +   "SPAN",
    +   "H2",
    +   "SPAN",
    +   "P",
    +   "SPAN",
    +   "SPAN",
    +   "SPAN",
    +   "SPAN",
    +   "H2",
    +   "SPAN",
    +   "P",
    +   "SPAN",
    +   "SPAN",
    +   "SPAN",
    +   "SPAN",
    +   "H2",
    +   "SPAN",
    +   "SPAN",
    +   "P",
    +   "SPAN",
    +   "EM",
    +   "P",
    +   "SPAN",
    +   "SPAN",
    +   "SPAN",
    +   "BUTTON",
    +   "SPAN",
    +   "SPAN",
    +   "BUTTON",
    +   "BUTTON",
    +   "IMG",
    +   "P",
    +   "SPAN",
    +   "BUTTON",
    +   "SPAN",
    +   "SPAN",
    +   "IMG",
    +   "P",
    +   "BUTTON",
    +   "SPAN",
    +   "SPAN",
    +   "IMG",
    +   "P",
    +   "BUTTON",
    +   "SPAN",
    +   "SPAN",
    +   "IMG",
    +   "P",
    +   "BUTTON",
    +   "SPAN",
    +   "SPAN",
    +   "IMG",
    +   "DIV",
    +   "BUTTON",
    +   "SPAN",
    +   "SPAN",
    +   "SPAN",
    +   "svg",
    +   "path",
    +   "BUTTON",
    +   "svg",
    +   "path",
    +   "DIV",
    + ]

      366 |     return style.display !== 'none' && style.visibility === 'visible' && element.getBoundingClientRect().width > 0 && element.getBoundingClientRect().height > 0;
      367 |   }).map(element => element.tagName));
    > 368 |   expect(paint).toEqual([]);
          |                 ^
      369 |   await viewer.locator('img').evaluateAll(async images => { await document.fonts.ready; await Promise.all(images.map(image => (image as HTMLImageElement).decode())); });
      370 |   await page.screenshot({ path: `screenshots/actual/technology-viewer/${testInfo.project.name}-isolated-landing.png` });
      371 |   // Isolate the document plane to simulate the browser sampling outside modal paint.
        at /Users/asmirnou/Projects/g/ramsider/tests/e2e/technology-viewer.spec.ts:368:17

    attachment #1: screenshot (image/png) ──────────────────────────────────────────────────────────
    test-results/technology-viewer-technolo-e252f-me-and-restores-it-on-close-iphone-17-pro-max-webkit/test-failed-1.png
    ────────────────────────────────────────────────────────────────────────────────────────────────

    Error Context: test-results/technology-viewer-technolo-e252f-me-and-restores-it-on-close-iphone-17-pro-max-webkit/error-context.md

  3) [desktop-chromium] › tests/e2e/technology-viewer.spec.ts:351:1 › technology viewer hides landing paint beneath browser chrome and restores it on close

    Error: expect(received).toEqual(expected) // deep equality

    - Expected  -   1
    + Received  + 617

    - Array []
    + Array [
    +   "DIV",
    +   "DIALOG",
    +   "DIV",
    +   "DIV",
    +   "IMG",
    +   "H2",
    +   "SPAN",
    +   "svg",
    +   "text",
    +   "text",
    +   "SECTION",
    +   "svg",
    +   "foreignObject",
    +   "DIV",
    +   "H3",
    +   "foreignObject",
    +   "DIV",
    +   "H4",
    +   "SPAN",
    +   "foreignObject",
    +   "DIV",
    +   "P",
    +   "foreignObject",
    +   "DIV",
    +   "P",
    +   "foreignObject",
    +   "DIV",
    +   "H4",
    +   "SPAN",
    +   "foreignObject",
    +   "DIV",
    +   "P",
    +   "foreignObject",
    +   "DIV",
    +   "H4",
    +   "SPAN",
    +   "foreignObject",
    +   "DIV",
    +   "P",
    +   "foreignObject",
    +   "DIV",
    +   "P",
    +   "foreignObject",
    +   "DIV",
    +   "P",
    +   "foreignObject",
    +   "DIV",
    +   "P",
    +   "IMG",
    +   "BUTTON",
    +   "SPAN",
    +   "IMG",
    +   "DIV",
    +   "BUTTON",
    +   "IMG",
    +   "BUTTON",
    +   "IMG",
    +   "BUTTON",
    +   "IMG",
    +   "BUTTON",
    +   "IMG",
    +   "BUTTON",
    +   "SPAN",
    +   "IMG",
    +   "BUTTON",
    +   "P",
    +   "MAIN",
    +   "DIV",
    +   "DIV",
    +   "IMG",
    +   "IMG",
    +   "IMG",
    +   "IMG",
    +   "IMG",
    +   "IMG",
    +   "IMG",
    +   "IMG",
    +   "IMG",
    +   "IMG",
    +   "HEADER",
    +   "A",
    +   "DETAILS",
    +   "SUMMARY",
    +   "SPAN",
    +   "SPAN",
    +   "NAV",
    +   "A",
    +   "A",
    +   "A",
    +   "A",
    +   "A",
    +   "A",
    +   "A",
    +   "A",
    +   "A",
    +   "A",
    +   "A",
    +   "A",
    +   "DIV",
    +   "A",
    +   "A",
    +   "A",
    +   "A",
    +   "A",
    +   "A",
    +   "A",
    +   "A",
    +   "A",
    +   "A",
    +   "A",
    +   "IMG",
    +   "IMG",
    +   "IMG",
    +   "IMG",
    +   "IMG",
    +   "IMG",
    +   "IMG",
    +   "IMG",
    +   "IMG",
    +   "IMG",
    +   "IMG",
    +   "IMG",
    +   "IMG",
    +   "IMG",
    +   "IMG",
    +   "IMG",
    +   "IMG",
    +   "IMG",
    +   "IMG",
    +   "IMG",
    +   "IMG",
    +   "IMG",
    +   "P",
    +   "SPAN",
    +   "H1",
    +   "SPAN",
    +   "SPAN",
    +   "P",
    +   "SPAN",
    +   "BUTTON",
    +   "SPAN",
    +   "SPAN",
    +   "H2",
    +   "SPAN",
    +   "SPAN",
    +   "P",
    +   "SPAN",
    +   "SPAN",
    +   "A",
    +   "SPAN",
    +   "SPAN",
    +   "H2",
    +   "SPAN",
    +   "SPAN",
    +   "P",
    +   "SPAN",
    +   "SPAN",
    +   "H2",
    +   "SPAN",
    +   "SPAN",
    +   "P",
    +   "SPAN",
    +   "P",
    +   "SPAN",
    +   "SPAN",
    +   "P",
    +   "SPAN",
    +   "SPAN",
    +   "P",
    +   "SPAN",
    +   "SPAN",
    +   "P",
    +   "SPAN",
    +   "SPAN",
    +   "H2",
    +   "SPAN",
    +   "P",
    +   "SPAN",
    +   "BUTTON",
    +   "SPAN",
    +   "SPAN",
    +   "P",
    +   "SPAN",
    +   "P",
    +   "SPAN",
    +   "SPAN",
    +   "P",
    +   "SPAN",
    +   "SPAN",
    +   "P",
    +   "SPAN",
    +   "SPAN",
    +   "SPAN",
    +   "P",
    +   "SPAN",
    +   "SPAN",
    +   "P",
    +   "SPAN",
    +   "SPAN",
    +   "SPAN",
    +   "P",
    +   "SPAN",
    +   "SPAN",
    +   "P",
    +   "SPAN",
    +   "SPAN",
    +   "H2",
    +   "SPAN",
    +   "P",
    +   "SPAN",
    +   "SPAN",
    +   "A",
    +   "SPAN",
    +   "SPAN",
    +   "H2",
    +   "SPAN",
    +   "P",
    +   "SPAN",
    +   "SPAN",
    +   "SPAN",
    +   "BUTTON",
    +   "SPAN",
    +   "H2",
    +   "SPAN",
    +   "P",
    +   "SPAN",
    +   "SPAN",
    +   "P",
    +   "SPAN",
    +   "SPAN",
    +   "A",
    +   "SPAN",
    +   "SPAN",
    +   "BUTTON",
    +   "SPAN",
    +   "SPAN",
    +   "P",
    +   "SPAN",
    +   "H2",
    +   "SPAN",
    +   "SPAN",
    +   "P",
    +   "SPAN",
    +   "BUTTON",
    +   "SPAN",
    +   "SPAN",
    +   "P",
    +   "SPAN",
    +   "I",
    +   "SPAN",
    +   "H2",
    +   "SPAN",
    +   "SPAN",
    +   "P",
    +   "SPAN",
    +   "P",
    +   "SPAN",
    +   "P",
    +   "SPAN",
    +   "P",
    +   "SPAN",
    +   "P",
    +   "SPAN",
    +   "P",
    +   "SPAN",
    +   "P",
    +   "SPAN",
    +   "P",
    +   "SPAN",
    +   "P",
    +   "SPAN",
    +   "P",
    +   "SPAN",
    +   "BUTTON",
    +   "SPAN",
    +   "SPAN",
    +   "P",
    +   "SPAN",
    +   "I",
    +   "SPAN",
    +   "H2",
    +   "SPAN",
    +   "SPAN",
    +   "P",
    +   "SPAN",
    +   "P",
    +   "SPAN",
    +   "P",
    +   "SPAN",
    +   "P",
    +   "SPAN",
    +   "P",
    +   "SPAN",
    +   "P",
    +   "SPAN",
    +   "P",
    +   "SPAN",
    +   "P",
    +   "SPAN",
    +   "P",
    +   "SPAN",
    +   "P",
    +   "SPAN",
    +   "BUTTON",
    +   "SPAN",
    +   "SPAN",
    +   "H2",
    +   "SPAN",
    +   "SPAN",
    +   "P",
    +   "SPAN",
    +   "SPAN",
    +   "BUTTON",
    +   "SPAN",
    +   "SPAN",
    +   "H2",
    +   "SPAN",
    +   "SPAN",
    +   "P",
    +   "SPAN",
    +   "P",
    +   "SPAN",
    +   "SPAN",
    +   "P",
    +   "SPAN",
    +   "P",
    +   "SPAN",
    +   "SPAN",
    +   "P",
    +   "SPAN",
    +   "P",
    +   "SPAN",
    +   "P",
    +   "SPAN",
    +   "P",
    +   "SPAN",
    +   "SPAN",
    +   "P",
    +   "SPAN",
    +   "P",
    +   "SPAN",
    +   "P",
    +   "SPAN",
    +   "BUTTON",
    +   "SPAN",
    +   "SPAN",
    +   "H2",
    +   "SPAN",
    +   "SPAN",
    +   "P",
    +   "SPAN",
    +   "SPAN",
    +   "H2",
    +   "SPAN",
    +   "P",
    +   "SPAN",
    +   "SPAN",
    +   "H2",
    +   "SPAN",
    +   "SPAN",
    +   "P",
    +   "SPAN",
    +   "SPAN",
    +   "P",
    +   "SPAN",
    +   "I",
    +   "SPAN",
    +   "P",
    +   "SPAN",
    +   "H2",
    +   "SPAN",
    +   "SPAN",
    +   "P",
    +   "SPAN",
    +   "SPAN",
    +   "BUTTON",
    +   "SPAN",
    +   "svg",
    +   "path",
    +   "H2",
    +   "SPAN",
    +   "P",
    +   "SPAN",
    +   "BUTTON",
    +   "svg",
    +   "path",
    +   "DIV",
    +   "DIV",
    +   "DIV",
    +   "DIV",
    +   "DIV",
    +   "IMG",
    +   "STRONG",
    +   "SPAN",
    +   "SPAN",
    +   "SMALL",
    +   "SPAN",
    +   "SPAN",
    +   "BUTTON",
    +   "SPAN",
    +   "svg",
    +   "path",
    +   "DIV",
    +   "IMG",
    +   "STRONG",
    +   "SPAN",
    +   "SPAN",
    +   "SMALL",
    +   "SPAN",
    +   "SPAN",
    +   "BUTTON",
    +   "SPAN",
    +   "svg",
    +   "path",
    +   "DIV",
    +   "IMG",
    +   "STRONG",
    +   "SPAN",
    +   "SPAN",
    +   "SMALL",
    +   "SPAN",
    +   "SPAN",
    +   "BUTTON",
    +   "SPAN",
    +   "svg",
    +   "path",
    +   "DIV",
    +   "IMG",
    +   "STRONG",
    +   "SPAN",
    +   "SPAN",
    +   "SMALL",
    +   "SPAN",
    +   "SPAN",
    +   "BUTTON",
    +   "SPAN",
    +   "svg",
    +   "path",
    +   "DIV",
    +   "IMG",
    +   "STRONG",
    +   "SPAN",
    +   "SPAN",
    +   "SMALL",
    +   "SPAN",
    +   "SPAN",
    +   "BUTTON",
    +   "SPAN",
    +   "svg",
    +   "path",
    +   "DIV",
    +   "SPAN",
    +   "STRONG",
    +   "SMALL",
    +   "BUTTON",
    +   "SPAN",
    +   "svg",
    +   "path",
    +   "DIV",
    +   "DIV",
    +   "DIV",
    +   "DIV",
    +   "IMG",
    +   "DIV",
    +   "IMG",
    +   "IMG",
    +   "DIV",
    +   "IMG",
    +   "DETAILS",
    +   "SUMMARY",
    +   "SPAN",
    +   "SPAN",
    +   "P",
    +   "DIV",
    +   "DIV",
    +   "DIV",
    +   "IMG",
    +   "DETAILS",
    +   "SUMMARY",
    +   "SPAN",
    +   "P",
    +   "DIV",
    +   "DIV",
    +   "DIV",
    +   "IMG",
    +   "DETAILS",
    +   "SUMMARY",
    +   "SPAN",
    +   "P",
    +   "DIV",
    +   "DIV",
    +   "DIV",
    +   "IMG",
    +   "DETAILS",
    +   "SUMMARY",
    +   "SPAN",
    +   "P",
    +   "DIV",
    +   "DIV",
    +   "DIV",
    +   "IMG",
    +   "DETAILS",
    +   "SUMMARY",
    +   "SPAN",
    +   "P",
    +   "DIV",
    +   "DIV",
    +   "DIV",
    +   "IMG",
    +   "DETAILS",
    +   "SUMMARY",
    +   "SPAN",
    +   "P",
    +   "SECTION",
    +   "DIV",
    +   "DIV",
    +   "IMG",
    +   "IMG",
    +   "P",
    +   "SPAN",
    +   "P",
    +   "SPAN",
    +   "P",
    +   "SPAN",
    +   "P",
    +   "SPAN",
    +   "P",
    +   "SPAN",
    +   "P",
    +   "SPAN",
    +   "P",
    +   "SPAN",
    +   "P",
    +   "SPAN",
    +   "P",
    +   "SPAN",
    +   "P",
    +   "SPAN",
    +   "H2",
    +   "SPAN",
    +   "P",
    +   "SPAN",
    +   "SPAN",
    +   "SPAN",
    +   "H2",
    +   "SPAN",
    +   "P",
    +   "SPAN",
    +   "SPAN",
    +   "SPAN",
    +   "P",
    +   "SPAN",
    +   "SPAN",
    +   "H2",
    +   "SPAN",
    +   "P",
    +   "SPAN",
    +   "SPAN",
    +   "SPAN",
    +   "SPAN",
    +   "H2",
    +   "SPAN",
    +   "P",
    +   "SPAN",
    +   "SPAN",
    +   "SPAN",
    +   "SPAN",
    +   "H2",
    +   "SPAN",
    +   "SPAN",
    +   "P",
    +   "SPAN",
    +   "EM",
    +   "P",
    +   "SPAN",
    +   "SPAN",
    +   "SPAN",
    +   "BUTTON",
    +   "SPAN",
    +   "SPAN",
    +   "BUTTON",
    +   "BUTTON",
    +   "IMG",
    +   "P",
    +   "SPAN",
    +   "BUTTON",
    +   "SPAN",
    +   "SPAN",
    +   "IMG",
    +   "P",
    +   "BUTTON",
    +   "SPAN",
    +   "SPAN",
    +   "IMG",
    +   "P",
    +   "BUTTON",
    +   "SPAN",
    +   "SPAN",
    +   "IMG",
    +   "P",
    +   "BUTTON",
    +   "SPAN",
    +   "SPAN",
    +   "IMG",
    +   "DIV",
    +   "BUTTON",
    +   "SPAN",
    +   "SPAN",
    +   "SPAN",
    +   "svg",
    +   "path",
    +   "BUTTON",
    +   "svg",
    +   "path",
    +   "DIV",
    + ]

      366 |     return style.display !== 'none' && style.visibility === 'visible' && element.getBoundingClientRect().width > 0 && element.getBoundingClientRect().height > 0;
      367 |   }).map(element => element.tagName));
    > 368 |   expect(paint).toEqual([]);
          |                 ^
      369 |   await viewer.locator('img').evaluateAll(async images => { await document.fonts.ready; await Promise.all(images.map(image => (image as HTMLImageElement).decode())); });
      370 |   await page.screenshot({ path: `screenshots/actual/technology-viewer/${testInfo.project.name}-isolated-landing.png` });
      371 |   // Isolate the document plane to simulate the browser sampling outside modal paint.
        at /Users/asmirnou/Projects/g/ramsider/tests/e2e/technology-viewer.spec.ts:368:17

    attachment #1: screenshot (image/png) ──────────────────────────────────────────────────────────
    test-results/technology-viewer-technolo-e252f-me-and-restores-it-on-close-desktop-chromium/test-failed-1.png
    ────────────────────────────────────────────────────────────────────────────────────────────────

    Error Context: test-results/technology-viewer-technolo-e252f-me-and-restores-it-on-close-desktop-chromium/error-context.md

  4) [desktop-firefox] › tests/e2e/technology-viewer.spec.ts:351:1 › technology viewer hides landing paint beneath browser chrome and restores it on close

    Error: expect(received).toEqual(expected) // deep equality

    - Expected  -   1
    + Received  + 618

    - Array []
    + Array [
    +   "DIV",
    +   "DIALOG",
    +   "DIV",
    +   "DIV",
    +   "IMG",
    +   "H2",
    +   "SPAN",
    +   "svg",
    +   "text",
    +   "text",
    +   "SECTION",
    +   "svg",
    +   "foreignObject",
    +   "DIV",
    +   "H3",
    +   "foreignObject",
    +   "DIV",
    +   "H4",
    +   "SPAN",
    +   "foreignObject",
    +   "DIV",
    +   "P",
    +   "foreignObject",
    +   "DIV",
    +   "P",
    +   "foreignObject",
    +   "DIV",
    +   "H4",
    +   "SPAN",
    +   "foreignObject",
    +   "DIV",
    +   "P",
    +   "foreignObject",
    +   "DIV",
    +   "H4",
    +   "SPAN",
    +   "foreignObject",
    +   "DIV",
    +   "P",
    +   "foreignObject",
    +   "DIV",
    +   "P",
    +   "foreignObject",
    +   "DIV",
    +   "P",
    +   "line",
    +   "foreignObject",
    +   "DIV",
    +   "P",
    +   "IMG",
    +   "BUTTON",
    +   "SPAN",
    +   "IMG",
    +   "DIV",
    +   "BUTTON",
    +   "IMG",
    +   "BUTTON",
    +   "IMG",
    +   "BUTTON",
    +   "IMG",
    +   "BUTTON",
    +   "IMG",
    +   "BUTTON",
    +   "SPAN",
    +   "IMG",
    +   "BUTTON",
    +   "P",
    +   "MAIN",
    +   "DIV",
    +   "DIV",
    +   "IMG",
    +   "IMG",
    +   "IMG",
    +   "IMG",
    +   "IMG",
    +   "IMG",
    +   "IMG",
    +   "IMG",
    +   "IMG",
    +   "IMG",
    +   "HEADER",
    +   "A",
    +   "DETAILS",
    +   "SUMMARY",
    +   "SPAN",
    +   "SPAN",
    +   "NAV",
    +   "A",
    +   "A",
    +   "A",
    +   "A",
    +   "A",
    +   "A",
    +   "A",
    +   "A",
    +   "A",
    +   "A",
    +   "A",
    +   "A",
    +   "DIV",
    +   "A",
    +   "A",
    +   "A",
    +   "A",
    +   "A",
    +   "A",
    +   "A",
    +   "A",
    +   "A",
    +   "A",
    +   "A",
    +   "IMG",
    +   "IMG",
    +   "IMG",
    +   "IMG",
    +   "IMG",
    +   "IMG",
    +   "IMG",
    +   "IMG",
    +   "IMG",
    +   "IMG",
    +   "IMG",
    +   "IMG",
    +   "IMG",
    +   "IMG",
    +   "IMG",
    +   "IMG",
    +   "IMG",
    +   "IMG",
    +   "IMG",
    +   "IMG",
    +   "IMG",
    +   "IMG",
    +   "P",
    +   "SPAN",
    +   "H1",
    +   "SPAN",
    +   "SPAN",
    +   "P",
    +   "SPAN",
    +   "BUTTON",
    +   "SPAN",
    +   "SPAN",
    +   "H2",
    +   "SPAN",
    +   "SPAN",
    +   "P",
    +   "SPAN",
    +   "SPAN",
    +   "A",
    +   "SPAN",
    +   "SPAN",
    +   "H2",
    +   "SPAN",
    +   "SPAN",
    +   "P",
    +   "SPAN",
    +   "SPAN",
    +   "H2",
    +   "SPAN",
    +   "SPAN",
    +   "P",
    +   "SPAN",
    +   "P",
    +   "SPAN",
    +   "SPAN",
    +   "P",
    +   "SPAN",
    +   "SPAN",
    +   "P",
    +   "SPAN",
    +   "SPAN",
    +   "P",
    +   "SPAN",
    +   "SPAN",
    +   "H2",
    +   "SPAN",
    +   "P",
    +   "SPAN",
    +   "BUTTON",
    +   "SPAN",
    +   "SPAN",
    +   "P",
    +   "SPAN",
    +   "P",
    +   "SPAN",
    +   "SPAN",
    +   "P",
    +   "SPAN",
    +   "SPAN",
    +   "P",
    +   "SPAN",
    +   "SPAN",
    +   "SPAN",
    +   "P",
    +   "SPAN",
    +   "SPAN",
    +   "P",
    +   "SPAN",
    +   "SPAN",
    +   "SPAN",
    +   "P",
    +   "SPAN",
    +   "SPAN",
    +   "P",
    +   "SPAN",
    +   "SPAN",
    +   "H2",
    +   "SPAN",
    +   "P",
    +   "SPAN",
    +   "SPAN",
    +   "A",
    +   "SPAN",
    +   "SPAN",
    +   "H2",
    +   "SPAN",
    +   "P",
    +   "SPAN",
    +   "SPAN",
    +   "SPAN",
    +   "BUTTON",
    +   "SPAN",
    +   "H2",
    +   "SPAN",
    +   "P",
    +   "SPAN",
    +   "SPAN",
    +   "P",
    +   "SPAN",
    +   "SPAN",
    +   "A",
    +   "SPAN",
    +   "SPAN",
    +   "BUTTON",
    +   "SPAN",
    +   "SPAN",
    +   "P",
    +   "SPAN",
    +   "H2",
    +   "SPAN",
    +   "SPAN",
    +   "P",
    +   "SPAN",
    +   "BUTTON",
    +   "SPAN",
    +   "SPAN",
    +   "P",
    +   "SPAN",
    +   "I",
    +   "SPAN",
    +   "H2",
    +   "SPAN",
    +   "SPAN",
    +   "P",
    +   "SPAN",
    +   "P",
    +   "SPAN",
    +   "P",
    +   "SPAN",
    +   "P",
    +   "SPAN",
    +   "P",
    +   "SPAN",
    +   "P",
    +   "SPAN",
    +   "P",
    +   "SPAN",
    +   "P",
    +   "SPAN",
    +   "P",
    +   "SPAN",
    +   "P",
    +   "SPAN",
    +   "BUTTON",
    +   "SPAN",
    +   "SPAN",
    +   "P",
    +   "SPAN",
    +   "I",
    +   "SPAN",
    +   "H2",
    +   "SPAN",
    +   "SPAN",
    +   "P",
    +   "SPAN",
    +   "P",
    +   "SPAN",
    +   "P",
    +   "SPAN",
    +   "P",
    +   "SPAN",
    +   "P",
    +   "SPAN",
    +   "P",
    +   "SPAN",
    +   "P",
    +   "SPAN",
    +   "P",
    +   "SPAN",
    +   "P",
    +   "SPAN",
    +   "P",
    +   "SPAN",
    +   "BUTTON",
    +   "SPAN",
    +   "SPAN",
    +   "H2",
    +   "SPAN",
    +   "SPAN",
    +   "P",
    +   "SPAN",
    +   "SPAN",
    +   "BUTTON",
    +   "SPAN",
    +   "SPAN",
    +   "H2",
    +   "SPAN",
    +   "SPAN",
    +   "P",
    +   "SPAN",
    +   "P",
    +   "SPAN",
    +   "SPAN",
    +   "P",
    +   "SPAN",
    +   "P",
    +   "SPAN",
    +   "SPAN",
    +   "P",
    +   "SPAN",
    +   "P",
    +   "SPAN",
    +   "P",
    +   "SPAN",
    +   "P",
    +   "SPAN",
    +   "SPAN",
    +   "P",
    +   "SPAN",
    +   "P",
    +   "SPAN",
    +   "P",
    +   "SPAN",
    +   "BUTTON",
    +   "SPAN",
    +   "SPAN",
    +   "H2",
    +   "SPAN",
    +   "SPAN",
    +   "P",
    +   "SPAN",
    +   "SPAN",
    +   "H2",
    +   "SPAN",
    +   "P",
    +   "SPAN",
    +   "SPAN",
    +   "H2",
    +   "SPAN",
    +   "SPAN",
    +   "P",
    +   "SPAN",
    +   "SPAN",
    +   "P",
    +   "SPAN",
    +   "I",
    +   "SPAN",
    +   "P",
    +   "SPAN",
    +   "H2",
    +   "SPAN",
    +   "SPAN",
    +   "P",
    +   "SPAN",
    +   "SPAN",
    +   "BUTTON",
    +   "SPAN",
    +   "svg",
    +   "path",
    +   "H2",
    +   "SPAN",
    +   "P",
    +   "SPAN",
    +   "BUTTON",
    +   "svg",
    +   "path",
    +   "DIV",
    +   "DIV",
    +   "DIV",
    +   "DIV",
    +   "DIV",
    +   "IMG",
    +   "STRONG",
    +   "SPAN",
    +   "SPAN",
    +   "SMALL",
    +   "SPAN",
    +   "SPAN",
    +   "BUTTON",
    +   "SPAN",
    +   "svg",
    +   "path",
    +   "DIV",
    +   "IMG",
    +   "STRONG",
    +   "SPAN",
    +   "SPAN",
    +   "SMALL",
    +   "SPAN",
    +   "SPAN",
    +   "BUTTON",
    +   "SPAN",
    +   "svg",
    +   "path",
    +   "DIV",
    +   "IMG",
    +   "STRONG",
    +   "SPAN",
    +   "SPAN",
    +   "SMALL",
    +   "SPAN",
    +   "SPAN",
    +   "BUTTON",
    +   "SPAN",
    +   "svg",
    +   "path",
    +   "DIV",
    +   "IMG",
    +   "STRONG",
    +   "SPAN",
    +   "SPAN",
    +   "SMALL",
    +   "SPAN",
    +   "SPAN",
    +   "BUTTON",
    +   "SPAN",
    +   "svg",
    +   "path",
    +   "DIV",
    +   "IMG",
    +   "STRONG",
    +   "SPAN",
    +   "SPAN",
    +   "SMALL",
    +   "SPAN",
    +   "SPAN",
    +   "BUTTON",
    +   "SPAN",
    +   "svg",
    +   "path",
    +   "DIV",
    +   "SPAN",
    +   "STRONG",
    +   "SMALL",
    +   "BUTTON",
    +   "SPAN",
    +   "svg",
    +   "path",
    +   "DIV",
    +   "DIV",
    +   "DIV",
    +   "DIV",
    +   "IMG",
    +   "DIV",
    +   "IMG",
    +   "IMG",
    +   "DIV",
    +   "IMG",
    +   "DETAILS",
    +   "SUMMARY",
    +   "SPAN",
    +   "SPAN",
    +   "P",
    +   "DIV",
    +   "DIV",
    +   "DIV",
    +   "IMG",
    +   "DETAILS",
    +   "SUMMARY",
    +   "SPAN",
    +   "P",
    +   "DIV",
    +   "DIV",
    +   "DIV",
    +   "IMG",
    +   "DETAILS",
    +   "SUMMARY",
    +   "SPAN",
    +   "P",
    +   "DIV",
    +   "DIV",
    +   "DIV",
    +   "IMG",
    +   "DETAILS",
    +   "SUMMARY",
    +   "SPAN",
    +   "P",
    +   "DIV",
    +   "DIV",
    +   "DIV",
    +   "IMG",
    +   "DETAILS",
    +   "SUMMARY",
    +   "SPAN",
    +   "P",
    +   "DIV",
    +   "DIV",
    +   "DIV",
    +   "IMG",
    +   "DETAILS",
    +   "SUMMARY",
    +   "SPAN",
    +   "P",
    +   "SECTION",
    +   "DIV",
    +   "DIV",
    +   "IMG",
    +   "IMG",
    +   "P",
    +   "SPAN",
    +   "P",
    +   "SPAN",
    +   "P",
    +   "SPAN",
    +   "P",
    +   "SPAN",
    +   "P",
    +   "SPAN",
    +   "P",
    +   "SPAN",
    +   "P",
    +   "SPAN",
    +   "P",
    +   "SPAN",
    +   "P",
    +   "SPAN",
    +   "P",
    +   "SPAN",
    +   "H2",
    +   "SPAN",
    +   "P",
    +   "SPAN",
    +   "SPAN",
    +   "SPAN",
    +   "H2",
    +   "SPAN",
    +   "P",
    +   "SPAN",
    +   "SPAN",
    +   "SPAN",
    +   "P",
    +   "SPAN",
    +   "SPAN",
    +   "H2",
    +   "SPAN",
    +   "P",
    +   "SPAN",
    +   "SPAN",
    +   "SPAN",
    +   "SPAN",
    +   "H2",
    +   "SPAN",
    +   "P",
    +   "SPAN",
    +   "SPAN",
    +   "SPAN",
    +   "SPAN",
    +   "H2",
    +   "SPAN",
    +   "SPAN",
    +   "P",
    +   "SPAN",
    +   "EM",
    +   "P",
    +   "SPAN",
    +   "SPAN",
    +   "SPAN",
    +   "BUTTON",
    +   "SPAN",
    +   "SPAN",
    +   "BUTTON",
    +   "BUTTON",
    +   "IMG",
    +   "P",
    +   "SPAN",
    +   "BUTTON",
    +   "SPAN",
    +   "SPAN",
    +   "IMG",
    +   "P",
    +   "BUTTON",
    +   "SPAN",
    +   "SPAN",
    +   "IMG",
    +   "P",
    +   "BUTTON",
    +   "SPAN",
    +   "SPAN",
    +   "IMG",
    +   "P",
    +   "BUTTON",
    +   "SPAN",
    +   "SPAN",
    +   "IMG",
    +   "DIV",
    +   "BUTTON",
    +   "SPAN",
    +   "SPAN",
    +   "SPAN",
    +   "svg",
    +   "path",
    +   "BUTTON",
    +   "svg",
    +   "path",
    +   "DIV",
    + ]

      366 |     return style.display !== 'none' && style.visibility === 'visible' && element.getBoundingClientRect().width > 0 && element.getBoundingClientRect().height > 0;
      367 |   }).map(element => element.tagName));
    > 368 |   expect(paint).toEqual([]);
          |                 ^
      369 |   await viewer.locator('img').evaluateAll(async images => { await document.fonts.ready; await Promise.all(images.map(image => (image as HTMLImageElement).decode())); });
      370 |   await page.screenshot({ path: `screenshots/actual/technology-viewer/${testInfo.project.name}-isolated-landing.png` });
      371 |   // Isolate the document plane to simulate the browser sampling outside modal paint.
        at /Users/asmirnou/Projects/g/ramsider/tests/e2e/technology-viewer.spec.ts:368:17

    attachment #1: screenshot (image/png) ──────────────────────────────────────────────────────────
    test-results/technology-viewer-technolo-e252f-me-and-restores-it-on-close-desktop-firefox/test-failed-1.png
    ────────────────────────────────────────────────────────────────────────────────────────────────

    Error Context: test-results/technology-viewer-technolo-e252f-me-and-restores-it-on-close-desktop-firefox/error-context.md

  4 failed
    [iphone-17-pro-webkit] › tests/e2e/technology-viewer.spec.ts:351:1 › technology viewer hides landing paint beneath browser chrome and restores it on close
    [iphone-17-pro-max-webkit] › tests/e2e/technology-viewer.spec.ts:351:1 › technology viewer hides landing paint beneath browser chrome and restores it on close
    [desktop-chromium] › tests/e2e/technology-viewer.spec.ts:351:1 › technology viewer hides landing paint beneath browser chrome and restores it on close
    [desktop-firefox] › tests/e2e/technology-viewer.spec.ts:351:1 › technology viewer hides landing paint beneath browser chrome and restores it on close
  40 passed (37.5s)
