
Running 1 test using 1 worker

(node:41856) Warning: The 'NO_COLOR' env is ignored due to the 'FORCE_COLOR' env being set.
(Use `node --trace-warnings ...` to show where the warning was created)
  ✘  1 [iphone-17-pro-webkit] › tests/e2e/technology-viewer.spec.ts:351:1 › technology viewer hides landing paint beneath browser chrome and restores it on close (6.6s)


  1) [iphone-17-pro-webkit] › tests/e2e/technology-viewer.spec.ts:351:1 › technology viewer hides landing paint beneath browser chrome and restores it on close

    Error: expect(locator).toHaveCSS(expected) failed

    Locator:  locator('html')
    Expected: "rgb(0, 0, 0)"
    Received: "rgb(211, 183, 159)"
    Timeout:  5000ms

    Call log:
      - Expect "toHaveCSS" locator('html') with timeout 5000ms
      - waiting for locator('html')
        14 × locator resolved to <html lang="en" dir="ltr">…</html>
           - unexpected value "rgb(211, 183, 159)"


      360 |   const viewer = page.locator('#technology-viewer');
      361 |   await expect(viewer).toBeVisible();
    > 362 |   await expect(page.locator('html')).toHaveCSS('background-color', 'rgb(0, 0, 0)');
          |                                      ^
      363 |   await expect(page.locator('body')).toHaveCSS('background-color', 'rgb(0, 0, 0)');
      364 |   const paint = await page.locator('body > :not(#technology-viewer), body > :not(#technology-viewer) *').evaluateAll(elements => elements.filter(element => {
      365 |     const style = getComputedStyle(element);
        at /Users/asmirnou/Projects/g/ramsider/tests/e2e/technology-viewer.spec.ts:362:38

    attachment #1: screenshot (image/png) ──────────────────────────────────────────────────────────
    test-results/technology-viewer-technolo-e252f-me-and-restores-it-on-close-iphone-17-pro-webkit/test-failed-1.png
    ────────────────────────────────────────────────────────────────────────────────────────────────

    Error Context: test-results/technology-viewer-technolo-e252f-me-and-restores-it-on-close-iphone-17-pro-webkit/error-context.md

  1 failed
    [iphone-17-pro-webkit] › tests/e2e/technology-viewer.spec.ts:351:1 › technology viewer hides landing paint beneath browser chrome and restores it on close
