
> build
> next build

▲ Next.js 16.2.11 (Turbopack)

  Creating an optimized production build ...
✓ Compiled successfully in 1237ms
  Running TypeScript ...
  Finished TypeScript in 2.1s ...
  Collecting page data using 5 workers ...
  Generating static pages using 5 workers (0/14) ...
  Generating static pages using 5 workers (3/14)
  Generating static pages using 5 workers (6/14)
  Generating static pages using 5 workers (10/14)
✓ Generating static pages using 5 workers (14/14) in 442ms
  Finalizing page optimization ...

Route (app)
┌ ○ /
├ ○ /_not-found
└ ● /[locale]
  ├ /en
  ├ /ru
  ├ /de
  └ [+8 more paths]


○  (Static)  prerendered as static content
●  (SSG)     prerendered as static HTML (uses generateStaticParams)
