
Running 20 tests using 2 workers

(node:72979) Warning: The 'NO_COLOR' env is ignored due to the 'FORCE_COLOR' env being set.
(Use `node --trace-warnings ...` to show where the warning was created)
(node:72980) Warning: The 'NO_COLOR' env is ignored due to the 'FORCE_COLOR' env being set.
(Use `node --trace-warnings ...` to show where the warning was created)
  ✓   1 [iphone-17-pro-webkit] › tests/e2e/technology-viewer.spec.ts:3:1 › technology viewer opens from both story controls and pages through clean images (4.0s)
  ✓   2 [iphone-17-pro-max-webkit] › tests/e2e/technology-viewer.spec.ts:3:1 › technology viewer opens from both story controls and pages through clean images (4.1s)
  ✓   3 [iphone-17-pro-webkit] › tests/e2e/technology-viewer.spec.ts:88:1 › technology viewer supports touch pointers, Escape and Arabic framing (1.8s)
  ✓   4 [iphone-17-pro-max-webkit] › tests/e2e/technology-viewer.spec.ts:88:1 › technology viewer supports touch pointers, Escape and Arabic framing (1.7s)
  ✓   5 [iphone-17-pro-webkit] › tests/e2e/technology-viewer.spec.ts:129:1 › previous artwork stays visible while the next slide loads (1.6s)
  ✓   6 [iphone-17-pro-max-webkit] › tests/e2e/technology-viewer.spec.ts:129:1 › previous artwork stays visible while the next slide loads (1.6s)
  ✓   7 [iphone-17-pro-webkit] › tests/e2e/technology-viewer.spec.ts:147:1 › failed slide load does not skip the next image (1.0s)
  ✓   8 [iphone-17-pro-max-webkit] › tests/e2e/technology-viewer.spec.ts:147:1 › failed slide load does not skip the next image (1.0s)
  ✓   9 [iphone-17-pro-webkit] › tests/e2e/technology-viewer.spec.ts:172:1 › swipe completes when the pointer leaves the artwork (722ms)
  ✓  10 [iphone-17-pro-max-webkit] › tests/e2e/technology-viewer.spec.ts:172:1 › swipe completes when the pointer leaves the artwork (760ms)
(node:73056) Warning: The 'NO_COLOR' env is ignored due to the 'FORCE_COLOR' env being set.
(Use `node --trace-warnings ...` to show where the warning was created)
(node:73057) Warning: The 'NO_COLOR' env is ignored due to the 'FORCE_COLOR' env being set.
(Use `node --trace-warnings ...` to show where the warning was created)
  ✓  11 [desktop-chromium] › tests/e2e/technology-viewer.spec.ts:3:1 › technology viewer opens from both story controls and pages through clean images (2.4s)
  ✓  13 [desktop-chromium] › tests/e2e/technology-viewer.spec.ts:88:1 › technology viewer supports touch pointers, Escape and Arabic framing (1.4s)
  ✓  14 [desktop-chromium] › tests/e2e/technology-viewer.spec.ts:129:1 › previous artwork stays visible while the next slide loads (1.1s)
  ✓  15 [desktop-chromium] › tests/e2e/technology-viewer.spec.ts:147:1 › failed slide load does not skip the next image (617ms)
  ✓  16 [desktop-chromium] › tests/e2e/technology-viewer.spec.ts:172:1 › swipe completes when the pointer leaves the artwork (440ms)
  ✓  12 [desktop-firefox] › tests/e2e/technology-viewer.spec.ts:3:1 › technology viewer opens from both story controls and pages through clean images (6.0s)
  ✓  17 [desktop-firefox] › tests/e2e/technology-viewer.spec.ts:88:1 › technology viewer supports touch pointers, Escape and Arabic framing (2.0s)
  ✓  18 [desktop-firefox] › tests/e2e/technology-viewer.spec.ts:129:1 › previous artwork stays visible while the next slide loads (1.7s)
  ✓  19 [desktop-firefox] › tests/e2e/technology-viewer.spec.ts:147:1 › failed slide load does not skip the next image (2.0s)
  ✓  20 [desktop-firefox] › tests/e2e/technology-viewer.spec.ts:172:1 › swipe completes when the pointer leaves the artwork (1.2s)

  20 passed (25.1s)
