[
  {
    "name": "pro",
    "label": "hero",
    "scrollY": 0,
    "meanAbsRgb": [
      0.641,
      0.483,
      0.705
    ],
    "maxAbsRgb": [
      17,
      5,
      29
    ]
  },
  {
    "name": "pro",
    "label": "first-join",
    "scrollY": 796,
    "meanAbsRgb": [
      0.699,
      0.543,
      0.803
    ],
    "maxAbsRgb": [
      39,
      20,
      30
    ]
  },
  {
    "name": "pro",
    "label": "middle",
    "scrollY": 5631,
    "meanAbsRgb": [
      0.983,
      0.612,
      1.176
    ],
    "maxAbsRgb": [
      16,
      13,
      33
    ]
  },
  {
    "name": "pro",
    "label": "faq",
    "scrollY": 11398,
    "meanAbsRgb": [
      0.624,
      0.482,
      0.698
    ],
    "maxAbsRgb": [
      8,
      4,
      13
    ]
  },
  {
    "name": "pro",
    "label": "footer",
    "scrollY": 12765,
    "meanAbsRgb": [
      0.741,
      0.555,
      0.856
    ],
    "maxAbsRgb": [
      69,
      64,
      58
    ]
  },
  {
    "name": "max",
    "label": "hero",
    "scrollY": 0,
    "meanAbsRgb": [
      0.678,
      0.508,
      0.74
    ],
    "maxAbsRgb": [
      100,
      89,
      87
    ]
  },
  {
    "name": "max",
    "label": "first-join",
    "scrollY": 909,
    "meanAbsRgb": [
      0.751,
      0.579,
      0.853
    ],
    "maxAbsRgb": [
      40,
      21,
      46
    ]
  },
  {
    "name": "max",
    "label": "middle",
    "scrollY": 6196,
    "meanAbsRgb": [
      0.933,
      0.606,
      1.122
    ],
    "maxAbsRgb": [
      13,
      10,
      31
    ]
  },
  {
    "name": "max",
    "label": "faq",
    "scrollY": 12509,
    "meanAbsRgb": [
      0.683,
      0.521,
      0.747
    ],
    "maxAbsRgb": [
      9,
      4,
      15
    ]
  },
  {
    "name": "max",
    "label": "footer",
    "scrollY": 14005,
    "meanAbsRgb": [
      0.757,
      0.563,
      0.875
    ],
    "maxAbsRgb": [
      26,
      10,
      17
    ]
  }
]
