
Running 120 tests using 1 worker

(node:6533) Warning: The 'NO_COLOR' env is ignored due to the 'FORCE_COLOR' env being set.
(Use `node --trace-warnings ...` to show where the warning was created)


[1/120] [iphone-17-pro-webkit] › tests/e2e/technology-loading.spec.ts:7:1 › a partially transferred first photo stays hidden with true progress and locked navigation
[2/120] [iphone-17-pro-webkit] › tests/e2e/technology-loading.spec.ts:61:1 › invalid first image has white backing and retry; close never traps the user
[3/120] [iphone-17-pro-webkit] › tests/e2e/technology-loading.spec.ts:79:1 › retry replaces a corrupt HTTP 200 retained in the real browser cache
[4/120] [iphone-17-pro-webkit] › tests/e2e/technology-loading.spec.ts:124:1 › horizontal swipes stop at both ends and reverse through preceding photos
[5/120] [iphone-17-pro-webkit] › tests/e2e/technology-loading.spec.ts:144:1 › full-width proportional artwork and controls adapt to short landscape, tablet and desktop
[6/120] [iphone-17-pro-webkit] › tests/e2e/technology-loading.spec.ts:180:1 › loading and retry fit every locale including Arabic at a short phone height
[7/120] [iphone-17-pro-webkit] › tests/e2e/technology-viewer.spec.ts:7:1 › technology artwork keeps its native proportions as Safari chrome changes the visible height
[8/120] [iphone-17-pro-webkit] › tests/e2e/technology-viewer.spec.ts:50:1 › technology PNGs preserve every original pixel outside the title mask
[9/120] [iphone-17-pro-webkit] › tests/e2e/technology-viewer.spec.ts:87:1 › technology descriptions render all source text in the decoded image coordinates
[10/120] [iphone-17-pro-webkit] › tests/e2e/technology-viewer.spec.ts:118:1 › technology viewer opens from both story controls and pages through clean images
[11/120] [iphone-17-pro-webkit] › tests/e2e/technology-viewer.spec.ts:212:1 › technology viewer supports touch pointers, Escape and Arabic framing
[12/120] [iphone-17-pro-webkit] › tests/e2e/technology-viewer.spec.ts:262:1 › previous artwork stays visible while the next slide loads
[13/120] [iphone-17-pro-webkit] › tests/e2e/technology-viewer.spec.ts:285:1 › failed warm-up and failed selection retry the same image
[14/120] [iphone-17-pro-webkit] › tests/e2e/technology-viewer.spec.ts:310:1 › all six photos warm after load without blocking the main page
[15/120] [iphone-17-pro-webkit] › tests/e2e/technology-viewer.spec.ts:335:1 › incomplete hero protects the main view before technology can be opened
[16/120] [iphone-17-pro-webkit] › tests/e2e/technology-viewer.spec.ts:351:1 › six photos warm at low priority; retained decoded images are reused offline across groups
[17/120] [iphone-17-pro-webkit] › tests/e2e/technology-viewer.spec.ts:398:1 › swipe completes when the pointer leaves the artwork
[18/120] [iphone-17-pro-webkit] › tests/e2e/technology-viewer.spec.ts:414:1 › technology viewer hides landing paint beneath browser chrome and restores it on close
[19/120] [iphone-17-pro-webkit] › tests/e2e/technology-viewer.spec.ts:457:1 › metal contour reaches mobile side edges and the image stays inside its cutout
[20/120] [iphone-17-pro-webkit] › tests/e2e/technology-viewer.spec.ts:487:1 › CyberMind PNGs retain native RGB, alpha and resolution outside title glyphs
[21/120] [iphone-17-pro-webkit] › tests/e2e/technology-viewer.spec.ts:514:1 › CyberMind uses two interactive slides, a live title and explicit group navigation
[22/120] [iphone-17-pro-webkit] › tests/e2e/technology-viewer.spec.ts:568:1 › CyberMind descriptions fit all locales and omit source folios
[23/120] [iphone-17-pro-webkit] › tests/e2e/technology-viewer.spec.ts:595:1 › pending slide locks navigation and commits only fully loaded selection
[24/120] [iphone-17-pro-webkit] › tests/e2e/technology-viewer.spec.ts:616:1 › failed CyberMind warm and selection recover with explicit Retry without skipping the group
[25/120] [iphone-17-pro-webkit] › tests/e2e/technology-viewer.spec.ts:632:1 › pending group blocks gestures and repeated keys while close remains available
[26/120] [iphone-17-pro-webkit] › tests/e2e/technology-width.spec.ts:7:1 › every technology photo fills the frame width without distortion and its bottom stays reachable
[27/120] [iphone-17-pro-webkit] › tests/e2e/technology-width.spec.ts:70:1 › inner scroll freezes at pending and failed frames, then resets after decoded commit
[28/120] [iphone-17-pro-webkit] › tests/e2e/technology-width.spec.ts:129:1 › native desktop wheel pans the picture without moving the page or changing technology
[29/120] [iphone-17-pro-webkit] › tests/e2e/technology-width.spec.ts:150:1 › native touch pans vertically, swipes horizontally and freezes during download
[30/120] [iphone-17-pro-webkit] › tests/e2e/technology-width.spec.ts:210:1 › all six full-width compositions keep translated text usable in eleven locales
(node:6821) Warning: The 'NO_COLOR' env is ignored due to the 'FORCE_COLOR' env being set.
(Use `node --trace-warnings ...` to show where the warning was created)


[31/120] [iphone-17-pro-max-webkit] › tests/e2e/technology-loading.spec.ts:7:1 › a partially transferred first photo stays hidden with true progress and locked navigation
[32/120] [iphone-17-pro-max-webkit] › tests/e2e/technology-loading.spec.ts:61:1 › invalid first image has white backing and retry; close never traps the user
[33/120] [iphone-17-pro-max-webkit] › tests/e2e/technology-loading.spec.ts:79:1 › retry replaces a corrupt HTTP 200 retained in the real browser cache
[34/120] [iphone-17-pro-max-webkit] › tests/e2e/technology-loading.spec.ts:124:1 › horizontal swipes stop at both ends and reverse through preceding photos
[35/120] [iphone-17-pro-max-webkit] › tests/e2e/technology-loading.spec.ts:144:1 › full-width proportional artwork and controls adapt to short landscape, tablet and desktop
[36/120] [iphone-17-pro-max-webkit] › tests/e2e/technology-loading.spec.ts:180:1 › loading and retry fit every locale including Arabic at a short phone height
[37/120] [iphone-17-pro-max-webkit] › tests/e2e/technology-viewer.spec.ts:7:1 › technology artwork keeps its native proportions as Safari chrome changes the visible height
[38/120] [iphone-17-pro-max-webkit] › tests/e2e/technology-viewer.spec.ts:50:1 › technology PNGs preserve every original pixel outside the title mask
[39/120] [iphone-17-pro-max-webkit] › tests/e2e/technology-viewer.spec.ts:87:1 › technology descriptions render all source text in the decoded image coordinates
[40/120] [iphone-17-pro-max-webkit] › tests/e2e/technology-viewer.spec.ts:118:1 › technology viewer opens from both story controls and pages through clean images
[41/120] [iphone-17-pro-max-webkit] › tests/e2e/technology-viewer.spec.ts:212:1 › technology viewer supports touch pointers, Escape and Arabic framing
[42/120] [iphone-17-pro-max-webkit] › tests/e2e/technology-viewer.spec.ts:262:1 › previous artwork stays visible while the next slide loads
[43/120] [iphone-17-pro-max-webkit] › tests/e2e/technology-viewer.spec.ts:285:1 › failed warm-up and failed selection retry the same image
[44/120] [iphone-17-pro-max-webkit] › tests/e2e/technology-viewer.spec.ts:310:1 › all six photos warm after load without blocking the main page
[45/120] [iphone-17-pro-max-webkit] › tests/e2e/technology-viewer.spec.ts:335:1 › incomplete hero protects the main view before technology can be opened
[46/120] [iphone-17-pro-max-webkit] › tests/e2e/technology-viewer.spec.ts:351:1 › six photos warm at low priority; retained decoded images are reused offline across groups
[47/120] [iphone-17-pro-max-webkit] › tests/e2e/technology-viewer.spec.ts:398:1 › swipe completes when the pointer leaves the artwork
[48/120] [iphone-17-pro-max-webkit] › tests/e2e/technology-viewer.spec.ts:414:1 › technology viewer hides landing paint beneath browser chrome and restores it on close
[49/120] [iphone-17-pro-max-webkit] › tests/e2e/technology-viewer.spec.ts:457:1 › metal contour reaches mobile side edges and the image stays inside its cutout
[50/120] [iphone-17-pro-max-webkit] › tests/e2e/technology-viewer.spec.ts:487:1 › CyberMind PNGs retain native RGB, alpha and resolution outside title glyphs
[51/120] [iphone-17-pro-max-webkit] › tests/e2e/technology-viewer.spec.ts:514:1 › CyberMind uses two interactive slides, a live title and explicit group navigation
[52/120] [iphone-17-pro-max-webkit] › tests/e2e/technology-viewer.spec.ts:568:1 › CyberMind descriptions fit all locales and omit source folios
[53/120] [iphone-17-pro-max-webkit] › tests/e2e/technology-viewer.spec.ts:595:1 › pending slide locks navigation and commits only fully loaded selection
[54/120] [iphone-17-pro-max-webkit] › tests/e2e/technology-viewer.spec.ts:616:1 › failed CyberMind warm and selection recover with explicit Retry without skipping the group
[55/120] [iphone-17-pro-max-webkit] › tests/e2e/technology-viewer.spec.ts:632:1 › pending group blocks gestures and repeated keys while close remains available
[56/120] [iphone-17-pro-max-webkit] › tests/e2e/technology-width.spec.ts:7:1 › every technology photo fills the frame width without distortion and its bottom stays reachable
[57/120] [iphone-17-pro-max-webkit] › tests/e2e/technology-width.spec.ts:70:1 › inner scroll freezes at pending and failed frames, then resets after decoded commit
[58/120] [iphone-17-pro-max-webkit] › tests/e2e/technology-width.spec.ts:129:1 › native desktop wheel pans the picture without moving the page or changing technology
[59/120] [iphone-17-pro-max-webkit] › tests/e2e/technology-width.spec.ts:150:1 › native touch pans vertically, swipes horizontally and freezes during download
[60/120] [iphone-17-pro-max-webkit] › tests/e2e/technology-width.spec.ts:210:1 › all six full-width compositions keep translated text usable in eleven locales
(node:7066) Warning: The 'NO_COLOR' env is ignored due to the 'FORCE_COLOR' env being set.
(Use `node --trace-warnings ...` to show where the warning was created)


[61/120] [desktop-chromium] › tests/e2e/technology-loading.spec.ts:7:1 › a partially transferred first photo stays hidden with true progress and locked navigation
[62/120] [desktop-chromium] › tests/e2e/technology-loading.spec.ts:61:1 › invalid first image has white backing and retry; close never traps the user
[63/120] [desktop-chromium] › tests/e2e/technology-loading.spec.ts:79:1 › retry replaces a corrupt HTTP 200 retained in the real browser cache
[64/120] [desktop-chromium] › tests/e2e/technology-loading.spec.ts:124:1 › horizontal swipes stop at both ends and reverse through preceding photos
[65/120] [desktop-chromium] › tests/e2e/technology-loading.spec.ts:144:1 › full-width proportional artwork and controls adapt to short landscape, tablet and desktop
[66/120] [desktop-chromium] › tests/e2e/technology-loading.spec.ts:180:1 › loading and retry fit every locale including Arabic at a short phone height
[67/120] [desktop-chromium] › tests/e2e/technology-viewer.spec.ts:7:1 › technology artwork keeps its native proportions as Safari chrome changes the visible height
[68/120] [desktop-chromium] › tests/e2e/technology-viewer.spec.ts:50:1 › technology PNGs preserve every original pixel outside the title mask
[69/120] [desktop-chromium] › tests/e2e/technology-viewer.spec.ts:87:1 › technology descriptions render all source text in the decoded image coordinates
[70/120] [desktop-chromium] › tests/e2e/technology-viewer.spec.ts:118:1 › technology viewer opens from both story controls and pages through clean images
[71/120] [desktop-chromium] › tests/e2e/technology-viewer.spec.ts:212:1 › technology viewer supports touch pointers, Escape and Arabic framing
[72/120] [desktop-chromium] › tests/e2e/technology-viewer.spec.ts:262:1 › previous artwork stays visible while the next slide loads
[73/120] [desktop-chromium] › tests/e2e/technology-viewer.spec.ts:285:1 › failed warm-up and failed selection retry the same image
[74/120] [desktop-chromium] › tests/e2e/technology-viewer.spec.ts:310:1 › all six photos warm after load without blocking the main page
[75/120] [desktop-chromium] › tests/e2e/technology-viewer.spec.ts:335:1 › incomplete hero protects the main view before technology can be opened
[76/120] [desktop-chromium] › tests/e2e/technology-viewer.spec.ts:351:1 › six photos warm at low priority; retained decoded images are reused offline across groups
[77/120] [desktop-chromium] › tests/e2e/technology-viewer.spec.ts:398:1 › swipe completes when the pointer leaves the artwork
[78/120] [desktop-chromium] › tests/e2e/technology-viewer.spec.ts:414:1 › technology viewer hides landing paint beneath browser chrome and restores it on close
[79/120] [desktop-chromium] › tests/e2e/technology-viewer.spec.ts:457:1 › metal contour reaches mobile side edges and the image stays inside its cutout
[80/120] [desktop-chromium] › tests/e2e/technology-viewer.spec.ts:487:1 › CyberMind PNGs retain native RGB, alpha and resolution outside title glyphs
[81/120] [desktop-chromium] › tests/e2e/technology-viewer.spec.ts:514:1 › CyberMind uses two interactive slides, a live title and explicit group navigation
[82/120] [desktop-chromium] › tests/e2e/technology-viewer.spec.ts:568:1 › CyberMind descriptions fit all locales and omit source folios
[83/120] [desktop-chromium] › tests/e2e/technology-viewer.spec.ts:595:1 › pending slide locks navigation and commits only fully loaded selection
[84/120] [desktop-chromium] › tests/e2e/technology-viewer.spec.ts:616:1 › failed CyberMind warm and selection recover with explicit Retry without skipping the group
[85/120] [desktop-chromium] › tests/e2e/technology-viewer.spec.ts:632:1 › pending group blocks gestures and repeated keys while close remains available
[86/120] [desktop-chromium] › tests/e2e/technology-width.spec.ts:7:1 › every technology photo fills the frame width without distortion and its bottom stays reachable
[87/120] [desktop-chromium] › tests/e2e/technology-width.spec.ts:70:1 › inner scroll freezes at pending and failed frames, then resets after decoded commit
[88/120] [desktop-chromium] › tests/e2e/technology-width.spec.ts:129:1 › native desktop wheel pans the picture without moving the page or changing technology
[89/120] [desktop-chromium] › tests/e2e/technology-width.spec.ts:150:1 › native touch pans vertically, swipes horizontally and freezes during download
[90/120] [desktop-chromium] › tests/e2e/technology-width.spec.ts:210:1 › all six full-width compositions keep translated text usable in eleven locales
(node:7481) Warning: The 'NO_COLOR' env is ignored due to the 'FORCE_COLOR' env being set.
(Use `node --trace-warnings ...` to show where the warning was created)


[91/120] [desktop-firefox] › tests/e2e/technology-loading.spec.ts:7:1 › a partially transferred first photo stays hidden with true progress and locked navigation
[92/120] [desktop-firefox] › tests/e2e/technology-loading.spec.ts:61:1 › invalid first image has white backing and retry; close never traps the user
[93/120] [desktop-firefox] › tests/e2e/technology-loading.spec.ts:79:1 › retry replaces a corrupt HTTP 200 retained in the real browser cache
[94/120] [desktop-firefox] › tests/e2e/technology-loading.spec.ts:124:1 › horizontal swipes stop at both ends and reverse through preceding photos
[95/120] [desktop-firefox] › tests/e2e/technology-loading.spec.ts:144:1 › full-width proportional artwork and controls adapt to short landscape, tablet and desktop
[96/120] [desktop-firefox] › tests/e2e/technology-loading.spec.ts:180:1 › loading and retry fit every locale including Arabic at a short phone height
[97/120] [desktop-firefox] › tests/e2e/technology-viewer.spec.ts:7:1 › technology artwork keeps its native proportions as Safari chrome changes the visible height
[98/120] [desktop-firefox] › tests/e2e/technology-viewer.spec.ts:50:1 › technology PNGs preserve every original pixel outside the title mask
[99/120] [desktop-firefox] › tests/e2e/technology-viewer.spec.ts:87:1 › technology descriptions render all source text in the decoded image coordinates
[100/120] [desktop-firefox] › tests/e2e/technology-viewer.spec.ts:118:1 › technology viewer opens from both story controls and pages through clean images
[101/120] [desktop-firefox] › tests/e2e/technology-viewer.spec.ts:212:1 › technology viewer supports touch pointers, Escape and Arabic framing
[102/120] [desktop-firefox] › tests/e2e/technology-viewer.spec.ts:262:1 › previous artwork stays visible while the next slide loads
[103/120] [desktop-firefox] › tests/e2e/technology-viewer.spec.ts:285:1 › failed warm-up and failed selection retry the same image
[104/120] [desktop-firefox] › tests/e2e/technology-viewer.spec.ts:310:1 › all six photos warm after load without blocking the main page
[105/120] [desktop-firefox] › tests/e2e/technology-viewer.spec.ts:335:1 › incomplete hero protects the main view before technology can be opened
[106/120] [desktop-firefox] › tests/e2e/technology-viewer.spec.ts:351:1 › six photos warm at low priority; retained decoded images are reused offline across groups
[107/120] [desktop-firefox] › tests/e2e/technology-viewer.spec.ts:398:1 › swipe completes when the pointer leaves the artwork
[108/120] [desktop-firefox] › tests/e2e/technology-viewer.spec.ts:414:1 › technology viewer hides landing paint beneath browser chrome and restores it on close
[109/120] [desktop-firefox] › tests/e2e/technology-viewer.spec.ts:457:1 › metal contour reaches mobile side edges and the image stays inside its cutout
[110/120] [desktop-firefox] › tests/e2e/technology-viewer.spec.ts:487:1 › CyberMind PNGs retain native RGB, alpha and resolution outside title glyphs
[111/120] [desktop-firefox] › tests/e2e/technology-viewer.spec.ts:514:1 › CyberMind uses two interactive slides, a live title and explicit group navigation
[112/120] [desktop-firefox] › tests/e2e/technology-viewer.spec.ts:568:1 › CyberMind descriptions fit all locales and omit source folios
[113/120] [desktop-firefox] › tests/e2e/technology-viewer.spec.ts:595:1 › pending slide locks navigation and commits only fully loaded selection
[114/120] [desktop-firefox] › tests/e2e/technology-viewer.spec.ts:616:1 › failed CyberMind warm and selection recover with explicit Retry without skipping the group
[115/120] [desktop-firefox] › tests/e2e/technology-viewer.spec.ts:632:1 › pending group blocks gestures and repeated keys while close remains available
[116/120] [desktop-firefox] › tests/e2e/technology-width.spec.ts:7:1 › every technology photo fills the frame width without distortion and its bottom stays reachable
[117/120] [desktop-firefox] › tests/e2e/technology-width.spec.ts:70:1 › inner scroll freezes at pending and failed frames, then resets after decoded commit
[118/120] [desktop-firefox] › tests/e2e/technology-width.spec.ts:129:1 › native desktop wheel pans the picture without moving the page or changing technology
[119/120] [desktop-firefox] › tests/e2e/technology-width.spec.ts:150:1 › native touch pans vertically, swipes horizontally and freezes during download
[120/120] [desktop-firefox] › tests/e2e/technology-width.spec.ts:210:1 › all six full-width compositions keep translated text usable in eleven locales
  5 skipped
  115 passed (3.8m)
