
Running 38 tests using 2 workers

(node:68622) Warning: The 'NO_COLOR' env is ignored due to the 'FORCE_COLOR' env being set.
(Use `node --trace-warnings ...` to show where the warning was created)
(node:68621) Warning: The 'NO_COLOR' env is ignored due to the 'FORCE_COLOR' env being set.
(Use `node --trace-warnings ...` to show where the warning was created)
  ✓   2 [iphone-17-pro-webkit] › tests/e2e/technology-viewer.spec.ts:6:1 › technology artwork keeps its native proportions as Safari chrome changes the visible height (2.1s)
  ✓   1 [iphone-17-pro-max-webkit] › tests/e2e/technology-viewer.spec.ts:6:1 › technology artwork keeps its native proportions as Safari chrome changes the visible height (2.2s)
  ✓   4 [iphone-17-pro-max-webkit] › tests/e2e/technology-viewer.spec.ts:38:1 › technology PNGs preserve every original pixel outside the title mask (331ms)
  ✓   3 [iphone-17-pro-webkit] › tests/e2e/technology-viewer.spec.ts:38:1 › technology PNGs preserve every original pixel outside the title mask (356ms)
  ✓   6 [iphone-17-pro-webkit] › tests/e2e/technology-viewer.spec.ts:75:1 › technology descriptions render all source text in the decoded image coordinates (1.7s)
  ✓   5 [iphone-17-pro-max-webkit] › tests/e2e/technology-viewer.spec.ts:75:1 › technology descriptions render all source text in the decoded image coordinates (1.9s)
  ✓   7 [iphone-17-pro-webkit] › tests/e2e/technology-viewer.spec.ts:106:1 › technology viewer opens from both story controls and pages through clean images (2.9s)
  ✓   8 [iphone-17-pro-max-webkit] › tests/e2e/technology-viewer.spec.ts:106:1 › technology viewer opens from both story controls and pages through clean images (3.0s)
  ✓   9 [iphone-17-pro-webkit] › tests/e2e/technology-viewer.spec.ts:198:1 › technology viewer supports touch pointers, Escape and Arabic framing (1.6s)
  ✓  10 [iphone-17-pro-max-webkit] › tests/e2e/technology-viewer.spec.ts:198:1 › technology viewer supports touch pointers, Escape and Arabic framing (1.6s)
  ✓  11 [iphone-17-pro-webkit] › tests/e2e/technology-viewer.spec.ts:244:1 › previous artwork stays visible while the next slide loads (698ms)
  ✓  12 [iphone-17-pro-max-webkit] › tests/e2e/technology-viewer.spec.ts:244:1 › previous artwork stays visible while the next slide loads (659ms)
  ✓  13 [iphone-17-pro-webkit] › tests/e2e/technology-viewer.spec.ts:267:1 › failed warm-up and failed selection retry the same image (925ms)
  ✓  14 [iphone-17-pro-max-webkit] › tests/e2e/technology-viewer.spec.ts:267:1 › failed warm-up and failed selection retry the same image (1.0s)
  ✓  15 [iphone-17-pro-webkit] › tests/e2e/technology-viewer.spec.ts:293:1 › first photo of each group warms after load; remaining photos start together on open (703ms)
  ✓  16 [iphone-17-pro-max-webkit] › tests/e2e/technology-viewer.spec.ts:293:1 › first photo of each group warms after load; remaining photos start together on open (708ms)
  ✓  17 [iphone-17-pro-webkit] › tests/e2e/technology-viewer.spec.ts:320:1 › early opening starts all six without waiting for main page load (830ms)
  ✓  18 [iphone-17-pro-max-webkit] › tests/e2e/technology-viewer.spec.ts:320:1 › early opening starts all six without waiting for main page load (802ms)
  ✓  19 [iphone-17-pro-webkit] › tests/e2e/technology-viewer.spec.ts:336:1 › first images warm at low priority; all decoded images are reused offline across groups (1.2s)
  ✓  20 [iphone-17-pro-max-webkit] › tests/e2e/technology-viewer.spec.ts:336:1 › first images warm at low priority; all decoded images are reused offline across groups (1.3s)
  ✓  21 [iphone-17-pro-webkit] › tests/e2e/technology-viewer.spec.ts:385:1 › swipe completes when the pointer leaves the artwork (624ms)
  ✓  22 [iphone-17-pro-max-webkit] › tests/e2e/technology-viewer.spec.ts:385:1 › swipe completes when the pointer leaves the artwork (658ms)
  ✓  23 [iphone-17-pro-webkit] › tests/e2e/technology-viewer.spec.ts:401:1 › technology viewer hides landing paint beneath browser chrome and restores it on close (1.4s)
  ✓  24 [iphone-17-pro-max-webkit] › tests/e2e/technology-viewer.spec.ts:401:1 › technology viewer hides landing paint beneath browser chrome and restores it on close (1.4s)
  ✓  25 [iphone-17-pro-webkit] › tests/e2e/technology-viewer.spec.ts:444:1 › metal contour reaches mobile side edges and the image stays inside its cutout (905ms)
  ✓  27 [iphone-17-pro-webkit] › tests/e2e/technology-viewer.spec.ts:474:1 › CyberMind PNGs retain native RGB, alpha and resolution outside title glyphs (159ms)
  ✓  26 [iphone-17-pro-max-webkit] › tests/e2e/technology-viewer.spec.ts:444:1 › metal contour reaches mobile side edges and the image stays inside its cutout (907ms)
  ✓  29 [iphone-17-pro-max-webkit] › tests/e2e/technology-viewer.spec.ts:474:1 › CyberMind PNGs retain native RGB, alpha and resolution outside title glyphs (212ms)
  ✓  28 [iphone-17-pro-webkit] › tests/e2e/technology-viewer.spec.ts:501:1 › CyberMind uses two interactive slides, a live title and two-axis navigation (1.3s)
  ✓  30 [iphone-17-pro-max-webkit] › tests/e2e/technology-viewer.spec.ts:501:1 › CyberMind uses two interactive slides, a live title and two-axis navigation (1.9s)
  ✓  31 [iphone-17-pro-webkit] › tests/e2e/technology-viewer.spec.ts:552:1 › CyberMind descriptions fit all locales and omit source folios (4.5s)
  ✓  33 [iphone-17-pro-webkit] › tests/e2e/technology-viewer.spec.ts:578:1 › pending group and slide changes preserve displayed state and cannot overwrite later navigation (728ms)
  ✓  32 [iphone-17-pro-max-webkit] › tests/e2e/technology-viewer.spec.ts:552:1 › CyberMind descriptions fit all locales and omit source folios (4.2s)
  ✓  35 [iphone-17-pro-max-webkit] › tests/e2e/technology-viewer.spec.ts:578:1 › pending group and slide changes preserve displayed state and cannot overwrite later navigation (746ms)
  ✓  34 [iphone-17-pro-webkit] › tests/e2e/technology-viewer.spec.ts:599:1 › failed first CyberMind warm and group selection retry without skipping the group (1.2s)
  ✓  36 [iphone-17-pro-max-webkit] › tests/e2e/technology-viewer.spec.ts:599:1 › failed first CyberMind warm and group selection retry without skipping the group (1.3s)
  ✓  37 [iphone-17-pro-webkit] › tests/e2e/technology-viewer.spec.ts:613:1 › pending group navigation cannot announce an unavailable group or hijack visible slide controls (941ms)
  ✓  38 [iphone-17-pro-max-webkit] › tests/e2e/technology-viewer.spec.ts:613:1 › pending group navigation cannot announce an unavailable group or hijack visible slide controls (890ms)

  38 passed (27.5s)
