
Running 52 tests using 4 workers

(node:93433) Warning: The 'NO_COLOR' env is ignored due to the 'FORCE_COLOR' env being set.
(Use `node --trace-warnings ...` to show where the warning was created)
(node:93434) Warning: The 'NO_COLOR' env is ignored due to the 'FORCE_COLOR' env being set.
(Use `node --trace-warnings ...` to show where the warning was created)
(node:93435) Warning: The 'NO_COLOR' env is ignored due to the 'FORCE_COLOR' env being set.
(Use `node --trace-warnings ...` to show where the warning was created)
(node:93436) Warning: The 'NO_COLOR' env is ignored due to the 'FORCE_COLOR' env being set.
(Use `node --trace-warnings ...` to show where the warning was created)
  ✓   4 [iphone-17-pro-webkit] › tests/e2e/site.spec.ts:5:1 › responsive viewport, artwork, and primary actions (5.4s)
  ✓   3 [iphone-17-pro-max-webkit] › tests/e2e/site.spec.ts:5:1 › responsive viewport, artwork, and primary actions (5.4s)
  ✓   2 [iphone-17-pro-webkit] › tests/e2e/technology-viewer.spec.ts:3:1 › technology viewer opens from both story controls and pages through clean images (5.7s)
  ✓   1 [iphone-17-pro-max-webkit] › tests/e2e/technology-viewer.spec.ts:3:1 › technology viewer opens from both story controls and pages through clean images (6.2s)
  ✓   5 [iphone-17-pro-webkit] › tests/e2e/site.spec.ts:81:1 › back-to-top appears on scroll, stays in the viewport, and restores top and focus (927ms)
  ✓   6 [iphone-17-pro-max-webkit] › tests/e2e/site.spec.ts:81:1 › back-to-top appears on scroll, stays in the viewport, and restores top and focus (897ms)
  ✓   7 [iphone-17-pro-webkit] › tests/e2e/technology-viewer.spec.ts:79:1 › technology viewer supports touch pointers, Escape and Arabic framing (2.0s)
  ✓   8 [iphone-17-pro-max-webkit] › tests/e2e/technology-viewer.spec.ts:79:1 › technology viewer supports touch pointers, Escape and Arabic framing (2.0s)
  ✓   9 [iphone-17-pro-webkit] › tests/e2e/site.spec.ts:109:1 › localized story buttons keep one-line labels inside proportionate surfaces (2.3s)
  ✓  10 [iphone-17-pro-max-webkit] › tests/e2e/site.spec.ts:109:1 › localized story buttons keep one-line labels inside proportionate surfaces (2.3s)
  ✓  11 [iphone-17-pro-webkit] › tests/e2e/technology-viewer.spec.ts:120:1 › previous artwork stays visible while the next slide loads (1.7s)
  ✓  12 [iphone-17-pro-max-webkit] › tests/e2e/technology-viewer.spec.ts:120:1 › previous artwork stays visible while the next slide loads (1.6s)
  ✓  15 [iphone-17-pro-webkit] › tests/e2e/technology-viewer.spec.ts:138:1 › failed slide load does not skip the next image (1.1s)
  ✓  16 [iphone-17-pro-max-webkit] › tests/e2e/technology-viewer.spec.ts:138:1 › failed slide load does not skip the next image (1.0s)
  ✓  13 [iphone-17-pro-webkit] › tests/e2e/site.spec.ts:146:36 › ru technology text groups are centered inside both fixed oval surfaces (2.5s)
  ✓  14 [iphone-17-pro-max-webkit] › tests/e2e/site.spec.ts:146:36 › ru technology text groups are centered inside both fixed oval surfaces (2.6s)
  ✓  17 [iphone-17-pro-webkit] › tests/e2e/technology-viewer.spec.ts:163:1 › swipe completes when the pointer leaves the artwork (913ms)
  ✓  18 [iphone-17-pro-max-webkit] › tests/e2e/technology-viewer.spec.ts:163:1 › swipe completes when the pointer leaves the artwork (893ms)
(node:93653) Warning: The 'NO_COLOR' env is ignored due to the 'FORCE_COLOR' env being set.
(Use `node --trace-warnings ...` to show where the warning was created)
(node:93654) Warning: The 'NO_COLOR' env is ignored due to the 'FORCE_COLOR' env being set.
(Use `node --trace-warnings ...` to show where the warning was created)
  ✓  19 [iphone-17-pro-webkit] › tests/e2e/site.spec.ts:146:36 › en technology text groups are centered inside both fixed oval surfaces (2.2s)
  ✓  20 [iphone-17-pro-max-webkit] › tests/e2e/site.spec.ts:146:36 › en technology text groups are centered inside both fixed oval surfaces (2.4s)
  ✓  23 [iphone-17-pro-webkit] › tests/e2e/site.spec.ts:221:1 › mapped exploration dialogs contain focus and restore their triggers (2.7s)
  ✓  24 [iphone-17-pro-max-webkit] › tests/e2e/site.spec.ts:221:1 › mapped exploration dialogs contain focus and restore their triggers (2.7s)
  ✓  21 [desktop-chromium] › tests/e2e/technology-viewer.spec.ts:3:1 › technology viewer opens from both story controls and pages through clean images (3.9s)
  ✓  27 [desktop-chromium] › tests/e2e/technology-viewer.spec.ts:79:1 › technology viewer supports touch pointers, Escape and Arabic framing (1.6s)
  ✓  25 [iphone-17-pro-webkit] › tests/e2e/site.spec.ts:270:1 › FAQ icons are independent and answers expand the page without an inner scroller (3.1s)
  ✓  28 [desktop-chromium] › tests/e2e/technology-viewer.spec.ts:120:1 › previous artwork stays visible while the next slide loads (1.2s)
  ✓  26 [iphone-17-pro-max-webkit] › tests/e2e/site.spec.ts:270:1 › FAQ icons are independent and answers expand the page without an inner scroller (3.0s)
  ✓  30 [desktop-chromium] › tests/e2e/technology-viewer.spec.ts:138:1 › failed slide load does not skip the next image (665ms)
  ✓  32 [desktop-chromium] › tests/e2e/technology-viewer.spec.ts:163:1 › swipe completes when the pointer leaves the artwork (505ms)
(node:93766) Warning: The 'NO_COLOR' env is ignored due to the 'FORCE_COLOR' env being set.
(Use `node --trace-warnings ...` to show where the warning was created)
  ✓  29 [iphone-17-pro-webkit] › tests/e2e/site.spec.ts:333:3 › FAQ pointer-wheel input › FAQ always scrolls the document in closed and multi-open states (3.1s)
  ✓  31 [iphone-17-pro-max-webkit] › tests/e2e/site.spec.ts:333:3 › FAQ pointer-wheel input › FAQ always scrolls the document in closed and multi-open states (3.1s)
(node:93768) Warning: The 'NO_COLOR' env is ignored due to the 'FORCE_COLOR' env being set.
(Use `node --trace-warnings ...` to show where the warning was created)
  ✓  22 [desktop-chromium] › tests/e2e/site.spec.ts:5:1 › responsive viewport, artwork, and primary actions (11.1s)
  ✓  35 [desktop-chromium] › tests/e2e/site.spec.ts:81:1 › back-to-top appears on scroll, stays in the viewport, and restores top and focus (483ms)
  ✓  36 [desktop-chromium] › tests/e2e/site.spec.ts:109:1 › localized story buttons keep one-line labels inside proportionate surfaces (1.3s)
  ✓  37 [desktop-chromium] › tests/e2e/site.spec.ts:146:36 › ru technology text groups are centered inside both fixed oval surfaces (708ms)
  ✓  38 [desktop-chromium] › tests/e2e/site.spec.ts:146:36 › en technology text groups are centered inside both fixed oval surfaces (1.2s)
  ✓  33 [desktop-firefox] › tests/e2e/site.spec.ts:5:1 › responsive viewport, artwork, and primary actions (8.3s)
  ✓  39 [desktop-chromium] › tests/e2e/site.spec.ts:221:1 › mapped exploration dialogs contain focus and restore their triggers (4.4s)
  ✓  34 [desktop-firefox] › tests/e2e/technology-viewer.spec.ts:3:1 › technology viewer opens from both story controls and pages through clean images (8.7s)
  ✓  40 [desktop-firefox] › tests/e2e/site.spec.ts:81:1 › back-to-top appears on scroll, stays in the viewport, and restores top and focus (1.3s)
  ✓  41 [desktop-chromium] › tests/e2e/site.spec.ts:270:1 › FAQ icons are independent and answers expand the page without an inner scroller (2.2s)
  ✓  43 [desktop-firefox] › tests/e2e/site.spec.ts:109:1 › localized story buttons keep one-line labels inside proportionate surfaces (1.6s)
  ✓  42 [desktop-firefox] › tests/e2e/technology-viewer.spec.ts:79:1 › technology viewer supports touch pointers, Escape and Arabic framing (2.2s)
  ✓  45 [desktop-firefox] › tests/e2e/site.spec.ts:146:36 › ru technology text groups are centered inside both fixed oval surfaces (1.0s)
  ✓  47 [desktop-firefox] › tests/e2e/site.spec.ts:146:36 › en technology text groups are centered inside both fixed oval surfaces (1.1s)
  ✓  46 [desktop-firefox] › tests/e2e/technology-viewer.spec.ts:120:1 › previous artwork stays visible while the next slide loads (1.8s)
  ✓  49 [desktop-firefox] › tests/e2e/technology-viewer.spec.ts:138:1 › failed slide load does not skip the next image (1.2s)
  ✓  50 [desktop-firefox] › tests/e2e/technology-viewer.spec.ts:163:1 › swipe completes when the pointer leaves the artwork (995ms)
  ✓  48 [desktop-firefox] › tests/e2e/site.spec.ts:221:1 › mapped exploration dialogs contain focus and restore their triggers (2.6s)
  ✓  51 [desktop-firefox] › tests/e2e/site.spec.ts:270:1 › FAQ icons are independent and answers expand the page without an inner scroller (2.4s)
  ✓  44 [desktop-chromium] › tests/e2e/site.spec.ts:333:3 › FAQ pointer-wheel input › FAQ always scrolls the document in closed and multi-open states (7.5s)
  ✓  52 [desktop-firefox] › tests/e2e/site.spec.ts:333:3 › FAQ pointer-wheel input › FAQ always scrolls the document in closed and multi-open states (7.9s)

  52 passed (50.9s)
