
Running 52 tests using 4 workers

(node:90414) Warning: The 'NO_COLOR' env is ignored due to the 'FORCE_COLOR' env being set.
(Use `node --trace-warnings ...` to show where the warning was created)
(node:90415) Warning: The 'NO_COLOR' env is ignored due to the 'FORCE_COLOR' env being set.
(Use `node --trace-warnings ...` to show where the warning was created)
(node:90413) Warning: The 'NO_COLOR' env is ignored due to the 'FORCE_COLOR' env being set.
(Use `node --trace-warnings ...` to show where the warning was created)
(node:90416) Warning: The 'NO_COLOR' env is ignored due to the 'FORCE_COLOR' env being set.
(Use `node --trace-warnings ...` to show where the warning was created)
  ✓   4 [iphone-17-pro-webkit] › tests/e2e/site.spec.ts:5:1 › responsive viewport, artwork, and primary actions (4.2s)
  ✓   3 [iphone-17-pro-max-webkit] › tests/e2e/site.spec.ts:5:1 › responsive viewport, artwork, and primary actions (4.3s)
  ✓   1 [iphone-17-pro-webkit] › tests/e2e/technology-viewer.spec.ts:3:1 › technology viewer opens from both story controls and pages through clean images (5.0s)
  ✓   2 [iphone-17-pro-max-webkit] › tests/e2e/technology-viewer.spec.ts:3:1 › technology viewer opens from both story controls and pages through clean images (5.1s)
  ✓   6 [iphone-17-pro-max-webkit] › tests/e2e/site.spec.ts:81:1 › back-to-top appears on scroll, stays in the viewport, and restores top and focus (964ms)
  ✓   5 [iphone-17-pro-webkit] › tests/e2e/site.spec.ts:81:1 › back-to-top appears on scroll, stays in the viewport, and restores top and focus (1.1s)
  ✓   7 [iphone-17-pro-webkit] › tests/e2e/technology-viewer.spec.ts:79:1 › technology viewer supports touch pointers, Escape and Arabic framing (1.9s)
  ✓   8 [iphone-17-pro-max-webkit] › tests/e2e/technology-viewer.spec.ts:79:1 › technology viewer supports touch pointers, Escape and Arabic framing (1.8s)
  ✓  10 [iphone-17-pro-webkit] › tests/e2e/site.spec.ts:109:1 › localized story buttons keep one-line labels inside proportionate surfaces (1.9s)
  ✓   9 [iphone-17-pro-max-webkit] › tests/e2e/site.spec.ts:109:1 › localized story buttons keep one-line labels inside proportionate surfaces (1.9s)
  ✓  11 [iphone-17-pro-webkit] › tests/e2e/technology-viewer.spec.ts:120:1 › previous artwork stays visible while the next slide loads (1.7s)
  ✓  12 [iphone-17-pro-max-webkit] › tests/e2e/technology-viewer.spec.ts:120:1 › previous artwork stays visible while the next slide loads (1.6s)
  ✓  16 [iphone-17-pro-max-webkit] › tests/e2e/technology-viewer.spec.ts:138:1 › failed slide load does not skip the next image (1.1s)
  ✓  15 [iphone-17-pro-webkit] › tests/e2e/technology-viewer.spec.ts:138:1 › failed slide load does not skip the next image (1.1s)
  ✓  13 [iphone-17-pro-webkit] › tests/e2e/site.spec.ts:146:36 › ru technology text groups are centered inside both fixed oval surfaces (2.6s)
  ✓  14 [iphone-17-pro-max-webkit] › tests/e2e/site.spec.ts:146:36 › ru technology text groups are centered inside both fixed oval surfaces (2.7s)
  ✓  18 [iphone-17-pro-webkit] › tests/e2e/technology-viewer.spec.ts:163:1 › swipe completes when the pointer leaves the artwork (956ms)
  ✓  17 [iphone-17-pro-max-webkit] › tests/e2e/technology-viewer.spec.ts:163:1 › swipe completes when the pointer leaves the artwork (1.0s)
(node:90535) Warning: The 'NO_COLOR' env is ignored due to the 'FORCE_COLOR' env being set.
(Use `node --trace-warnings ...` to show where the warning was created)
(node:90536) Warning: The 'NO_COLOR' env is ignored due to the 'FORCE_COLOR' env being set.
(Use `node --trace-warnings ...` to show where the warning was created)
  ✓  19 [iphone-17-pro-webkit] › tests/e2e/site.spec.ts:146:36 › en technology text groups are centered inside both fixed oval surfaces (2.3s)
  ✓  20 [iphone-17-pro-max-webkit] › tests/e2e/site.spec.ts:146:36 › en technology text groups are centered inside both fixed oval surfaces (2.4s)
  ✓  23 [iphone-17-pro-webkit] › tests/e2e/site.spec.ts:221:1 › mapped exploration dialogs contain focus and restore their triggers (2.4s)
  ✓  21 [desktop-chromium] › tests/e2e/technology-viewer.spec.ts:3:1 › technology viewer opens from both story controls and pages through clean images (3.0s)
  ✓  24 [iphone-17-pro-max-webkit] › tests/e2e/site.spec.ts:221:1 › mapped exploration dialogs contain focus and restore their triggers (2.7s)
  ✓  26 [desktop-chromium] › tests/e2e/technology-viewer.spec.ts:79:1 › technology viewer supports touch pointers, Escape and Arabic framing (1.7s)
  ✓  28 [desktop-chromium] › tests/e2e/technology-viewer.spec.ts:120:1 › previous artwork stays visible while the next slide loads (1.3s)
  ✓  25 [iphone-17-pro-webkit] › tests/e2e/site.spec.ts:270:1 › FAQ icons are independent and answers expand the page without an inner scroller (3.3s)
  ✓  29 [desktop-chromium] › tests/e2e/technology-viewer.spec.ts:138:1 › failed slide load does not skip the next image (628ms)
  ✓  27 [iphone-17-pro-max-webkit] › tests/e2e/site.spec.ts:270:1 › FAQ icons are independent and answers expand the page without an inner scroller (3.5s)
  ✓  31 [desktop-chromium] › tests/e2e/technology-viewer.spec.ts:163:1 › swipe completes when the pointer leaves the artwork (498ms)
(node:90677) Warning: The 'NO_COLOR' env is ignored due to the 'FORCE_COLOR' env being set.
(Use `node --trace-warnings ...` to show where the warning was created)
  ✓  30 [iphone-17-pro-webkit] › tests/e2e/site.spec.ts:333:3 › FAQ pointer-wheel input › FAQ always scrolls the document in closed and multi-open states (3.0s)
(node:90688) Warning: The 'NO_COLOR' env is ignored due to the 'FORCE_COLOR' env being set.
(Use `node --trace-warnings ...` to show where the warning was created)
  ✓  32 [iphone-17-pro-max-webkit] › tests/e2e/site.spec.ts:333:3 › FAQ pointer-wheel input › FAQ always scrolls the document in closed and multi-open states (3.1s)
  ✓  22 [desktop-chromium] › tests/e2e/site.spec.ts:5:1 › responsive viewport, artwork, and primary actions (11.1s)
  ✓  35 [desktop-chromium] › tests/e2e/site.spec.ts:81:1 › back-to-top appears on scroll, stays in the viewport, and restores top and focus (442ms)
  ✓  36 [desktop-chromium] › tests/e2e/site.spec.ts:109:1 › localized story buttons keep one-line labels inside proportionate surfaces (941ms)
  ✓  37 [desktop-chromium] › tests/e2e/site.spec.ts:146:36 › ru technology text groups are centered inside both fixed oval surfaces (621ms)
  ✓  38 [desktop-chromium] › tests/e2e/site.spec.ts:146:36 › en technology text groups are centered inside both fixed oval surfaces (558ms)
  ✓  33 [desktop-firefox] › tests/e2e/site.spec.ts:5:1 › responsive viewport, artwork, and primary actions (6.1s)
  ✓  40 [desktop-firefox] › tests/e2e/site.spec.ts:81:1 › back-to-top appears on scroll, stays in the viewport, and restores top and focus (1.1s)
  ✓  34 [desktop-firefox] › tests/e2e/technology-viewer.spec.ts:3:1 › technology viewer opens from both story controls and pages through clean images (6.0s)
  ✓  39 [desktop-chromium] › tests/e2e/site.spec.ts:221:1 › mapped exploration dialogs contain focus and restore their triggers (3.7s)
  ✓  42 [desktop-firefox] › tests/e2e/technology-viewer.spec.ts:79:1 › technology viewer supports touch pointers, Escape and Arabic framing (2.7s)
  ✓  41 [desktop-firefox] › tests/e2e/site.spec.ts:109:1 › localized story buttons keep one-line labels inside proportionate surfaces (2.8s)
  ✓  43 [desktop-chromium] › tests/e2e/site.spec.ts:270:1 › FAQ icons are independent and answers expand the page without an inner scroller (2.5s)
  ✓  45 [desktop-firefox] › tests/e2e/site.spec.ts:146:36 › ru technology text groups are centered inside both fixed oval surfaces (1.2s)
  ✓  44 [desktop-firefox] › tests/e2e/technology-viewer.spec.ts:120:1 › previous artwork stays visible while the next slide loads (1.8s)
  ✓  47 [desktop-firefox] › tests/e2e/site.spec.ts:146:36 › en technology text groups are centered inside both fixed oval surfaces (983ms)
  ✓  48 [desktop-firefox] › tests/e2e/technology-viewer.spec.ts:138:1 › failed slide load does not skip the next image (1.1s)
  ✓  50 [desktop-firefox] › tests/e2e/technology-viewer.spec.ts:163:1 › swipe completes when the pointer leaves the artwork (846ms)
  ✓  49 [desktop-firefox] › tests/e2e/site.spec.ts:221:1 › mapped exploration dialogs contain focus and restore their triggers (2.3s)
  ✓  51 [desktop-firefox] › tests/e2e/site.spec.ts:270:1 › FAQ icons are independent and answers expand the page without an inner scroller (2.8s)
  ✓  46 [desktop-chromium] › tests/e2e/site.spec.ts:333:3 › FAQ pointer-wheel input › FAQ always scrolls the document in closed and multi-open states (7.6s)
  ✓  52 [desktop-firefox] › tests/e2e/site.spec.ts:333:3 › FAQ pointer-wheel input › FAQ always scrolls the document in closed and multi-open states (8.0s)

  52 passed (48.0s)
