13-pro: start
13-pro: 02 original ready (4729424B)
13-pro: cybermind/01 original ready (6305310B)
13-pro: 03 original ready (4729424B)
13-pro: 05 original ready (4729424B)
13-pro: cybermind/02 original ready (4729424B)
13-pro: 04 original ready (4729424B)
13-pro: PASS
pro: start
pro: 02 original ready (4729424B)
pro: cybermind/01 original ready (6305310B)
pro: 05 original ready (4729424B)
pro: 03 original ready (4729424B)
pro: 04 original ready (4729424B)
pro: cybermind/02 original ready (4729424B)
pro: PASS
pro-max: start
pro-max: cybermind/01 original ready (6305310B)
pro-max: 02 original ready (4729424B)
pro-max: cybermind/02 original ready (4729424B)
pro-max: 05 original ready (4729424B)
pro-max: 04 original ready (4729424B)
pro-max: 03 original ready (4729424B)
pro-max: PASS
All3 profiles/six PNG identities/2+4 warming/cache/12 Pro-Max fullRGB0 comparisons PASS
